========================================================================================
           ANDROID 15 (16 KB PAGE SIZE) ELF ALIGNMENT VALIDATOR
========================================================================================
Standard Requirement : PT_LOAD p_align >= 0x4000 (16 KB) for 64-bit ABIs
Congruence Rule      : (p_vaddr % 0x4000) == (p_offset % 0x4000)
Search Paths         : 4 location(s)
  - /home/runner/work/retro-manager/retro-manager/runtimes
  - /home/runner/work/retro-manager/retro-manager/runtime
  - /home/runner/work/retro-manager/retro-manager/template-apk/build
========================================================================================
[*] Loaded catalog manifest: cores.json (10 cores declared)
[*] Discovered 8 shared library (.so) binary file(s) across search paths.

----------------------------------------------------------------------------------------
Target Shared Library (.so)                    Arch         PT_LOAD  Min Align  Status    
----------------------------------------------------------------------------------------
...2ie6z37/obj/arm64-v8a/libretropack-host.so  AArch64      3        0x4000     [ PASS ]  
...g/92ie6z37/obj/x86_64/libretropack-host.so  x86_64       3        0x4000     [ PASS ]  
...calJars/jni/arm64-v8a/libretropack-host.so  AArch64      3        0x4000     [ PASS ]  
...dLocalJars/jni/x86_64/libretropack-host.so  x86_64       3        0x4000     [ PASS ]  
...ibs/out/lib/arm64-v8a/libretropack-host.so  AArch64      3        0x4000     [ PASS ]  
...veLibs/out/lib/x86_64/libretropack-host.so  x86_64       3        0x4000     [ PASS ]  
...ols/out/lib/arm64-v8a/libretropack-host.so  AArch64      3        0x4000     [ PASS ]  
...ymbols/out/lib/x86_64/libretropack-host.so  x86_64       3        0x4000     [ PASS ]  
----------------------------------------------------------------------------------------
Total Binaries Scanned : 8
Certified Compliant    : 8 (16 KB page-aligned)
Non-Compliant / Failed : 0

[!] Missing Manifest Cores (20 expected):
    - runtimes/mgba/lib/arm64-v8a/libretro_mgba.so
    - runtimes/mgba/lib/x86_64/libretro_mgba.so
    - runtimes/snes9x/lib/arm64-v8a/libretro_snes9x.so
    - runtimes/snes9x/lib/x86_64/libretro_snes9x.so
    - runtimes/genesis_plus_gx/lib/arm64-v8a/libretro_genesis_plus_gx.so
    - runtimes/genesis_plus_gx/lib/x86_64/libretro_genesis_plus_gx.so
    - runtimes/fceumm/lib/arm64-v8a/libretro_fceumm.so
    - runtimes/fceumm/lib/x86_64/libretro_fceumm.so
    - runtimes/mednafen_pce_fast/lib/arm64-v8a/libretro_mednafen_pce_fast.so
    - runtimes/mednafen_pce_fast/lib/x86_64/libretro_mednafen_pce_fast.so
    ... and 10 more.
Execution Duration     : 0.01s
========================================================================================

[OK] 16 KB ELF page-size alignment certification passed successfully.
