> Task :runtime:retropack-runtime-mgba:preBuild UP-TO-DATE
> Task :runtime:retropack-runtime-mgba:preDebugBuild UP-TO-DATE
> Task :runtime:retropack-runtime-mgba:configureCMakeDebug[arm64-v8a]

> Task :runtime:retropack-runtime-mgba:buildCMakeDebug[arm64-v8a]
C/C++: ninja: Entering directory `/home/runner/work/retro-manager/retro-manager/runtime/retropack-runtime-mgba/.cxx/Debug/3jh5r5m6/arm64-v8a'
C/C++: /home/runner/work/retro-manager/retro-manager/runtime/retropack-runtime-mgba/submodules/mgba/src/gb/memory.c:295:63: warning: comparison of integers of different signs: 'int' and 'unsigned int' [-Wsign-compare]
C/C++:   295 |                 } else if (cpu->tMultiplier * (cpu->pc - memory->cartBusPc) >= memory->cartBusDecay) {
C/C++:       |                            ~~~~~~~~~~~~~~~~~~~~~~~~~~~~~~~~~~~~~~~~~~~~~~~~ ^  ~~~~~~~~~~~~~~~~~~~~
C/C++: 1 warning generated.

> Task :runtime:retropack-runtime-mgba:configureCMakeDebug[x86_64]

> Task :runtime:retropack-runtime-mgba:buildCMakeDebug[x86_64]
C/C++: ninja: Entering directory `/home/runner/work/retro-manager/retro-manager/runtime/retropack-runtime-mgba/.cxx/Debug/3jh5r5m6/x86_64'
C/C++: /home/runner/work/retro-manager/retro-manager/runtime/retropack-runtime-mgba/submodules/mgba/src/gb/memory.c:295:63: warning: comparison of integers of different signs: 'int' and 'unsigned int' [-Wsign-compare]
C/C++:   295 |                 } else if (cpu->tMultiplier * (cpu->pc - memory->cartBusPc) >= memory->cartBusDecay) {
C/C++:       |                            ~~~~~~~~~~~~~~~~~~~~~~~~~~~~~~~~~~~~~~~~~~~~~~~~ ^  ~~~~~~~~~~~~~~~~~~~~
C/C++: 1 warning generated.

> Task :runtime:retropack-runtime-mgba:mergeDebugJniLibFolders
> Task :runtime:retropack-runtime-common:checkKotlinGradlePluginConfigurationErrors SKIPPED
> Task :runtime:retropack-runtime-common:preBuild UP-TO-DATE
> Task :runtime:retropack-runtime-common:preDebugBuild UP-TO-DATE
> Task :runtime:retropack-runtime-common:generateDebugResValues UP-TO-DATE
> Task :runtime:retropack-runtime-common:generateDebugResources UP-TO-DATE
> Task :runtime:retropack-runtime-common:packageDebugResources UP-TO-DATE
> Task :runtime:retropack-runtime-common:parseDebugLocalResources UP-TO-DATE
> Task :runtime:retropack-runtime-common:generateDebugRFile UP-TO-DATE
> Task :runtime:retropack-runtime-mgba:mergeDebugNativeLibs
> Task :runtime:retropack-runtime-common:compileDebugKotlin UP-TO-DATE
> Task :runtime:retropack-runtime-mgba:stripDebugDebugSymbols
> Task :runtime:retropack-runtime-common:javaPreCompileDebug UP-TO-DATE
> Task :runtime:retropack-runtime-common:compileDebugJavaWithJavac NO-SOURCE
> Task :runtime:retropack-runtime-mgba:copyDebugJniLibsProjectAndLocalJars
> Task :runtime:retropack-runtime-mgba:checkKotlinGradlePluginConfigurationErrors SKIPPED
> Task :runtime:retropack-runtime-mgba:generateDebugResValues
> Task :runtime:retropack-runtime-mgba:generateDebugResources
> Task :runtime:retropack-runtime-common:bundleLibCompileToJarDebug
> Task :runtime:retropack-runtime-mgba:packageDebugResources
> Task :runtime:retropack-runtime-mgba:extractDeepLinksForAarDebug
> Task :runtime:retropack-runtime-mgba:javaPreCompileDebug
> Task :runtime:retropack-runtime-mgba:parseDebugLocalResources
> Task :runtime:retropack-runtime-mgba:mergeDebugShaders
> Task :runtime:retropack-runtime-mgba:compileDebugShaders NO-SOURCE
> Task :runtime:retropack-runtime-mgba:generateDebugAssets UP-TO-DATE
> Task :runtime:retropack-runtime-mgba:packageDebugAssets
> Task :runtime:retropack-runtime-mgba:generateDebugRFile
> Task :runtime:retropack-runtime-mgba:prepareDebugArtProfile
> Task :runtime:retropack-runtime-mgba:prepareLintJarForPublish
> Task :runtime:retropack-runtime-mgba:writeDebugAarMetadata
> Task :runtime:retropack-runtime-mgba:processDebugManifest
> Task :runtime:retropack-runtime-mgba:compileDebugKotlin
> Task :runtime:retropack-runtime-mgba:extractDebugAnnotations
> Task :runtime:retropack-runtime-mgba:compileDebugJavaWithJavac NO-SOURCE
> Task :runtime:retropack-runtime-mgba:mergeDebugGeneratedProguardFiles
> Task :runtime:retropack-runtime-mgba:mergeDebugConsumerProguardFiles
> Task :runtime:retropack-runtime-mgba:processDebugJavaRes
> Task :runtime:retropack-runtime-mgba:mergeDebugJavaResource
> Task :runtime:retropack-runtime-mgba:syncDebugLibJars
> Task :runtime:retropack-runtime-mgba:bundleDebugAar
> Task :runtime:retropack-runtime-mgba:assembleDebug
gradle/actions: Writing build results to /home/runner/work/_temp/.gradle-actions/build-results/__run_4-1790579307944.json

[Incubating] Problems report is available at: file:///home/runner/work/retro-manager/retro-manager/build/reports/problems/problems-report.html

Deprecated Gradle features were used in this build, making it incompatible with Gradle 10.

You can use '--warning-mode all' to show the individual deprecation warnings and determine if they come from your own scripts or plugins.

For more on this, please refer to https://docs.gradle.org/9.5.1/userguide/command_line_interface.html#sec:command_line_warnings in the Gradle documentation.

BUILD SUCCESSFUL in 13s
37 actionable tasks: 30 executed, 7 up-to-date
Consider enabling configuration cache to speed up this build: https://docs.gradle.org/9.5.1/userguide/configuration_cache_enabling.html
