> Task :runtime:retropack-runtime-genesis:preBuild UP-TO-DATE
> Task :runtime:retropack-runtime-genesis:preDebugBuild UP-TO-DATE
> Task :runtime:retropack-runtime-genesis:configureCMakeDebug[arm64-v8a]

> Task :runtime:retropack-runtime-genesis:buildCMakeDebug[arm64-v8a]
C/C++: ninja: Entering directory `/home/runner/work/retro-manager/retro-manager/runtime/retropack-runtime-genesis/.cxx/Debug/595bv372/arm64-v8a'
C/C++: /home/runner/work/retro-manager/retro-manager/runtime/retropack-runtime-genesis/submodules/genesis-plus-gx/core/cart_hw/eeprom_spi.c:43:9: warning: 'PAGE_MASK' macro redefined [-Wmacro-redefined]
C/C++:    43 | #define PAGE_MASK 0x7f
C/C++:       |         ^
C/C++: /usr/local/lib/android/sdk/ndk/27.0.12077973/toolchains/llvm/prebuilt/linux-x86_64/sysroot/usr/include/bits/page_size.h:46:9: note: previous definition is here
C/C++:    46 | #define PAGE_MASK (~(PAGE_SIZE - 1))
C/C++:       |         ^
C/C++: 1 warning generated.
C/C++: /home/runner/work/retro-manager/retro-manager/runtime/retropack-runtime-genesis/src/main/cpp/genesis-jni.c:798:29: warning: address of array 'sram.sram' will always evaluate to 'true' [-Wpointer-bool-conversion]
C/C++:   798 |         if (sram.on && sram.sram) {
C/C++:       |                     ~~ ~~~~~^~~~
C/C++: /home/runner/work/retro-manager/retro-manager/runtime/retropack-runtime-genesis/src/main/cpp/genesis-jni.c:828:29: warning: address of array 'sram.sram' will always evaluate to 'true' [-Wpointer-bool-conversion]
C/C++:   828 |         if (sram.on && sram.sram) {
C/C++:       |                     ~~ ~~~~~^~~~
C/C++: 2 warnings generated.
C/C++: : && /usr/local/lib/android/sdk/ndk/27.0.12077973/toolchains/llvm/prebuilt/linux-x86_64/bin/clang --target=aarch64-none-linux-android26 --sysroot=/usr/local/lib/android/sdk/ndk/27.0.12077973/toolchains/llvm/prebuilt/linux-x86_64/sysroot -fPIC -g -DANDROID -fdata-sections -ffunction-sections -funwind-tables -fstack-protector-strong -no-canonical-prefixes -D_FORTIFY_SOURCE=2 -Wformat -Werror=format-security  -fno-limit-debug-info  -static-libstdc++ -Wl,--build-id=sha1 -Wl,--no-rosegment -Wl,--no-undefined-version -Wl,--fatal-warnings -Wl,--no-undefined -Qunused-arguments  -Wl,-z,max-page-size=16384 -Wl,-z,common-page-size=16384   -Wl,-z,max-page-size=16384 -Wl,-z,common-page-size=16384 -shared -Wl,-soname,libretropack-runtime-genesis.so -o ../../../../build/intermediates/cxx/Debug/595bv372/obj/arm64-v8a/libretropack-runtime-genesis.so CMakeFiles/retropack-runtime-genesis.dir/src/main/cpp/genesis-jni.c.o CMakeFiles/retropack-runtime-genesis.dir/src/main/cpp/ringbuffer.c.o CMakeFiles/retropack-runtime-genesis.dir/submodules/genesis-plus-gx/core/cart_hw/areplay.c.o CMakeFiles/retropack-runtime-genesis.dir/submodules/genesis-plus-gx/core/cart_hw/eeprom_93c.c.o CMakeFiles/retropack-runtime-genesis.dir/submodules/genesis-plus-gx/core/cart_hw/eeprom_i2c.c.o CMakeFiles/retropack-runtime-genesis.dir/submodules/genesis-plus-gx/core/cart_hw/eeprom_spi.c.o CMakeFiles/retropack-runtime-genesis.dir/submodules/genesis-plus-gx/core/cart_hw/flash_cfi.c.o CMakeFiles/retropack-runtime-genesis.dir/submodules/genesis-plus-gx/core/cart_hw/ggenie.c.o CMakeFiles/retropack-runtime-genesis.dir/submodules/genesis-plus-gx/core/cart_hw/md_cart.c.o CMakeFiles/retropack-runtime-genesis.dir/submodules/genesis-plus-gx/core/cart_hw/megasd.c.o CMakeFiles/retropack-runtime-genesis.dir/submodules/genesis-plus-gx/core/cart_hw/sms_cart.c.o CMakeFiles/retropack-runtime-genesis.dir/submodules/genesis-plus-gx/core/cart_hw/sram.c.o CMakeFiles/retropack-runtime-genesis.dir/submodules/genesis-plus-gx/core/cart_hw/svp/ssp16.c.o CMakeFiles/retropack-runtime-genesis.dir/submodules/genesis-plus-gx/core/cart_hw/svp/svp.c.o CMakeFiles/retropack-runtime-genesis.dir/submodules/genesis-plus-gx/core/cart_hw/yx5200.c.o CMakeFiles/retropack-runtime-genesis.dir/submodules/genesis-plus-gx/core/cd_hw/cd_cart.c.o CMakeFiles/retropack-runtime-genesis.dir/submodules/genesis-plus-gx/core/cd_hw/cdc.c.o CMakeFiles/retropack-runtime-genesis.dir/submodules/genesis-plus-gx/core/cd_hw/cdd.c.o CMakeFiles/retropack-runtime-genesis.dir/submodules/genesis-plus-gx/core/cd_hw/gfx.c.o CMakeFiles/retropack-runtime-genesis.dir/submodules/genesis-plus-gx/core/cd_hw/pcm.c.o CMakeFiles/retropack-runtime-genesis.dir/submodules/genesis-plus-gx/core/cd_hw/scd.c.o CMakeFiles/retropack-runtime-genesis.dir/submodules/genesis-plus-gx/core/genesis.c.o CMakeFiles/retropack-runtime-genesis.dir/submodules/genesis-plus-gx/core/input_hw/activator.c.o CMakeFiles/retropack-runtime-genesis.dir/submodules/genesis-plus-gx/core/input_hw/gamepad.c.o CMakeFiles/retropack-runtime-genesis.dir/submodules/genesis-plus-gx/core/input_hw/graphic_board.c.o CMakeFiles/retropack-runtime-genesis.dir/submodules/genesis-plus-gx/core/input_hw/input.c.o CMakeFiles/retropack-runtime-genesis.dir/submodules/genesis-plus-gx/core/input_hw/lightgun.c.o CMakeFiles/retropack-runtime-genesis.dir/submodules/genesis-plus-gx/core/input_hw/mouse.c.o CMakeFiles/retropack-runtime-genesis.dir/submodules/genesis-plus-gx/core/input_hw/paddle.c.o CMakeFiles/retropack-runtime-genesis.dir/submodules/genesis-plus-gx/core/input_hw/smash.c.o CMakeFiles/retropack-runtime-genesis.dir/submodules/genesis-plus-gx/core/input_hw/sportspad.c.o CMakeFiles/retropack-runtime-genesis.dir/submodules/genesis-plus-gx/core/input_hw/teamplayer.c.o CMakeFiles/retropack-runtime-genesis.dir/submodules/genesis-plus-gx/core/input_hw/terebi_oekaki.c.o CMakeFiles/retropack-runtime-genesis.dir/submodules/genesis-plus-gx/core/input_hw/xe_1ap.c.o CMakeFiles/retropack-runtime-genesis.dir/submodules/genesis-plus-gx/core/io_ctrl.c.o CMakeFiles/retropack-runtime-genesis.dir/submodules/genesis-plus-gx/core/loadrom.c.o CMakeFiles/retropack-runtime-genesis.dir/submodules/genesis-plus-gx/core/m68k/m68kcpu.c.o CMakeFiles/retropack-runtime-genesis.dir/submodules/genesis-plus-gx/core/m68k/s68kcpu.c.o CMakeFiles/retropack-runtime-genesis.dir/submodules/genesis-plus-gx/core/mem68k.c.o CMakeFiles/retropack-runtime-genesis.dir/submodules/genesis-plus-gx/core/membnk.c.o CMakeFiles/retropack-runtime-genesis.dir/submodules/genesis-plus-gx/core/memz80.c.o CMakeFiles/retropack-runtime-genesis.dir/submodules/genesis-plus-gx/core/ntsc/md_ntsc.c.o CMakeFiles/retropack-runtime-genesis.dir/submodules/genesis-plus-gx/core/ntsc/sms_ntsc.c.o CMakeFiles/retropack-runtime-genesis.dir/submodules/genesis-plus-gx/core/sound/blip_buf.c.o CMakeFiles/retropack-runtime-genesis.dir/submodules/genesis-plus-gx/core/sound/eq.c.o CMakeFiles/retropack-runtime-genesis.dir/submodules/genesis-plus-gx/core/sound/opll.c.o CMakeFiles/retropack-runtime-genesis.dir/submodules/genesis-plus-gx/core/sound/psg.c.o CMakeFiles/retropack-runtime-genesis.dir/submodules/genesis-plus-gx/core/sound/sound.c.o CMakeFiles/retropack-runtime-genesis.dir/submodules/genesis-plus-gx/core/sound/ym2413.c.o CMakeFiles/retropack-runtime-genesis.dir/submodules/genesis-plus-gx/core/sound/ym2612.c.o CMakeFiles/retropack-runtime-genesis.dir/submodules/genesis-plus-gx/core/sound/ym3438.c.o CMakeFiles/retropack-runtime-genesis.dir/submodules/genesis-plus-gx/core/state.c.o CMakeFiles/retropack-runtime-genesis.dir/submodules/genesis-plus-gx/core/system.c.o CMakeFiles/retropack-runtime-genesis.dir/submodules/genesis-plus-gx/core/vdp_ctrl.c.o CMakeFiles/retropack-runtime-genesis.dir/submodules/genesis-plus-gx/core/vdp_render.c.o CMakeFiles/retropack-runtime-genesis.dir/submodules/genesis-plus-gx/core/z80/z80.c.o  -lGLESv2  -lEGL  -lOpenSLES  -landroid  -llog  -lm  -lz  -latomic -lm && :
C/C++: ld.lld: error: undefined symbol: md_ntsc
C/C++: >>> referenced by vdp_render.c:4950 (/home/runner/work/retro-manager/retro-manager/runtime/retropack-runtime-genesis/submodules/genesis-plus-gx/core/vdp_render.c:4950)
C/C++: >>>               CMakeFiles/retropack-runtime-genesis.dir/submodules/genesis-plus-gx/core/vdp_render.c.o:(remap_line)
C/C++: >>> referenced by vdp_render.c:4950 (/home/runner/work/retro-manager/retro-manager/runtime/retropack-runtime-genesis/submodules/genesis-plus-gx/core/vdp_render.c:4950)
C/C++: >>>               CMakeFiles/retropack-runtime-genesis.dir/submodules/genesis-plus-gx/core/vdp_render.c.o:(remap_line)
C/C++: ld.lld: error: undefined symbol: sms_ntsc
C/C++: >>> referenced by vdp_render.c:4954 (/home/runner/work/retro-manager/retro-manager/runtime/retropack-runtime-genesis/submodules/genesis-plus-gx/core/vdp_render.c:4954)
C/C++: >>>               CMakeFiles/retropack-runtime-genesis.dir/submodules/genesis-plus-gx/core/vdp_render.c.o:(remap_line)
C/C++: >>> referenced by vdp_render.c:4954 (/home/runner/work/retro-manager/retro-manager/runtime/retropack-runtime-genesis/submodules/genesis-plus-gx/core/vdp_render.c:4954)
C/C++: >>>               CMakeFiles/retropack-runtime-genesis.dir/submodules/genesis-plus-gx/core/vdp_render.c.o:(remap_line)
C/C++: clang: error: linker command failed with exit code 1 (use -v to see invocation)
C/C++: ninja: build stopped: subcommand failed.

> Task :runtime:retropack-runtime-genesis:buildCMakeDebug[arm64-v8a] FAILED
gradle/actions: Writing build results to /home/runner/work/_temp/.gradle-actions/build-results/__run_4-1790579326329.json

[Incubating] Problems report is available at: file:///home/runner/work/retro-manager/retro-manager/build/reports/problems/problems-report.html

FAILURE: Build failed with an exception.

* What went wrong:
Execution failed for task ':runtime:retropack-runtime-genesis:buildCMakeDebug[arm64-v8a]' (registered by plugin 'com.android.internal.library').
> com.android.ide.common.process.ProcessException: ninja: Entering directory `/home/runner/work/retro-manager/retro-manager/runtime/retropack-runtime-genesis/.cxx/Debug/595bv372/arm64-v8a'
  [1/57] Building C object CMakeFiles/retropack-runtime-genesis.dir/submodules/genesis-plus-gx/core/cart_hw/eeprom_i2c.c.o
  [2/57] Building C object CMakeFiles/retropack-runtime-genesis.dir/src/main/cpp/ringbuffer.c.o
  [3/57] Building C object CMakeFiles/retropack-runtime-genesis.dir/submodules/genesis-plus-gx/core/cart_hw/eeprom_93c.c.o
  [4/57] Building C object CMakeFiles/retropack-runtime-genesis.dir/submodules/genesis-plus-gx/core/cart_hw/eeprom_spi.c.o
  /home/runner/work/retro-manager/retro-manager/runtime/retropack-runtime-genesis/submodules/genesis-plus-gx/core/cart_hw/eeprom_spi.c:43:9: warning: 'PAGE_MASK' macro redefined [-Wmacro-redefined]
     43 | #define PAGE_MASK 0x7f
        |         ^
  /usr/local/lib/android/sdk/ndk/27.0.12077973/toolchains/llvm/prebuilt/linux-x86_64/sysroot/usr/include/bits/page_size.h:46:9: note: previous definition is here
     46 | #define PAGE_MASK (~(PAGE_SIZE - 1))
        |         ^
  1 warning generated.
  [5/57] Building C object CMakeFiles/retropack-runtime-genesis.dir/submodules/genesis-plus-gx/core/cart_hw/areplay.c.o
  [6/57] Building C object CMakeFiles/retropack-runtime-genesis.dir/src/main/cpp/genesis-jni.c.o
  /home/runner/work/retro-manager/retro-manager/runtime/retropack-runtime-genesis/src/main/cpp/genesis-jni.c:798:29: warning: address of array 'sram.sram' will always evaluate to 'true' [-Wpointer-bool-conversion]
    798 |         if (sram.on && sram.sram) {
        |                     ~~ ~~~~~^~~~
  /home/runner/work/retro-manager/retro-manager/runtime/retropack-runtime-genesis/src/main/cpp/genesis-jni.c:828:29: warning: address of array 'sram.sram' will always evaluate to 'true' [-Wpointer-bool-conversion]
    828 |         if (sram.on && sram.sram) {
        |                     ~~ ~~~~~^~~~
  2 warnings generated.
  [7/57] Building C object CMakeFiles/retropack-runtime-genesis.dir/submodules/genesis-plus-gx/core/cart_hw/flash_cfi.c.o
  [8/57] Building C object CMakeFiles/retropack-runtime-genesis.dir/submodules/genesis-plus-gx/core/cart_hw/ggenie.c.o
  [9/57] Building C object CMakeFiles/retropack-runtime-genesis.dir/submodules/genesis-plus-gx/core/cart_hw/sram.c.o
  [10/57] Building C object CMakeFiles/retropack-runtime-genesis.dir/submodules/genesis-plus-gx/core/cart_hw/sms_cart.c.o
  [11/57] Building C object CMakeFiles/retropack-runtime-genesis.dir/submodules/genesis-plus-gx/core/cart_hw/megasd.c.o
  [12/57] Building C object CMakeFiles/retropack-runtime-genesis.dir/submodules/genesis-plus-gx/core/cart_hw/svp/svp.c.o
  [13/57] Building C object CMakeFiles/retropack-runtime-genesis.dir/submodules/genesis-plus-gx/core/cd_hw/cd_cart.c.o
  [14/57] Building C object CMakeFiles/retropack-runtime-genesis.dir/submodules/genesis-plus-gx/core/cart_hw/svp/ssp16.c.o
  [15/57] Building C object CMakeFiles/retropack-runtime-genesis.dir/submodules/genesis-plus-gx/core/cart_hw/md_cart.c.o
  [16/57] Building C object CMakeFiles/retropack-runtime-genesis.dir/submodules/genesis-plus-gx/core/cd_hw/pcm.c.o
  [17/57] Building C object CMakeFiles/retropack-runtime-genesis.dir/submodules/genesis-plus-gx/core/cd_hw/cdc.c.o
  [18/57] Building C object CMakeFiles/retropack-runtime-genesis.dir/submodules/genesis-plus-gx/core/cd_hw/gfx.c.o
  [19/57] Building C object CMakeFiles/retropack-runtime-genesis.dir/submodules/genesis-plus-gx/core/cd_hw/cdd.c.o
  [20/57] Building C object CMakeFiles/retropack-runtime-genesis.dir/submodules/genesis-plus-gx/core/genesis.c.o
  [21/57] Building C object CMakeFiles/retropack-runtime-genesis.dir/submodules/genesis-plus-gx/core/input_hw/activator.c.o
  [22/57] Building C object CMakeFiles/retropack-runtime-genesis.dir/submodules/genesis-plus-gx/core/input_hw/gamepad.c.o
  [23/57] Building C object CMakeFiles/retropack-runtime-genesis.dir/submodules/genesis-plus-gx/core/input_hw/input.c.o
  [24/57] Building C object CMakeFiles/retropack-runtime-genesis.dir/submodules/genesis-plus-gx/core/input_hw/graphic_board.c.o
  [25/57] Building C object CMakeFiles/retropack-runtime-genesis.dir/submodules/genesis-plus-gx/core/cd_hw/scd.c.o
  [26/57] Building C object CMakeFiles/retropack-runtime-genesis.dir/submodules/genesis-plus-gx/core/input_hw/lightgun.c.o
  [27/57] Building C object CMakeFiles/retropack-runtime-genesis.dir/submodules/genesis-plus-gx/core/input_hw/mouse.c.o
  [28/57] Building C object CMakeFiles/retropack-runtime-genesis.dir/submodules/genesis-plus-gx/core/input_hw/paddle.c.o
  [29/57] Building C object CMakeFiles/retropack-runtime-genesis.dir/submodules/genesis-plus-gx/core/input_hw/smash.c.o
  [30/57] Building C object CMakeFiles/retropack-runtime-genesis.dir/submodules/genesis-plus-gx/core/input_hw/xe_1ap.c.o
  [31/57] Building C object CMakeFiles/retropack-runtime-genesis.dir/submodules/genesis-plus-gx/core/input_hw/sportspad.c.o
  [32/57] Building C object CMakeFiles/retropack-runtime-genesis.dir/submodules/genesis-plus-gx/core/input_hw/teamplayer.c.o
  [33/57] Building C object CMakeFiles/retropack-runtime-genesis.dir/submodules/genesis-plus-gx/core/input_hw/terebi_oekaki.c.o
  [34/57] Building C object CMakeFiles/retropack-runtime-genesis.dir/submodules/genesis-plus-gx/core/io_ctrl.c.o
  [35/57] Building C object CMakeFiles/retropack-runtime-genesis.dir/submodules/genesis-plus-gx/core/loadrom.c.o
  [36/57] Building C object CMakeFiles/retropack-runtime-genesis.dir/submodules/genesis-plus-gx/core/membnk.c.o
  [37/57] Building C object CMakeFiles/retropack-runtime-genesis.dir/submodules/genesis-plus-gx/core/memz80.c.o
  [38/57] Building C object CMakeFiles/retropack-runtime-genesis.dir/submodules/genesis-plus-gx/core/ntsc/md_ntsc.c.o
  [39/57] Building C object CMakeFiles/retropack-runtime-genesis.dir/submodules/genesis-plus-gx/core/mem68k.c.o
  [40/57] Building C object CMakeFiles/retropack-runtime-genesis.dir/submodules/genesis-plus-gx/core/cart_hw/yx5200.c.o
  [41/57] Building C object CMakeFiles/retropack-runtime-genesis.dir/submodules/genesis-plus-gx/core/sound/blip_buf.c.o
  [42/57] Building C object CMakeFiles/retropack-runtime-genesis.dir/submodules/genesis-plus-gx/core/sound/opll.c.o
  [43/57] Building C object CMakeFiles/retropack-runtime-genesis.dir/submodules/genesis-plus-gx/core/ntsc/sms_ntsc.c.o
  [44/57] Building C object CMakeFiles/retropack-runtime-genesis.dir/submodules/genesis-plus-gx/core/sound/eq.c.o
  [45/57] Building C object CMakeFiles/retropack-runtime-genesis.dir/submodules/genesis-plus-gx/core/sound/psg.c.o
  [46/57] Building C object CMakeFiles/retropack-runtime-genesis.dir/submodules/genesis-plus-gx/core/sound/ym3438.c.o
  [47/57] Building C object CMakeFiles/retropack-runtime-genesis.dir/submodules/genesis-plus-gx/core/sound/sound.c.o
  [48/57] Building C object CMakeFiles/retropack-runtime-genesis.dir/submodules/genesis-plus-gx/core/sound/ym2413.c.o
  [49/57] Building C object CMakeFiles/retropack-runtime-genesis.dir/submodules/genesis-plus-gx/core/sound/ym2612.c.o
  [50/57] Building C object CMakeFiles/retropack-runtime-genesis.dir/submodules/genesis-plus-gx/core/system.c.o
  [51/57] Building C object CMakeFiles/retropack-runtime-genesis.dir/submodules/genesis-plus-gx/core/state.c.o
  [52/57] Building C object CMakeFiles/retropack-runtime-genesis.dir/submodules/genesis-plus-gx/core/vdp_ctrl.c.o
  [53/57] Building C object CMakeFiles/retropack-runtime-genesis.dir/submodules/genesis-plus-gx/core/vdp_render.c.o
  [54/57] Building C object CMakeFiles/retropack-runtime-genesis.dir/submodules/genesis-plus-gx/core/z80/z80.c.o
  [55/57] Building C object CMakeFiles/retropack-runtime-genesis.dir/submodules/genesis-plus-gx/core/m68k/m68kcpu.c.o
  [56/57] Building C object CMakeFiles/retropack-runtime-genesis.dir/submodules/genesis-plus-gx/core/m68k/s68kcpu.c.o
  [57/57] Linking C shared library ../../../../build/intermediates/cxx/Debug/595bv372/obj/arm64-v8a/libretropack-runtime-genesis.so
  FAILED: ../../../../build/intermediates/cxx/Debug/595bv372/obj/arm64-v8a/libretropack-runtime-genesis.so 
  : && /usr/local/lib/android/sdk/ndk/27.0.12077973/toolchains/llvm/prebuilt/linux-x86_64/bin/clang --target=aarch64-none-linux-android26 --sysroot=/usr/local/lib/android/sdk/ndk/27.0.12077973/toolchains/llvm/prebuilt/linux-x86_64/sysroot -fPIC -g -DANDROID -fdata-sections -ffunction-sections -funwind-tables -fstack-protector-strong -no-canonical-prefixes -D_FORTIFY_SOURCE=2 -Wformat -Werror=format-security  -fno-limit-debug-info  -static-libstdc++ -Wl,--build-id=sha1 -Wl,--no-rosegment -Wl,--no-undefined-version -Wl,--fatal-warnings -Wl,--no-undefined -Qunused-arguments  -Wl,-z,max-page-size=16384 -Wl,-z,common-page-size=16384   -Wl,-z,max-page-size=16384 -Wl,-z,common-page-size=16384 -shared -Wl,-soname,libretropack-runtime-genesis.so -o ../../../../build/intermediates/cxx/Debug/595bv372/obj/arm64-v8a/libretropack-runtime-genesis.so CMakeFiles/retropack-runtime-genesis.dir/src/main/cpp/genesis-jni.c.o CMakeFiles/retropack-runtime-genesis.dir/src/main/cpp/ringbuffer.c.o CMakeFiles/retropack-runtime-genesis.dir/submodules/genesis-plus-gx/core/cart_hw/areplay.c.o CMakeFiles/retropack-runtime-genesis.dir/submodules/genesis-plus-gx/core/cart_hw/eeprom_93c.c.o CMakeFiles/retropack-runtime-genesis.dir/submodules/genesis-plus-gx/core/cart_hw/eeprom_i2c.c.o CMakeFiles/retropack-runtime-genesis.dir/submodules/genesis-plus-gx/core/cart_hw/eeprom_spi.c.o CMakeFiles/retropack-runtime-genesis.dir/submodules/genesis-plus-gx/core/cart_hw/flash_cfi.c.o CMakeFiles/retropack-runtime-genesis.dir/submodules/genesis-plus-gx/core/cart_hw/ggenie.c.o CMakeFiles/retropack-runtime-genesis.dir/submodules/genesis-plus-gx/core/cart_hw/md_cart.c.o CMakeFiles/retropack-runtime-genesis.dir/submodules/genesis-plus-gx/core/cart_hw/megasd.c.o CMakeFiles/retropack-runtime-genesis.dir/submodules/genesis-plus-gx/core/cart_hw/sms_cart.c.o CMakeFiles/retropack-runtime-genesis.dir/submodules/genesis-plus-gx/core/cart_hw/sram.c.o CMakeFiles/retropack-runtime-genesis.dir/submodules/genesis-plus-gx/core/cart_hw/svp/ssp16.c.o CMakeFiles/retropack-runtime-genesis.dir/submodules/genesis-plus-gx/core/cart_hw/svp/svp.c.o CMakeFiles/retropack-runtime-genesis.dir/submodules/genesis-plus-gx/core/cart_hw/yx5200.c.o CMakeFiles/retropack-runtime-genesis.dir/submodules/genesis-plus-gx/core/cd_hw/cd_cart.c.o CMakeFiles/retropack-runtime-genesis.dir/submodules/genesis-plus-gx/core/cd_hw/cdc.c.o CMakeFiles/retropack-runtime-genesis.dir/submodules/genesis-plus-gx/core/cd_hw/cdd.c.o CMakeFiles/retropack-runtime-genesis.dir/submodules/genesis-plus-gx/core/cd_hw/gfx.c.o CMakeFiles/retropack-runtime-genesis.dir/submodules/genesis-plus-gx/core/cd_hw/pcm.c.o CMakeFiles/retropack-runtime-genesis.dir/submodules/genesis-plus-gx/core/cd_hw/scd.c.o CMakeFiles/retropack-runtime-genesis.dir/submodules/genesis-plus-gx/core/genesis.c.o CMakeFiles/retropack-runtime-genesis.dir/submodules/genesis-plus-gx/core/input_hw/activator.c.o CMakeFiles/retropack-runtime-genesis.dir/submodules/genesis-plus-gx/core/input_hw/gamepad.c.o CMakeFiles/retropack-runtime-genesis.dir/submodules/genesis-plus-gx/core/input_hw/graphic_board.c.o CMakeFiles/retropack-runtime-genesis.dir/submodules/genesis-plus-gx/core/input_hw/input.c.o CMakeFiles/retropack-runtime-genesis.dir/submodules/genesis-plus-gx/core/input_hw/lightgun.c.o CMakeFiles/retropack-runtime-genesis.dir/submodules/genesis-plus-gx/core/input_hw/mouse.c.o CMakeFiles/retropack-runtime-genesis.dir/submodules/genesis-plus-gx/core/input_hw/paddle.c.o CMakeFiles/retropack-runtime-genesis.dir/submodules/genesis-plus-gx/core/input_hw/smash.c.o CMakeFiles/retropack-runtime-genesis.dir/submodules/genesis-plus-gx/core/input_hw/sportspad.c.o CMakeFiles/retropack-runtime-genesis.dir/submodules/genesis-plus-gx/core/input_hw/teamplayer.c.o CMakeFiles/retropack-runtime-genesis.dir/submodules/genesis-plus-gx/core/input_hw/terebi_oekaki.c.o CMakeFiles/retropack-runtime-genesis.dir/submodules/genesis-plus-gx/core/input_hw/xe_1ap.c.o CMakeFiles/retropack-runtime-genesis.dir/submodules/genesis-plus-gx/core/io_ctrl.c.o CMakeFiles/retropack-runtime-genesis.dir/submodules/genesis-plus-gx/core/loadrom.c.o CMakeFiles/retropack-runtime-genesis.dir/submodules/genesis-plus-gx/core/m68k/m68kcpu.c.o CMakeFiles/retropack-runtime-genesis.dir/submodules/genesis-plus-gx/core/m68k/s68kcpu.c.o CMakeFiles/retropack-runtime-genesis.dir/submodules/genesis-plus-gx/core/mem68k.c.o CMakeFiles/retropack-runtime-genesis.dir/submodules/genesis-plus-gx/core/membnk.c.o CMakeFiles/retropack-runtime-genesis.dir/submodules/genesis-plus-gx/core/memz80.c.o CMakeFiles/retropack-runtime-genesis.dir/submodules/genesis-plus-gx/core/ntsc/md_ntsc.c.o CMakeFiles/retropack-runtime-genesis.dir/submodules/genesis-plus-gx/core/ntsc/sms_ntsc.c.o CMakeFiles/retropack-runtime-genesis.dir/submodules/genesis-plus-gx/core/sound/blip_buf.c.o CMakeFiles/retropack-runtime-genesis.dir/submodules/genesis-plus-gx/core/sound/eq.c.o CMakeFiles/retropack-runtime-genesis.dir/submodules/genesis-plus-gx/core/sound/opll.c.o CMakeFiles/retropack-runtime-genesis.dir/submodules/genesis-plus-gx/core/sound/psg.c.o CMakeFiles/retropack-runtime-genesis.dir/submodules/genesis-plus-gx/core/sound/sound.c.o CMakeFiles/retropack-runtime-genesis.dir/submodules/genesis-plus-gx/core/sound/ym2413.c.o CMakeFiles/retropack-runtime-genesis.dir/submodules/genesis-plus-gx/core/sound/ym2612.c.o CMakeFiles/retropack-runtime-genesis.dir/submodules/genesis-plus-gx/core/sound/ym3438.c.o CMakeFiles/retropack-runtime-genesis.dir/submodules/genesis-plus-gx/core/state.c.o CMakeFiles/retropack-runtime-genesis.dir/submodules/genesis-plus-gx/core/system.c.o CMakeFiles/retropack-runtime-genesis.dir/submodules/genesis-plus-gx/core/vdp_ctrl.c.o CMakeFiles/retropack-runtime-genesis.dir/submodules/genesis-plus-gx/core/vdp_render.c.o CMakeFiles/retropack-runtime-genesis.dir/submodules/genesis-plus-gx/core/z80/z80.c.o  -lGLESv2  -lEGL  -lOpenSLES  -landroid  -llog  -lm  -lz  -latomic -lm && :
  ld.lld: error: undefined symbol: md_ntsc
  >>> referenced by vdp_render.c:4950 (/home/runner/work/retro-manager/retro-manager/runtime/retropack-runtime-genesis/submodules/genesis-plus-gx/core/vdp_render.c:4950)
  >>>               CMakeFiles/retropack-runtime-genesis.dir/submodules/genesis-plus-gx/core/vdp_render.c.o:(remap_line)
  >>> referenced by vdp_render.c:4950 (/home/runner/work/retro-manager/retro-manager/runtime/retropack-runtime-genesis/submodules/genesis-plus-gx/core/vdp_render.c:4950)
  >>>               CMakeFiles/retropack-runtime-genesis.dir/submodules/genesis-plus-gx/core/vdp_render.c.o:(remap_line)
  
  ld.lld: error: undefined symbol: sms_ntsc
  >>> referenced by vdp_render.c:4954 (/home/runner/work/retro-manager/retro-manager/runtime/retropack-runtime-genesis/submodules/genesis-plus-gx/core/vdp_render.c:4954)
  >>>               CMakeFiles/retropack-runtime-genesis.dir/submodules/genesis-plus-gx/core/vdp_render.c.o:(remap_line)
  >>> referenced by vdp_render.c:4954 (/home/runner/work/retro-manager/retro-manager/runtime/retropack-runtime-genesis/submodules/genesis-plus-gx/core/vdp_render.c:4954)
  >>>               CMakeFiles/retropack-runtime-genesis.dir/submodules/genesis-plus-gx/core/vdp_render.c.o:(remap_line)
  clang: error: linker command failed with exit code 1 (use -v to see invocation)
  ninja: build stopped: subcommand failed.
  
  C++ build system [build] failed while executing:
      /usr/local/lib/android/sdk/cmake/3.22.1/bin/ninja \
        -C \
        /home/runner/work/retro-manager/retro-manager/runtime/retropack-runtime-genesis/.cxx/Debug/595bv372/arm64-v8a \
        retropack-runtime-genesis
    from /home/runner/work/retro-manager/retro-manager/runtime/retropack-runtime-genesis

* Try:
> Run with --info or --debug option to get more log output.
> Run with --scan to get full insights from a Build Scan (powered by Develocity).
> Get more help at https://help.gradle.org.

* Exception is:
org.gradle.api.tasks.TaskExecutionException: Execution failed for task ':runtime:retropack-runtime-genesis:buildCMakeDebug[arm64-v8a]' (registered by plugin 'com.android.internal.library').
	at org.gradle.api.internal.tasks.execution.ExecuteActionsTaskExecuter.lambda$executeIfValid$1(ExecuteActionsTaskExecuter.java:135)
	at org.gradle.internal.Try$Failure.ifSuccessfulOrElse(Try.java:288)
	at org.gradle.api.internal.tasks.execution.ExecuteActionsTaskExecuter.executeIfValid(ExecuteActionsTaskExecuter.java:133)
	at org.gradle.api.internal.tasks.execution.ExecuteActionsTaskExecuter.execute(ExecuteActionsTaskExecuter.java:121)
	at org.gradle.api.internal.tasks.execution.ProblemsTaskPathTrackingTaskExecuter.execute(ProblemsTaskPathTrackingTaskExecuter.java:41)
	at org.gradle.api.internal.tasks.execution.ResolveTaskExecutionModeExecuter.execute(ResolveTaskExecutionModeExecuter.java:51)
	at org.gradle.api.internal.tasks.execution.FinalizePropertiesTaskExecuter.execute(FinalizePropertiesTaskExecuter.java:46)
	at org.gradle.api.internal.tasks.execution.SkipTaskWithNoActionsExecuter.execute(SkipTaskWithNoActionsExecuter.java:57)
	at org.gradle.api.internal.tasks.execution.SkipOnlyIfTaskExecuter.execute(SkipOnlyIfTaskExecuter.java:74)
	at org.gradle.api.internal.tasks.execution.CatchExceptionTaskExecuter.execute(CatchExceptionTaskExecuter.java:36)
	at org.gradle.api.internal.tasks.execution.EventFiringTaskExecuter$1.executeTask(EventFiringTaskExecuter.java:77)
	at org.gradle.api.internal.tasks.execution.EventFiringTaskExecuter$1.call(EventFiringTaskExecuter.java:55)
	at org.gradle.api.internal.tasks.execution.EventFiringTaskExecuter$1.call(EventFiringTaskExecuter.java:52)
	at org.gradle.internal.operations.DefaultBuildOperationRunner$CallableBuildOperationWorker.execute(DefaultBuildOperationRunner.java:210)
	at org.gradle.internal.operations.DefaultBuildOperationRunner$CallableBuildOperationWorker.execute(DefaultBuildOperationRunner.java:205)
	at org.gradle.internal.operations.DefaultBuildOperationRunner$2.execute(DefaultBuildOperationRunner.java:67)
	at org.gradle.internal.operations.DefaultBuildOperationRunner$2.execute(DefaultBuildOperationRunner.java:60)
	at org.gradle.internal.operations.DefaultBuildOperationRunner.execute(DefaultBuildOperationRunner.java:167)
	at org.gradle.internal.operations.DefaultBuildOperationRunner.execute(DefaultBuildOperationRunner.java:60)
	at org.gradle.internal.operations.DefaultBuildOperationRunner.call(DefaultBuildOperationRunner.java:54)
	at org.gradle.api.internal.tasks.execution.EventFiringTaskExecuter.execute(EventFiringTaskExecuter.java:52)
	at org.gradle.execution.plan.DefaultNodeExecutor.executeLocalTaskNode(DefaultNodeExecutor.java:55)
	at org.gradle.execution.plan.DefaultNodeExecutor.execute(DefaultNodeExecutor.java:34)
	at org.gradle.execution.taskgraph.DefaultTaskExecutionGraph$InvokeNodeExecutorsAction.execute(DefaultTaskExecutionGraph.java:355)
	at org.gradle.execution.taskgraph.DefaultTaskExecutionGraph$InvokeNodeExecutorsAction.execute(DefaultTaskExecutionGraph.java:343)
	at org.gradle.execution.taskgraph.DefaultTaskExecutionGraph$BuildOperationAwareExecutionAction.lambda$execute$0(DefaultTaskExecutionGraph.java:339)
	at org.gradle.internal.operations.CurrentBuildOperationRef.with(CurrentBuildOperationRef.java:84)
	at org.gradle.execution.taskgraph.DefaultTaskExecutionGraph$BuildOperationAwareExecutionAction.execute(DefaultTaskExecutionGraph.java:339)
	at org.gradle.execution.taskgraph.DefaultTaskExecutionGraph$BuildOperationAwareExecutionAction.execute(DefaultTaskExecutionGraph.java:328)
	at org.gradle.execution.plan.DefaultPlanExecutor$ExecutorWorker.execute(DefaultPlanExecutor.java:459)
	at org.gradle.execution.plan.DefaultPlanExecutor$ExecutorWorker.run(DefaultPlanExecutor.java:376)
	at org.gradle.internal.concurrent.ExecutorPolicy$CatchAndRecordFailures.onExecute(ExecutorPolicy.java:64)
	at org.gradle.internal.concurrent.AbstractManagedExecutor$1.run(AbstractManagedExecutor.java:47)
Caused by: org.gradle.internal.UncheckedException: com.android.ide.common.process.ProcessException: ninja: Entering directory `/home/runner/work/retro-manager/retro-manager/runtime/retropack-runtime-genesis/.cxx/Debug/595bv372/arm64-v8a'
[1/57] Building C object CMakeFiles/retropack-runtime-genesis.dir/submodules/genesis-plus-gx/core/cart_hw/eeprom_i2c.c.o
[2/57] Building C object CMakeFiles/retropack-runtime-genesis.dir/src/main/cpp/ringbuffer.c.o
[3/57] Building C object CMakeFiles/retropack-runtime-genesis.dir/submodules/genesis-plus-gx/core/cart_hw/eeprom_93c.c.o
[4/57] Building C object CMakeFiles/retropack-runtime-genesis.dir/submodules/genesis-plus-gx/core/cart_hw/eeprom_spi.c.o
/home/runner/work/retro-manager/retro-manager/runtime/retropack-runtime-genesis/submodules/genesis-plus-gx/core/cart_hw/eeprom_spi.c:43:9: warning: 'PAGE_MASK' macro redefined [-Wmacro-redefined]
   43 | #define PAGE_MASK 0x7f
      |         ^
/usr/local/lib/android/sdk/ndk/27.0.12077973/toolchains/llvm/prebuilt/linux-x86_64/sysroot/usr/include/bits/page_size.h:46:9: note: previous definition is here
   46 | #define PAGE_MASK (~(PAGE_SIZE - 1))
      |         ^
1 warning generated.
[5/57] Building C object CMakeFiles/retropack-runtime-genesis.dir/submodules/genesis-plus-gx/core/cart_hw/areplay.c.o
[6/57] Building C object CMakeFiles/retropack-runtime-genesis.dir/src/main/cpp/genesis-jni.c.o
/home/runner/work/retro-manager/retro-manager/runtime/retropack-runtime-genesis/src/main/cpp/genesis-jni.c:798:29: warning: address of array 'sram.sram' will always evaluate to 'true' [-Wpointer-bool-conversion]
  798 |         if (sram.on && sram.sram) {
      |                     ~~ ~~~~~^~~~
/home/runner/work/retro-manager/retro-manager/runtime/retropack-runtime-genesis/src/main/cpp/genesis-jni.c:828:29: warning: address of array 'sram.sram' will always evaluate to 'true' [-Wpointer-bool-conversion]
  828 |         if (sram.on && sram.sram) {
      |                     ~~ ~~~~~^~~~
2 warnings generated.
[7/57] Building C object CMakeFiles/retropack-runtime-genesis.dir/submodules/genesis-plus-gx/core/cart_hw/flash_cfi.c.o
[8/57] Building C object CMakeFiles/retropack-runtime-genesis.dir/submodules/genesis-plus-gx/core/cart_hw/ggenie.c.o
[9/57] Building C object CMakeFiles/retropack-runtime-genesis.dir/submodules/genesis-plus-gx/core/cart_hw/sram.c.o
[10/57] Building C object CMakeFiles/retropack-runtime-genesis.dir/submodules/genesis-plus-gx/core/cart_hw/sms_cart.c.o
[11/57] Building C object CMakeFiles/retropack-runtime-genesis.dir/submodules/genesis-plus-gx/core/cart_hw/megasd.c.o
[12/57] Building C object CMakeFiles/retropack-runtime-genesis.dir/submodules/genesis-plus-gx/core/cart_hw/svp/svp.c.o
[13/57] Building C object CMakeFiles/retropack-runtime-genesis.dir/submodules/genesis-plus-gx/core/cd_hw/cd_cart.c.o
[14/57] Building C object CMakeFiles/retropack-runtime-genesis.dir/submodules/genesis-plus-gx/core/cart_hw/svp/ssp16.c.o
[15/57] Building C object CMakeFiles/retropack-runtime-genesis.dir/submodules/genesis-plus-gx/core/cart_hw/md_cart.c.o
[16/57] Building C object CMakeFiles/retropack-runtime-genesis.dir/submodules/genesis-plus-gx/core/cd_hw/pcm.c.o
[17/57] Building C object CMakeFiles/retropack-runtime-genesis.dir/submodules/genesis-plus-gx/core/cd_hw/cdc.c.o
[18/57] Building C object CMakeFiles/retropack-runtime-genesis.dir/submodules/genesis-plus-gx/core/cd_hw/gfx.c.o
[19/57] Building C object CMakeFiles/retropack-runtime-genesis.dir/submodules/genesis-plus-gx/core/cd_hw/cdd.c.o
[20/57] Building C object CMakeFiles/retropack-runtime-genesis.dir/submodules/genesis-plus-gx/core/genesis.c.o
[21/57] Building C object CMakeFiles/retropack-runtime-genesis.dir/submodules/genesis-plus-gx/core/input_hw/activator.c.o
[22/57] Building C object CMakeFiles/retropack-runtime-genesis.dir/submodules/genesis-plus-gx/core/input_hw/gamepad.c.o
[23/57] Building C object CMakeFiles/retropack-runtime-genesis.dir/submodules/genesis-plus-gx/core/input_hw/input.c.o
[24/57] Building C object CMakeFiles/retropack-runtime-genesis.dir/submodules/genesis-plus-gx/core/input_hw/graphic_board.c.o
[25/57] Building C object CMakeFiles/retropack-runtime-genesis.dir/submodules/genesis-plus-gx/core/cd_hw/scd.c.o
[26/57] Building C object CMakeFiles/retropack-runtime-genesis.dir/submodules/genesis-plus-gx/core/input_hw/lightgun.c.o
[27/57] Building C object CMakeFiles/retropack-runtime-genesis.dir/submodules/genesis-plus-gx/core/input_hw/mouse.c.o
[28/57] Building C object CMakeFiles/retropack-runtime-genesis.dir/submodules/genesis-plus-gx/core/input_hw/paddle.c.o
[29/57] Building C object CMakeFiles/retropack-runtime-genesis.dir/submodules/genesis-plus-gx/core/input_hw/smash.c.o
[30/57] Building C object CMakeFiles/retropack-runtime-genesis.dir/submodules/genesis-plus-gx/core/input_hw/xe_1ap.c.o
[31/57] Building C object CMakeFiles/retropack-runtime-genesis.dir/submodules/genesis-plus-gx/core/input_hw/sportspad.c.o
[32/57] Building C object CMakeFiles/retropack-runtime-genesis.dir/submodules/genesis-plus-gx/core/input_hw/teamplayer.c.o
[33/57] Building C object CMakeFiles/retropack-runtime-genesis.dir/submodules/genesis-plus-gx/core/input_hw/terebi_oekaki.c.o
[34/57] Building C object CMakeFiles/retropack-runtime-genesis.dir/submodules/genesis-plus-gx/core/io_ctrl.c.o
[35/57] Building C object CMakeFiles/retropack-runtime-genesis.dir/submodules/genesis-plus-gx/core/loadrom.c.o
[36/57] Building C object CMakeFiles/retropack-runtime-genesis.dir/submodules/genesis-plus-gx/core/membnk.c.o
[37/57] Building C object CMakeFiles/retropack-runtime-genesis.dir/submodules/genesis-plus-gx/core/memz80.c.o
[38/57] Building C object CMakeFiles/retropack-runtime-genesis.dir/submodules/genesis-plus-gx/core/ntsc/md_ntsc.c.o
[39/57] Building C object CMakeFiles/retropack-runtime-genesis.dir/submodules/genesis-plus-gx/core/mem68k.c.o
[40/57] Building C object CMakeFiles/retropack-runtime-genesis.dir/submodules/genesis-plus-gx/core/cart_hw/yx5200.c.o
[41/57] Building C object CMakeFiles/retropack-runtime-genesis.dir/submodules/genesis-plus-gx/core/sound/blip_buf.c.o
[42/57] Building C object CMakeFiles/retropack-runtime-genesis.dir/submodules/genesis-plus-gx/core/sound/opll.c.o
[43/57] Building C object CMakeFiles/retropack-runtime-genesis.dir/submodules/genesis-plus-gx/core/ntsc/sms_ntsc.c.o
[44/57] Building C object CMakeFiles/retropack-runtime-genesis.dir/submodules/genesis-plus-gx/core/sound/eq.c.o
[45/57] Building C object CMakeFiles/retropack-runtime-genesis.dir/submodules/genesis-plus-gx/core/sound/psg.c.o
[46/57] Building C object CMakeFiles/retropack-runtime-genesis.dir/submodules/genesis-plus-gx/core/sound/ym3438.c.o
[47/57] Building C object CMakeFiles/retropack-runtime-genesis.dir/submodules/genesis-plus-gx/core/sound/sound.c.o
[48/57] Building C object CMakeFiles/retropack-runtime-genesis.dir/submodules/genesis-plus-gx/core/sound/ym2413.c.o
[49/57] Building C object CMakeFiles/retropack-runtime-genesis.dir/submodules/genesis-plus-gx/core/sound/ym2612.c.o
[50/57] Building C object CMakeFiles/retropack-runtime-genesis.dir/submodules/genesis-plus-gx/core/system.c.o
[51/57] Building C object CMakeFiles/retropack-runtime-genesis.dir/submodules/genesis-plus-gx/core/state.c.o
[52/57] Building C object CMakeFiles/retropack-runtime-genesis.dir/submodules/genesis-plus-gx/core/vdp_ctrl.c.o
[53/57] Building C object CMakeFiles/retropack-runtime-genesis.dir/submodules/genesis-plus-gx/core/vdp_render.c.o
[54/57] Building C object CMakeFiles/retropack-runtime-genesis.dir/submodules/genesis-plus-gx/core/z80/z80.c.o
[55/57] Building C object CMakeFiles/retropack-runtime-genesis.dir/submodules/genesis-plus-gx/core/m68k/m68kcpu.c.o
[56/57] Building C object CMakeFiles/retropack-runtime-genesis.dir/submodules/genesis-plus-gx/core/m68k/s68kcpu.c.o
[57/57] Linking C shared library ../../../../build/intermediates/cxx/Debug/595bv372/obj/arm64-v8a/libretropack-runtime-genesis.so
FAILED: ../../../../build/intermediates/cxx/Debug/595bv372/obj/arm64-v8a/libretropack-runtime-genesis.so 
: && /usr/local/lib/android/sdk/ndk/27.0.12077973/toolchains/llvm/prebuilt/linux-x86_64/bin/clang --target=aarch64-none-linux-android26 --sysroot=/usr/local/lib/android/sdk/ndk/27.0.12077973/toolchains/llvm/prebuilt/linux-x86_64/sysroot -fPIC -g -DANDROID -fdata-sections -ffunction-sections -funwind-tables -fstack-protector-strong -no-canonical-prefixes -D_FORTIFY_SOURCE=2 -Wformat -Werror=format-security  -fno-limit-debug-info  -static-libstdc++ -Wl,--build-id=sha1 -Wl,--no-rosegment -Wl,--no-undefined-version -Wl,--fatal-warnings -Wl,--no-undefined -Qunused-arguments  -Wl,-z,max-page-size=16384 -Wl,-z,common-page-size=16384   -Wl,-z,max-page-size=16384 -Wl,-z,common-page-size=16384 -shared -Wl,-soname,libretropack-runtime-genesis.so -o ../../../../build/intermediates/cxx/Debug/595bv372/obj/arm64-v8a/libretropack-runtime-genesis.so CMakeFiles/retropack-runtime-genesis.dir/src/main/cpp/genesis-jni.c.o CMakeFiles/retropack-runtime-genesis.dir/src/main/cpp/ringbuffer.c.o CMakeFiles/retropack-runtime-genesis.dir/submodules/genesis-plus-gx/core/cart_hw/areplay.c.o CMakeFiles/retropack-runtime-genesis.dir/submodules/genesis-plus-gx/core/cart_hw/eeprom_93c.c.o CMakeFiles/retropack-runtime-genesis.dir/submodules/genesis-plus-gx/core/cart_hw/eeprom_i2c.c.o CMakeFiles/retropack-runtime-genesis.dir/submodules/genesis-plus-gx/core/cart_hw/eeprom_spi.c.o CMakeFiles/retropack-runtime-genesis.dir/submodules/genesis-plus-gx/core/cart_hw/flash_cfi.c.o CMakeFiles/retropack-runtime-genesis.dir/submodules/genesis-plus-gx/core/cart_hw/ggenie.c.o CMakeFiles/retropack-runtime-genesis.dir/submodules/genesis-plus-gx/core/cart_hw/md_cart.c.o CMakeFiles/retropack-runtime-genesis.dir/submodules/genesis-plus-gx/core/cart_hw/megasd.c.o CMakeFiles/retropack-runtime-genesis.dir/submodules/genesis-plus-gx/core/cart_hw/sms_cart.c.o CMakeFiles/retropack-runtime-genesis.dir/submodules/genesis-plus-gx/core/cart_hw/sram.c.o CMakeFiles/retropack-runtime-genesis.dir/submodules/genesis-plus-gx/core/cart_hw/svp/ssp16.c.o CMakeFiles/retropack-runtime-genesis.dir/submodules/genesis-plus-gx/core/cart_hw/svp/svp.c.o CMakeFiles/retropack-runtime-genesis.dir/submodules/genesis-plus-gx/core/cart_hw/yx5200.c.o CMakeFiles/retropack-runtime-genesis.dir/submodules/genesis-plus-gx/core/cd_hw/cd_cart.c.o CMakeFiles/retropack-runtime-genesis.dir/submodules/genesis-plus-gx/core/cd_hw/cdc.c.o CMakeFiles/retropack-runtime-genesis.dir/submodules/genesis-plus-gx/core/cd_hw/cdd.c.o CMakeFiles/retropack-runtime-genesis.dir/submodules/genesis-plus-gx/core/cd_hw/gfx.c.o CMakeFiles/retropack-runtime-genesis.dir/submodules/genesis-plus-gx/core/cd_hw/pcm.c.o CMakeFiles/retropack-runtime-genesis.dir/submodules/genesis-plus-gx/core/cd_hw/scd.c.o CMakeFiles/retropack-runtime-genesis.dir/submodules/genesis-plus-gx/core/genesis.c.o CMakeFiles/retropack-runtime-genesis.dir/submodules/genesis-plus-gx/core/input_hw/activator.c.o CMakeFiles/retropack-runtime-genesis.dir/submodules/genesis-plus-gx/core/input_hw/gamepad.c.o CMakeFiles/retropack-runtime-genesis.dir/submodules/genesis-plus-gx/core/input_hw/graphic_board.c.o CMakeFiles/retropack-runtime-genesis.dir/submodules/genesis-plus-gx/core/input_hw/input.c.o CMakeFiles/retropack-runtime-genesis.dir/submodules/genesis-plus-gx/core/input_hw/lightgun.c.o CMakeFiles/retropack-runtime-genesis.dir/submodules/genesis-plus-gx/core/input_hw/mouse.c.o CMakeFiles/retropack-runtime-genesis.dir/submodules/genesis-plus-gx/core/input_hw/paddle.c.o CMakeFiles/retropack-runtime-genesis.dir/submodules/genesis-plus-gx/core/input_hw/smash.c.o CMakeFiles/retropack-runtime-genesis.dir/submodules/genesis-plus-gx/core/input_hw/sportspad.c.o CMakeFiles/retropack-runtime-genesis.dir/submodules/genesis-plus-gx/core/input_hw/teamplayer.c.o CMakeFiles/retropack-runtime-genesis.dir/submodules/genesis-plus-gx/core/input_hw/terebi_oekaki.c.o CMakeFiles/retropack-runtime-genesis.dir/submodules/genesis-plus-gx/core/input_hw/xe_1ap.c.o CMakeFiles/retropack-runtime-genesis.dir/submodules/genesis-plus-gx/core/io_ctrl.c.o CMakeFiles/retropack-runtime-genesis.dir/submodules/genesis-plus-gx/core/loadrom.c.o CMakeFiles/retropack-runtime-genesis.dir/submodules/genesis-plus-gx/core/m68k/m68kcpu.c.o CMakeFiles/retropack-runtime-genesis.dir/submodules/genesis-plus-gx/core/m68k/s68kcpu.c.o CMakeFiles/retropack-runtime-genesis.dir/submodules/genesis-plus-gx/core/mem68k.c.o CMakeFiles/retropack-runtime-genesis.dir/submodules/genesis-plus-gx/core/membnk.c.o CMakeFiles/retropack-runtime-genesis.dir/submodules/genesis-plus-gx/core/memz80.c.o CMakeFiles/retropack-runtime-genesis.dir/submodules/genesis-plus-gx/core/ntsc/md_ntsc.c.o CMakeFiles/retropack-runtime-genesis.dir/submodules/genesis-plus-gx/core/ntsc/sms_ntsc.c.o CMakeFiles/retropack-runtime-genesis.dir/submodules/genesis-plus-gx/core/sound/blip_buf.c.o CMakeFiles/retropack-runtime-genesis.dir/submodules/genesis-plus-gx/core/sound/eq.c.o CMakeFiles/retropack-runtime-genesis.dir/submodules/genesis-plus-gx/core/sound/opll.c.o CMakeFiles/retropack-runtime-genesis.dir/submodules/genesis-plus-gx/core/sound/psg.c.o CMakeFiles/retropack-runtime-genesis.dir/submodules/genesis-plus-gx/core/sound/sound.c.o CMakeFiles/retropack-runtime-genesis.dir/submodules/genesis-plus-gx/core/sound/ym2413.c.o CMakeFiles/retropack-runtime-genesis.dir/submodules/genesis-plus-gx/core/sound/ym2612.c.o CMakeFiles/retropack-runtime-genesis.dir/submodules/genesis-plus-gx/core/sound/ym3438.c.o CMakeFiles/retropack-runtime-genesis.dir/submodules/genesis-plus-gx/core/state.c.o CMakeFiles/retropack-runtime-genesis.dir/submodules/genesis-plus-gx/core/system.c.o CMakeFiles/retropack-runtime-genesis.dir/submodules/genesis-plus-gx/core/vdp_ctrl.c.o CMakeFiles/retropack-runtime-genesis.dir/submodules/genesis-plus-gx/core/vdp_render.c.o CMakeFiles/retropack-runtime-genesis.dir/submodules/genesis-plus-gx/core/z80/z80.c.o  -lGLESv2  -lEGL  -lOpenSLES  -landroid  -llog  -lm  -lz  -latomic -lm && :
ld.lld: error: undefined symbol: md_ntsc
>>> referenced by vdp_render.c:4950 (/home/runner/work/retro-manager/retro-manager/runtime/retropack-runtime-genesis/submodules/genesis-plus-gx/core/vdp_render.c:4950)
>>>               CMakeFiles/retropack-runtime-genesis.dir/submodules/genesis-plus-gx/core/vdp_render.c.o:(remap_line)
>>> referenced by vdp_render.c:4950 (/home/runner/work/retro-manager/retro-manager/runtime/retropack-runtime-genesis/submodules/genesis-plus-gx/core/vdp_render.c:4950)
>>>               CMakeFiles/retropack-runtime-genesis.dir/submodules/genesis-plus-gx/core/vdp_render.c.o:(remap_line)

ld.lld: error: undefined symbol: sms_ntsc
>>> referenced by vdp_render.c:4954 (/home/runner/work/retro-manager/retro-manager/runtime/retropack-runtime-genesis/submodules/genesis-plus-gx/core/vdp_render.c:4954)
>>>               CMakeFiles/retropack-runtime-genesis.dir/submodules/genesis-plus-gx/core/vdp_render.c.o:(remap_line)
>>> referenced by vdp_render.c:4954 (/home/runner/work/retro-manager/retro-manager/runtime/retropack-runtime-genesis/submodules/genesis-plus-gx/core/vdp_render.c:4954)
>>>               CMakeFiles/retropack-runtime-genesis.dir/submodules/genesis-plus-gx/core/vdp_render.c.o:(remap_line)
clang: error: linker command failed with exit code 1 (use -v to see invocation)
ninja: build stopped: subcommand failed.

C++ build system [build] failed while executing:
    /usr/local/lib/android/sdk/cmake/3.22.1/bin/ninja \
      -C \
      /home/runner/work/retro-manager/retro-manager/runtime/retropack-runtime-genesis/.cxx/Debug/595bv372/arm64-v8a \
      retropack-runtime-genesis
  from /home/runner/work/retro-manager/retro-manager/runtime/retropack-runtime-genesis
	at org.gradle.internal.UncheckedException.throwAsUncheckedException(UncheckedException.java:69)
	at org.gradle.internal.UncheckedException.throwAsUncheckedException(UncheckedException.java:42)
	at org.gradle.internal.reflect.JavaMethod.invoke(JavaMethod.java:129)
	at org.gradle.api.internal.project.taskfactory.StandardTaskAction.doExecute(StandardTaskAction.java:58)
	at org.gradle.api.internal.project.taskfactory.StandardTaskAction.execute(StandardTaskAction.java:51)
	at org.gradle.api.internal.project.taskfactory.StandardTaskAction.execute(StandardTaskAction.java:29)
	at org.gradle.api.internal.tasks.execution.TaskExecution$3.run(TaskExecution.java:259)
	at org.gradle.internal.operations.DefaultBuildOperationRunner$1.execute(DefaultBuildOperationRunner.java:30)
	at org.gradle.internal.operations.DefaultBuildOperationRunner$1.execute(DefaultBuildOperationRunner.java:27)
	at org.gradle.internal.operations.DefaultBuildOperationRunner$2.execute(DefaultBuildOperationRunner.java:67)
	at org.gradle.internal.operations.DefaultBuildOperationRunner$2.execute(DefaultBuildOperationRunner.java:60)
	at org.gradle.internal.operations.DefaultBuildOperationRunner.execute(DefaultBuildOperationRunner.java:167)
	at org.gradle.internal.operations.DefaultBuildOperationRunner.execute(DefaultBuildOperationRunner.java:60)
	at org.gradle.internal.operations.DefaultBuildOperationRunner.run(DefaultBuildOperationRunner.java:48)
	at org.gradle.api.internal.tasks.execution.TaskExecution.executeAction(TaskExecution.java:244)
	at org.gradle.api.internal.tasks.execution.TaskExecution.executeActions(TaskExecution.java:227)
	at org.gradle.api.internal.tasks.execution.TaskExecution.executeWithPreviousOutputFiles(TaskExecution.java:210)
	at org.gradle.api.internal.tasks.execution.TaskExecution.execute(TaskExecution.java:176)
	at org.gradle.internal.execution.steps.ExecuteStep.executeInternal(ExecuteStep.java:167)
	at org.gradle.internal.execution.steps.ExecuteStep.access$000(ExecuteStep.java:47)
	at org.gradle.internal.execution.steps.ExecuteStep$1.call(ExecuteStep.java:137)
	at org.gradle.internal.execution.steps.ExecuteStep$1.call(ExecuteStep.java:134)
	at org.gradle.internal.operations.DefaultBuildOperationRunner$CallableBuildOperationWorker.execute(DefaultBuildOperationRunner.java:210)
	at org.gradle.internal.operations.DefaultBuildOperationRunner$CallableBuildOperationWorker.execute(DefaultBuildOperationRunner.java:205)
	at org.gradle.internal.operations.DefaultBuildOperationRunner$2.execute(DefaultBuildOperationRunner.java:67)
	at org.gradle.internal.operations.DefaultBuildOperationRunner$2.execute(DefaultBuildOperationRunner.java:60)
	at org.gradle.internal.operations.DefaultBuildOperationRunner.execute(DefaultBuildOperationRunner.java:167)
	at org.gradle.internal.operations.DefaultBuildOperationRunner.execute(DefaultBuildOperationRunner.java:60)
	at org.gradle.internal.operations.DefaultBuildOperationRunner.call(DefaultBuildOperationRunner.java:54)
	at org.gradle.internal.execution.steps.ExecuteStep.execute(ExecuteStep.java:134)
	at org.gradle.internal.execution.steps.ExecuteStep$Mutable.execute(ExecuteStep.java:80)
	at org.gradle.internal.execution.steps.CancelExecutionStep.execute(CancelExecutionStep.java:42)
	at org.gradle.internal.execution.steps.TimeoutStep.executeWithoutTimeout(TimeoutStep.java:75)
	at org.gradle.internal.execution.steps.TimeoutStep.execute(TimeoutStep.java:55)
	at org.gradle.internal.execution.steps.PreCreateOutputParentsStep.execute(PreCreateOutputParentsStep.java:51)
	at org.gradle.internal.execution.steps.PreCreateOutputParentsStep.execute(PreCreateOutputParentsStep.java:29)
	at org.gradle.internal.execution.steps.RemovePreviousOutputsStep.executeMutable(RemovePreviousOutputsStep.java:67)
	at org.gradle.internal.execution.steps.RemovePreviousOutputsStep.executeMutable(RemovePreviousOutputsStep.java:39)
	at org.gradle.internal.execution.steps.MutableStep.execute(MutableStep.java:26)
	at org.gradle.internal.execution.steps.BroadcastChangingOutputsStep.execute(BroadcastChangingOutputsStep.java:42)
	at org.gradle.internal.execution.steps.BroadcastChangingOutputsStep.execute(BroadcastChangingOutputsStep.java:24)
	at org.gradle.internal.execution.steps.CaptureOutputsAfterExecutionStep.execute(CaptureOutputsAfterExecutionStep.java:69)
	at org.gradle.internal.execution.steps.CaptureOutputsAfterExecutionStep.execute(CaptureOutputsAfterExecutionStep.java:46)
	at org.gradle.internal.execution.steps.ResolveInputChangesStep.executeMutable(ResolveInputChangesStep.java:39)
	at org.gradle.internal.execution.steps.ResolveInputChangesStep.executeMutable(ResolveInputChangesStep.java:28)
	at org.gradle.internal.execution.steps.MutableStep.execute(MutableStep.java:26)
	at org.gradle.internal.execution.steps.BuildCacheStep.executeWithoutCache(BuildCacheStep.java:189)
	at org.gradle.internal.execution.steps.BuildCacheStep.lambda$execute$1(BuildCacheStep.java:76)
	at org.gradle.internal.Either$Right.fold(Either.java:176)
	at org.gradle.internal.execution.caching.CachingState.fold(CachingState.java:62)
	at org.gradle.internal.execution.steps.BuildCacheStep.execute(BuildCacheStep.java:74)
	at org.gradle.internal.execution.steps.BuildCacheStep.execute(BuildCacheStep.java:49)
	at org.gradle.internal.execution.steps.StoreExecutionStateStep.executeMutable(StoreExecutionStateStep.java:46)
	at org.gradle.internal.execution.steps.StoreExecutionStateStep.executeMutable(StoreExecutionStateStep.java:35)
	at org.gradle.internal.execution.steps.MutableStep.execute(MutableStep.java:26)
	at org.gradle.internal.execution.steps.SkipUpToDateStep.executeBecause(SkipUpToDateStep.java:75)
	at org.gradle.internal.execution.steps.SkipUpToDateStep.lambda$execute$2(SkipUpToDateStep.java:53)
	at org.gradle.internal.execution.steps.SkipUpToDateStep.execute(SkipUpToDateStep.java:53)
	at org.gradle.internal.execution.steps.SkipUpToDateStep.execute(SkipUpToDateStep.java:35)
	at org.gradle.internal.execution.steps.legacy.MarkSnapshottingInputsFinishedStep.execute(MarkSnapshottingInputsFinishedStep.java:37)
	at org.gradle.internal.execution.steps.legacy.MarkSnapshottingInputsFinishedStep.execute(MarkSnapshottingInputsFinishedStep.java:27)
	at org.gradle.internal.execution.steps.ResolveMutableCachingStateStep.executeDelegate(ResolveMutableCachingStateStep.java:70)
	at org.gradle.internal.execution.steps.ResolveMutableCachingStateStep.executeDelegate(ResolveMutableCachingStateStep.java:32)
	at org.gradle.internal.execution.steps.AbstractResolveCachingStateStep.execute(AbstractResolveCachingStateStep.java:69)
	at org.gradle.internal.execution.steps.AbstractResolveCachingStateStep.execute(AbstractResolveCachingStateStep.java:37)
	at org.gradle.internal.execution.steps.ResolveChangesStep.executeMutable(ResolveChangesStep.java:63)
	at org.gradle.internal.execution.steps.ResolveChangesStep.executeMutable(ResolveChangesStep.java:34)
	at org.gradle.internal.execution.steps.MutableStep.execute(MutableStep.java:26)
	at org.gradle.internal.execution.steps.ValidateStep$Mutable.executeDelegate(ValidateStep.java:79)
	at org.gradle.internal.execution.steps.ValidateStep$Mutable.executeDelegate(ValidateStep.java:65)
	at org.gradle.internal.execution.steps.ValidateStep.execute(ValidateStep.java:99)
	at org.gradle.internal.execution.steps.ValidateStep$Mutable.execute(ValidateStep.java:65)
	at org.gradle.internal.execution.steps.CaptureMutableStateBeforeExecutionStep.executeMutable(CaptureMutableStateBeforeExecutionStep.java:86)
	at org.gradle.internal.execution.steps.CaptureMutableStateBeforeExecutionStep.execute(CaptureMutableStateBeforeExecutionStep.java:65)
	at org.gradle.internal.execution.steps.CaptureMutableStateBeforeExecutionStep.execute(CaptureMutableStateBeforeExecutionStep.java:45)
	at org.gradle.internal.execution.steps.SkipEmptyMutableWorkStep.executeWithNonEmptySources(SkipEmptyMutableWorkStep.java:210)
	at org.gradle.internal.execution.steps.SkipEmptyMutableWorkStep.executeMutable(SkipEmptyMutableWorkStep.java:85)
	at org.gradle.internal.execution.steps.SkipEmptyMutableWorkStep.executeMutable(SkipEmptyMutableWorkStep.java:53)
	at org.gradle.internal.execution.steps.MutableStep.execute(MutableStep.java:26)
	at org.gradle.internal.execution.steps.legacy.MarkSnapshottingInputsStartedStep.execute(MarkSnapshottingInputsStartedStep.java:38)
	at org.gradle.internal.execution.steps.LoadPreviousExecutionStateStep.executeMutable(LoadPreviousExecutionStateStep.java:36)
	at org.gradle.internal.execution.steps.LoadPreviousExecutionStateStep.executeMutable(LoadPreviousExecutionStateStep.java:23)
	at org.gradle.internal.execution.steps.MutableStep.execute(MutableStep.java:26)
	at org.gradle.internal.execution.steps.HandleStaleOutputsStep.executeMutable(HandleStaleOutputsStep.java:77)
	at org.gradle.internal.execution.steps.HandleStaleOutputsStep.executeMutable(HandleStaleOutputsStep.java:43)
	at org.gradle.internal.execution.steps.MutableStep.execute(MutableStep.java:26)
	at org.gradle.internal.execution.steps.AssignMutableWorkspaceStep.lambda$executeMutable$0(AssignMutableWorkspaceStep.java:34)
	at org.gradle.api.internal.tasks.execution.TaskExecution$4.withWorkspace(TaskExecution.java:305)
	at org.gradle.internal.execution.steps.AssignMutableWorkspaceStep.executeMutable(AssignMutableWorkspaceStep.java:30)
	at org.gradle.internal.execution.steps.AssignMutableWorkspaceStep.executeMutable(AssignMutableWorkspaceStep.java:21)
	at org.gradle.internal.execution.steps.MutableStep.execute(MutableStep.java:26)
	at org.gradle.internal.execution.steps.ChoosePipelineStep.execute(ChoosePipelineStep.java:40)
	at org.gradle.internal.execution.steps.ChoosePipelineStep.execute(ChoosePipelineStep.java:23)
	at org.gradle.internal.execution.steps.ExecuteWorkBuildOperationFiringStep.lambda$execute$2(ExecuteWorkBuildOperationFiringStep.java:67)
	at org.gradle.internal.execution.steps.ExecuteWorkBuildOperationFiringStep.execute(ExecuteWorkBuildOperationFiringStep.java:67)
	at org.gradle.internal.execution.steps.ExecuteWorkBuildOperationFiringStep.execute(ExecuteWorkBuildOperationFiringStep.java:39)
	at org.gradle.internal.execution.steps.IdentityCacheStep.execute(IdentityCacheStep.java:46)
	at org.gradle.internal.execution.steps.IdentityCacheStep.execute(IdentityCacheStep.java:34)
	at org.gradle.internal.execution.steps.IdentifyStep.execute(IdentifyStep.java:56)
	at org.gradle.internal.execution.steps.IdentifyStep.execute(IdentifyStep.java:38)
	at org.gradle.internal.execution.impl.DefaultExecutionEngine$1.execute(DefaultExecutionEngine.java:68)
	at org.gradle.api.internal.tasks.execution.ExecuteActionsTaskExecuter.executeIfValid(ExecuteActionsTaskExecuter.java:132)
	... 30 more
Caused by: com.android.ide.common.process.ProcessException: ninja: Entering directory `/home/runner/work/retro-manager/retro-manager/runtime/retropack-runtime-genesis/.cxx/Debug/595bv372/arm64-v8a'
[1/57] Building C object CMakeFiles/retropack-runtime-genesis.dir/submodules/genesis-plus-gx/core/cart_hw/eeprom_i2c.c.o
[2/57] Building C object CMakeFiles/retropack-runtime-genesis.dir/src/main/cpp/ringbuffer.c.o
[3/57] Building C object CMakeFiles/retropack-runtime-genesis.dir/submodules/genesis-plus-gx/core/cart_hw/eeprom_93c.c.o
[4/57] Building C object CMakeFiles/retropack-runtime-genesis.dir/submodules/genesis-plus-gx/core/cart_hw/eeprom_spi.c.o
/home/runner/work/retro-manager/retro-manager/runtime/retropack-runtime-genesis/submodules/genesis-plus-gx/core/cart_hw/eeprom_spi.c:43:9: warning: 'PAGE_MASK' macro redefined [-Wmacro-redefined]
   43 | #define PAGE_MASK 0x7f
      |         ^
/usr/local/lib/android/sdk/ndk/27.0.12077973/toolchains/llvm/prebuilt/linux-x86_64/sysroot/usr/include/bits/page_size.h:46:9: note: previous definition is here
   46 | #define PAGE_MASK (~(PAGE_SIZE - 1))
      |         ^
1 warning generated.
[5/57] Building C object CMakeFiles/retropack-runtime-genesis.dir/submodules/genesis-plus-gx/core/cart_hw/areplay.c.o
[6/57] Building C object CMakeFiles/retropack-runtime-genesis.dir/src/main/cpp/genesis-jni.c.o
/home/runner/work/retro-manager/retro-manager/runtime/retropack-runtime-genesis/src/main/cpp/genesis-jni.c:798:29: warning: address of array 'sram.sram' will always evaluate to 'true' [-Wpointer-bool-conversion]
  798 |         if (sram.on && sram.sram) {
      |                     ~~ ~~~~~^~~~
/home/runner/work/retro-manager/retro-manager/runtime/retropack-runtime-genesis/src/main/cpp/genesis-jni.c:828:29: warning: address of array 'sram.sram' will always evaluate to 'true' [-Wpointer-bool-conversion]
  828 |         if (sram.on && sram.sram) {
      |                     ~~ ~~~~~^~~~
2 warnings generated.
[7/57] Building C object CMakeFiles/retropack-runtime-genesis.dir/submodules/genesis-plus-gx/core/cart_hw/flash_cfi.c.o
[8/57] Building C object CMakeFiles/retropack-runtime-genesis.dir/submodules/genesis-plus-gx/core/cart_hw/ggenie.c.o
[9/57] Building C object CMakeFiles/retropack-runtime-genesis.dir/submodules/genesis-plus-gx/core/cart_hw/sram.c.o
[10/57] Building C object CMakeFiles/retropack-runtime-genesis.dir/submodules/genesis-plus-gx/core/cart_hw/sms_cart.c.o
[11/57] Building C object CMakeFiles/retropack-runtime-genesis.dir/submodules/genesis-plus-gx/core/cart_hw/megasd.c.o
[12/57] Building C object CMakeFiles/retropack-runtime-genesis.dir/submodules/genesis-plus-gx/core/cart_hw/svp/svp.c.o
[13/57] Building C object CMakeFiles/retropack-runtime-genesis.dir/submodules/genesis-plus-gx/core/cd_hw/cd_cart.c.o
[14/57] Building C object CMakeFiles/retropack-runtime-genesis.dir/submodules/genesis-plus-gx/core/cart_hw/svp/ssp16.c.o
[15/57] Building C object CMakeFiles/retropack-runtime-genesis.dir/submodules/genesis-plus-gx/core/cart_hw/md_cart.c.o
[16/57] Building C object CMakeFiles/retropack-runtime-genesis.dir/submodules/genesis-plus-gx/core/cd_hw/pcm.c.o
[17/57] Building C object CMakeFiles/retropack-runtime-genesis.dir/submodules/genesis-plus-gx/core/cd_hw/cdc.c.o
[18/57] Building C object CMakeFiles/retropack-runtime-genesis.dir/submodules/genesis-plus-gx/core/cd_hw/gfx.c.o
[19/57] Building C object CMakeFiles/retropack-runtime-genesis.dir/submodules/genesis-plus-gx/core/cd_hw/cdd.c.o
[20/57] Building C object CMakeFiles/retropack-runtime-genesis.dir/submodules/genesis-plus-gx/core/genesis.c.o
[21/57] Building C object CMakeFiles/retropack-runtime-genesis.dir/submodules/genesis-plus-gx/core/input_hw/activator.c.o
[22/57] Building C object CMakeFiles/retropack-runtime-genesis.dir/submodules/genesis-plus-gx/core/input_hw/gamepad.c.o
[23/57] Building C object CMakeFiles/retropack-runtime-genesis.dir/submodules/genesis-plus-gx/core/input_hw/input.c.o
[24/57] Building C object CMakeFiles/retropack-runtime-genesis.dir/submodules/genesis-plus-gx/core/input_hw/graphic_board.c.o
[25/57] Building C object CMakeFiles/retropack-runtime-genesis.dir/submodules/genesis-plus-gx/core/cd_hw/scd.c.o
[26/57] Building C object CMakeFiles/retropack-runtime-genesis.dir/submodules/genesis-plus-gx/core/input_hw/lightgun.c.o
[27/57] Building C object CMakeFiles/retropack-runtime-genesis.dir/submodules/genesis-plus-gx/core/input_hw/mouse.c.o
[28/57] Building C object CMakeFiles/retropack-runtime-genesis.dir/submodules/genesis-plus-gx/core/input_hw/paddle.c.o
[29/57] Building C object CMakeFiles/retropack-runtime-genesis.dir/submodules/genesis-plus-gx/core/input_hw/smash.c.o
[30/57] Building C object CMakeFiles/retropack-runtime-genesis.dir/submodules/genesis-plus-gx/core/input_hw/xe_1ap.c.o
[31/57] Building C object CMakeFiles/retropack-runtime-genesis.dir/submodules/genesis-plus-gx/core/input_hw/sportspad.c.o
[32/57] Building C object CMakeFiles/retropack-runtime-genesis.dir/submodules/genesis-plus-gx/core/input_hw/teamplayer.c.o
[33/57] Building C object CMakeFiles/retropack-runtime-genesis.dir/submodules/genesis-plus-gx/core/input_hw/terebi_oekaki.c.o
[34/57] Building C object CMakeFiles/retropack-runtime-genesis.dir/submodules/genesis-plus-gx/core/io_ctrl.c.o
[35/57] Building C object CMakeFiles/retropack-runtime-genesis.dir/submodules/genesis-plus-gx/core/loadrom.c.o
[36/57] Building C object CMakeFiles/retropack-runtime-genesis.dir/submodules/genesis-plus-gx/core/membnk.c.o
[37/57] Building C object CMakeFiles/retropack-runtime-genesis.dir/submodules/genesis-plus-gx/core/memz80.c.o
[38/57] Building C object CMakeFiles/retropack-runtime-genesis.dir/submodules/genesis-plus-gx/core/ntsc/md_ntsc.c.o
[39/57] Building C object CMakeFiles/retropack-runtime-genesis.dir/submodules/genesis-plus-gx/core/mem68k.c.o
[40/57] Building C object CMakeFiles/retropack-runtime-genesis.dir/submodules/genesis-plus-gx/core/cart_hw/yx5200.c.o
[41/57] Building C object CMakeFiles/retropack-runtime-genesis.dir/submodules/genesis-plus-gx/core/sound/blip_buf.c.o
[42/57] Building C object CMakeFiles/retropack-runtime-genesis.dir/submodules/genesis-plus-gx/core/sound/opll.c.o
[43/57] Building C object CMakeFiles/retropack-runtime-genesis.dir/submodules/genesis-plus-gx/core/ntsc/sms_ntsc.c.o
[44/57] Building C object CMakeFiles/retropack-runtime-genesis.dir/submodules/genesis-plus-gx/core/sound/eq.c.o
[45/57] Building C object CMakeFiles/retropack-runtime-genesis.dir/submodules/genesis-plus-gx/core/sound/psg.c.o
[46/57] Building C object CMakeFiles/retropack-runtime-genesis.dir/submodules/genesis-plus-gx/core/sound/ym3438.c.o
[47/57] Building C object CMakeFiles/retropack-runtime-genesis.dir/submodules/genesis-plus-gx/core/sound/sound.c.o
[48/57] Building C object CMakeFiles/retropack-runtime-genesis.dir/submodules/genesis-plus-gx/core/sound/ym2413.c.o
[49/57] Building C object CMakeFiles/retropack-runtime-genesis.dir/submodules/genesis-plus-gx/core/sound/ym2612.c.o
[50/57] Building C object CMakeFiles/retropack-runtime-genesis.dir/submodules/genesis-plus-gx/core/system.c.o
[51/57] Building C object CMakeFiles/retropack-runtime-genesis.dir/submodules/genesis-plus-gx/core/state.c.o
[52/57] Building C object CMakeFiles/retropack-runtime-genesis.dir/submodules/genesis-plus-gx/core/vdp_ctrl.c.o
[53/57] Building C object CMakeFiles/retropack-runtime-genesis.dir/submodules/genesis-plus-gx/core/vdp_render.c.o
[54/57] Building C object CMakeFiles/retropack-runtime-genesis.dir/submodules/genesis-plus-gx/core/z80/z80.c.o
[55/57] Building C object CMakeFiles/retropack-runtime-genesis.dir/submodules/genesis-plus-gx/core/m68k/m68kcpu.c.o
[56/57] Building C object CMakeFiles/retropack-runtime-genesis.dir/submodules/genesis-plus-gx/core/m68k/s68kcpu.c.o
[57/57] Linking C shared library ../../../../build/intermediates/cxx/Debug/595bv372/obj/arm64-v8a/libretropack-runtime-genesis.so
FAILED: ../../../../build/intermediates/cxx/Debug/595bv372/obj/arm64-v8a/libretropack-runtime-genesis.so 
: && /usr/local/lib/android/sdk/ndk/27.0.12077973/toolchains/llvm/prebuilt/linux-x86_64/bin/clang --target=aarch64-none-linux-android26 --sysroot=/usr/local/lib/android/sdk/ndk/27.0.12077973/toolchains/llvm/prebuilt/linux-x86_64/sysroot -fPIC -g -DANDROID -fdata-sections -ffunction-sections -funwind-tables -fstack-protector-strong -no-canonical-prefixes -D_FORTIFY_SOURCE=2 -Wformat -Werror=format-security  -fno-limit-debug-info  -static-libstdc++ -Wl,--build-id=sha1 -Wl,--no-rosegment -Wl,--no-undefined-version -Wl,--fatal-warnings -Wl,--no-undefined -Qunused-arguments  -Wl,-z,max-page-size=16384 -Wl,-z,common-page-size=16384   -Wl,-z,max-page-size=16384 -Wl,-z,common-page-size=16384 -shared -Wl,-soname,libretropack-runtime-genesis.so -o ../../../../build/intermediates/cxx/Debug/595bv372/obj/arm64-v8a/libretropack-runtime-genesis.so CMakeFiles/retropack-runtime-genesis.dir/src/main/cpp/genesis-jni.c.o CMakeFiles/retropack-runtime-genesis.dir/src/main/cpp/ringbuffer.c.o CMakeFiles/retropack-runtime-genesis.dir/submodules/genesis-plus-gx/core/cart_hw/areplay.c.o CMakeFiles/retropack-runtime-genesis.dir/submodules/genesis-plus-gx/core/cart_hw/eeprom_93c.c.o CMakeFiles/retropack-runtime-genesis.dir/submodules/genesis-plus-gx/core/cart_hw/eeprom_i2c.c.o CMakeFiles/retropack-runtime-genesis.dir/submodules/genesis-plus-gx/core/cart_hw/eeprom_spi.c.o CMakeFiles/retropack-runtime-genesis.dir/submodules/genesis-plus-gx/core/cart_hw/flash_cfi.c.o CMakeFiles/retropack-runtime-genesis.dir/submodules/genesis-plus-gx/core/cart_hw/ggenie.c.o CMakeFiles/retropack-runtime-genesis.dir/submodules/genesis-plus-gx/core/cart_hw/md_cart.c.o CMakeFiles/retropack-runtime-genesis.dir/submodules/genesis-plus-gx/core/cart_hw/megasd.c.o CMakeFiles/retropack-runtime-genesis.dir/submodules/genesis-plus-gx/core/cart_hw/sms_cart.c.o CMakeFiles/retropack-runtime-genesis.dir/submodules/genesis-plus-gx/core/cart_hw/sram.c.o CMakeFiles/retropack-runtime-genesis.dir/submodules/genesis-plus-gx/core/cart_hw/svp/ssp16.c.o CMakeFiles/retropack-runtime-genesis.dir/submodules/genesis-plus-gx/core/cart_hw/svp/svp.c.o CMakeFiles/retropack-runtime-genesis.dir/submodules/genesis-plus-gx/core/cart_hw/yx5200.c.o CMakeFiles/retropack-runtime-genesis.dir/submodules/genesis-plus-gx/core/cd_hw/cd_cart.c.o CMakeFiles/retropack-runtime-genesis.dir/submodules/genesis-plus-gx/core/cd_hw/cdc.c.o CMakeFiles/retropack-runtime-genesis.dir/submodules/genesis-plus-gx/core/cd_hw/cdd.c.o CMakeFiles/retropack-runtime-genesis.dir/submodules/genesis-plus-gx/core/cd_hw/gfx.c.o CMakeFiles/retropack-runtime-genesis.dir/submodules/genesis-plus-gx/core/cd_hw/pcm.c.o CMakeFiles/retropack-runtime-genesis.dir/submodules/genesis-plus-gx/core/cd_hw/scd.c.o CMakeFiles/retropack-runtime-genesis.dir/submodules/genesis-plus-gx/core/genesis.c.o CMakeFiles/retropack-runtime-genesis.dir/submodules/genesis-plus-gx/core/input_hw/activator.c.o CMakeFiles/retropack-runtime-genesis.dir/submodules/genesis-plus-gx/core/input_hw/gamepad.c.o CMakeFiles/retropack-runtime-genesis.dir/submodules/genesis-plus-gx/core/input_hw/graphic_board.c.o CMakeFiles/retropack-runtime-genesis.dir/submodules/genesis-plus-gx/core/input_hw/input.c.o CMakeFiles/retropack-runtime-genesis.dir/submodules/genesis-plus-gx/core/input_hw/lightgun.c.o CMakeFiles/retropack-runtime-genesis.dir/submodules/genesis-plus-gx/core/input_hw/mouse.c.o CMakeFiles/retropack-runtime-genesis.dir/submodules/genesis-plus-gx/core/input_hw/paddle.c.o CMakeFiles/retropack-runtime-genesis.dir/submodules/genesis-plus-gx/core/input_hw/smash.c.o CMakeFiles/retropack-runtime-genesis.dir/submodules/genesis-plus-gx/core/input_hw/sportspad.c.o CMakeFiles/retropack-runtime-genesis.dir/submodules/genesis-plus-gx/core/input_hw/teamplayer.c.o CMakeFiles/retropack-runtime-genesis.dir/submodules/genesis-plus-gx/core/input_hw/terebi_oekaki.c.o CMakeFiles/retropack-runtime-genesis.dir/submodules/genesis-plus-gx/core/input_hw/xe_1ap.c.o CMakeFiles/retropack-runtime-genesis.dir/submodules/genesis-plus-gx/core/io_ctrl.c.o CMakeFiles/retropack-runtime-genesis.dir/submodules/genesis-plus-gx/core/loadrom.c.o CMakeFiles/retropack-runtime-genesis.dir/submodules/genesis-plus-gx/core/m68k/m68kcpu.c.o CMakeFiles/retropack-runtime-genesis.dir/submodules/genesis-plus-gx/core/m68k/s68kcpu.c.o CMakeFiles/retropack-runtime-genesis.dir/submodules/genesis-plus-gx/core/mem68k.c.o CMakeFiles/retropack-runtime-genesis.dir/submodules/genesis-plus-gx/core/membnk.c.o CMakeFiles/retropack-runtime-genesis.dir/submodules/genesis-plus-gx/core/memz80.c.o CMakeFiles/retropack-runtime-genesis.dir/submodules/genesis-plus-gx/core/ntsc/md_ntsc.c.o CMakeFiles/retropack-runtime-genesis.dir/submodules/genesis-plus-gx/core/ntsc/sms_ntsc.c.o CMakeFiles/retropack-runtime-genesis.dir/submodules/genesis-plus-gx/core/sound/blip_buf.c.o CMakeFiles/retropack-runtime-genesis.dir/submodules/genesis-plus-gx/core/sound/eq.c.o CMakeFiles/retropack-runtime-genesis.dir/submodules/genesis-plus-gx/core/sound/opll.c.o CMakeFiles/retropack-runtime-genesis.dir/submodules/genesis-plus-gx/core/sound/psg.c.o CMakeFiles/retropack-runtime-genesis.dir/submodules/genesis-plus-gx/core/sound/sound.c.o CMakeFiles/retropack-runtime-genesis.dir/submodules/genesis-plus-gx/core/sound/ym2413.c.o CMakeFiles/retropack-runtime-genesis.dir/submodules/genesis-plus-gx/core/sound/ym2612.c.o CMakeFiles/retropack-runtime-genesis.dir/submodules/genesis-plus-gx/core/sound/ym3438.c.o CMakeFiles/retropack-runtime-genesis.dir/submodules/genesis-plus-gx/core/state.c.o CMakeFiles/retropack-runtime-genesis.dir/submodules/genesis-plus-gx/core/system.c.o CMakeFiles/retropack-runtime-genesis.dir/submodules/genesis-plus-gx/core/vdp_ctrl.c.o CMakeFiles/retropack-runtime-genesis.dir/submodules/genesis-plus-gx/core/vdp_render.c.o CMakeFiles/retropack-runtime-genesis.dir/submodules/genesis-plus-gx/core/z80/z80.c.o  -lGLESv2  -lEGL  -lOpenSLES  -landroid  -llog  -lm  -lz  -latomic -lm && :
ld.lld: error: undefined symbol: md_ntsc
>>> referenced by vdp_render.c:4950 (/home/runner/work/retro-manager/retro-manager/runtime/retropack-runtime-genesis/submodules/genesis-plus-gx/core/vdp_render.c:4950)
>>>               CMakeFiles/retropack-runtime-genesis.dir/submodules/genesis-plus-gx/core/vdp_render.c.o:(remap_line)
>>> referenced by vdp_render.c:4950 (/home/runner/work/retro-manager/retro-manager/runtime/retropack-runtime-genesis/submodules/genesis-plus-gx/core/vdp_render.c:4950)
>>>               CMakeFiles/retropack-runtime-genesis.dir/submodules/genesis-plus-gx/core/vdp_render.c.o:(remap_line)

ld.lld: error: undefined symbol: sms_ntsc
>>> referenced by vdp_render.c:4954 (/home/runner/work/retro-manager/retro-manager/runtime/retropack-runtime-genesis/submodules/genesis-plus-gx/core/vdp_render.c:4954)
>>>               CMakeFiles/retropack-runtime-genesis.dir/submodules/genesis-plus-gx/core/vdp_render.c.o:(remap_line)
>>> referenced by vdp_render.c:4954 (/home/runner/work/retro-manager/retro-manager/runtime/retropack-runtime-genesis/submodules/genesis-plus-gx/core/vdp_render.c:4954)
>>>               CMakeFiles/retropack-runtime-genesis.dir/submodules/genesis-plus-gx/core/vdp_render.c.o:(remap_line)
clang: error: linker command failed with exit code 1 (use -v to see invocation)
ninja: build stopped: subcommand failed.

C++ build system [build] failed while executing:
    /usr/local/lib/android/sdk/cmake/3.22.1/bin/ninja \
      -C \
      /home/runner/work/retro-manager/retro-manager/runtime/retropack-runtime-genesis/.cxx/Debug/595bv372/arm64-v8a \
      retropack-runtime-genesis
  from /home/runner/work/retro-manager/retro-manager/runtime/retropack-runtime-genesis
	at com.android.build.gradle.internal.cxx.process.ExecuteProcessKt.execute(ExecuteProcess.kt:288)
	at com.android.build.gradle.internal.cxx.process.ExecuteProcessKt$executeProcess$1.invoke(ExecuteProcess.kt:108)
	at com.android.build.gradle.internal.cxx.process.ExecuteProcessKt$executeProcess$1.invoke(ExecuteProcess.kt:106)
	at com.android.build.gradle.internal.cxx.timing.TimingEnvironmentKt.time(TimingEnvironment.kt:32)
	at com.android.build.gradle.internal.cxx.process.ExecuteProcessKt.executeProcess(ExecuteProcess.kt:106)
	at com.android.build.gradle.internal.cxx.process.ExecuteProcessKt.executeProcess$default(ExecuteProcess.kt:85)
	at com.android.build.gradle.internal.cxx.build.CxxRegularBuilder.executeProcessBatch(CxxRegularBuilder.kt:332)
	at com.android.build.gradle.internal.cxx.build.CxxRegularBuilder.build(CxxRegularBuilder.kt:129)
	at com.android.build.gradle.tasks.ExternalNativeBuildTask.doTaskAction(ExternalNativeBuildTask.kt:72)
	at com.android.build.gradle.internal.tasks.UnsafeOutputsTask$taskAction$$inlined$recordTaskAction$1.invoke(BaseTask.kt:78)
	at com.android.build.gradle.internal.tasks.Blocks.recordSpan(Blocks.java:51)
	at com.android.build.gradle.internal.tasks.UnsafeOutputsTask.taskAction(UnsafeOutputsTask.kt:81)
	at org.gradle.internal.reflect.JavaMethod.invoke(JavaMethod.java:125)
	... 129 more
Caused by: com.android.ide.common.process.ProcessException: Error while executing process /usr/local/lib/android/sdk/cmake/3.22.1/bin/ninja with arguments {-C /home/runner/work/retro-manager/retro-manager/runtime/retropack-runtime-genesis/.cxx/Debug/595bv372/arm64-v8a retropack-runtime-genesis}
	at com.android.build.gradle.internal.process.GradleProcessResult.buildProcessException(GradleProcessResult.java:73)
	at com.android.build.gradle.internal.process.GradleProcessResult.assertNormalExitValue(GradleProcessResult.java:48)
	at com.android.build.gradle.internal.cxx.process.ExecuteProcessKt.execute(ExecuteProcess.kt:277)
	... 141 more
Caused by: org.gradle.process.ProcessExecutionException: Process 'command '/usr/local/lib/android/sdk/cmake/3.22.1/bin/ninja'' finished with non-zero exit value 1
	at org.gradle.process.internal.DefaultExecHandle$ExecResultImpl.assertNormalExitValue(DefaultExecHandle.java:459)
	at com.android.build.gradle.internal.process.GradleProcessResult.assertNormalExitValue(GradleProcessResult.java:46)
	... 142 more


Deprecated Gradle features were used in this build, making it incompatible with Gradle 10.

You can use '--warning-mode all' to show the individual deprecation warnings and determine if they come from your own scripts or plugins.

For more on this, please refer to https://docs.gradle.org/9.5.1/userguide/command_line_interface.html#sec:command_line_warnings in the Gradle documentation.

BUILD FAILED in 4s
2 actionable tasks: 2 executed
