=== Android 16 KB Page-Size ELF Alignment Verification ===
Found 16 compiled shared library binaries to inspect.
✅ PASS: runtime/retropack-runtime-mgba/build/intermediates/cxx/Debug/3jh5r5m6/obj/arm64-v8a/libretropack-runtime.so aligned to 0x4000 (>= 16 KB)
✅ PASS: runtime/retropack-runtime-mgba/build/intermediates/cxx/Debug/3jh5r5m6/obj/x86_64/libretropack-runtime.so aligned to 0x4000 (>= 16 KB)
✅ PASS: runtime/retropack-runtime-mgba/build/intermediates/library_and_local_jars_jni/debug/copyDebugJniLibsProjectAndLocalJars/jni/arm64-v8a/libretropack-runtime.so aligned to 0x4000 (>= 16 KB)
✅ PASS: runtime/retropack-runtime-mgba/build/intermediates/library_and_local_jars_jni/debug/copyDebugJniLibsProjectAndLocalJars/jni/x86_64/libretropack-runtime.so aligned to 0x4000 (>= 16 KB)
✅ PASS: runtime/retropack-runtime-mgba/build/intermediates/merged_native_libs/debug/mergeDebugNativeLibs/out/lib/arm64-v8a/libretropack-runtime.so aligned to 0x4000 (>= 16 KB)
✅ PASS: runtime/retropack-runtime-mgba/build/intermediates/merged_native_libs/debug/mergeDebugNativeLibs/out/lib/x86_64/libretropack-runtime.so aligned to 0x4000 (>= 16 KB)
✅ PASS: runtime/retropack-runtime-mgba/build/intermediates/stripped_native_libs/debug/stripDebugDebugSymbols/out/lib/arm64-v8a/libretropack-runtime.so aligned to 0x4000 (>= 16 KB)
✅ PASS: runtime/retropack-runtime-mgba/build/intermediates/stripped_native_libs/debug/stripDebugDebugSymbols/out/lib/x86_64/libretropack-runtime.so aligned to 0x4000 (>= 16 KB)
✅ PASS: runtime/retropack-runtime-pce/build/intermediates/cxx/Debug/394c2d41/obj/arm64-v8a/libretropack-runtime-pce.so aligned to 0x4000 (>= 16 KB)
✅ PASS: runtime/retropack-runtime-pce/build/intermediates/cxx/Debug/394c2d41/obj/x86_64/libretropack-runtime-pce.so aligned to 0x4000 (>= 16 KB)
✅ PASS: runtime/retropack-runtime-pce/build/intermediates/library_and_local_jars_jni/debug/copyDebugJniLibsProjectAndLocalJars/jni/arm64-v8a/libretropack-runtime-pce.so aligned to 0x4000 (>= 16 KB)
✅ PASS: runtime/retropack-runtime-pce/build/intermediates/library_and_local_jars_jni/debug/copyDebugJniLibsProjectAndLocalJars/jni/x86_64/libretropack-runtime-pce.so aligned to 0x4000 (>= 16 KB)
✅ PASS: runtime/retropack-runtime-pce/build/intermediates/merged_native_libs/debug/mergeDebugNativeLibs/out/lib/arm64-v8a/libretropack-runtime-pce.so aligned to 0x4000 (>= 16 KB)
✅ PASS: runtime/retropack-runtime-pce/build/intermediates/merged_native_libs/debug/mergeDebugNativeLibs/out/lib/x86_64/libretropack-runtime-pce.so aligned to 0x4000 (>= 16 KB)
✅ PASS: runtime/retropack-runtime-pce/build/intermediates/stripped_native_libs/debug/stripDebugDebugSymbols/out/lib/arm64-v8a/libretropack-runtime-pce.so aligned to 0x4000 (>= 16 KB)
✅ PASS: runtime/retropack-runtime-pce/build/intermediates/stripped_native_libs/debug/stripDebugDebugSymbols/out/lib/x86_64/libretropack-runtime-pce.so aligned to 0x4000 (>= 16 KB)
Successfully certified 16 native binaries for 16 KB page-size execution.
16 KB page alignment certification complete.
