Starting a Gradle Daemon (subsequent builds will be faster)

> Configure project :runtime:retropack-runtime-common
Checking the license for package NDK (Side by side) 27.0.12077973 in /usr/local/lib/android/sdk/licenses
License for package NDK (Side by side) 27.0.12077973 accepted.
Preparing "Install NDK (Side by side) 27.0.12077973 v.27.0.12077973".
"Install NDK (Side by side) 27.0.12077973 v.27.0.12077973" ready.
Installing NDK (Side by side) 27.0.12077973 in /usr/local/lib/android/sdk/ndk/27.0.12077973
"Install NDK (Side by side) 27.0.12077973 v.27.0.12077973" complete.
"Install NDK (Side by side) 27.0.12077973 v.27.0.12077973" finished.

> Task :runtime:retropack-runtime-common:preBuild UP-TO-DATE
> Task :runtime:retropack-runtime-common:preDebugBuild UP-TO-DATE
> Task :runtime:retropack-runtime-common:configureCMakeDebug[arm64-v8a]
> Task :runtime:retropack-runtime-common:buildCMakeDebug[arm64-v8a]
> Task :runtime:retropack-runtime-common:configureCMakeDebug[x86_64]
> Task :runtime:retropack-runtime-common:buildCMakeDebug[x86_64]
> Task :runtime:retropack-runtime-common:mergeDebugJniLibFolders
> Task :runtime:retropack-runtime-common:checkKotlinGradlePluginConfigurationErrors SKIPPED
> Task :runtime:retropack-runtime-common:generateDebugResValues
> Task :runtime:retropack-runtime-common:mergeDebugNativeLibs
> Task :runtime:retropack-runtime-common:generateDebugResources
> Task :runtime:retropack-runtime-common:stripDebugDebugSymbols
> Task :runtime:retropack-runtime-common:packageDebugResources
> Task :runtime:retropack-runtime-common:copyDebugJniLibsProjectAndLocalJars
> Task :runtime:retropack-runtime-common:extractDeepLinksForAarDebug
> Task :runtime:retropack-runtime-common:javaPreCompileDebug
> Task :runtime:retropack-runtime-common:mergeDebugShaders
> Task :runtime:retropack-runtime-common:compileDebugShaders NO-SOURCE
> Task :runtime:retropack-runtime-common:generateDebugAssets UP-TO-DATE
> Task :runtime:retropack-runtime-common:packageDebugAssets
> Task :runtime:retropack-runtime-common:prepareDebugArtProfile
> Task :runtime:retropack-runtime-common:prepareLintJarForPublish
> Task :runtime:retropack-runtime-common:parseDebugLocalResources
> Task :runtime:retropack-runtime-common:writeDebugAarMetadata
> Task :runtime:retropack-runtime-common:generateDebugRFile
> Task :runtime:retropack-runtime-common:processDebugManifest

> Task :runtime:retropack-runtime-common:compileDebugKotlin
w: file:///home/runner/work/retro-manager/retro-manager/runtime/retropack-runtime-common/src/main/kotlin/com/retropack/runtime/input/HapticEngine.kt:49:61 'static field VIBRATOR_SERVICE: String' is deprecated. Deprecated in Java.
w: file:///home/runner/work/retro-manager/retro-manager/runtime/retropack-runtime-common/src/main/kotlin/com/retropack/runtime/input/HapticEngine.kt:93:61 'static field VIBRATOR_SERVICE: String' is deprecated. Deprecated in Java.
w: file:///home/runner/work/retro-manager/retro-manager/runtime/retropack-runtime-common/src/main/kotlin/com/retropack/runtime/input/HapticEngine.kt:125:61 'static field VIBRATOR_SERVICE: String' is deprecated. Deprecated in Java.
w: file:///home/runner/work/retro-manager/retro-manager/runtime/retropack-runtime-common/src/main/kotlin/com/retropack/runtime/input/HapticEngine.kt:167:61 'static field VIBRATOR_SERVICE: String' is deprecated. Deprecated in Java.
w: file:///home/runner/work/retro-manager/retro-manager/runtime/retropack-runtime-common/src/main/kotlin/com/retropack/runtime/input/HapticManager.kt:43:74 'static field VIBRATOR_SERVICE: String' is deprecated. Deprecated in Java.
w: file:///home/runner/work/retro-manager/retro-manager/runtime/retropack-runtime-common/src/main/kotlin/com/retropack/runtime/input/HapticManager.kt:154:40 'val vibrator: Vibrator!' is deprecated. Deprecated in Java.
w: file:///home/runner/work/retro-manager/retro-manager/runtime/retropack-runtime-common/src/main/kotlin/com/retropack/runtime/video/DisplaySyncManager.kt:44:44 'val defaultDisplay: Display!' is deprecated. Deprecated in Java.

> Task :runtime:retropack-runtime-common:extractDebugAnnotations
> Task :runtime:retropack-runtime-common:compileDebugJavaWithJavac NO-SOURCE
> Task :runtime:retropack-runtime-common:mergeDebugGeneratedProguardFiles
> Task :runtime:retropack-runtime-common:mergeDebugConsumerProguardFiles
> Task :runtime:retropack-runtime-common:processDebugJavaRes
> Task :runtime:retropack-runtime-common:mergeDebugJavaResource
> Task :runtime:retropack-runtime-common:syncDebugLibJars
> Task :runtime:retropack-runtime-common:bundleDebugAar
> Task :runtime:retropack-runtime-common:assembleDebug
gradle/actions: Writing build results to /home/runner/work/_temp/.gradle-actions/build-results/__run_3-1790597141965.json

[Incubating] Problems report is available at: file:///home/runner/work/retro-manager/retro-manager/build/reports/problems/problems-report.html

Deprecated Gradle features were used in this build, making it incompatible with Gradle 10.

You can use '--warning-mode all' to show the individual deprecation warnings and determine if they come from your own scripts or plugins.

For more on this, please refer to https://docs.gradle.org/9.5.1/userguide/command_line_interface.html#sec:command_line_warnings in the Gradle documentation.

BUILD SUCCESSFUL in 57s
29 actionable tasks: 29 executed
Consider enabling configuration cache to speed up this build: https://docs.gradle.org/9.5.1/userguide/configuration_cache_enabling.html
