> Task :runtime:retropack-runtime-snes9x:preBuild UP-TO-DATE
> Task :runtime:retropack-runtime-snes9x:preDebugBuild UP-TO-DATE
> Task :runtime:retropack-runtime-snes9x:configureCMakeDebug[arm64-v8a]
> Task :runtime:retropack-runtime-snes9x:buildCMakeDebug[arm64-v8a]
> Task :runtime:retropack-runtime-snes9x:configureCMakeDebug[x86_64]
> Task :runtime:retropack-runtime-snes9x:buildCMakeDebug[x86_64]
> Task :runtime:retropack-runtime-snes9x:mergeDebugJniLibFolders
> Task :runtime:retropack-runtime-common:checkKotlinGradlePluginConfigurationErrors SKIPPED
> Task :runtime:retropack-runtime-common:preBuild UP-TO-DATE
> Task :runtime:retropack-runtime-common:preDebugBuild UP-TO-DATE
> Task :runtime:retropack-runtime-common:generateDebugResValues UP-TO-DATE
> Task :runtime:retropack-runtime-common:generateDebugResources UP-TO-DATE
> Task :runtime:retropack-runtime-common:packageDebugResources UP-TO-DATE
> Task :runtime:retropack-runtime-common:parseDebugLocalResources UP-TO-DATE
> Task :runtime:retropack-runtime-common:generateDebugRFile UP-TO-DATE
> Task :runtime:retropack-runtime-common:compileDebugKotlin UP-TO-DATE
> Task :runtime:retropack-runtime-common:javaPreCompileDebug UP-TO-DATE
> Task :runtime:retropack-runtime-common:compileDebugJavaWithJavac NO-SOURCE
> Task :runtime:retropack-runtime-common:bundleLibCompileToJarDebug UP-TO-DATE
> Task :runtime:retropack-runtime-snes9x:checkKotlinGradlePluginConfigurationErrors SKIPPED
> Task :runtime:retropack-runtime-snes9x:generateDebugResValues
> Task :runtime:retropack-runtime-snes9x:generateDebugResources
> Task :runtime:retropack-runtime-snes9x:packageDebugResources
> Task :runtime:retropack-runtime-snes9x:mergeDebugNativeLibs
> Task :runtime:retropack-runtime-snes9x:extractDeepLinksForAarDebug
> Task :runtime:retropack-runtime-snes9x:parseDebugLocalResources
> Task :runtime:retropack-runtime-snes9x:javaPreCompileDebug
> Task :runtime:retropack-runtime-snes9x:generateDebugRFile
> Task :runtime:retropack-runtime-snes9x:mergeDebugShaders
> Task :runtime:retropack-runtime-snes9x:compileDebugShaders NO-SOURCE
> Task :runtime:retropack-runtime-snes9x:generateDebugAssets UP-TO-DATE
> Task :runtime:retropack-runtime-snes9x:stripDebugDebugSymbols
> Task :runtime:retropack-runtime-snes9x:packageDebugAssets
> Task :runtime:retropack-runtime-snes9x:prepareDebugArtProfile
> Task :runtime:retropack-runtime-snes9x:prepareLintJarForPublish
> Task :runtime:retropack-runtime-snes9x:writeDebugAarMetadata
> Task :runtime:retropack-runtime-snes9x:processDebugManifest
> Task :runtime:retropack-runtime-snes9x:copyDebugJniLibsProjectAndLocalJars
> Task :runtime:retropack-runtime-snes9x:compileDebugKotlin
> Task :runtime:retropack-runtime-snes9x:extractDebugAnnotations
> Task :runtime:retropack-runtime-snes9x:compileDebugJavaWithJavac NO-SOURCE
> Task :runtime:retropack-runtime-snes9x:mergeDebugGeneratedProguardFiles
> Task :runtime:retropack-runtime-snes9x:mergeDebugConsumerProguardFiles
> Task :runtime:retropack-runtime-snes9x:processDebugJavaRes
> Task :runtime:retropack-runtime-snes9x:mergeDebugJavaResource
> Task :runtime:retropack-runtime-snes9x:syncDebugLibJars
> Task :runtime:retropack-runtime-snes9x:bundleDebugAar
> Task :runtime:retropack-runtime-snes9x:assembleDebug
gradle/actions: Writing build results to /home/runner/work/_temp/.gradle-actions/build-results/__run_4-1790586243706.json

[Incubating] Problems report is available at: file:///home/runner/work/retro-manager/retro-manager/build/reports/problems/problems-report.html

Deprecated Gradle features were used in this build, making it incompatible with Gradle 10.

You can use '--warning-mode all' to show the individual deprecation warnings and determine if they come from your own scripts or plugins.

For more on this, please refer to https://docs.gradle.org/9.5.1/userguide/command_line_interface.html#sec:command_line_warnings in the Gradle documentation.

BUILD SUCCESSFUL in 23s
37 actionable tasks: 29 executed, 8 up-to-date
Consider enabling configuration cache to speed up this build: https://docs.gradle.org/9.5.1/userguide/configuration_cache_enabling.html
