> Task :runtime:retropack-runtime-pcsx:preBuild UP-TO-DATE
> Task :runtime:retropack-runtime-pcsx:preDebugBuild UP-TO-DATE
> Task :runtime:retropack-runtime-pcsx:configureCMakeDebug[arm64-v8a]

> Task :runtime:retropack-runtime-pcsx:buildCMakeDebug[arm64-v8a] FAILED
C/C++: ninja: Entering directory `/home/runner/work/retro-manager/retro-manager/runtime/retropack-runtime-pcsx/.cxx/Debug/3uf4qy72/arm64-v8a'
C/C++: /usr/local/lib/android/sdk/ndk/27.0.12077973/toolchains/llvm/prebuilt/linux-x86_64/bin/clang --target=aarch64-none-linux-android26 --sysroot=/usr/local/lib/android/sdk/ndk/27.0.12077973/toolchains/llvm/prebuilt/linux-x86_64/sysroot -DDISABLE_MEM_LUTS=0 -DDRC_DISABLE=1 -DGPU_PEOPS=1 -DHAVE_PCSX_CORE=1 -DNO_DYLIB=1 -DNO_FRONTEND=1 -DP_HAVE_MMAP=0 -DP_HAVE_POSIX_MEMALIGN=0 -DUSE_LIBRETRO_VFS=1 -D__LIBRETRO__=1 -Dretropack_runtime_pcsx_EXPORTS -I/home/runner/work/retro-manager/retro-manager/runtime/retropack-runtime-pcsx/src/main/cpp -I/home/runner/work/retro-manager/retro-manager/runtime/retropack-runtime-pcsx/submodules/pcsx_rearmed -I/home/runner/work/retro-manager/retro-manager/runtime/retropack-runtime-pcsx/submodules/pcsx_rearmed/include -I/home/runner/work/retro-manager/retro-manager/runtime/retropack-runtime-pcsx/submodules/pcsx_rearmed/libpcsxcore -I/home/runner/work/retro-manager/retro-manager/runtime/retropack-runtime-pcsx/submodules/pcsx_rearmed/frontend -I/home/runner/work/retro-manager/retro-manager/runtime/retropack-runtime-pcsx/submodules/pcsx_rearmed/plugins -I/home/runner/work/retro-manager/retro-manager/runtime/retropack-runtime-pcsx/submodules/pcsx_rearmed/plugins/gpulib -I/home/runner/work/retro-manager/retro-manager/runtime/retropack-runtime-pcsx/submodules/pcsx_rearmed/plugins/dfxvideo -I/home/runner/work/retro-manager/retro-manager/runtime/retropack-runtime-pcsx/submodules/pcsx_rearmed/plugins/dfsound -I/home/runner/work/retro-manager/retro-manager/runtime/retropack-runtime-pcsx/submodules/pcsx_rearmed/deps/libretro-common/include -I/home/runner/work/retro-manager/retro-manager/runtime/retropack-runtime-common/src/main/cpp -g -DANDROID -fdata-sections -ffunction-sections -funwind-tables -fstack-protector-strong -no-canonical-prefixes -D_FORTIFY_SOURCE=2 -Wformat -Werror=format-security  -fno-limit-debug-info  -fPIC -std=gnu11 -MD -MT CMakeFiles/retropack-runtime-pcsx.dir/submodules/pcsx_rearmed/plugins/dfxvideo/draw.c.o -MF CMakeFiles/retropack-runtime-pcsx.dir/submodules/pcsx_rearmed/plugins/dfxvideo/draw.c.o.d -o CMakeFiles/retropack-runtime-pcsx.dir/submodules/pcsx_rearmed/plugins/dfxvideo/draw.c.o -c /home/runner/work/retro-manager/retro-manager/runtime/retropack-runtime-pcsx/submodules/pcsx_rearmed/plugins/dfxvideo/draw.c
C/C++: /home/runner/work/retro-manager/retro-manager/runtime/retropack-runtime-pcsx/submodules/pcsx_rearmed/plugins/dfxvideo/draw.c:20:10: fatal error: 'X11/Xlib.h' file not found
C/C++:    20 | #include <X11/Xlib.h>
C/C++:       |          ^~~~~~~~~~~~
C/C++: 1 error generated.
C/C++: /usr/local/lib/android/sdk/ndk/27.0.12077973/toolchains/llvm/prebuilt/linux-x86_64/bin/clang --target=aarch64-none-linux-android26 --sysroot=/usr/local/lib/android/sdk/ndk/27.0.12077973/toolchains/llvm/prebuilt/linux-x86_64/sysroot -DDISABLE_MEM_LUTS=0 -DDRC_DISABLE=1 -DGPU_PEOPS=1 -DHAVE_PCSX_CORE=1 -DNO_DYLIB=1 -DNO_FRONTEND=1 -DP_HAVE_MMAP=0 -DP_HAVE_POSIX_MEMALIGN=0 -DUSE_LIBRETRO_VFS=1 -D__LIBRETRO__=1 -Dretropack_runtime_pcsx_EXPORTS -I/home/runner/work/retro-manager/retro-manager/runtime/retropack-runtime-pcsx/src/main/cpp -I/home/runner/work/retro-manager/retro-manager/runtime/retropack-runtime-pcsx/submodules/pcsx_rearmed -I/home/runner/work/retro-manager/retro-manager/runtime/retropack-runtime-pcsx/submodules/pcsx_rearmed/include -I/home/runner/work/retro-manager/retro-manager/runtime/retropack-runtime-pcsx/submodules/pcsx_rearmed/libpcsxcore -I/home/runner/work/retro-manager/retro-manager/runtime/retropack-runtime-pcsx/submodules/pcsx_rearmed/frontend -I/home/runner/work/retro-manager/retro-manager/runtime/retropack-runtime-pcsx/submodules/pcsx_rearmed/plugins -I/home/runner/work/retro-manager/retro-manager/runtime/retropack-runtime-pcsx/submodules/pcsx_rearmed/plugins/gpulib -I/home/runner/work/retro-manager/retro-manager/runtime/retropack-runtime-pcsx/submodules/pcsx_rearmed/plugins/dfxvideo -I/home/runner/work/retro-manager/retro-manager/runtime/retropack-runtime-pcsx/submodules/pcsx_rearmed/plugins/dfsound -I/home/runner/work/retro-manager/retro-manager/runtime/retropack-runtime-pcsx/submodules/pcsx_rearmed/deps/libretro-common/include -I/home/runner/work/retro-manager/retro-manager/runtime/retropack-runtime-common/src/main/cpp -g -DANDROID -fdata-sections -ffunction-sections -funwind-tables -fstack-protector-strong -no-canonical-prefixes -D_FORTIFY_SOURCE=2 -Wformat -Werror=format-security  -fno-limit-debug-info  -fPIC -std=gnu11 -MD -MT CMakeFiles/retropack-runtime-pcsx.dir/submodules/pcsx_rearmed/plugins/dfxvideo/fps.c.o -MF CMakeFiles/retropack-runtime-pcsx.dir/submodules/pcsx_rearmed/plugins/dfxvideo/fps.c.o.d -o CMakeFiles/retropack-runtime-pcsx.dir/submodules/pcsx_rearmed/plugins/dfxvideo/fps.c.o -c /home/runner/work/retro-manager/retro-manager/runtime/retropack-runtime-pcsx/submodules/pcsx_rearmed/plugins/dfxvideo/fps.c
C/C++: /home/runner/work/retro-manager/retro-manager/runtime/retropack-runtime-pcsx/submodules/pcsx_rearmed/plugins/dfxvideo/fps.c:20:1: error: unknown type name 'DWORD'
C/C++:    20 | DWORD          dwFrameRateTicks=16;
C/C++:       | ^
C/C++: /home/runner/work/retro-manager/retro-manager/runtime/retropack-runtime-pcsx/submodules/pcsx_rearmed/plugins/dfxvideo/fps.c:27:1: error: unknown type name 'BOOL'
C/C++:    27 | BOOL   bInitCap = TRUE;
C/C++:       | ^
C/C++: /home/runner/work/retro-manager/retro-manager/runtime/retropack-runtime-pcsx/submodules/pcsx_rearmed/plugins/dfxvideo/fps.c:27:19: error: use of undeclared identifier 'TRUE'
C/C++:    27 | BOOL   bInitCap = TRUE;
C/C++:       |                   ^
C/C++: /home/runner/work/retro-manager/retro-manager/runtime/retropack-runtime-pcsx/submodules/pcsx_rearmed/plugins/dfxvideo/fps.c:42:9: error: use of undeclared identifier 'dwActFixes'
C/C++:    42 |    if(!(dwActFixes&0x80))                              // not old skipping mode?
C/C++:       |         ^
C/C++: /home/runner/work/retro-manager/retro-manager/runtime/retropack-runtime-pcsx/submodules/pcsx_rearmed/plugins/dfxvideo/fps.c:44:6: error: use of undeclared identifier 'dwLaceCnt'
C/C++:    44 |      dwLaceCnt++;                                      // -> store cnt of vsync between frames
C/C++:       |      ^
C/C++: /home/runner/work/retro-manager/retro-manager/runtime/retropack-runtime-pcsx/submodules/pcsx_rearmed/plugins/dfxvideo/fps.c:45:9: error: use of undeclared identifier 'dwLaceCnt'
C/C++:    45 |      if(dwLaceCnt>=MAXLACE && UseFrameLimit)           // -> if there are many laces without screen toggling,
C/C++:       |         ^
C/C++: /home/runner/work/retro-manager/retro-manager/runtime/retropack-runtime-pcsx/submodules/pcsx_rearmed/plugins/dfxvideo/fps.c:47:11: error: use of undeclared identifier 'dwLaceCnt'
C/C++:    47 |        if(dwLaceCnt==MAXLACE) bInitCap=TRUE;
C/C++:       |           ^
C/C++: /home/runner/work/retro-manager/retro-manager/runtime/retropack-runtime-pcsx/submodules/pcsx_rearmed/plugins/dfxvideo/fps.c:47:40: error: use of undeclared identifier 'TRUE'
C/C++:    47 |        if(dwLaceCnt==MAXLACE) bInitCap=TRUE;
C/C++:       |                                        ^
C/C++: /home/runner/work/retro-manager/retro-manager/runtime/retropack-runtime-pcsx/submodules/pcsx_rearmed/plugins/dfxvideo/fps.c:63:17: error: variable has incomplete type 'struct timeval'
C/C++:    63 |  struct timeval tv;
C/C++:       |                 ^
C/C++: /home/runner/work/retro-manager/retro-manager/runtime/retropack-runtime-pcsx/submodules/pcsx_rearmed/plugins/dfxvideo/fps.c:63:9: note: forward declaration of 'struct timeval'
C/C++:    63 |  struct timeval tv;
C/C++:       |         ^
C/C++: /home/runner/work/retro-manager/retro-manager/runtime/retropack-runtime-pcsx/submodules/pcsx_rearmed/plugins/dfxvideo/fps.c:64:2: error: call to undeclared function 'gettimeofday'; ISO C99 and later do not support implicit function declarations [-Wimplicit-function-declaration]
C/C++:    64 |  gettimeofday(&tv, 0);                                 // well, maybe there are better ways
C/C++:       |  ^
C/C++: /home/runner/work/retro-manager/retro-manager/runtime/retropack-runtime-pcsx/submodules/pcsx_rearmed/plugins/dfxvideo/fps.c:73:2: error: use of undeclared identifier 'BOOL'
C/C++:    73 |  BOOL Waiting = TRUE;
C/C++:       |  ^
C/C++: /home/runner/work/retro-manager/retro-manager/runtime/retropack-runtime-pcsx/submodules/pcsx_rearmed/plugins/dfxvideo/fps.c:91:13: error: use of undeclared identifier 'Waiting'
C/C++:    91 |      while (Waiting)
C/C++:       |             ^
C/C++: /home/runner/work/retro-manager/retro-manager/runtime/retropack-runtime-pcsx/submodules/pcsx_rearmed/plugins/dfxvideo/fps.c:99:10: error: use of undeclared identifier 'Waiting'
C/C++:    99 |          Waiting = FALSE;
C/C++:       |          ^
C/C++: /home/runner/work/retro-manager/retro-manager/runtime/retropack-runtime-pcsx/submodules/pcsx_rearmed/plugins/dfxvideo/fps.c:99:20: error: use of undeclared identifier 'FALSE'
C/C++:    99 |          Waiting = FALSE;
C/C++:       |                    ^
C/C++: /home/runner/work/retro-manager/retro-manager/runtime/retropack-runtime-pcsx/submodules/pcsx_rearmed/plugins/dfxvideo/fps.c:105:28: error: use of undeclared identifier 'dwActFixes'
C/C++:   105 |         if (tickstogo >= 200 && !(dwActFixes&16))
C/C++:       |                                   ^
C/C++: /home/runner/work/retro-manager/retro-manager/runtime/retropack-runtime-pcsx/submodules/pcsx_rearmed/plugins/dfxvideo/fps.c:106:3: error: call to undeclared function 'usleep'; ISO C99 and later do not support implicit function declarations [-Wimplicit-function-declaration]
C/C++:   106 |                 usleep(tickstogo*10 - 200);
C/C++:       |                 ^
C/C++: /home/runner/work/retro-manager/retro-manager/runtime/retropack-runtime-pcsx/submodules/pcsx_rearmed/plugins/dfxvideo/fps.c:115:9: error: unknown type name 'DWORD'
C/C++:   115 |  static DWORD dwLastLace=0;                            // helper var for frame limitation
C/C++:       |         ^
C/C++: /home/runner/work/retro-manager/retro-manager/runtime/retropack-runtime-pcsx/submodules/pcsx_rearmed/plugins/dfxvideo/fps.c:116:9: error: unknown type name 'DWORD'
C/C++:   116 |  static DWORD curticks, lastticks, _ticks_since_last_update;
C/C++:       |         ^
C/C++: /home/runner/work/retro-manager/retro-manager/runtime/retropack-runtime-pcsx/submodules/pcsx_rearmed/plugins/dfxvideo/fps.c:120:6: error: use of undeclared identifier 'dwLaceCnt'
C/C++:   120 |  if(!dwLaceCnt) return;                                // important: if no updatelace happened, we ignore it completely
C/C++:       |      ^
C/C++: fatal error: too many errors emitted, stopping now [-ferror-limit=]
C/C++: 20 errors generated.
gradle/actions: Writing build results to /home/runner/work/_temp/.gradle-actions/build-results/__run_4-1790593108852.json

[Incubating] Problems report is available at: file:///home/runner/work/retro-manager/retro-manager/build/reports/problems/problems-report.html

FAILURE: Build failed with an exception.

* What went wrong:
Execution failed for task ':runtime:retropack-runtime-pcsx:buildCMakeDebug[arm64-v8a]' (registered by plugin 'com.android.internal.library').
> com.android.ide.common.process.ProcessException: ninja: Entering directory `/home/runner/work/retro-manager/retro-manager/runtime/retropack-runtime-pcsx/.cxx/Debug/3uf4qy72/arm64-v8a'
  [1/65] Building C object CMakeFiles/retropack-runtime-pcsx.dir/submodules/pcsx_rearmed/libpcsxcore/cdrom-async.c.o
  [2/65] Building C object CMakeFiles/retropack-runtime-pcsx.dir/home/runner/work/retro-manager/retro-manager/runtime/retropack-runtime-common/src/main/cpp/ringbuffer.c.o
  [3/65] Building C object CMakeFiles/retropack-runtime-pcsx.dir/submodules/pcsx_rearmed/libpcsxcore/cheat.c.o
  [4/65] Building C object CMakeFiles/retropack-runtime-pcsx.dir/submodules/pcsx_rearmed/libpcsxcore/database.c.o
  [5/65] Building C object CMakeFiles/retropack-runtime-pcsx.dir/submodules/pcsx_rearmed/libpcsxcore/cdrom.c.o
  [6/65] Building C object CMakeFiles/retropack-runtime-pcsx.dir/submodules/pcsx_rearmed/libpcsxcore/decode_xa.c.o
  [7/65] Building C object CMakeFiles/retropack-runtime-pcsx.dir/submodules/pcsx_rearmed/libpcsxcore/mdec.c.o
  [8/65] Building C object CMakeFiles/retropack-runtime-pcsx.dir/submodules/pcsx_rearmed/libpcsxcore/cdriso.c.o
  [9/65] Building C object CMakeFiles/retropack-runtime-pcsx.dir/submodules/pcsx_rearmed/libpcsxcore/plugins.c.o
  [10/65] Building C object CMakeFiles/retropack-runtime-pcsx.dir/submodules/pcsx_rearmed/libpcsxcore/ppf.c.o
  [11/65] Building C object CMakeFiles/retropack-runtime-pcsx.dir/submodules/pcsx_rearmed/libpcsxcore/psxcommon.c.o
  [12/65] Building C object CMakeFiles/retropack-runtime-pcsx.dir/submodules/pcsx_rearmed/libpcsxcore/psxcounters.c.o
  [13/65] Building C object CMakeFiles/retropack-runtime-pcsx.dir/submodules/pcsx_rearmed/libpcsxcore/misc.c.o
  [14/65] Building C object CMakeFiles/retropack-runtime-pcsx.dir/submodules/pcsx_rearmed/libpcsxcore/psxdma.c.o
  [15/65] Building CXX object CMakeFiles/retropack-runtime-pcsx.dir/home/runner/work/retro-manager/retro-manager/runtime/retropack-runtime-common/src/main/cpp/retropack-libretro-bridge.cpp.o
  [16/65] Building C object CMakeFiles/retropack-runtime-pcsx.dir/submodules/pcsx_rearmed/libpcsxcore/psxhw.c.o
  [17/65] Building C object CMakeFiles/retropack-runtime-pcsx.dir/submodules/pcsx_rearmed/libpcsxcore/r3000a.c.o
  [18/65] Building C object CMakeFiles/retropack-runtime-pcsx.dir/submodules/pcsx_rearmed/libpcsxcore/psxevents.c.o
  [19/65] Building C object CMakeFiles/retropack-runtime-pcsx.dir/submodules/pcsx_rearmed/libpcsxcore/sio.c.o
  [20/65] Building C object CMakeFiles/retropack-runtime-pcsx.dir/submodules/pcsx_rearmed/libpcsxcore/spu.c.o
  [21/65] Building C object CMakeFiles/retropack-runtime-pcsx.dir/submodules/pcsx_rearmed/libpcsxcore/gpu.c.o
  [22/65] Building C object CMakeFiles/retropack-runtime-pcsx.dir/submodules/pcsx_rearmed/libpcsxcore/psxmem.c.o
  [23/65] Building C object CMakeFiles/retropack-runtime-pcsx.dir/submodules/pcsx_rearmed/libpcsxcore/psxinterpreter.c.o
  [24/65] Building C object CMakeFiles/retropack-runtime-pcsx.dir/submodules/pcsx_rearmed/libpcsxcore/gte_divider.c.o
  [25/65] Building C object CMakeFiles/retropack-runtime-pcsx.dir/submodules/pcsx_rearmed/libpcsxcore/new_dynarec/emu_if.c.o
  [26/65] Building C object CMakeFiles/retropack-runtime-pcsx.dir/submodules/pcsx_rearmed/libpcsxcore/pad.c.o
  [27/65] Building C object CMakeFiles/retropack-runtime-pcsx.dir/submodules/pcsx_rearmed/plugins/dfsound/freeze.c.o
  [28/65] Building C object CMakeFiles/retropack-runtime-pcsx.dir/submodules/pcsx_rearmed/plugins/dfsound/dma.c.o
  [29/65] Building C object CMakeFiles/retropack-runtime-pcsx.dir/submodules/pcsx_rearmed/plugins/dfsound/out.c.o
  [30/65] Building C object CMakeFiles/retropack-runtime-pcsx.dir/submodules/pcsx_rearmed/plugins/dfsound/registers.c.o
  [31/65] Building C object CMakeFiles/retropack-runtime-pcsx.dir/submodules/pcsx_rearmed/libpcsxcore/psxbios.c.o
  [32/65] Building C object CMakeFiles/retropack-runtime-pcsx.dir/submodules/pcsx_rearmed/plugins/dfsound/nullsnd.c.o
  [33/65] Building C object CMakeFiles/retropack-runtime-pcsx.dir/submodules/pcsx_rearmed/plugins/gpulib/vout_pl.c.o
  [34/65] Building C object CMakeFiles/retropack-runtime-pcsx.dir/submodules/pcsx_rearmed/plugins/gpulib/prim.c.o
  [35/65] Building C object CMakeFiles/retropack-runtime-pcsx.dir/submodules/pcsx_rearmed/plugins/gpulib/gpu.c.o
  [36/65] Building C object CMakeFiles/retropack-runtime-pcsx.dir/submodules/pcsx_rearmed/plugins/dfxvideo/draw.c.o
  FAILED: CMakeFiles/retropack-runtime-pcsx.dir/submodules/pcsx_rearmed/plugins/dfxvideo/draw.c.o 
  /usr/local/lib/android/sdk/ndk/27.0.12077973/toolchains/llvm/prebuilt/linux-x86_64/bin/clang --target=aarch64-none-linux-android26 --sysroot=/usr/local/lib/android/sdk/ndk/27.0.12077973/toolchains/llvm/prebuilt/linux-x86_64/sysroot -DDISABLE_MEM_LUTS=0 -DDRC_DISABLE=1 -DGPU_PEOPS=1 -DHAVE_PCSX_CORE=1 -DNO_DYLIB=1 -DNO_FRONTEND=1 -DP_HAVE_MMAP=0 -DP_HAVE_POSIX_MEMALIGN=0 -DUSE_LIBRETRO_VFS=1 -D__LIBRETRO__=1 -Dretropack_runtime_pcsx_EXPORTS -I/home/runner/work/retro-manager/retro-manager/runtime/retropack-runtime-pcsx/src/main/cpp -I/home/runner/work/retro-manager/retro-manager/runtime/retropack-runtime-pcsx/submodules/pcsx_rearmed -I/home/runner/work/retro-manager/retro-manager/runtime/retropack-runtime-pcsx/submodules/pcsx_rearmed/include -I/home/runner/work/retro-manager/retro-manager/runtime/retropack-runtime-pcsx/submodules/pcsx_rearmed/libpcsxcore -I/home/runner/work/retro-manager/retro-manager/runtime/retropack-runtime-pcsx/submodules/pcsx_rearmed/frontend -I/home/runner/work/retro-manager/retro-manager/runtime/retropack-runtime-pcsx/submodules/pcsx_rearmed/plugins -I/home/runner/work/retro-manager/retro-manager/runtime/retropack-runtime-pcsx/submodules/pcsx_rearmed/plugins/gpulib -I/home/runner/work/retro-manager/retro-manager/runtime/retropack-runtime-pcsx/submodules/pcsx_rearmed/plugins/dfxvideo -I/home/runner/work/retro-manager/retro-manager/runtime/retropack-runtime-pcsx/submodules/pcsx_rearmed/plugins/dfsound -I/home/runner/work/retro-manager/retro-manager/runtime/retropack-runtime-pcsx/submodules/pcsx_rearmed/deps/libretro-common/include -I/home/runner/work/retro-manager/retro-manager/runtime/retropack-runtime-common/src/main/cpp -g -DANDROID -fdata-sections -ffunction-sections -funwind-tables -fstack-protector-strong -no-canonical-prefixes -D_FORTIFY_SOURCE=2 -Wformat -Werror=format-security  -fno-limit-debug-info  -fPIC -std=gnu11 -MD -MT CMakeFiles/retropack-runtime-pcsx.dir/submodules/pcsx_rearmed/plugins/dfxvideo/draw.c.o -MF CMakeFiles/retropack-runtime-pcsx.dir/submodules/pcsx_rearmed/plugins/dfxvideo/draw.c.o.d -o CMakeFiles/retropack-runtime-pcsx.dir/submodules/pcsx_rearmed/plugins/dfxvideo/draw.c.o -c /home/runner/work/retro-manager/retro-manager/runtime/retropack-runtime-pcsx/submodules/pcsx_rearmed/plugins/dfxvideo/draw.c
  /home/runner/work/retro-manager/retro-manager/runtime/retropack-runtime-pcsx/submodules/pcsx_rearmed/plugins/dfxvideo/draw.c:20:10: fatal error: 'X11/Xlib.h' file not found
     20 | #include <X11/Xlib.h>
        |          ^~~~~~~~~~~~
  1 error generated.
  [37/65] Building C object CMakeFiles/retropack-runtime-pcsx.dir/submodules/pcsx_rearmed/plugins/dfxvideo/fps.c.o
  FAILED: CMakeFiles/retropack-runtime-pcsx.dir/submodules/pcsx_rearmed/plugins/dfxvideo/fps.c.o 
  /usr/local/lib/android/sdk/ndk/27.0.12077973/toolchains/llvm/prebuilt/linux-x86_64/bin/clang --target=aarch64-none-linux-android26 --sysroot=/usr/local/lib/android/sdk/ndk/27.0.12077973/toolchains/llvm/prebuilt/linux-x86_64/sysroot -DDISABLE_MEM_LUTS=0 -DDRC_DISABLE=1 -DGPU_PEOPS=1 -DHAVE_PCSX_CORE=1 -DNO_DYLIB=1 -DNO_FRONTEND=1 -DP_HAVE_MMAP=0 -DP_HAVE_POSIX_MEMALIGN=0 -DUSE_LIBRETRO_VFS=1 -D__LIBRETRO__=1 -Dretropack_runtime_pcsx_EXPORTS -I/home/runner/work/retro-manager/retro-manager/runtime/retropack-runtime-pcsx/src/main/cpp -I/home/runner/work/retro-manager/retro-manager/runtime/retropack-runtime-pcsx/submodules/pcsx_rearmed -I/home/runner/work/retro-manager/retro-manager/runtime/retropack-runtime-pcsx/submodules/pcsx_rearmed/include -I/home/runner/work/retro-manager/retro-manager/runtime/retropack-runtime-pcsx/submodules/pcsx_rearmed/libpcsxcore -I/home/runner/work/retro-manager/retro-manager/runtime/retropack-runtime-pcsx/submodules/pcsx_rearmed/frontend -I/home/runner/work/retro-manager/retro-manager/runtime/retropack-runtime-pcsx/submodules/pcsx_rearmed/plugins -I/home/runner/work/retro-manager/retro-manager/runtime/retropack-runtime-pcsx/submodules/pcsx_rearmed/plugins/gpulib -I/home/runner/work/retro-manager/retro-manager/runtime/retropack-runtime-pcsx/submodules/pcsx_rearmed/plugins/dfxvideo -I/home/runner/work/retro-manager/retro-manager/runtime/retropack-runtime-pcsx/submodules/pcsx_rearmed/plugins/dfsound -I/home/runner/work/retro-manager/retro-manager/runtime/retropack-runtime-pcsx/submodules/pcsx_rearmed/deps/libretro-common/include -I/home/runner/work/retro-manager/retro-manager/runtime/retropack-runtime-common/src/main/cpp -g -DANDROID -fdata-sections -ffunction-sections -funwind-tables -fstack-protector-strong -no-canonical-prefixes -D_FORTIFY_SOURCE=2 -Wformat -Werror=format-security  -fno-limit-debug-info  -fPIC -std=gnu11 -MD -MT CMakeFiles/retropack-runtime-pcsx.dir/submodules/pcsx_rearmed/plugins/dfxvideo/fps.c.o -MF CMakeFiles/retropack-runtime-pcsx.dir/submodules/pcsx_rearmed/plugins/dfxvideo/fps.c.o.d -o CMakeFiles/retropack-runtime-pcsx.dir/submodules/pcsx_rearmed/plugins/dfxvideo/fps.c.o -c /home/runner/work/retro-manager/retro-manager/runtime/retropack-runtime-pcsx/submodules/pcsx_rearmed/plugins/dfxvideo/fps.c
  /home/runner/work/retro-manager/retro-manager/runtime/retropack-runtime-pcsx/submodules/pcsx_rearmed/plugins/dfxvideo/fps.c:20:1: error: unknown type name 'DWORD'
     20 | DWORD          dwFrameRateTicks=16;
        | ^
  /home/runner/work/retro-manager/retro-manager/runtime/retropack-runtime-pcsx/submodules/pcsx_rearmed/plugins/dfxvideo/fps.c:27:1: error: unknown type name 'BOOL'
     27 | BOOL   bInitCap = TRUE;
        | ^
  /home/runner/work/retro-manager/retro-manager/runtime/retropack-runtime-pcsx/submodules/pcsx_rearmed/plugins/dfxvideo/fps.c:27:19: error: use of undeclared identifier 'TRUE'
     27 | BOOL   bInitCap = TRUE;
        |                   ^
  /home/runner/work/retro-manager/retro-manager/runtime/retropack-runtime-pcsx/submodules/pcsx_rearmed/plugins/dfxvideo/fps.c:42:9: error: use of undeclared identifier 'dwActFixes'
     42 |    if(!(dwActFixes&0x80))                              // not old skipping mode?
        |         ^
  /home/runner/work/retro-manager/retro-manager/runtime/retropack-runtime-pcsx/submodules/pcsx_rearmed/plugins/dfxvideo/fps.c:44:6: error: use of undeclared identifier 'dwLaceCnt'
     44 |      dwLaceCnt++;                                      // -> store cnt of vsync between frames
        |      ^
  /home/runner/work/retro-manager/retro-manager/runtime/retropack-runtime-pcsx/submodules/pcsx_rearmed/plugins/dfxvideo/fps.c:45:9: error: use of undeclared identifier 'dwLaceCnt'
     45 |      if(dwLaceCnt>=MAXLACE && UseFrameLimit)           // -> if there are many laces without screen toggling,
        |         ^
  /home/runner/work/retro-manager/retro-manager/runtime/retropack-runtime-pcsx/submodules/pcsx_rearmed/plugins/dfxvideo/fps.c:47:11: error: use of undeclared identifier 'dwLaceCnt'
     47 |        if(dwLaceCnt==MAXLACE) bInitCap=TRUE;
        |           ^
  /home/runner/work/retro-manager/retro-manager/runtime/retropack-runtime-pcsx/submodules/pcsx_rearmed/plugins/dfxvideo/fps.c:47:40: error: use of undeclared identifier 'TRUE'
     47 |        if(dwLaceCnt==MAXLACE) bInitCap=TRUE;
        |                                        ^
  /home/runner/work/retro-manager/retro-manager/runtime/retropack-runtime-pcsx/submodules/pcsx_rearmed/plugins/dfxvideo/fps.c:63:17: error: variable has incomplete type 'struct timeval'
     63 |  struct timeval tv;
        |                 ^
  /home/runner/work/retro-manager/retro-manager/runtime/retropack-runtime-pcsx/submodules/pcsx_rearmed/plugins/dfxvideo/fps.c:63:9: note: forward declaration of 'struct timeval'
     63 |  struct timeval tv;
        |         ^
  /home/runner/work/retro-manager/retro-manager/runtime/retropack-runtime-pcsx/submodules/pcsx_rearmed/plugins/dfxvideo/fps.c:64:2: error: call to undeclared function 'gettimeofday'; ISO C99 and later do not support implicit function declarations [-Wimplicit-function-declaration]
     64 |  gettimeofday(&tv, 0);                                 // well, maybe there are better ways
        |  ^
  /home/runner/work/retro-manager/retro-manager/runtime/retropack-runtime-pcsx/submodules/pcsx_rearmed/plugins/dfxvideo/fps.c:73:2: error: use of undeclared identifier 'BOOL'
     73 |  BOOL Waiting = TRUE;
        |  ^
  /home/runner/work/retro-manager/retro-manager/runtime/retropack-runtime-pcsx/submodules/pcsx_rearmed/plugins/dfxvideo/fps.c:91:13: error: use of undeclared identifier 'Waiting'
     91 |      while (Waiting)
        |             ^
  /home/runner/work/retro-manager/retro-manager/runtime/retropack-runtime-pcsx/submodules/pcsx_rearmed/plugins/dfxvideo/fps.c:99:10: error: use of undeclared identifier 'Waiting'
     99 |          Waiting = FALSE;
        |          ^
  /home/runner/work/retro-manager/retro-manager/runtime/retropack-runtime-pcsx/submodules/pcsx_rearmed/plugins/dfxvideo/fps.c:99:20: error: use of undeclared identifier 'FALSE'
     99 |          Waiting = FALSE;
        |                    ^
  /home/runner/work/retro-manager/retro-manager/runtime/retropack-runtime-pcsx/submodules/pcsx_rearmed/plugins/dfxvideo/fps.c:105:28: error: use of undeclared identifier 'dwActFixes'
    105 |         if (tickstogo >= 200 && !(dwActFixes&16))
        |                                   ^
  /home/runner/work/retro-manager/retro-manager/runtime/retropack-runtime-pcsx/submodules/pcsx_rearmed/plugins/dfxvideo/fps.c:106:3: error: call to undeclared function 'usleep'; ISO C99 and later do not support implicit function declarations [-Wimplicit-function-declaration]
    106 |                 usleep(tickstogo*10 - 200);
        |                 ^
  /home/runner/work/retro-manager/retro-manager/runtime/retropack-runtime-pcsx/submodules/pcsx_rearmed/plugins/dfxvideo/fps.c:115:9: error: unknown type name 'DWORD'
    115 |  static DWORD dwLastLace=0;                            // helper var for frame limitation
        |         ^
  /home/runner/work/retro-manager/retro-manager/runtime/retropack-runtime-pcsx/submodules/pcsx_rearmed/plugins/dfxvideo/fps.c:116:9: error: unknown type name 'DWORD'
    116 |  static DWORD curticks, lastticks, _ticks_since_last_update;
        |         ^
  /home/runner/work/retro-manager/retro-manager/runtime/retropack-runtime-pcsx/submodules/pcsx_rearmed/plugins/dfxvideo/fps.c:120:6: error: use of undeclared identifier 'dwLaceCnt'
    120 |  if(!dwLaceCnt) return;                                // important: if no updatelace happened, we ignore it completely
        |      ^
  fatal error: too many errors emitted, stopping now [-ferror-limit=]
  20 errors generated.
  [38/65] Building C object CMakeFiles/retropack-runtime-pcsx.dir/submodules/pcsx_rearmed/plugins/dfsound/spu.c.o
  [39/65] Building C object CMakeFiles/retropack-runtime-pcsx.dir/submodules/pcsx_rearmed/libpcsxcore/gte_nf.c.o
  [40/65] Building C object CMakeFiles/retropack-runtime-pcsx.dir/submodules/pcsx_rearmed/libpcsxcore/gte.c.o
  [41/65] Building C object CMakeFiles/retropack-runtime-pcsx.dir/submodules/pcsx_rearmed/plugins/dfxvideo/gpulib_if.c.o
  ninja: build stopped: subcommand failed.
  
  C++ build system [build] failed while executing:
      /usr/local/lib/android/sdk/cmake/3.22.1/bin/ninja \
        -C \
        /home/runner/work/retro-manager/retro-manager/runtime/retropack-runtime-pcsx/.cxx/Debug/3uf4qy72/arm64-v8a \
        retropack-runtime-pcsx
    from /home/runner/work/retro-manager/retro-manager/runtime/retropack-runtime-pcsx

* Try:
> Run with --info or --debug option to get more log output.
> Run with --scan to get full insights from a Build Scan (powered by Develocity).
> Get more help at https://help.gradle.org.

* Exception is:
org.gradle.api.tasks.TaskExecutionException: Execution failed for task ':runtime:retropack-runtime-pcsx:buildCMakeDebug[arm64-v8a]' (registered by plugin 'com.android.internal.library').
	at org.gradle.api.internal.tasks.execution.ExecuteActionsTaskExecuter.lambda$executeIfValid$1(ExecuteActionsTaskExecuter.java:135)
	at org.gradle.internal.Try$Failure.ifSuccessfulOrElse(Try.java:288)
	at org.gradle.api.internal.tasks.execution.ExecuteActionsTaskExecuter.executeIfValid(ExecuteActionsTaskExecuter.java:133)
	at org.gradle.api.internal.tasks.execution.ExecuteActionsTaskExecuter.execute(ExecuteActionsTaskExecuter.java:121)
	at org.gradle.api.internal.tasks.execution.ProblemsTaskPathTrackingTaskExecuter.execute(ProblemsTaskPathTrackingTaskExecuter.java:41)
	at org.gradle.api.internal.tasks.execution.ResolveTaskExecutionModeExecuter.execute(ResolveTaskExecutionModeExecuter.java:51)
	at org.gradle.api.internal.tasks.execution.FinalizePropertiesTaskExecuter.execute(FinalizePropertiesTaskExecuter.java:46)
	at org.gradle.api.internal.tasks.execution.SkipTaskWithNoActionsExecuter.execute(SkipTaskWithNoActionsExecuter.java:57)
	at org.gradle.api.internal.tasks.execution.SkipOnlyIfTaskExecuter.execute(SkipOnlyIfTaskExecuter.java:74)
	at org.gradle.api.internal.tasks.execution.CatchExceptionTaskExecuter.execute(CatchExceptionTaskExecuter.java:36)
	at org.gradle.api.internal.tasks.execution.EventFiringTaskExecuter$1.executeTask(EventFiringTaskExecuter.java:77)
	at org.gradle.api.internal.tasks.execution.EventFiringTaskExecuter$1.call(EventFiringTaskExecuter.java:55)
	at org.gradle.api.internal.tasks.execution.EventFiringTaskExecuter$1.call(EventFiringTaskExecuter.java:52)
	at org.gradle.internal.operations.DefaultBuildOperationRunner$CallableBuildOperationWorker.execute(DefaultBuildOperationRunner.java:210)
	at org.gradle.internal.operations.DefaultBuildOperationRunner$CallableBuildOperationWorker.execute(DefaultBuildOperationRunner.java:205)
	at org.gradle.internal.operations.DefaultBuildOperationRunner$2.execute(DefaultBuildOperationRunner.java:67)
	at org.gradle.internal.operations.DefaultBuildOperationRunner$2.execute(DefaultBuildOperationRunner.java:60)
	at org.gradle.internal.operations.DefaultBuildOperationRunner.execute(DefaultBuildOperationRunner.java:167)
	at org.gradle.internal.operations.DefaultBuildOperationRunner.execute(DefaultBuildOperationRunner.java:60)
	at org.gradle.internal.operations.DefaultBuildOperationRunner.call(DefaultBuildOperationRunner.java:54)
	at org.gradle.api.internal.tasks.execution.EventFiringTaskExecuter.execute(EventFiringTaskExecuter.java:52)
	at org.gradle.execution.plan.DefaultNodeExecutor.executeLocalTaskNode(DefaultNodeExecutor.java:55)
	at org.gradle.execution.plan.DefaultNodeExecutor.execute(DefaultNodeExecutor.java:34)
	at org.gradle.execution.taskgraph.DefaultTaskExecutionGraph$InvokeNodeExecutorsAction.execute(DefaultTaskExecutionGraph.java:355)
	at org.gradle.execution.taskgraph.DefaultTaskExecutionGraph$InvokeNodeExecutorsAction.execute(DefaultTaskExecutionGraph.java:343)
	at org.gradle.execution.taskgraph.DefaultTaskExecutionGraph$BuildOperationAwareExecutionAction.lambda$execute$0(DefaultTaskExecutionGraph.java:339)
	at org.gradle.internal.operations.CurrentBuildOperationRef.with(CurrentBuildOperationRef.java:84)
	at org.gradle.execution.taskgraph.DefaultTaskExecutionGraph$BuildOperationAwareExecutionAction.execute(DefaultTaskExecutionGraph.java:339)
	at org.gradle.execution.taskgraph.DefaultTaskExecutionGraph$BuildOperationAwareExecutionAction.execute(DefaultTaskExecutionGraph.java:328)
	at org.gradle.execution.plan.DefaultPlanExecutor$ExecutorWorker.execute(DefaultPlanExecutor.java:459)
	at org.gradle.execution.plan.DefaultPlanExecutor$ExecutorWorker.run(DefaultPlanExecutor.java:376)
	at org.gradle.internal.concurrent.ExecutorPolicy$CatchAndRecordFailures.onExecute(ExecutorPolicy.java:64)
	at org.gradle.internal.concurrent.AbstractManagedExecutor$1.run(AbstractManagedExecutor.java:47)
Caused by: org.gradle.internal.UncheckedException: com.android.ide.common.process.ProcessException: ninja: Entering directory `/home/runner/work/retro-manager/retro-manager/runtime/retropack-runtime-pcsx/.cxx/Debug/3uf4qy72/arm64-v8a'
[1/65] Building C object CMakeFiles/retropack-runtime-pcsx.dir/submodules/pcsx_rearmed/libpcsxcore/cdrom-async.c.o
[2/65] Building C object CMakeFiles/retropack-runtime-pcsx.dir/home/runner/work/retro-manager/retro-manager/runtime/retropack-runtime-common/src/main/cpp/ringbuffer.c.o
[3/65] Building C object CMakeFiles/retropack-runtime-pcsx.dir/submodules/pcsx_rearmed/libpcsxcore/cheat.c.o
[4/65] Building C object CMakeFiles/retropack-runtime-pcsx.dir/submodules/pcsx_rearmed/libpcsxcore/database.c.o
[5/65] Building C object CMakeFiles/retropack-runtime-pcsx.dir/submodules/pcsx_rearmed/libpcsxcore/cdrom.c.o
[6/65] Building C object CMakeFiles/retropack-runtime-pcsx.dir/submodules/pcsx_rearmed/libpcsxcore/decode_xa.c.o
[7/65] Building C object CMakeFiles/retropack-runtime-pcsx.dir/submodules/pcsx_rearmed/libpcsxcore/mdec.c.o
[8/65] Building C object CMakeFiles/retropack-runtime-pcsx.dir/submodules/pcsx_rearmed/libpcsxcore/cdriso.c.o
[9/65] Building C object CMakeFiles/retropack-runtime-pcsx.dir/submodules/pcsx_rearmed/libpcsxcore/plugins.c.o
[10/65] Building C object CMakeFiles/retropack-runtime-pcsx.dir/submodules/pcsx_rearmed/libpcsxcore/ppf.c.o
[11/65] Building C object CMakeFiles/retropack-runtime-pcsx.dir/submodules/pcsx_rearmed/libpcsxcore/psxcommon.c.o
[12/65] Building C object CMakeFiles/retropack-runtime-pcsx.dir/submodules/pcsx_rearmed/libpcsxcore/psxcounters.c.o
[13/65] Building C object CMakeFiles/retropack-runtime-pcsx.dir/submodules/pcsx_rearmed/libpcsxcore/misc.c.o
[14/65] Building C object CMakeFiles/retropack-runtime-pcsx.dir/submodules/pcsx_rearmed/libpcsxcore/psxdma.c.o
[15/65] Building CXX object CMakeFiles/retropack-runtime-pcsx.dir/home/runner/work/retro-manager/retro-manager/runtime/retropack-runtime-common/src/main/cpp/retropack-libretro-bridge.cpp.o
[16/65] Building C object CMakeFiles/retropack-runtime-pcsx.dir/submodules/pcsx_rearmed/libpcsxcore/psxhw.c.o
[17/65] Building C object CMakeFiles/retropack-runtime-pcsx.dir/submodules/pcsx_rearmed/libpcsxcore/r3000a.c.o
[18/65] Building C object CMakeFiles/retropack-runtime-pcsx.dir/submodules/pcsx_rearmed/libpcsxcore/psxevents.c.o
[19/65] Building C object CMakeFiles/retropack-runtime-pcsx.dir/submodules/pcsx_rearmed/libpcsxcore/sio.c.o
[20/65] Building C object CMakeFiles/retropack-runtime-pcsx.dir/submodules/pcsx_rearmed/libpcsxcore/spu.c.o
[21/65] Building C object CMakeFiles/retropack-runtime-pcsx.dir/submodules/pcsx_rearmed/libpcsxcore/gpu.c.o
[22/65] Building C object CMakeFiles/retropack-runtime-pcsx.dir/submodules/pcsx_rearmed/libpcsxcore/psxmem.c.o
[23/65] Building C object CMakeFiles/retropack-runtime-pcsx.dir/submodules/pcsx_rearmed/libpcsxcore/psxinterpreter.c.o
[24/65] Building C object CMakeFiles/retropack-runtime-pcsx.dir/submodules/pcsx_rearmed/libpcsxcore/gte_divider.c.o
[25/65] Building C object CMakeFiles/retropack-runtime-pcsx.dir/submodules/pcsx_rearmed/libpcsxcore/new_dynarec/emu_if.c.o
[26/65] Building C object CMakeFiles/retropack-runtime-pcsx.dir/submodules/pcsx_rearmed/libpcsxcore/pad.c.o
[27/65] Building C object CMakeFiles/retropack-runtime-pcsx.dir/submodules/pcsx_rearmed/plugins/dfsound/freeze.c.o
[28/65] Building C object CMakeFiles/retropack-runtime-pcsx.dir/submodules/pcsx_rearmed/plugins/dfsound/dma.c.o
[29/65] Building C object CMakeFiles/retropack-runtime-pcsx.dir/submodules/pcsx_rearmed/plugins/dfsound/out.c.o
[30/65] Building C object CMakeFiles/retropack-runtime-pcsx.dir/submodules/pcsx_rearmed/plugins/dfsound/registers.c.o
[31/65] Building C object CMakeFiles/retropack-runtime-pcsx.dir/submodules/pcsx_rearmed/libpcsxcore/psxbios.c.o
[32/65] Building C object CMakeFiles/retropack-runtime-pcsx.dir/submodules/pcsx_rearmed/plugins/dfsound/nullsnd.c.o
[33/65] Building C object CMakeFiles/retropack-runtime-pcsx.dir/submodules/pcsx_rearmed/plugins/gpulib/vout_pl.c.o
[34/65] Building C object CMakeFiles/retropack-runtime-pcsx.dir/submodules/pcsx_rearmed/plugins/gpulib/prim.c.o
[35/65] Building C object CMakeFiles/retropack-runtime-pcsx.dir/submodules/pcsx_rearmed/plugins/gpulib/gpu.c.o
[36/65] Building C object CMakeFiles/retropack-runtime-pcsx.dir/submodules/pcsx_rearmed/plugins/dfxvideo/draw.c.o
FAILED: CMakeFiles/retropack-runtime-pcsx.dir/submodules/pcsx_rearmed/plugins/dfxvideo/draw.c.o 
/usr/local/lib/android/sdk/ndk/27.0.12077973/toolchains/llvm/prebuilt/linux-x86_64/bin/clang --target=aarch64-none-linux-android26 --sysroot=/usr/local/lib/android/sdk/ndk/27.0.12077973/toolchains/llvm/prebuilt/linux-x86_64/sysroot -DDISABLE_MEM_LUTS=0 -DDRC_DISABLE=1 -DGPU_PEOPS=1 -DHAVE_PCSX_CORE=1 -DNO_DYLIB=1 -DNO_FRONTEND=1 -DP_HAVE_MMAP=0 -DP_HAVE_POSIX_MEMALIGN=0 -DUSE_LIBRETRO_VFS=1 -D__LIBRETRO__=1 -Dretropack_runtime_pcsx_EXPORTS -I/home/runner/work/retro-manager/retro-manager/runtime/retropack-runtime-pcsx/src/main/cpp -I/home/runner/work/retro-manager/retro-manager/runtime/retropack-runtime-pcsx/submodules/pcsx_rearmed -I/home/runner/work/retro-manager/retro-manager/runtime/retropack-runtime-pcsx/submodules/pcsx_rearmed/include -I/home/runner/work/retro-manager/retro-manager/runtime/retropack-runtime-pcsx/submodules/pcsx_rearmed/libpcsxcore -I/home/runner/work/retro-manager/retro-manager/runtime/retropack-runtime-pcsx/submodules/pcsx_rearmed/frontend -I/home/runner/work/retro-manager/retro-manager/runtime/retropack-runtime-pcsx/submodules/pcsx_rearmed/plugins -I/home/runner/work/retro-manager/retro-manager/runtime/retropack-runtime-pcsx/submodules/pcsx_rearmed/plugins/gpulib -I/home/runner/work/retro-manager/retro-manager/runtime/retropack-runtime-pcsx/submodules/pcsx_rearmed/plugins/dfxvideo -I/home/runner/work/retro-manager/retro-manager/runtime/retropack-runtime-pcsx/submodules/pcsx_rearmed/plugins/dfsound -I/home/runner/work/retro-manager/retro-manager/runtime/retropack-runtime-pcsx/submodules/pcsx_rearmed/deps/libretro-common/include -I/home/runner/work/retro-manager/retro-manager/runtime/retropack-runtime-common/src/main/cpp -g -DANDROID -fdata-sections -ffunction-sections -funwind-tables -fstack-protector-strong -no-canonical-prefixes -D_FORTIFY_SOURCE=2 -Wformat -Werror=format-security  -fno-limit-debug-info  -fPIC -std=gnu11 -MD -MT CMakeFiles/retropack-runtime-pcsx.dir/submodules/pcsx_rearmed/plugins/dfxvideo/draw.c.o -MF CMakeFiles/retropack-runtime-pcsx.dir/submodules/pcsx_rearmed/plugins/dfxvideo/draw.c.o.d -o CMakeFiles/retropack-runtime-pcsx.dir/submodules/pcsx_rearmed/plugins/dfxvideo/draw.c.o -c /home/runner/work/retro-manager/retro-manager/runtime/retropack-runtime-pcsx/submodules/pcsx_rearmed/plugins/dfxvideo/draw.c
/home/runner/work/retro-manager/retro-manager/runtime/retropack-runtime-pcsx/submodules/pcsx_rearmed/plugins/dfxvideo/draw.c:20:10: fatal error: 'X11/Xlib.h' file not found
   20 | #include <X11/Xlib.h>
      |          ^~~~~~~~~~~~
1 error generated.
[37/65] Building C object CMakeFiles/retropack-runtime-pcsx.dir/submodules/pcsx_rearmed/plugins/dfxvideo/fps.c.o
FAILED: CMakeFiles/retropack-runtime-pcsx.dir/submodules/pcsx_rearmed/plugins/dfxvideo/fps.c.o 
/usr/local/lib/android/sdk/ndk/27.0.12077973/toolchains/llvm/prebuilt/linux-x86_64/bin/clang --target=aarch64-none-linux-android26 --sysroot=/usr/local/lib/android/sdk/ndk/27.0.12077973/toolchains/llvm/prebuilt/linux-x86_64/sysroot -DDISABLE_MEM_LUTS=0 -DDRC_DISABLE=1 -DGPU_PEOPS=1 -DHAVE_PCSX_CORE=1 -DNO_DYLIB=1 -DNO_FRONTEND=1 -DP_HAVE_MMAP=0 -DP_HAVE_POSIX_MEMALIGN=0 -DUSE_LIBRETRO_VFS=1 -D__LIBRETRO__=1 -Dretropack_runtime_pcsx_EXPORTS -I/home/runner/work/retro-manager/retro-manager/runtime/retropack-runtime-pcsx/src/main/cpp -I/home/runner/work/retro-manager/retro-manager/runtime/retropack-runtime-pcsx/submodules/pcsx_rearmed -I/home/runner/work/retro-manager/retro-manager/runtime/retropack-runtime-pcsx/submodules/pcsx_rearmed/include -I/home/runner/work/retro-manager/retro-manager/runtime/retropack-runtime-pcsx/submodules/pcsx_rearmed/libpcsxcore -I/home/runner/work/retro-manager/retro-manager/runtime/retropack-runtime-pcsx/submodules/pcsx_rearmed/frontend -I/home/runner/work/retro-manager/retro-manager/runtime/retropack-runtime-pcsx/submodules/pcsx_rearmed/plugins -I/home/runner/work/retro-manager/retro-manager/runtime/retropack-runtime-pcsx/submodules/pcsx_rearmed/plugins/gpulib -I/home/runner/work/retro-manager/retro-manager/runtime/retropack-runtime-pcsx/submodules/pcsx_rearmed/plugins/dfxvideo -I/home/runner/work/retro-manager/retro-manager/runtime/retropack-runtime-pcsx/submodules/pcsx_rearmed/plugins/dfsound -I/home/runner/work/retro-manager/retro-manager/runtime/retropack-runtime-pcsx/submodules/pcsx_rearmed/deps/libretro-common/include -I/home/runner/work/retro-manager/retro-manager/runtime/retropack-runtime-common/src/main/cpp -g -DANDROID -fdata-sections -ffunction-sections -funwind-tables -fstack-protector-strong -no-canonical-prefixes -D_FORTIFY_SOURCE=2 -Wformat -Werror=format-security  -fno-limit-debug-info  -fPIC -std=gnu11 -MD -MT CMakeFiles/retropack-runtime-pcsx.dir/submodules/pcsx_rearmed/plugins/dfxvideo/fps.c.o -MF CMakeFiles/retropack-runtime-pcsx.dir/submodules/pcsx_rearmed/plugins/dfxvideo/fps.c.o.d -o CMakeFiles/retropack-runtime-pcsx.dir/submodules/pcsx_rearmed/plugins/dfxvideo/fps.c.o -c /home/runner/work/retro-manager/retro-manager/runtime/retropack-runtime-pcsx/submodules/pcsx_rearmed/plugins/dfxvideo/fps.c
/home/runner/work/retro-manager/retro-manager/runtime/retropack-runtime-pcsx/submodules/pcsx_rearmed/plugins/dfxvideo/fps.c:20:1: error: unknown type name 'DWORD'
   20 | DWORD          dwFrameRateTicks=16;
      | ^
/home/runner/work/retro-manager/retro-manager/runtime/retropack-runtime-pcsx/submodules/pcsx_rearmed/plugins/dfxvideo/fps.c:27:1: error: unknown type name 'BOOL'
   27 | BOOL   bInitCap = TRUE;
      | ^
/home/runner/work/retro-manager/retro-manager/runtime/retropack-runtime-pcsx/submodules/pcsx_rearmed/plugins/dfxvideo/fps.c:27:19: error: use of undeclared identifier 'TRUE'
   27 | BOOL   bInitCap = TRUE;
      |                   ^
/home/runner/work/retro-manager/retro-manager/runtime/retropack-runtime-pcsx/submodules/pcsx_rearmed/plugins/dfxvideo/fps.c:42:9: error: use of undeclared identifier 'dwActFixes'
   42 |    if(!(dwActFixes&0x80))                              // not old skipping mode?
      |         ^
/home/runner/work/retro-manager/retro-manager/runtime/retropack-runtime-pcsx/submodules/pcsx_rearmed/plugins/dfxvideo/fps.c:44:6: error: use of undeclared identifier 'dwLaceCnt'
   44 |      dwLaceCnt++;                                      // -> store cnt of vsync between frames
      |      ^
/home/runner/work/retro-manager/retro-manager/runtime/retropack-runtime-pcsx/submodules/pcsx_rearmed/plugins/dfxvideo/fps.c:45:9: error: use of undeclared identifier 'dwLaceCnt'
   45 |      if(dwLaceCnt>=MAXLACE && UseFrameLimit)           // -> if there are many laces without screen toggling,
      |         ^
/home/runner/work/retro-manager/retro-manager/runtime/retropack-runtime-pcsx/submodules/pcsx_rearmed/plugins/dfxvideo/fps.c:47:11: error: use of undeclared identifier 'dwLaceCnt'
   47 |        if(dwLaceCnt==MAXLACE) bInitCap=TRUE;
      |           ^
/home/runner/work/retro-manager/retro-manager/runtime/retropack-runtime-pcsx/submodules/pcsx_rearmed/plugins/dfxvideo/fps.c:47:40: error: use of undeclared identifier 'TRUE'
   47 |        if(dwLaceCnt==MAXLACE) bInitCap=TRUE;
      |                                        ^
/home/runner/work/retro-manager/retro-manager/runtime/retropack-runtime-pcsx/submodules/pcsx_rearmed/plugins/dfxvideo/fps.c:63:17: error: variable has incomplete type 'struct timeval'
   63 |  struct timeval tv;
      |                 ^
/home/runner/work/retro-manager/retro-manager/runtime/retropack-runtime-pcsx/submodules/pcsx_rearmed/plugins/dfxvideo/fps.c:63:9: note: forward declaration of 'struct timeval'
   63 |  struct timeval tv;
      |         ^
/home/runner/work/retro-manager/retro-manager/runtime/retropack-runtime-pcsx/submodules/pcsx_rearmed/plugins/dfxvideo/fps.c:64:2: error: call to undeclared function 'gettimeofday'; ISO C99 and later do not support implicit function declarations [-Wimplicit-function-declaration]
   64 |  gettimeofday(&tv, 0);                                 // well, maybe there are better ways
      |  ^
/home/runner/work/retro-manager/retro-manager/runtime/retropack-runtime-pcsx/submodules/pcsx_rearmed/plugins/dfxvideo/fps.c:73:2: error: use of undeclared identifier 'BOOL'
   73 |  BOOL Waiting = TRUE;
      |  ^
/home/runner/work/retro-manager/retro-manager/runtime/retropack-runtime-pcsx/submodules/pcsx_rearmed/plugins/dfxvideo/fps.c:91:13: error: use of undeclared identifier 'Waiting'
   91 |      while (Waiting)
      |             ^
/home/runner/work/retro-manager/retro-manager/runtime/retropack-runtime-pcsx/submodules/pcsx_rearmed/plugins/dfxvideo/fps.c:99:10: error: use of undeclared identifier 'Waiting'
   99 |          Waiting = FALSE;
      |          ^
/home/runner/work/retro-manager/retro-manager/runtime/retropack-runtime-pcsx/submodules/pcsx_rearmed/plugins/dfxvideo/fps.c:99:20: error: use of undeclared identifier 'FALSE'
   99 |          Waiting = FALSE;
      |                    ^
/home/runner/work/retro-manager/retro-manager/runtime/retropack-runtime-pcsx/submodules/pcsx_rearmed/plugins/dfxvideo/fps.c:105:28: error: use of undeclared identifier 'dwActFixes'
  105 |         if (tickstogo >= 200 && !(dwActFixes&16))
      |                                   ^
/home/runner/work/retro-manager/retro-manager/runtime/retropack-runtime-pcsx/submodules/pcsx_rearmed/plugins/dfxvideo/fps.c:106:3: error: call to undeclared function 'usleep'; ISO C99 and later do not support implicit function declarations [-Wimplicit-function-declaration]
  106 |                 usleep(tickstogo*10 - 200);
      |                 ^
/home/runner/work/retro-manager/retro-manager/runtime/retropack-runtime-pcsx/submodules/pcsx_rearmed/plugins/dfxvideo/fps.c:115:9: error: unknown type name 'DWORD'
  115 |  static DWORD dwLastLace=0;                            // helper var for frame limitation
      |         ^
/home/runner/work/retro-manager/retro-manager/runtime/retropack-runtime-pcsx/submodules/pcsx_rearmed/plugins/dfxvideo/fps.c:116:9: error: unknown type name 'DWORD'
  116 |  static DWORD curticks, lastticks, _ticks_since_last_update;
      |         ^
/home/runner/work/retro-manager/retro-manager/runtime/retropack-runtime-pcsx/submodules/pcsx_rearmed/plugins/dfxvideo/fps.c:120:6: error: use of undeclared identifier 'dwLaceCnt'
  120 |  if(!dwLaceCnt) return;                                // important: if no updatelace happened, we ignore it completely
      |      ^
fatal error: too many errors emitted, stopping now [-ferror-limit=]
20 errors generated.
[38/65] Building C object CMakeFiles/retropack-runtime-pcsx.dir/submodules/pcsx_rearmed/plugins/dfsound/spu.c.o
[39/65] Building C object CMakeFiles/retropack-runtime-pcsx.dir/submodules/pcsx_rearmed/libpcsxcore/gte_nf.c.o
[40/65] Building C object CMakeFiles/retropack-runtime-pcsx.dir/submodules/pcsx_rearmed/libpcsxcore/gte.c.o
[41/65] Building C object CMakeFiles/retropack-runtime-pcsx.dir/submodules/pcsx_rearmed/plugins/dfxvideo/gpulib_if.c.o
ninja: build stopped: subcommand failed.

C++ build system [build] failed while executing:
    /usr/local/lib/android/sdk/cmake/3.22.1/bin/ninja \
      -C \
      /home/runner/work/retro-manager/retro-manager/runtime/retropack-runtime-pcsx/.cxx/Debug/3uf4qy72/arm64-v8a \
      retropack-runtime-pcsx
  from /home/runner/work/retro-manager/retro-manager/runtime/retropack-runtime-pcsx
	at org.gradle.internal.UncheckedException.throwAsUncheckedException(UncheckedException.java:69)
	at org.gradle.internal.UncheckedException.throwAsUncheckedException(UncheckedException.java:42)
	at org.gradle.internal.reflect.JavaMethod.invoke(JavaMethod.java:129)
	at org.gradle.api.internal.project.taskfactory.StandardTaskAction.doExecute(StandardTaskAction.java:58)
	at org.gradle.api.internal.project.taskfactory.StandardTaskAction.execute(StandardTaskAction.java:51)
	at org.gradle.api.internal.project.taskfactory.StandardTaskAction.execute(StandardTaskAction.java:29)
	at org.gradle.api.internal.tasks.execution.TaskExecution$3.run(TaskExecution.java:259)
	at org.gradle.internal.operations.DefaultBuildOperationRunner$1.execute(DefaultBuildOperationRunner.java:30)
	at org.gradle.internal.operations.DefaultBuildOperationRunner$1.execute(DefaultBuildOperationRunner.java:27)
	at org.gradle.internal.operations.DefaultBuildOperationRunner$2.execute(DefaultBuildOperationRunner.java:67)
	at org.gradle.internal.operations.DefaultBuildOperationRunner$2.execute(DefaultBuildOperationRunner.java:60)
	at org.gradle.internal.operations.DefaultBuildOperationRunner.execute(DefaultBuildOperationRunner.java:167)
	at org.gradle.internal.operations.DefaultBuildOperationRunner.execute(DefaultBuildOperationRunner.java:60)
	at org.gradle.internal.operations.DefaultBuildOperationRunner.run(DefaultBuildOperationRunner.java:48)
	at org.gradle.api.internal.tasks.execution.TaskExecution.executeAction(TaskExecution.java:244)
	at org.gradle.api.internal.tasks.execution.TaskExecution.executeActions(TaskExecution.java:227)
	at org.gradle.api.internal.tasks.execution.TaskExecution.executeWithPreviousOutputFiles(TaskExecution.java:210)
	at org.gradle.api.internal.tasks.execution.TaskExecution.execute(TaskExecution.java:176)
	at org.gradle.internal.execution.steps.ExecuteStep.executeInternal(ExecuteStep.java:167)
	at org.gradle.internal.execution.steps.ExecuteStep.access$000(ExecuteStep.java:47)
	at org.gradle.internal.execution.steps.ExecuteStep$1.call(ExecuteStep.java:137)
	at org.gradle.internal.execution.steps.ExecuteStep$1.call(ExecuteStep.java:134)
	at org.gradle.internal.operations.DefaultBuildOperationRunner$CallableBuildOperationWorker.execute(DefaultBuildOperationRunner.java:210)
	at org.gradle.internal.operations.DefaultBuildOperationRunner$CallableBuildOperationWorker.execute(DefaultBuildOperationRunner.java:205)
	at org.gradle.internal.operations.DefaultBuildOperationRunner$2.execute(DefaultBuildOperationRunner.java:67)
	at org.gradle.internal.operations.DefaultBuildOperationRunner$2.execute(DefaultBuildOperationRunner.java:60)
	at org.gradle.internal.operations.DefaultBuildOperationRunner.execute(DefaultBuildOperationRunner.java:167)
	at org.gradle.internal.operations.DefaultBuildOperationRunner.execute(DefaultBuildOperationRunner.java:60)
	at org.gradle.internal.operations.DefaultBuildOperationRunner.call(DefaultBuildOperationRunner.java:54)
	at org.gradle.internal.execution.steps.ExecuteStep.execute(ExecuteStep.java:134)
	at org.gradle.internal.execution.steps.ExecuteStep$Mutable.execute(ExecuteStep.java:80)
	at org.gradle.internal.execution.steps.CancelExecutionStep.execute(CancelExecutionStep.java:42)
	at org.gradle.internal.execution.steps.TimeoutStep.executeWithoutTimeout(TimeoutStep.java:75)
	at org.gradle.internal.execution.steps.TimeoutStep.execute(TimeoutStep.java:55)
	at org.gradle.internal.execution.steps.PreCreateOutputParentsStep.execute(PreCreateOutputParentsStep.java:51)
	at org.gradle.internal.execution.steps.PreCreateOutputParentsStep.execute(PreCreateOutputParentsStep.java:29)
	at org.gradle.internal.execution.steps.RemovePreviousOutputsStep.executeMutable(RemovePreviousOutputsStep.java:67)
	at org.gradle.internal.execution.steps.RemovePreviousOutputsStep.executeMutable(RemovePreviousOutputsStep.java:39)
	at org.gradle.internal.execution.steps.MutableStep.execute(MutableStep.java:26)
	at org.gradle.internal.execution.steps.BroadcastChangingOutputsStep.execute(BroadcastChangingOutputsStep.java:42)
	at org.gradle.internal.execution.steps.BroadcastChangingOutputsStep.execute(BroadcastChangingOutputsStep.java:24)
	at org.gradle.internal.execution.steps.CaptureOutputsAfterExecutionStep.execute(CaptureOutputsAfterExecutionStep.java:69)
	at org.gradle.internal.execution.steps.CaptureOutputsAfterExecutionStep.execute(CaptureOutputsAfterExecutionStep.java:46)
	at org.gradle.internal.execution.steps.ResolveInputChangesStep.executeMutable(ResolveInputChangesStep.java:39)
	at org.gradle.internal.execution.steps.ResolveInputChangesStep.executeMutable(ResolveInputChangesStep.java:28)
	at org.gradle.internal.execution.steps.MutableStep.execute(MutableStep.java:26)
	at org.gradle.internal.execution.steps.BuildCacheStep.executeWithoutCache(BuildCacheStep.java:189)
	at org.gradle.internal.execution.steps.BuildCacheStep.lambda$execute$1(BuildCacheStep.java:76)
	at org.gradle.internal.Either$Right.fold(Either.java:176)
	at org.gradle.internal.execution.caching.CachingState.fold(CachingState.java:62)
	at org.gradle.internal.execution.steps.BuildCacheStep.execute(BuildCacheStep.java:74)
	at org.gradle.internal.execution.steps.BuildCacheStep.execute(BuildCacheStep.java:49)
	at org.gradle.internal.execution.steps.StoreExecutionStateStep.executeMutable(StoreExecutionStateStep.java:46)
	at org.gradle.internal.execution.steps.StoreExecutionStateStep.executeMutable(StoreExecutionStateStep.java:35)
	at org.gradle.internal.execution.steps.MutableStep.execute(MutableStep.java:26)
	at org.gradle.internal.execution.steps.SkipUpToDateStep.executeBecause(SkipUpToDateStep.java:75)
	at org.gradle.internal.execution.steps.SkipUpToDateStep.lambda$execute$2(SkipUpToDateStep.java:53)
	at org.gradle.internal.execution.steps.SkipUpToDateStep.execute(SkipUpToDateStep.java:53)
	at org.gradle.internal.execution.steps.SkipUpToDateStep.execute(SkipUpToDateStep.java:35)
	at org.gradle.internal.execution.steps.legacy.MarkSnapshottingInputsFinishedStep.execute(MarkSnapshottingInputsFinishedStep.java:37)
	at org.gradle.internal.execution.steps.legacy.MarkSnapshottingInputsFinishedStep.execute(MarkSnapshottingInputsFinishedStep.java:27)
	at org.gradle.internal.execution.steps.ResolveMutableCachingStateStep.executeDelegate(ResolveMutableCachingStateStep.java:70)
	at org.gradle.internal.execution.steps.ResolveMutableCachingStateStep.executeDelegate(ResolveMutableCachingStateStep.java:32)
	at org.gradle.internal.execution.steps.AbstractResolveCachingStateStep.execute(AbstractResolveCachingStateStep.java:69)
	at org.gradle.internal.execution.steps.AbstractResolveCachingStateStep.execute(AbstractResolveCachingStateStep.java:37)
	at org.gradle.internal.execution.steps.ResolveChangesStep.executeMutable(ResolveChangesStep.java:63)
	at org.gradle.internal.execution.steps.ResolveChangesStep.executeMutable(ResolveChangesStep.java:34)
	at org.gradle.internal.execution.steps.MutableStep.execute(MutableStep.java:26)
	at org.gradle.internal.execution.steps.ValidateStep$Mutable.executeDelegate(ValidateStep.java:79)
	at org.gradle.internal.execution.steps.ValidateStep$Mutable.executeDelegate(ValidateStep.java:65)
	at org.gradle.internal.execution.steps.ValidateStep.execute(ValidateStep.java:99)
	at org.gradle.internal.execution.steps.ValidateStep$Mutable.execute(ValidateStep.java:65)
	at org.gradle.internal.execution.steps.CaptureMutableStateBeforeExecutionStep.executeMutable(CaptureMutableStateBeforeExecutionStep.java:86)
	at org.gradle.internal.execution.steps.CaptureMutableStateBeforeExecutionStep.execute(CaptureMutableStateBeforeExecutionStep.java:65)
	at org.gradle.internal.execution.steps.CaptureMutableStateBeforeExecutionStep.execute(CaptureMutableStateBeforeExecutionStep.java:45)
	at org.gradle.internal.execution.steps.SkipEmptyMutableWorkStep.executeWithNonEmptySources(SkipEmptyMutableWorkStep.java:210)
	at org.gradle.internal.execution.steps.SkipEmptyMutableWorkStep.executeMutable(SkipEmptyMutableWorkStep.java:85)
	at org.gradle.internal.execution.steps.SkipEmptyMutableWorkStep.executeMutable(SkipEmptyMutableWorkStep.java:53)
	at org.gradle.internal.execution.steps.MutableStep.execute(MutableStep.java:26)
	at org.gradle.internal.execution.steps.legacy.MarkSnapshottingInputsStartedStep.execute(MarkSnapshottingInputsStartedStep.java:38)
	at org.gradle.internal.execution.steps.LoadPreviousExecutionStateStep.executeMutable(LoadPreviousExecutionStateStep.java:36)
	at org.gradle.internal.execution.steps.LoadPreviousExecutionStateStep.executeMutable(LoadPreviousExecutionStateStep.java:23)
	at org.gradle.internal.execution.steps.MutableStep.execute(MutableStep.java:26)
	at org.gradle.internal.execution.steps.HandleStaleOutputsStep.executeMutable(HandleStaleOutputsStep.java:77)
	at org.gradle.internal.execution.steps.HandleStaleOutputsStep.executeMutable(HandleStaleOutputsStep.java:43)
	at org.gradle.internal.execution.steps.MutableStep.execute(MutableStep.java:26)
	at org.gradle.internal.execution.steps.AssignMutableWorkspaceStep.lambda$executeMutable$0(AssignMutableWorkspaceStep.java:34)
	at org.gradle.api.internal.tasks.execution.TaskExecution$4.withWorkspace(TaskExecution.java:305)
	at org.gradle.internal.execution.steps.AssignMutableWorkspaceStep.executeMutable(AssignMutableWorkspaceStep.java:30)
	at org.gradle.internal.execution.steps.AssignMutableWorkspaceStep.executeMutable(AssignMutableWorkspaceStep.java:21)
	at org.gradle.internal.execution.steps.MutableStep.execute(MutableStep.java:26)
	at org.gradle.internal.execution.steps.ChoosePipelineStep.execute(ChoosePipelineStep.java:40)
	at org.gradle.internal.execution.steps.ChoosePipelineStep.execute(ChoosePipelineStep.java:23)
	at org.gradle.internal.execution.steps.ExecuteWorkBuildOperationFiringStep.lambda$execute$2(ExecuteWorkBuildOperationFiringStep.java:67)
	at org.gradle.internal.execution.steps.ExecuteWorkBuildOperationFiringStep.execute(ExecuteWorkBuildOperationFiringStep.java:67)
	at org.gradle.internal.execution.steps.ExecuteWorkBuildOperationFiringStep.execute(ExecuteWorkBuildOperationFiringStep.java:39)
	at org.gradle.internal.execution.steps.IdentityCacheStep.execute(IdentityCacheStep.java:46)
	at org.gradle.internal.execution.steps.IdentityCacheStep.execute(IdentityCacheStep.java:34)
	at org.gradle.internal.execution.steps.IdentifyStep.execute(IdentifyStep.java:56)
	at org.gradle.internal.execution.steps.IdentifyStep.execute(IdentifyStep.java:38)
	at org.gradle.internal.execution.impl.DefaultExecutionEngine$1.execute(DefaultExecutionEngine.java:68)
	at org.gradle.api.internal.tasks.execution.ExecuteActionsTaskExecuter.executeIfValid(ExecuteActionsTaskExecuter.java:132)
	... 30 more
Caused by: com.android.ide.common.process.ProcessException: ninja: Entering directory `/home/runner/work/retro-manager/retro-manager/runtime/retropack-runtime-pcsx/.cxx/Debug/3uf4qy72/arm64-v8a'
[1/65] Building C object CMakeFiles/retropack-runtime-pcsx.dir/submodules/pcsx_rearmed/libpcsxcore/cdrom-async.c.o
[2/65] Building C object CMakeFiles/retropack-runtime-pcsx.dir/home/runner/work/retro-manager/retro-manager/runtime/retropack-runtime-common/src/main/cpp/ringbuffer.c.o
[3/65] Building C object CMakeFiles/retropack-runtime-pcsx.dir/submodules/pcsx_rearmed/libpcsxcore/cheat.c.o
[4/65] Building C object CMakeFiles/retropack-runtime-pcsx.dir/submodules/pcsx_rearmed/libpcsxcore/database.c.o
[5/65] Building C object CMakeFiles/retropack-runtime-pcsx.dir/submodules/pcsx_rearmed/libpcsxcore/cdrom.c.o
[6/65] Building C object CMakeFiles/retropack-runtime-pcsx.dir/submodules/pcsx_rearmed/libpcsxcore/decode_xa.c.o
[7/65] Building C object CMakeFiles/retropack-runtime-pcsx.dir/submodules/pcsx_rearmed/libpcsxcore/mdec.c.o
[8/65] Building C object CMakeFiles/retropack-runtime-pcsx.dir/submodules/pcsx_rearmed/libpcsxcore/cdriso.c.o
[9/65] Building C object CMakeFiles/retropack-runtime-pcsx.dir/submodules/pcsx_rearmed/libpcsxcore/plugins.c.o
[10/65] Building C object CMakeFiles/retropack-runtime-pcsx.dir/submodules/pcsx_rearmed/libpcsxcore/ppf.c.o
[11/65] Building C object CMakeFiles/retropack-runtime-pcsx.dir/submodules/pcsx_rearmed/libpcsxcore/psxcommon.c.o
[12/65] Building C object CMakeFiles/retropack-runtime-pcsx.dir/submodules/pcsx_rearmed/libpcsxcore/psxcounters.c.o
[13/65] Building C object CMakeFiles/retropack-runtime-pcsx.dir/submodules/pcsx_rearmed/libpcsxcore/misc.c.o
[14/65] Building C object CMakeFiles/retropack-runtime-pcsx.dir/submodules/pcsx_rearmed/libpcsxcore/psxdma.c.o
[15/65] Building CXX object CMakeFiles/retropack-runtime-pcsx.dir/home/runner/work/retro-manager/retro-manager/runtime/retropack-runtime-common/src/main/cpp/retropack-libretro-bridge.cpp.o
[16/65] Building C object CMakeFiles/retropack-runtime-pcsx.dir/submodules/pcsx_rearmed/libpcsxcore/psxhw.c.o
[17/65] Building C object CMakeFiles/retropack-runtime-pcsx.dir/submodules/pcsx_rearmed/libpcsxcore/r3000a.c.o
[18/65] Building C object CMakeFiles/retropack-runtime-pcsx.dir/submodules/pcsx_rearmed/libpcsxcore/psxevents.c.o
[19/65] Building C object CMakeFiles/retropack-runtime-pcsx.dir/submodules/pcsx_rearmed/libpcsxcore/sio.c.o
[20/65] Building C object CMakeFiles/retropack-runtime-pcsx.dir/submodules/pcsx_rearmed/libpcsxcore/spu.c.o
[21/65] Building C object CMakeFiles/retropack-runtime-pcsx.dir/submodules/pcsx_rearmed/libpcsxcore/gpu.c.o
[22/65] Building C object CMakeFiles/retropack-runtime-pcsx.dir/submodules/pcsx_rearmed/libpcsxcore/psxmem.c.o
[23/65] Building C object CMakeFiles/retropack-runtime-pcsx.dir/submodules/pcsx_rearmed/libpcsxcore/psxinterpreter.c.o
[24/65] Building C object CMakeFiles/retropack-runtime-pcsx.dir/submodules/pcsx_rearmed/libpcsxcore/gte_divider.c.o
[25/65] Building C object CMakeFiles/retropack-runtime-pcsx.dir/submodules/pcsx_rearmed/libpcsxcore/new_dynarec/emu_if.c.o
[26/65] Building C object CMakeFiles/retropack-runtime-pcsx.dir/submodules/pcsx_rearmed/libpcsxcore/pad.c.o
[27/65] Building C object CMakeFiles/retropack-runtime-pcsx.dir/submodules/pcsx_rearmed/plugins/dfsound/freeze.c.o
[28/65] Building C object CMakeFiles/retropack-runtime-pcsx.dir/submodules/pcsx_rearmed/plugins/dfsound/dma.c.o
[29/65] Building C object CMakeFiles/retropack-runtime-pcsx.dir/submodules/pcsx_rearmed/plugins/dfsound/out.c.o
[30/65] Building C object CMakeFiles/retropack-runtime-pcsx.dir/submodules/pcsx_rearmed/plugins/dfsound/registers.c.o
[31/65] Building C object CMakeFiles/retropack-runtime-pcsx.dir/submodules/pcsx_rearmed/libpcsxcore/psxbios.c.o
[32/65] Building C object CMakeFiles/retropack-runtime-pcsx.dir/submodules/pcsx_rearmed/plugins/dfsound/nullsnd.c.o
[33/65] Building C object CMakeFiles/retropack-runtime-pcsx.dir/submodules/pcsx_rearmed/plugins/gpulib/vout_pl.c.o
[34/65] Building C object CMakeFiles/retropack-runtime-pcsx.dir/submodules/pcsx_rearmed/plugins/gpulib/prim.c.o
[35/65] Building C object CMakeFiles/retropack-runtime-pcsx.dir/submodules/pcsx_rearmed/plugins/gpulib/gpu.c.o
[36/65] Building C object CMakeFiles/retropack-runtime-pcsx.dir/submodules/pcsx_rearmed/plugins/dfxvideo/draw.c.o
FAILED: CMakeFiles/retropack-runtime-pcsx.dir/submodules/pcsx_rearmed/plugins/dfxvideo/draw.c.o 
/usr/local/lib/android/sdk/ndk/27.0.12077973/toolchains/llvm/prebuilt/linux-x86_64/bin/clang --target=aarch64-none-linux-android26 --sysroot=/usr/local/lib/android/sdk/ndk/27.0.12077973/toolchains/llvm/prebuilt/linux-x86_64/sysroot -DDISABLE_MEM_LUTS=0 -DDRC_DISABLE=1 -DGPU_PEOPS=1 -DHAVE_PCSX_CORE=1 -DNO_DYLIB=1 -DNO_FRONTEND=1 -DP_HAVE_MMAP=0 -DP_HAVE_POSIX_MEMALIGN=0 -DUSE_LIBRETRO_VFS=1 -D__LIBRETRO__=1 -Dretropack_runtime_pcsx_EXPORTS -I/home/runner/work/retro-manager/retro-manager/runtime/retropack-runtime-pcsx/src/main/cpp -I/home/runner/work/retro-manager/retro-manager/runtime/retropack-runtime-pcsx/submodules/pcsx_rearmed -I/home/runner/work/retro-manager/retro-manager/runtime/retropack-runtime-pcsx/submodules/pcsx_rearmed/include -I/home/runner/work/retro-manager/retro-manager/runtime/retropack-runtime-pcsx/submodules/pcsx_rearmed/libpcsxcore -I/home/runner/work/retro-manager/retro-manager/runtime/retropack-runtime-pcsx/submodules/pcsx_rearmed/frontend -I/home/runner/work/retro-manager/retro-manager/runtime/retropack-runtime-pcsx/submodules/pcsx_rearmed/plugins -I/home/runner/work/retro-manager/retro-manager/runtime/retropack-runtime-pcsx/submodules/pcsx_rearmed/plugins/gpulib -I/home/runner/work/retro-manager/retro-manager/runtime/retropack-runtime-pcsx/submodules/pcsx_rearmed/plugins/dfxvideo -I/home/runner/work/retro-manager/retro-manager/runtime/retropack-runtime-pcsx/submodules/pcsx_rearmed/plugins/dfsound -I/home/runner/work/retro-manager/retro-manager/runtime/retropack-runtime-pcsx/submodules/pcsx_rearmed/deps/libretro-common/include -I/home/runner/work/retro-manager/retro-manager/runtime/retropack-runtime-common/src/main/cpp -g -DANDROID -fdata-sections -ffunction-sections -funwind-tables -fstack-protector-strong -no-canonical-prefixes -D_FORTIFY_SOURCE=2 -Wformat -Werror=format-security  -fno-limit-debug-info  -fPIC -std=gnu11 -MD -MT CMakeFiles/retropack-runtime-pcsx.dir/submodules/pcsx_rearmed/plugins/dfxvideo/draw.c.o -MF CMakeFiles/retropack-runtime-pcsx.dir/submodules/pcsx_rearmed/plugins/dfxvideo/draw.c.o.d -o CMakeFiles/retropack-runtime-pcsx.dir/submodules/pcsx_rearmed/plugins/dfxvideo/draw.c.o -c /home/runner/work/retro-manager/retro-manager/runtime/retropack-runtime-pcsx/submodules/pcsx_rearmed/plugins/dfxvideo/draw.c
/home/runner/work/retro-manager/retro-manager/runtime/retropack-runtime-pcsx/submodules/pcsx_rearmed/plugins/dfxvideo/draw.c:20:10: fatal error: 'X11/Xlib.h' file not found
   20 | #include <X11/Xlib.h>
      |          ^~~~~~~~~~~~
1 error generated.
[37/65] Building C object CMakeFiles/retropack-runtime-pcsx.dir/submodules/pcsx_rearmed/plugins/dfxvideo/fps.c.o
FAILED: CMakeFiles/retropack-runtime-pcsx.dir/submodules/pcsx_rearmed/plugins/dfxvideo/fps.c.o 
/usr/local/lib/android/sdk/ndk/27.0.12077973/toolchains/llvm/prebuilt/linux-x86_64/bin/clang --target=aarch64-none-linux-android26 --sysroot=/usr/local/lib/android/sdk/ndk/27.0.12077973/toolchains/llvm/prebuilt/linux-x86_64/sysroot -DDISABLE_MEM_LUTS=0 -DDRC_DISABLE=1 -DGPU_PEOPS=1 -DHAVE_PCSX_CORE=1 -DNO_DYLIB=1 -DNO_FRONTEND=1 -DP_HAVE_MMAP=0 -DP_HAVE_POSIX_MEMALIGN=0 -DUSE_LIBRETRO_VFS=1 -D__LIBRETRO__=1 -Dretropack_runtime_pcsx_EXPORTS -I/home/runner/work/retro-manager/retro-manager/runtime/retropack-runtime-pcsx/src/main/cpp -I/home/runner/work/retro-manager/retro-manager/runtime/retropack-runtime-pcsx/submodules/pcsx_rearmed -I/home/runner/work/retro-manager/retro-manager/runtime/retropack-runtime-pcsx/submodules/pcsx_rearmed/include -I/home/runner/work/retro-manager/retro-manager/runtime/retropack-runtime-pcsx/submodules/pcsx_rearmed/libpcsxcore -I/home/runner/work/retro-manager/retro-manager/runtime/retropack-runtime-pcsx/submodules/pcsx_rearmed/frontend -I/home/runner/work/retro-manager/retro-manager/runtime/retropack-runtime-pcsx/submodules/pcsx_rearmed/plugins -I/home/runner/work/retro-manager/retro-manager/runtime/retropack-runtime-pcsx/submodules/pcsx_rearmed/plugins/gpulib -I/home/runner/work/retro-manager/retro-manager/runtime/retropack-runtime-pcsx/submodules/pcsx_rearmed/plugins/dfxvideo -I/home/runner/work/retro-manager/retro-manager/runtime/retropack-runtime-pcsx/submodules/pcsx_rearmed/plugins/dfsound -I/home/runner/work/retro-manager/retro-manager/runtime/retropack-runtime-pcsx/submodules/pcsx_rearmed/deps/libretro-common/include -I/home/runner/work/retro-manager/retro-manager/runtime/retropack-runtime-common/src/main/cpp -g -DANDROID -fdata-sections -ffunction-sections -funwind-tables -fstack-protector-strong -no-canonical-prefixes -D_FORTIFY_SOURCE=2 -Wformat -Werror=format-security  -fno-limit-debug-info  -fPIC -std=gnu11 -MD -MT CMakeFiles/retropack-runtime-pcsx.dir/submodules/pcsx_rearmed/plugins/dfxvideo/fps.c.o -MF CMakeFiles/retropack-runtime-pcsx.dir/submodules/pcsx_rearmed/plugins/dfxvideo/fps.c.o.d -o CMakeFiles/retropack-runtime-pcsx.dir/submodules/pcsx_rearmed/plugins/dfxvideo/fps.c.o -c /home/runner/work/retro-manager/retro-manager/runtime/retropack-runtime-pcsx/submodules/pcsx_rearmed/plugins/dfxvideo/fps.c
/home/runner/work/retro-manager/retro-manager/runtime/retropack-runtime-pcsx/submodules/pcsx_rearmed/plugins/dfxvideo/fps.c:20:1: error: unknown type name 'DWORD'
   20 | DWORD          dwFrameRateTicks=16;
      | ^
/home/runner/work/retro-manager/retro-manager/runtime/retropack-runtime-pcsx/submodules/pcsx_rearmed/plugins/dfxvideo/fps.c:27:1: error: unknown type name 'BOOL'
   27 | BOOL   bInitCap = TRUE;
      | ^
/home/runner/work/retro-manager/retro-manager/runtime/retropack-runtime-pcsx/submodules/pcsx_rearmed/plugins/dfxvideo/fps.c:27:19: error: use of undeclared identifier 'TRUE'
   27 | BOOL   bInitCap = TRUE;
      |                   ^
/home/runner/work/retro-manager/retro-manager/runtime/retropack-runtime-pcsx/submodules/pcsx_rearmed/plugins/dfxvideo/fps.c:42:9: error: use of undeclared identifier 'dwActFixes'
   42 |    if(!(dwActFixes&0x80))                              // not old skipping mode?
      |         ^
/home/runner/work/retro-manager/retro-manager/runtime/retropack-runtime-pcsx/submodules/pcsx_rearmed/plugins/dfxvideo/fps.c:44:6: error: use of undeclared identifier 'dwLaceCnt'
   44 |      dwLaceCnt++;                                      // -> store cnt of vsync between frames
      |      ^
/home/runner/work/retro-manager/retro-manager/runtime/retropack-runtime-pcsx/submodules/pcsx_rearmed/plugins/dfxvideo/fps.c:45:9: error: use of undeclared identifier 'dwLaceCnt'
   45 |      if(dwLaceCnt>=MAXLACE && UseFrameLimit)           // -> if there are many laces without screen toggling,
      |         ^
/home/runner/work/retro-manager/retro-manager/runtime/retropack-runtime-pcsx/submodules/pcsx_rearmed/plugins/dfxvideo/fps.c:47:11: error: use of undeclared identifier 'dwLaceCnt'
   47 |        if(dwLaceCnt==MAXLACE) bInitCap=TRUE;
      |           ^
/home/runner/work/retro-manager/retro-manager/runtime/retropack-runtime-pcsx/submodules/pcsx_rearmed/plugins/dfxvideo/fps.c:47:40: error: use of undeclared identifier 'TRUE'
   47 |        if(dwLaceCnt==MAXLACE) bInitCap=TRUE;
      |                                        ^
/home/runner/work/retro-manager/retro-manager/runtime/retropack-runtime-pcsx/submodules/pcsx_rearmed/plugins/dfxvideo/fps.c:63:17: error: variable has incomplete type 'struct timeval'
   63 |  struct timeval tv;
      |                 ^
/home/runner/work/retro-manager/retro-manager/runtime/retropack-runtime-pcsx/submodules/pcsx_rearmed/plugins/dfxvideo/fps.c:63:9: note: forward declaration of 'struct timeval'
   63 |  struct timeval tv;
      |         ^
/home/runner/work/retro-manager/retro-manager/runtime/retropack-runtime-pcsx/submodules/pcsx_rearmed/plugins/dfxvideo/fps.c:64:2: error: call to undeclared function 'gettimeofday'; ISO C99 and later do not support implicit function declarations [-Wimplicit-function-declaration]
   64 |  gettimeofday(&tv, 0);                                 // well, maybe there are better ways
      |  ^
/home/runner/work/retro-manager/retro-manager/runtime/retropack-runtime-pcsx/submodules/pcsx_rearmed/plugins/dfxvideo/fps.c:73:2: error: use of undeclared identifier 'BOOL'
   73 |  BOOL Waiting = TRUE;
      |  ^
/home/runner/work/retro-manager/retro-manager/runtime/retropack-runtime-pcsx/submodules/pcsx_rearmed/plugins/dfxvideo/fps.c:91:13: error: use of undeclared identifier 'Waiting'
   91 |      while (Waiting)
      |             ^
/home/runner/work/retro-manager/retro-manager/runtime/retropack-runtime-pcsx/submodules/pcsx_rearmed/plugins/dfxvideo/fps.c:99:10: error: use of undeclared identifier 'Waiting'
   99 |          Waiting = FALSE;
      |          ^
/home/runner/work/retro-manager/retro-manager/runtime/retropack-runtime-pcsx/submodules/pcsx_rearmed/plugins/dfxvideo/fps.c:99:20: error: use of undeclared identifier 'FALSE'
   99 |          Waiting = FALSE;
      |                    ^
/home/runner/work/retro-manager/retro-manager/runtime/retropack-runtime-pcsx/submodules/pcsx_rearmed/plugins/dfxvideo/fps.c:105:28: error: use of undeclared identifier 'dwActFixes'
  105 |         if (tickstogo >= 200 && !(dwActFixes&16))
      |                                   ^
/home/runner/work/retro-manager/retro-manager/runtime/retropack-runtime-pcsx/submodules/pcsx_rearmed/plugins/dfxvideo/fps.c:106:3: error: call to undeclared function 'usleep'; ISO C99 and later do not support implicit function declarations [-Wimplicit-function-declaration]
  106 |                 usleep(tickstogo*10 - 200);
      |                 ^
/home/runner/work/retro-manager/retro-manager/runtime/retropack-runtime-pcsx/submodules/pcsx_rearmed/plugins/dfxvideo/fps.c:115:9: error: unknown type name 'DWORD'
  115 |  static DWORD dwLastLace=0;                            // helper var for frame limitation
      |         ^
/home/runner/work/retro-manager/retro-manager/runtime/retropack-runtime-pcsx/submodules/pcsx_rearmed/plugins/dfxvideo/fps.c:116:9: error: unknown type name 'DWORD'
  116 |  static DWORD curticks, lastticks, _ticks_since_last_update;
      |         ^
/home/runner/work/retro-manager/retro-manager/runtime/retropack-runtime-pcsx/submodules/pcsx_rearmed/plugins/dfxvideo/fps.c:120:6: error: use of undeclared identifier 'dwLaceCnt'
  120 |  if(!dwLaceCnt) return;                                // important: if no updatelace happened, we ignore it completely
      |      ^
fatal error: too many errors emitted, stopping now [-ferror-limit=]
20 errors generated.
[38/65] Building C object CMakeFiles/retropack-runtime-pcsx.dir/submodules/pcsx_rearmed/plugins/dfsound/spu.c.o
[39/65] Building C object CMakeFiles/retropack-runtime-pcsx.dir/submodules/pcsx_rearmed/libpcsxcore/gte_nf.c.o
[40/65] Building C object CMakeFiles/retropack-runtime-pcsx.dir/submodules/pcsx_rearmed/libpcsxcore/gte.c.o
[41/65] Building C object CMakeFiles/retropack-runtime-pcsx.dir/submodules/pcsx_rearmed/plugins/dfxvideo/gpulib_if.c.o
ninja: build stopped: subcommand failed.

C++ build system [build] failed while executing:
    /usr/local/lib/android/sdk/cmake/3.22.1/bin/ninja \
      -C \
      /home/runner/work/retro-manager/retro-manager/runtime/retropack-runtime-pcsx/.cxx/Debug/3uf4qy72/arm64-v8a \
      retropack-runtime-pcsx
  from /home/runner/work/retro-manager/retro-manager/runtime/retropack-runtime-pcsx
	at com.android.build.gradle.internal.cxx.process.ExecuteProcessKt.execute(ExecuteProcess.kt:288)
	at com.android.build.gradle.internal.cxx.process.ExecuteProcessKt$executeProcess$1.invoke(ExecuteProcess.kt:108)
	at com.android.build.gradle.internal.cxx.process.ExecuteProcessKt$executeProcess$1.invoke(ExecuteProcess.kt:106)
	at com.android.build.gradle.internal.cxx.timing.TimingEnvironmentKt.time(TimingEnvironment.kt:32)
	at com.android.build.gradle.internal.cxx.process.ExecuteProcessKt.executeProcess(ExecuteProcess.kt:106)
	at com.android.build.gradle.internal.cxx.process.ExecuteProcessKt.executeProcess$default(ExecuteProcess.kt:85)
	at com.android.build.gradle.internal.cxx.build.CxxRegularBuilder.executeProcessBatch(CxxRegularBuilder.kt:332)
	at com.android.build.gradle.internal.cxx.build.CxxRegularBuilder.build(CxxRegularBuilder.kt:129)
	at com.android.build.gradle.tasks.ExternalNativeBuildTask.doTaskAction(ExternalNativeBuildTask.kt:72)
	at com.android.build.gradle.internal.tasks.UnsafeOutputsTask$taskAction$$inlined$recordTaskAction$1.invoke(BaseTask.kt:78)
	at com.android.build.gradle.internal.tasks.Blocks.recordSpan(Blocks.java:51)
	at com.android.build.gradle.internal.tasks.UnsafeOutputsTask.taskAction(UnsafeOutputsTask.kt:81)
	at org.gradle.internal.reflect.JavaMethod.invoke(JavaMethod.java:125)
	... 129 more
Caused by: com.android.ide.common.process.ProcessException: Error while executing process /usr/local/lib/android/sdk/cmake/3.22.1/bin/ninja with arguments {-C /home/runner/work/retro-manager/retro-manager/runtime/retropack-runtime-pcsx/.cxx/Debug/3uf4qy72/arm64-v8a retropack-runtime-pcsx}
	at com.android.build.gradle.internal.process.GradleProcessResult.buildProcessException(GradleProcessResult.java:73)
	at com.android.build.gradle.internal.process.GradleProcessResult.assertNormalExitValue(GradleProcessResult.java:48)
	at com.android.build.gradle.internal.cxx.process.ExecuteProcessKt.execute(ExecuteProcess.kt:277)
	... 141 more
Caused by: org.gradle.process.ProcessExecutionException: Process 'command '/usr/local/lib/android/sdk/cmake/3.22.1/bin/ninja'' finished with non-zero exit value 1
	at org.gradle.process.internal.DefaultExecHandle$ExecResultImpl.assertNormalExitValue(DefaultExecHandle.java:459)
	at com.android.build.gradle.internal.process.GradleProcessResult.assertNormalExitValue(GradleProcessResult.java:46)
	... 142 more


Deprecated Gradle features were used in this build, making it incompatible with Gradle 10.

You can use '--warning-mode all' to show the individual deprecation warnings and determine if they come from your own scripts or plugins.

For more on this, please refer to https://docs.gradle.org/9.5.1/userguide/command_line_interface.html#sec:command_line_warnings in the Gradle documentation.

BUILD FAILED in 3s
2 actionable tasks: 2 executed
