> Task :runtime:retropack-runtime-melonds:preBuild UP-TO-DATE
> Task :runtime:retropack-runtime-melonds:preDebugBuild UP-TO-DATE
> Task :runtime:retropack-runtime-melonds:configureCMakeDebug[arm64-v8a]

> Task :runtime:retropack-runtime-melonds:buildCMakeDebug[arm64-v8a] FAILED
C/C++: ninja: Entering directory `/home/runner/work/retro-manager/retro-manager/runtime/retropack-runtime-melonds/.cxx/Debug/4l53r62e/arm64-v8a'
C/C++: : && /usr/local/lib/android/sdk/ndk/27.0.12077973/toolchains/llvm/prebuilt/linux-x86_64/bin/clang++ --target=aarch64-none-linux-android26 --sysroot=/usr/local/lib/android/sdk/ndk/27.0.12077973/toolchains/llvm/prebuilt/linux-x86_64/sysroot -fPIC -g -DANDROID -fdata-sections -ffunction-sections -funwind-tables -fstack-protector-strong -no-canonical-prefixes -D_FORTIFY_SOURCE=2 -Wformat -Werror=format-security   -fno-limit-debug-info  -static-libstdc++ -Wl,--build-id=sha1 -Wl,--no-rosegment -Wl,--no-undefined-version -Wl,--fatal-warnings -Wl,--no-undefined -Qunused-arguments  -Wl,-z,max-page-size=16384 -Wl,-z,common-page-size=16384   -Wl,-z,max-page-size=16384 -Wl,-z,common-page-size=16384 -shared -Wl,-soname,libretropack-runtime-melonds.so -o ../../../../build/intermediates/cxx/Debug/4l53r62e/obj/arm64-v8a/libretropack-runtime-melonds.so CMakeFiles/retropack-runtime-melonds.dir/src/main/cpp/melonds-jni.cpp.o CMakeFiles/retropack-runtime-melonds.dir/src/main/cpp/melonds_platform.cpp.o CMakeFiles/retropack-runtime-melonds.dir/src/main/cpp/ringbuffer.c.o CMakeFiles/retropack-runtime-melonds.dir/submodules/melonds/src/ARCodeFile.cpp.o CMakeFiles/retropack-runtime-melonds.dir/submodules/melonds/src/ARDatabaseDAT.cpp.o CMakeFiles/retropack-runtime-melonds.dir/submodules/melonds/src/AREngine.cpp.o CMakeFiles/retropack-runtime-melonds.dir/submodules/melonds/src/ARM.cpp.o CMakeFiles/retropack-runtime-melonds.dir/submodules/melonds/src/ARMInterpreter.cpp.o CMakeFiles/retropack-runtime-melonds.dir/submodules/melonds/src/ARMInterpreter_ALU.cpp.o CMakeFiles/retropack-runtime-melonds.dir/submodules/melonds/src/ARMInterpreter_Branch.cpp.o CMakeFiles/retropack-runtime-melonds.dir/submodules/melonds/src/ARMInterpreter_LoadStore.cpp.o CMakeFiles/retropack-runtime-melonds.dir/submodules/melonds/src/ARM_InstrInfo.cpp.o CMakeFiles/retropack-runtime-melonds.dir/submodules/melonds/src/CP15.cpp.o CMakeFiles/retropack-runtime-melonds.dir/submodules/melonds/src/CRC32.cpp.o CMakeFiles/retropack-runtime-melonds.dir/submodules/melonds/src/DMA.cpp.o CMakeFiles/retropack-runtime-melonds.dir/submodules/melonds/src/DMA_Timings.cpp.o CMakeFiles/retropack-runtime-melonds.dir/submodules/melonds/src/DSi.cpp.o CMakeFiles/retropack-runtime-melonds.dir/submodules/melonds/src/DSi_AES.cpp.o CMakeFiles/retropack-runtime-melonds.dir/submodules/melonds/src/DSi_Camera.cpp.o CMakeFiles/retropack-runtime-melonds.dir/submodules/melonds/src/DSi_DSP.cpp.o CMakeFiles/retropack-runtime-melonds.dir/submodules/melonds/src/DSi_I2C.cpp.o CMakeFiles/retropack-runtime-melonds.dir/submodules/melonds/src/DSi_I2S.cpp.o CMakeFiles/retropack-runtime-melonds.dir/submodules/melonds/src/DSi_NAND.cpp.o CMakeFiles/retropack-runtime-melonds.dir/submodules/melonds/src/DSi_NDMA.cpp.o CMakeFiles/retropack-runtime-melonds.dir/submodules/melonds/src/DSi_NWifi.cpp.o CMakeFiles/retropack-runtime-melonds.dir/submodules/melonds/src/DSi_SD.cpp.o CMakeFiles/retropack-runtime-melonds.dir/submodules/melonds/src/DSi_SPI_TSC.cpp.o CMakeFiles/retropack-runtime-melonds.dir/submodules/melonds/src/FATIO.cpp.o CMakeFiles/retropack-runtime-melonds.dir/submodules/melonds/src/FATStorage.cpp.o CMakeFiles/retropack-runtime-melonds.dir/submodules/melonds/src/FreeBIOS.cpp.o CMakeFiles/retropack-runtime-melonds.dir/submodules/melonds/src/GBACart.cpp.o CMakeFiles/retropack-runtime-melonds.dir/submodules/melonds/src/GBACartMotionPak.cpp.o CMakeFiles/retropack-runtime-melonds.dir/submodules/melonds/src/GPU.cpp.o CMakeFiles/retropack-runtime-melonds.dir/submodules/melonds/src/GPU_Soft.cpp.o CMakeFiles/retropack-runtime-melonds.dir/submodules/melonds/src/GPU2D.cpp.o CMakeFiles/retropack-runtime-melonds.dir/submodules/melonds/src/GPU2D_Soft.cpp.o CMakeFiles/retropack-runtime-melonds.dir/submodules/melonds/src/GPU3D.cpp.o CMakeFiles/retropack-runtime-melonds.dir/submodules/melonds/src/GPU3D_Soft.cpp.o CMakeFiles/retropack-runtime-melonds.dir/submodules/melonds/src/GPU3D_Texcache.cpp.o CMakeFiles/retropack-runtime-melonds.dir/submodules/melonds/src/Mic.cpp.o CMakeFiles/retropack-runtime-melonds.dir/submodules/melonds/src/NDS.cpp.o CMakeFiles/retropack-runtime-melonds.dir/submodules/melonds/src/NDSCart.cpp.o CMakeFiles/retropack-runtime-melonds.dir/submodules/melonds/src/ROMList.cpp.o CMakeFiles/retropack-runtime-melonds.dir/submodules/melonds/src/RTC.cpp.o CMakeFiles/retropack-runtime-melonds.dir/submodules/melonds/src/Savestate.cpp.o CMakeFiles/retropack-runtime-melonds.dir/submodules/melonds/src/SPI.cpp.o CMakeFiles/retropack-runtime-melonds.dir/submodules/melonds/src/SPI_Firmware.cpp.o CMakeFiles/retropack-runtime-melonds.dir/submodules/melonds/src/SPU.cpp.o CMakeFiles/retropack-runtime-melonds.dir/submodules/melonds/src/Utils.cpp.o CMakeFiles/retropack-runtime-melonds.dir/submodules/melonds/src/Wifi.cpp.o CMakeFiles/retropack-runtime-melonds.dir/submodules/melonds/src/WifiAP.cpp.o CMakeFiles/retropack-runtime-melonds.dir/submodules/melonds/src/DSP_HLE/UcodeBase.cpp.o CMakeFiles/retropack-runtime-melonds.dir/submodules/melonds/src/DSP_HLE/AACUcode.cpp.o CMakeFiles/retropack-runtime-melonds.dir/submodules/melonds/src/DSP_HLE/G711Ucode.cpp.o CMakeFiles/retropack-runtime-melonds.dir/submodules/melonds/src/DSP_HLE/GraphicsUcode.cpp.o CMakeFiles/retropack-runtime-melonds.dir/submodules/melonds/src/NDSCart/CartCommon.cpp.o CMakeFiles/retropack-runtime-melonds.dir/submodules/melonds/src/NDSCart/CartRetail.cpp.o CMakeFiles/retropack-runtime-melonds.dir/submodules/melonds/src/NDSCart/CartRetailNAND.cpp.o CMakeFiles/retropack-runtime-melonds.dir/submodules/melonds/src/NDSCart/CartRetailIR.cpp.o CMakeFiles/retropack-runtime-melonds.dir/submodules/melonds/src/NDSCart/CartRetailBT.cpp.o CMakeFiles/retropack-runtime-melonds.dir/submodules/melonds/src/NDSCart/CartSD.cpp.o CMakeFiles/retropack-runtime-melonds.dir/submodules/melonds/src/NDSCart/CartHomebrew.cpp.o CMakeFiles/retropack-runtime-melonds.dir/submodules/melonds/src/NDSCart/CartR4.cpp.o CMakeFiles/retropack-runtime-melonds.dir/submodules/melonds/src/fatfs/ff.c.o CMakeFiles/retropack-runtime-melonds.dir/submodules/melonds/src/fatfs/ffsystem.c.o CMakeFiles/retropack-runtime-melonds.dir/submodules/melonds/src/fatfs/ffunicode.c.o CMakeFiles/retropack-runtime-melonds.dir/submodules/melonds/src/sha1/sha1.c.o CMakeFiles/retropack-runtime-melonds.dir/submodules/melonds/src/tiny-AES-c/aes.c.o CMakeFiles/retropack-runtime-melonds.dir/submodules/melonds/src/xxhash/xxhash.c.o CMakeFiles/retropack-runtime-melonds.dir/submodules/melonds/src/blip-buf/blip_buf.c.o  -lGLESv3  -lGLESv2  -lEGL  -lOpenSLES  -landroid  -llog  -lm  -lz  -latomic -lm && :
C/C++: ld.lld: error: undefined symbol: Teakra::Teakra::Teakra()
C/C++: >>> referenced by DSi_DSP.cpp:275 (/home/runner/work/retro-manager/retro-manager/runtime/retropack-runtime-melonds/submodules/melonds/src/DSi_DSP.cpp:275)
C/C++: >>>               CMakeFiles/retropack-runtime-melonds.dir/submodules/melonds/src/DSi_DSP.cpp.o:(melonDS::DSi_DSP::StartDSPLLE())
C/C++: ld.lld: error: undefined symbol: Teakra::Teakra::SetRecvDataHandler(unsigned char, std::__ndk1::function<void ()>)
C/C++: >>> referenced by DSi_DSP.cpp:280 (/home/runner/work/retro-manager/retro-manager/runtime/retropack-runtime-melonds/submodules/melonds/src/DSi_DSP.cpp:280)
C/C++: >>>               CMakeFiles/retropack-runtime-melonds.dir/submodules/melonds/src/DSi_DSP.cpp.o:(melonDS::DSi_DSP::StartDSPLLE())
C/C++: >>> referenced by DSi_DSP.cpp:281 (/home/runner/work/retro-manager/retro-manager/runtime/retropack-runtime-melonds/submodules/melonds/src/DSi_DSP.cpp:281)
C/C++: >>>               CMakeFiles/retropack-runtime-melonds.dir/submodules/melonds/src/DSi_DSP.cpp.o:(melonDS::DSi_DSP::StartDSPLLE())
C/C++: >>> referenced by DSi_DSP.cpp:282 (/home/runner/work/retro-manager/retro-manager/runtime/retropack-runtime-melonds/submodules/melonds/src/DSi_DSP.cpp:282)
C/C++: >>>               CMakeFiles/retropack-runtime-melonds.dir/submodules/melonds/src/DSi_DSP.cpp.o:(melonDS::DSi_DSP::StartDSPLLE())
C/C++: ld.lld: error: undefined symbol: Teakra::Teakra::SetSemaphoreHandler(std::__ndk1::function<void ()>)
C/C++: >>> referenced by DSi_DSP.cpp:284 (/home/runner/work/retro-manager/retro-manager/runtime/retropack-runtime-melonds/submodules/melonds/src/DSi_DSP.cpp:284)
C/C++: >>>               CMakeFiles/retropack-runtime-melonds.dir/submodules/melonds/src/DSi_DSP.cpp.o:(melonDS::DSi_DSP::StartDSPLLE())
C/C++: ld.lld: error: undefined symbol: Teakra::Teakra::SetSharedMemoryCallback(Teakra::SharedMemoryCallback const&)
C/C++: >>> referenced by DSi_DSP.cpp:289 (/home/runner/work/retro-manager/retro-manager/runtime/retropack-runtime-melonds/submodules/melonds/src/DSi_DSP.cpp:289)
C/C++: >>>               CMakeFiles/retropack-runtime-melonds.dir/submodules/melonds/src/DSi_DSP.cpp.o:(melonDS::DSi_DSP::StartDSPLLE())
C/C++: ld.lld: error: undefined symbol: Teakra::Teakra::SetAHBMCallback(Teakra::AHBMCallback const&)
C/C++: >>> referenced by DSi_DSP.cpp:300 (/home/runner/work/retro-manager/retro-manager/runtime/retropack-runtime-melonds/submodules/melonds/src/DSi_DSP.cpp:300)
C/C++: >>>               CMakeFiles/retropack-runtime-melonds.dir/submodules/melonds/src/DSi_DSP.cpp.o:(melonDS::DSi_DSP::StartDSPLLE())
C/C++: ld.lld: error: undefined symbol: Teakra::Teakra::SetMicEnableCallback(std::__ndk1::function<void (bool)>)
C/C++: >>> referenced by DSi_DSP.cpp:302 (/home/runner/work/retro-manager/retro-manager/runtime/retropack-runtime-melonds/submodules/melonds/src/DSi_DSP.cpp:302)
C/C++: >>>               CMakeFiles/retropack-runtime-melonds.dir/submodules/melonds/src/DSi_DSP.cpp.o:(melonDS::DSi_DSP::StartDSPLLE())
C/C++: clang++: error: linker command failed with exit code 1 (use -v to see invocation)
C/C++: ninja: build stopped: subcommand failed.
gradle/actions: Writing build results to /home/runner/work/_temp/.gradle-actions/build-results/__run_4-1790582738532.json

[Incubating] Problems report is available at: file:///home/runner/work/retro-manager/retro-manager/build/reports/problems/problems-report.html

FAILURE: Build failed with an exception.

* What went wrong:
Execution failed for task ':runtime:retropack-runtime-melonds:buildCMakeDebug[arm64-v8a]' (registered by plugin 'com.android.internal.library').
> com.android.ide.common.process.ProcessException: ninja: Entering directory `/home/runner/work/retro-manager/retro-manager/runtime/retropack-runtime-melonds/.cxx/Debug/4l53r62e/arm64-v8a'
  [1/71] Building C object CMakeFiles/retropack-runtime-melonds.dir/src/main/cpp/ringbuffer.c.o
  [2/71] Building CXX object CMakeFiles/retropack-runtime-melonds.dir/src/main/cpp/melonds_platform.cpp.o
  [3/71] Building CXX object CMakeFiles/retropack-runtime-melonds.dir/src/main/cpp/melonds-jni.cpp.o
  [4/71] Building CXX object CMakeFiles/retropack-runtime-melonds.dir/submodules/melonds/src/AREngine.cpp.o
  [5/71] Building CXX object CMakeFiles/retropack-runtime-melonds.dir/submodules/melonds/src/ARDatabaseDAT.cpp.o
  [6/71] Building CXX object CMakeFiles/retropack-runtime-melonds.dir/submodules/melonds/src/ARCodeFile.cpp.o
  [7/71] Building CXX object CMakeFiles/retropack-runtime-melonds.dir/submodules/melonds/src/ARMInterpreter.cpp.o
  [8/71] Building CXX object CMakeFiles/retropack-runtime-melonds.dir/submodules/melonds/src/ARM.cpp.o
  [9/71] Building CXX object CMakeFiles/retropack-runtime-melonds.dir/submodules/melonds/src/ARMInterpreter_Branch.cpp.o
  [10/71] Building CXX object CMakeFiles/retropack-runtime-melonds.dir/submodules/melonds/src/CRC32.cpp.o
  [11/71] Building CXX object CMakeFiles/retropack-runtime-melonds.dir/submodules/melonds/src/ARMInterpreter_LoadStore.cpp.o
  [12/71] Building CXX object CMakeFiles/retropack-runtime-melonds.dir/submodules/melonds/src/DMA_Timings.cpp.o
  [13/71] Building CXX object CMakeFiles/retropack-runtime-melonds.dir/submodules/melonds/src/DMA.cpp.o
  [14/71] Building CXX object CMakeFiles/retropack-runtime-melonds.dir/submodules/melonds/src/CP15.cpp.o
  [15/71] Building CXX object CMakeFiles/retropack-runtime-melonds.dir/submodules/melonds/src/ARMInterpreter_ALU.cpp.o
  [16/71] Building CXX object CMakeFiles/retropack-runtime-melonds.dir/submodules/melonds/src/ARM_InstrInfo.cpp.o
  [17/71] Building CXX object CMakeFiles/retropack-runtime-melonds.dir/submodules/melonds/src/DSi.cpp.o
  [18/71] Building CXX object CMakeFiles/retropack-runtime-melonds.dir/submodules/melonds/src/DSi_AES.cpp.o
  [19/71] Building CXX object CMakeFiles/retropack-runtime-melonds.dir/submodules/melonds/src/DSi_I2C.cpp.o
  [20/71] Building CXX object CMakeFiles/retropack-runtime-melonds.dir/submodules/melonds/src/DSi_I2S.cpp.o
  [21/71] Building CXX object CMakeFiles/retropack-runtime-melonds.dir/submodules/melonds/src/DSi_Camera.cpp.o
  [22/71] Building CXX object CMakeFiles/retropack-runtime-melonds.dir/submodules/melonds/src/DSi_DSP.cpp.o
  [23/71] Building CXX object CMakeFiles/retropack-runtime-melonds.dir/submodules/melonds/src/DSi_NWifi.cpp.o
  [24/71] Building CXX object CMakeFiles/retropack-runtime-melonds.dir/submodules/melonds/src/DSi_NDMA.cpp.o
  [25/71] Building CXX object CMakeFiles/retropack-runtime-melonds.dir/submodules/melonds/src/DSi_NAND.cpp.o
  [26/71] Building CXX object CMakeFiles/retropack-runtime-melonds.dir/submodules/melonds/src/DSi_SPI_TSC.cpp.o
  [27/71] Building CXX object CMakeFiles/retropack-runtime-melonds.dir/submodules/melonds/src/DSi_SD.cpp.o
  [28/71] Building CXX object CMakeFiles/retropack-runtime-melonds.dir/submodules/melonds/src/FreeBIOS.cpp.o
  [29/71] Building CXX object CMakeFiles/retropack-runtime-melonds.dir/submodules/melonds/src/FATIO.cpp.o
  [30/71] Building CXX object CMakeFiles/retropack-runtime-melonds.dir/submodules/melonds/src/GBACart.cpp.o
  [31/71] Building CXX object CMakeFiles/retropack-runtime-melonds.dir/submodules/melonds/src/FATStorage.cpp.o
  [32/71] Building CXX object CMakeFiles/retropack-runtime-melonds.dir/submodules/melonds/src/GPU.cpp.o
  [33/71] Building CXX object CMakeFiles/retropack-runtime-melonds.dir/submodules/melonds/src/GBACartMotionPak.cpp.o
  [34/71] Building CXX object CMakeFiles/retropack-runtime-melonds.dir/submodules/melonds/src/GPU_Soft.cpp.o
  [35/71] Building CXX object CMakeFiles/retropack-runtime-melonds.dir/submodules/melonds/src/GPU2D.cpp.o
  [36/71] Building CXX object CMakeFiles/retropack-runtime-melonds.dir/submodules/melonds/src/GPU3D_Texcache.cpp.o
  [37/71] Building CXX object CMakeFiles/retropack-runtime-melonds.dir/submodules/melonds/src/GPU2D_Soft.cpp.o
  [38/71] Building CXX object CMakeFiles/retropack-runtime-melonds.dir/submodules/melonds/src/ROMList.cpp.o
  [39/71] Building CXX object CMakeFiles/retropack-runtime-melonds.dir/submodules/melonds/src/Mic.cpp.o
  [40/71] Building CXX object CMakeFiles/retropack-runtime-melonds.dir/submodules/melonds/src/GPU3D.cpp.o
  [41/71] Building CXX object CMakeFiles/retropack-runtime-melonds.dir/submodules/melonds/src/Savestate.cpp.o
  [42/71] Building CXX object CMakeFiles/retropack-runtime-melonds.dir/submodules/melonds/src/GPU3D_Soft.cpp.o
  [43/71] Building CXX object CMakeFiles/retropack-runtime-melonds.dir/submodules/melonds/src/RTC.cpp.o
  [44/71] Building CXX object CMakeFiles/retropack-runtime-melonds.dir/submodules/melonds/src/NDSCart.cpp.o
  [45/71] Building CXX object CMakeFiles/retropack-runtime-melonds.dir/submodules/melonds/src/Utils.cpp.o
  [46/71] Building CXX object CMakeFiles/retropack-runtime-melonds.dir/submodules/melonds/src/SPI_Firmware.cpp.o
  [47/71] Building CXX object CMakeFiles/retropack-runtime-melonds.dir/submodules/melonds/src/NDS.cpp.o
  [48/71] Building CXX object CMakeFiles/retropack-runtime-melonds.dir/submodules/melonds/src/SPI.cpp.o
  [49/71] Building CXX object CMakeFiles/retropack-runtime-melonds.dir/submodules/melonds/src/Wifi.cpp.o
  [50/71] Building CXX object CMakeFiles/retropack-runtime-melonds.dir/submodules/melonds/src/WifiAP.cpp.o
  [51/71] Building CXX object CMakeFiles/retropack-runtime-melonds.dir/submodules/melonds/src/DSP_HLE/AACUcode.cpp.o
  [52/71] Building CXX object CMakeFiles/retropack-runtime-melonds.dir/submodules/melonds/src/SPU.cpp.o
  [53/71] Building CXX object CMakeFiles/retropack-runtime-melonds.dir/submodules/melonds/src/DSP_HLE/UcodeBase.cpp.o
  [54/71] Building CXX object CMakeFiles/retropack-runtime-melonds.dir/submodules/melonds/src/NDSCart/CartCommon.cpp.o
  [55/71] Building CXX object CMakeFiles/retropack-runtime-melonds.dir/submodules/melonds/src/DSP_HLE/GraphicsUcode.cpp.o
  [56/71] Building CXX object CMakeFiles/retropack-runtime-melonds.dir/submodules/melonds/src/DSP_HLE/G711Ucode.cpp.o
  [57/71] Building CXX object CMakeFiles/retropack-runtime-melonds.dir/submodules/melonds/src/NDSCart/CartRetailIR.cpp.o
  [58/71] Building CXX object CMakeFiles/retropack-runtime-melonds.dir/submodules/melonds/src/NDSCart/CartRetail.cpp.o
  [59/71] Building C object CMakeFiles/retropack-runtime-melonds.dir/submodules/melonds/src/fatfs/ff.c.o
  [60/71] Building CXX object CMakeFiles/retropack-runtime-melonds.dir/submodules/melonds/src/NDSCart/CartSD.cpp.o
  [61/71] Building CXX object CMakeFiles/retropack-runtime-melonds.dir/submodules/melonds/src/NDSCart/CartRetailNAND.cpp.o
  [62/71] Building C object CMakeFiles/retropack-runtime-melonds.dir/submodules/melonds/src/fatfs/ffsystem.c.o
  [63/71] Building C object CMakeFiles/retropack-runtime-melonds.dir/submodules/melonds/src/sha1/sha1.c.o
  [64/71] Building C object CMakeFiles/retropack-runtime-melonds.dir/submodules/melonds/src/fatfs/ffunicode.c.o
  [65/71] Building C object CMakeFiles/retropack-runtime-melonds.dir/submodules/melonds/src/tiny-AES-c/aes.c.o
  [66/71] Building C object CMakeFiles/retropack-runtime-melonds.dir/submodules/melonds/src/blip-buf/blip_buf.c.o
  [67/71] Building C object CMakeFiles/retropack-runtime-melonds.dir/submodules/melonds/src/xxhash/xxhash.c.o
  [68/71] Building CXX object CMakeFiles/retropack-runtime-melonds.dir/submodules/melonds/src/NDSCart/CartRetailBT.cpp.o
  [69/71] Building CXX object CMakeFiles/retropack-runtime-melonds.dir/submodules/melonds/src/NDSCart/CartHomebrew.cpp.o
  [70/71] Building CXX object CMakeFiles/retropack-runtime-melonds.dir/submodules/melonds/src/NDSCart/CartR4.cpp.o
  [71/71] Linking CXX shared library ../../../../build/intermediates/cxx/Debug/4l53r62e/obj/arm64-v8a/libretropack-runtime-melonds.so
  FAILED: ../../../../build/intermediates/cxx/Debug/4l53r62e/obj/arm64-v8a/libretropack-runtime-melonds.so 
  : && /usr/local/lib/android/sdk/ndk/27.0.12077973/toolchains/llvm/prebuilt/linux-x86_64/bin/clang++ --target=aarch64-none-linux-android26 --sysroot=/usr/local/lib/android/sdk/ndk/27.0.12077973/toolchains/llvm/prebuilt/linux-x86_64/sysroot -fPIC -g -DANDROID -fdata-sections -ffunction-sections -funwind-tables -fstack-protector-strong -no-canonical-prefixes -D_FORTIFY_SOURCE=2 -Wformat -Werror=format-security   -fno-limit-debug-info  -static-libstdc++ -Wl,--build-id=sha1 -Wl,--no-rosegment -Wl,--no-undefined-version -Wl,--fatal-warnings -Wl,--no-undefined -Qunused-arguments  -Wl,-z,max-page-size=16384 -Wl,-z,common-page-size=16384   -Wl,-z,max-page-size=16384 -Wl,-z,common-page-size=16384 -shared -Wl,-soname,libretropack-runtime-melonds.so -o ../../../../build/intermediates/cxx/Debug/4l53r62e/obj/arm64-v8a/libretropack-runtime-melonds.so CMakeFiles/retropack-runtime-melonds.dir/src/main/cpp/melonds-jni.cpp.o CMakeFiles/retropack-runtime-melonds.dir/src/main/cpp/melonds_platform.cpp.o CMakeFiles/retropack-runtime-melonds.dir/src/main/cpp/ringbuffer.c.o CMakeFiles/retropack-runtime-melonds.dir/submodules/melonds/src/ARCodeFile.cpp.o CMakeFiles/retropack-runtime-melonds.dir/submodules/melonds/src/ARDatabaseDAT.cpp.o CMakeFiles/retropack-runtime-melonds.dir/submodules/melonds/src/AREngine.cpp.o CMakeFiles/retropack-runtime-melonds.dir/submodules/melonds/src/ARM.cpp.o CMakeFiles/retropack-runtime-melonds.dir/submodules/melonds/src/ARMInterpreter.cpp.o CMakeFiles/retropack-runtime-melonds.dir/submodules/melonds/src/ARMInterpreter_ALU.cpp.o CMakeFiles/retropack-runtime-melonds.dir/submodules/melonds/src/ARMInterpreter_Branch.cpp.o CMakeFiles/retropack-runtime-melonds.dir/submodules/melonds/src/ARMInterpreter_LoadStore.cpp.o CMakeFiles/retropack-runtime-melonds.dir/submodules/melonds/src/ARM_InstrInfo.cpp.o CMakeFiles/retropack-runtime-melonds.dir/submodules/melonds/src/CP15.cpp.o CMakeFiles/retropack-runtime-melonds.dir/submodules/melonds/src/CRC32.cpp.o CMakeFiles/retropack-runtime-melonds.dir/submodules/melonds/src/DMA.cpp.o CMakeFiles/retropack-runtime-melonds.dir/submodules/melonds/src/DMA_Timings.cpp.o CMakeFiles/retropack-runtime-melonds.dir/submodules/melonds/src/DSi.cpp.o CMakeFiles/retropack-runtime-melonds.dir/submodules/melonds/src/DSi_AES.cpp.o CMakeFiles/retropack-runtime-melonds.dir/submodules/melonds/src/DSi_Camera.cpp.o CMakeFiles/retropack-runtime-melonds.dir/submodules/melonds/src/DSi_DSP.cpp.o CMakeFiles/retropack-runtime-melonds.dir/submodules/melonds/src/DSi_I2C.cpp.o CMakeFiles/retropack-runtime-melonds.dir/submodules/melonds/src/DSi_I2S.cpp.o CMakeFiles/retropack-runtime-melonds.dir/submodules/melonds/src/DSi_NAND.cpp.o CMakeFiles/retropack-runtime-melonds.dir/submodules/melonds/src/DSi_NDMA.cpp.o CMakeFiles/retropack-runtime-melonds.dir/submodules/melonds/src/DSi_NWifi.cpp.o CMakeFiles/retropack-runtime-melonds.dir/submodules/melonds/src/DSi_SD.cpp.o CMakeFiles/retropack-runtime-melonds.dir/submodules/melonds/src/DSi_SPI_TSC.cpp.o CMakeFiles/retropack-runtime-melonds.dir/submodules/melonds/src/FATIO.cpp.o CMakeFiles/retropack-runtime-melonds.dir/submodules/melonds/src/FATStorage.cpp.o CMakeFiles/retropack-runtime-melonds.dir/submodules/melonds/src/FreeBIOS.cpp.o CMakeFiles/retropack-runtime-melonds.dir/submodules/melonds/src/GBACart.cpp.o CMakeFiles/retropack-runtime-melonds.dir/submodules/melonds/src/GBACartMotionPak.cpp.o CMakeFiles/retropack-runtime-melonds.dir/submodules/melonds/src/GPU.cpp.o CMakeFiles/retropack-runtime-melonds.dir/submodules/melonds/src/GPU_Soft.cpp.o CMakeFiles/retropack-runtime-melonds.dir/submodules/melonds/src/GPU2D.cpp.o CMakeFiles/retropack-runtime-melonds.dir/submodules/melonds/src/GPU2D_Soft.cpp.o CMakeFiles/retropack-runtime-melonds.dir/submodules/melonds/src/GPU3D.cpp.o CMakeFiles/retropack-runtime-melonds.dir/submodules/melonds/src/GPU3D_Soft.cpp.o CMakeFiles/retropack-runtime-melonds.dir/submodules/melonds/src/GPU3D_Texcache.cpp.o CMakeFiles/retropack-runtime-melonds.dir/submodules/melonds/src/Mic.cpp.o CMakeFiles/retropack-runtime-melonds.dir/submodules/melonds/src/NDS.cpp.o CMakeFiles/retropack-runtime-melonds.dir/submodules/melonds/src/NDSCart.cpp.o CMakeFiles/retropack-runtime-melonds.dir/submodules/melonds/src/ROMList.cpp.o CMakeFiles/retropack-runtime-melonds.dir/submodules/melonds/src/RTC.cpp.o CMakeFiles/retropack-runtime-melonds.dir/submodules/melonds/src/Savestate.cpp.o CMakeFiles/retropack-runtime-melonds.dir/submodules/melonds/src/SPI.cpp.o CMakeFiles/retropack-runtime-melonds.dir/submodules/melonds/src/SPI_Firmware.cpp.o CMakeFiles/retropack-runtime-melonds.dir/submodules/melonds/src/SPU.cpp.o CMakeFiles/retropack-runtime-melonds.dir/submodules/melonds/src/Utils.cpp.o CMakeFiles/retropack-runtime-melonds.dir/submodules/melonds/src/Wifi.cpp.o CMakeFiles/retropack-runtime-melonds.dir/submodules/melonds/src/WifiAP.cpp.o CMakeFiles/retropack-runtime-melonds.dir/submodules/melonds/src/DSP_HLE/UcodeBase.cpp.o CMakeFiles/retropack-runtime-melonds.dir/submodules/melonds/src/DSP_HLE/AACUcode.cpp.o CMakeFiles/retropack-runtime-melonds.dir/submodules/melonds/src/DSP_HLE/G711Ucode.cpp.o CMakeFiles/retropack-runtime-melonds.dir/submodules/melonds/src/DSP_HLE/GraphicsUcode.cpp.o CMakeFiles/retropack-runtime-melonds.dir/submodules/melonds/src/NDSCart/CartCommon.cpp.o CMakeFiles/retropack-runtime-melonds.dir/submodules/melonds/src/NDSCart/CartRetail.cpp.o CMakeFiles/retropack-runtime-melonds.dir/submodules/melonds/src/NDSCart/CartRetailNAND.cpp.o CMakeFiles/retropack-runtime-melonds.dir/submodules/melonds/src/NDSCart/CartRetailIR.cpp.o CMakeFiles/retropack-runtime-melonds.dir/submodules/melonds/src/NDSCart/CartRetailBT.cpp.o CMakeFiles/retropack-runtime-melonds.dir/submodules/melonds/src/NDSCart/CartSD.cpp.o CMakeFiles/retropack-runtime-melonds.dir/submodules/melonds/src/NDSCart/CartHomebrew.cpp.o CMakeFiles/retropack-runtime-melonds.dir/submodules/melonds/src/NDSCart/CartR4.cpp.o CMakeFiles/retropack-runtime-melonds.dir/submodules/melonds/src/fatfs/ff.c.o CMakeFiles/retropack-runtime-melonds.dir/submodules/melonds/src/fatfs/ffsystem.c.o CMakeFiles/retropack-runtime-melonds.dir/submodules/melonds/src/fatfs/ffunicode.c.o CMakeFiles/retropack-runtime-melonds.dir/submodules/melonds/src/sha1/sha1.c.o CMakeFiles/retropack-runtime-melonds.dir/submodules/melonds/src/tiny-AES-c/aes.c.o CMakeFiles/retropack-runtime-melonds.dir/submodules/melonds/src/xxhash/xxhash.c.o CMakeFiles/retropack-runtime-melonds.dir/submodules/melonds/src/blip-buf/blip_buf.c.o  -lGLESv3  -lGLESv2  -lEGL  -lOpenSLES  -landroid  -llog  -lm  -lz  -latomic -lm && :
  ld.lld: error: undefined symbol: Teakra::Teakra::Teakra()
  >>> referenced by DSi_DSP.cpp:275 (/home/runner/work/retro-manager/retro-manager/runtime/retropack-runtime-melonds/submodules/melonds/src/DSi_DSP.cpp:275)
  >>>               CMakeFiles/retropack-runtime-melonds.dir/submodules/melonds/src/DSi_DSP.cpp.o:(melonDS::DSi_DSP::StartDSPLLE())
  
  ld.lld: error: undefined symbol: Teakra::Teakra::SetRecvDataHandler(unsigned char, std::__ndk1::function<void ()>)
  >>> referenced by DSi_DSP.cpp:280 (/home/runner/work/retro-manager/retro-manager/runtime/retropack-runtime-melonds/submodules/melonds/src/DSi_DSP.cpp:280)
  >>>               CMakeFiles/retropack-runtime-melonds.dir/submodules/melonds/src/DSi_DSP.cpp.o:(melonDS::DSi_DSP::StartDSPLLE())
  >>> referenced by DSi_DSP.cpp:281 (/home/runner/work/retro-manager/retro-manager/runtime/retropack-runtime-melonds/submodules/melonds/src/DSi_DSP.cpp:281)
  >>>               CMakeFiles/retropack-runtime-melonds.dir/submodules/melonds/src/DSi_DSP.cpp.o:(melonDS::DSi_DSP::StartDSPLLE())
  >>> referenced by DSi_DSP.cpp:282 (/home/runner/work/retro-manager/retro-manager/runtime/retropack-runtime-melonds/submodules/melonds/src/DSi_DSP.cpp:282)
  >>>               CMakeFiles/retropack-runtime-melonds.dir/submodules/melonds/src/DSi_DSP.cpp.o:(melonDS::DSi_DSP::StartDSPLLE())
  
  ld.lld: error: undefined symbol: Teakra::Teakra::SetSemaphoreHandler(std::__ndk1::function<void ()>)
  >>> referenced by DSi_DSP.cpp:284 (/home/runner/work/retro-manager/retro-manager/runtime/retropack-runtime-melonds/submodules/melonds/src/DSi_DSP.cpp:284)
  >>>               CMakeFiles/retropack-runtime-melonds.dir/submodules/melonds/src/DSi_DSP.cpp.o:(melonDS::DSi_DSP::StartDSPLLE())
  
  ld.lld: error: undefined symbol: Teakra::Teakra::SetSharedMemoryCallback(Teakra::SharedMemoryCallback const&)
  >>> referenced by DSi_DSP.cpp:289 (/home/runner/work/retro-manager/retro-manager/runtime/retropack-runtime-melonds/submodules/melonds/src/DSi_DSP.cpp:289)
  >>>               CMakeFiles/retropack-runtime-melonds.dir/submodules/melonds/src/DSi_DSP.cpp.o:(melonDS::DSi_DSP::StartDSPLLE())
  
  ld.lld: error: undefined symbol: Teakra::Teakra::SetAHBMCallback(Teakra::AHBMCallback const&)
  >>> referenced by DSi_DSP.cpp:300 (/home/runner/work/retro-manager/retro-manager/runtime/retropack-runtime-melonds/submodules/melonds/src/DSi_DSP.cpp:300)
  >>>               CMakeFiles/retropack-runtime-melonds.dir/submodules/melonds/src/DSi_DSP.cpp.o:(melonDS::DSi_DSP::StartDSPLLE())
  
  ld.lld: error: undefined symbol: Teakra::Teakra::SetMicEnableCallback(std::__ndk1::function<void (bool)>)
  >>> referenced by DSi_DSP.cpp:302 (/home/runner/work/retro-manager/retro-manager/runtime/retropack-runtime-melonds/submodules/melonds/src/DSi_DSP.cpp:302)
  >>>               CMakeFiles/retropack-runtime-melonds.dir/submodules/melonds/src/DSi_DSP.cpp.o:(melonDS::DSi_DSP::StartDSPLLE())
  clang++: error: linker command failed with exit code 1 (use -v to see invocation)
  ninja: build stopped: subcommand failed.
  
  C++ build system [build] failed while executing:
      /usr/local/lib/android/sdk/cmake/3.22.1/bin/ninja \
        -C \
        /home/runner/work/retro-manager/retro-manager/runtime/retropack-runtime-melonds/.cxx/Debug/4l53r62e/arm64-v8a \
        retropack-runtime-melonds
    from /home/runner/work/retro-manager/retro-manager/runtime/retropack-runtime-melonds

* Try:
> Run with --info or --debug option to get more log output.
> Run with --scan to get full insights from a Build Scan (powered by Develocity).
> Get more help at https://help.gradle.org.

* Exception is:
org.gradle.api.tasks.TaskExecutionException: Execution failed for task ':runtime:retropack-runtime-melonds:buildCMakeDebug[arm64-v8a]' (registered by plugin 'com.android.internal.library').
	at org.gradle.api.internal.tasks.execution.ExecuteActionsTaskExecuter.lambda$executeIfValid$1(ExecuteActionsTaskExecuter.java:135)
	at org.gradle.internal.Try$Failure.ifSuccessfulOrElse(Try.java:288)
	at org.gradle.api.internal.tasks.execution.ExecuteActionsTaskExecuter.executeIfValid(ExecuteActionsTaskExecuter.java:133)
	at org.gradle.api.internal.tasks.execution.ExecuteActionsTaskExecuter.execute(ExecuteActionsTaskExecuter.java:121)
	at org.gradle.api.internal.tasks.execution.ProblemsTaskPathTrackingTaskExecuter.execute(ProblemsTaskPathTrackingTaskExecuter.java:41)
	at org.gradle.api.internal.tasks.execution.ResolveTaskExecutionModeExecuter.execute(ResolveTaskExecutionModeExecuter.java:51)
	at org.gradle.api.internal.tasks.execution.FinalizePropertiesTaskExecuter.execute(FinalizePropertiesTaskExecuter.java:46)
	at org.gradle.api.internal.tasks.execution.SkipTaskWithNoActionsExecuter.execute(SkipTaskWithNoActionsExecuter.java:57)
	at org.gradle.api.internal.tasks.execution.SkipOnlyIfTaskExecuter.execute(SkipOnlyIfTaskExecuter.java:74)
	at org.gradle.api.internal.tasks.execution.CatchExceptionTaskExecuter.execute(CatchExceptionTaskExecuter.java:36)
	at org.gradle.api.internal.tasks.execution.EventFiringTaskExecuter$1.executeTask(EventFiringTaskExecuter.java:77)
	at org.gradle.api.internal.tasks.execution.EventFiringTaskExecuter$1.call(EventFiringTaskExecuter.java:55)
	at org.gradle.api.internal.tasks.execution.EventFiringTaskExecuter$1.call(EventFiringTaskExecuter.java:52)
	at org.gradle.internal.operations.DefaultBuildOperationRunner$CallableBuildOperationWorker.execute(DefaultBuildOperationRunner.java:210)
	at org.gradle.internal.operations.DefaultBuildOperationRunner$CallableBuildOperationWorker.execute(DefaultBuildOperationRunner.java:205)
	at org.gradle.internal.operations.DefaultBuildOperationRunner$2.execute(DefaultBuildOperationRunner.java:67)
	at org.gradle.internal.operations.DefaultBuildOperationRunner$2.execute(DefaultBuildOperationRunner.java:60)
	at org.gradle.internal.operations.DefaultBuildOperationRunner.execute(DefaultBuildOperationRunner.java:167)
	at org.gradle.internal.operations.DefaultBuildOperationRunner.execute(DefaultBuildOperationRunner.java:60)
	at org.gradle.internal.operations.DefaultBuildOperationRunner.call(DefaultBuildOperationRunner.java:54)
	at org.gradle.api.internal.tasks.execution.EventFiringTaskExecuter.execute(EventFiringTaskExecuter.java:52)
	at org.gradle.execution.plan.DefaultNodeExecutor.executeLocalTaskNode(DefaultNodeExecutor.java:55)
	at org.gradle.execution.plan.DefaultNodeExecutor.execute(DefaultNodeExecutor.java:34)
	at org.gradle.execution.taskgraph.DefaultTaskExecutionGraph$InvokeNodeExecutorsAction.execute(DefaultTaskExecutionGraph.java:355)
	at org.gradle.execution.taskgraph.DefaultTaskExecutionGraph$InvokeNodeExecutorsAction.execute(DefaultTaskExecutionGraph.java:343)
	at org.gradle.execution.taskgraph.DefaultTaskExecutionGraph$BuildOperationAwareExecutionAction.lambda$execute$0(DefaultTaskExecutionGraph.java:339)
	at org.gradle.internal.operations.CurrentBuildOperationRef.with(CurrentBuildOperationRef.java:84)
	at org.gradle.execution.taskgraph.DefaultTaskExecutionGraph$BuildOperationAwareExecutionAction.execute(DefaultTaskExecutionGraph.java:339)
	at org.gradle.execution.taskgraph.DefaultTaskExecutionGraph$BuildOperationAwareExecutionAction.execute(DefaultTaskExecutionGraph.java:328)
	at org.gradle.execution.plan.DefaultPlanExecutor$ExecutorWorker.execute(DefaultPlanExecutor.java:459)
	at org.gradle.execution.plan.DefaultPlanExecutor$ExecutorWorker.run(DefaultPlanExecutor.java:376)
	at org.gradle.internal.concurrent.ExecutorPolicy$CatchAndRecordFailures.onExecute(ExecutorPolicy.java:64)
	at org.gradle.internal.concurrent.AbstractManagedExecutor$1.run(AbstractManagedExecutor.java:47)
Caused by: org.gradle.internal.UncheckedException: com.android.ide.common.process.ProcessException: ninja: Entering directory `/home/runner/work/retro-manager/retro-manager/runtime/retropack-runtime-melonds/.cxx/Debug/4l53r62e/arm64-v8a'
[1/71] Building C object CMakeFiles/retropack-runtime-melonds.dir/src/main/cpp/ringbuffer.c.o
[2/71] Building CXX object CMakeFiles/retropack-runtime-melonds.dir/src/main/cpp/melonds_platform.cpp.o
[3/71] Building CXX object CMakeFiles/retropack-runtime-melonds.dir/src/main/cpp/melonds-jni.cpp.o
[4/71] Building CXX object CMakeFiles/retropack-runtime-melonds.dir/submodules/melonds/src/AREngine.cpp.o
[5/71] Building CXX object CMakeFiles/retropack-runtime-melonds.dir/submodules/melonds/src/ARDatabaseDAT.cpp.o
[6/71] Building CXX object CMakeFiles/retropack-runtime-melonds.dir/submodules/melonds/src/ARCodeFile.cpp.o
[7/71] Building CXX object CMakeFiles/retropack-runtime-melonds.dir/submodules/melonds/src/ARMInterpreter.cpp.o
[8/71] Building CXX object CMakeFiles/retropack-runtime-melonds.dir/submodules/melonds/src/ARM.cpp.o
[9/71] Building CXX object CMakeFiles/retropack-runtime-melonds.dir/submodules/melonds/src/ARMInterpreter_Branch.cpp.o
[10/71] Building CXX object CMakeFiles/retropack-runtime-melonds.dir/submodules/melonds/src/CRC32.cpp.o
[11/71] Building CXX object CMakeFiles/retropack-runtime-melonds.dir/submodules/melonds/src/ARMInterpreter_LoadStore.cpp.o
[12/71] Building CXX object CMakeFiles/retropack-runtime-melonds.dir/submodules/melonds/src/DMA_Timings.cpp.o
[13/71] Building CXX object CMakeFiles/retropack-runtime-melonds.dir/submodules/melonds/src/DMA.cpp.o
[14/71] Building CXX object CMakeFiles/retropack-runtime-melonds.dir/submodules/melonds/src/CP15.cpp.o
[15/71] Building CXX object CMakeFiles/retropack-runtime-melonds.dir/submodules/melonds/src/ARMInterpreter_ALU.cpp.o
[16/71] Building CXX object CMakeFiles/retropack-runtime-melonds.dir/submodules/melonds/src/ARM_InstrInfo.cpp.o
[17/71] Building CXX object CMakeFiles/retropack-runtime-melonds.dir/submodules/melonds/src/DSi.cpp.o
[18/71] Building CXX object CMakeFiles/retropack-runtime-melonds.dir/submodules/melonds/src/DSi_AES.cpp.o
[19/71] Building CXX object CMakeFiles/retropack-runtime-melonds.dir/submodules/melonds/src/DSi_I2C.cpp.o
[20/71] Building CXX object CMakeFiles/retropack-runtime-melonds.dir/submodules/melonds/src/DSi_I2S.cpp.o
[21/71] Building CXX object CMakeFiles/retropack-runtime-melonds.dir/submodules/melonds/src/DSi_Camera.cpp.o
[22/71] Building CXX object CMakeFiles/retropack-runtime-melonds.dir/submodules/melonds/src/DSi_DSP.cpp.o
[23/71] Building CXX object CMakeFiles/retropack-runtime-melonds.dir/submodules/melonds/src/DSi_NWifi.cpp.o
[24/71] Building CXX object CMakeFiles/retropack-runtime-melonds.dir/submodules/melonds/src/DSi_NDMA.cpp.o
[25/71] Building CXX object CMakeFiles/retropack-runtime-melonds.dir/submodules/melonds/src/DSi_NAND.cpp.o
[26/71] Building CXX object CMakeFiles/retropack-runtime-melonds.dir/submodules/melonds/src/DSi_SPI_TSC.cpp.o
[27/71] Building CXX object CMakeFiles/retropack-runtime-melonds.dir/submodules/melonds/src/DSi_SD.cpp.o
[28/71] Building CXX object CMakeFiles/retropack-runtime-melonds.dir/submodules/melonds/src/FreeBIOS.cpp.o
[29/71] Building CXX object CMakeFiles/retropack-runtime-melonds.dir/submodules/melonds/src/FATIO.cpp.o
[30/71] Building CXX object CMakeFiles/retropack-runtime-melonds.dir/submodules/melonds/src/GBACart.cpp.o
[31/71] Building CXX object CMakeFiles/retropack-runtime-melonds.dir/submodules/melonds/src/FATStorage.cpp.o
[32/71] Building CXX object CMakeFiles/retropack-runtime-melonds.dir/submodules/melonds/src/GPU.cpp.o
[33/71] Building CXX object CMakeFiles/retropack-runtime-melonds.dir/submodules/melonds/src/GBACartMotionPak.cpp.o
[34/71] Building CXX object CMakeFiles/retropack-runtime-melonds.dir/submodules/melonds/src/GPU_Soft.cpp.o
[35/71] Building CXX object CMakeFiles/retropack-runtime-melonds.dir/submodules/melonds/src/GPU2D.cpp.o
[36/71] Building CXX object CMakeFiles/retropack-runtime-melonds.dir/submodules/melonds/src/GPU3D_Texcache.cpp.o
[37/71] Building CXX object CMakeFiles/retropack-runtime-melonds.dir/submodules/melonds/src/GPU2D_Soft.cpp.o
[38/71] Building CXX object CMakeFiles/retropack-runtime-melonds.dir/submodules/melonds/src/ROMList.cpp.o
[39/71] Building CXX object CMakeFiles/retropack-runtime-melonds.dir/submodules/melonds/src/Mic.cpp.o
[40/71] Building CXX object CMakeFiles/retropack-runtime-melonds.dir/submodules/melonds/src/GPU3D.cpp.o
[41/71] Building CXX object CMakeFiles/retropack-runtime-melonds.dir/submodules/melonds/src/Savestate.cpp.o
[42/71] Building CXX object CMakeFiles/retropack-runtime-melonds.dir/submodules/melonds/src/GPU3D_Soft.cpp.o
[43/71] Building CXX object CMakeFiles/retropack-runtime-melonds.dir/submodules/melonds/src/RTC.cpp.o
[44/71] Building CXX object CMakeFiles/retropack-runtime-melonds.dir/submodules/melonds/src/NDSCart.cpp.o
[45/71] Building CXX object CMakeFiles/retropack-runtime-melonds.dir/submodules/melonds/src/Utils.cpp.o
[46/71] Building CXX object CMakeFiles/retropack-runtime-melonds.dir/submodules/melonds/src/SPI_Firmware.cpp.o
[47/71] Building CXX object CMakeFiles/retropack-runtime-melonds.dir/submodules/melonds/src/NDS.cpp.o
[48/71] Building CXX object CMakeFiles/retropack-runtime-melonds.dir/submodules/melonds/src/SPI.cpp.o
[49/71] Building CXX object CMakeFiles/retropack-runtime-melonds.dir/submodules/melonds/src/Wifi.cpp.o
[50/71] Building CXX object CMakeFiles/retropack-runtime-melonds.dir/submodules/melonds/src/WifiAP.cpp.o
[51/71] Building CXX object CMakeFiles/retropack-runtime-melonds.dir/submodules/melonds/src/DSP_HLE/AACUcode.cpp.o
[52/71] Building CXX object CMakeFiles/retropack-runtime-melonds.dir/submodules/melonds/src/SPU.cpp.o
[53/71] Building CXX object CMakeFiles/retropack-runtime-melonds.dir/submodules/melonds/src/DSP_HLE/UcodeBase.cpp.o
[54/71] Building CXX object CMakeFiles/retropack-runtime-melonds.dir/submodules/melonds/src/NDSCart/CartCommon.cpp.o
[55/71] Building CXX object CMakeFiles/retropack-runtime-melonds.dir/submodules/melonds/src/DSP_HLE/GraphicsUcode.cpp.o
[56/71] Building CXX object CMakeFiles/retropack-runtime-melonds.dir/submodules/melonds/src/DSP_HLE/G711Ucode.cpp.o
[57/71] Building CXX object CMakeFiles/retropack-runtime-melonds.dir/submodules/melonds/src/NDSCart/CartRetailIR.cpp.o
[58/71] Building CXX object CMakeFiles/retropack-runtime-melonds.dir/submodules/melonds/src/NDSCart/CartRetail.cpp.o
[59/71] Building C object CMakeFiles/retropack-runtime-melonds.dir/submodules/melonds/src/fatfs/ff.c.o
[60/71] Building CXX object CMakeFiles/retropack-runtime-melonds.dir/submodules/melonds/src/NDSCart/CartSD.cpp.o
[61/71] Building CXX object CMakeFiles/retropack-runtime-melonds.dir/submodules/melonds/src/NDSCart/CartRetailNAND.cpp.o
[62/71] Building C object CMakeFiles/retropack-runtime-melonds.dir/submodules/melonds/src/fatfs/ffsystem.c.o
[63/71] Building C object CMakeFiles/retropack-runtime-melonds.dir/submodules/melonds/src/sha1/sha1.c.o
[64/71] Building C object CMakeFiles/retropack-runtime-melonds.dir/submodules/melonds/src/fatfs/ffunicode.c.o
[65/71] Building C object CMakeFiles/retropack-runtime-melonds.dir/submodules/melonds/src/tiny-AES-c/aes.c.o
[66/71] Building C object CMakeFiles/retropack-runtime-melonds.dir/submodules/melonds/src/blip-buf/blip_buf.c.o
[67/71] Building C object CMakeFiles/retropack-runtime-melonds.dir/submodules/melonds/src/xxhash/xxhash.c.o
[68/71] Building CXX object CMakeFiles/retropack-runtime-melonds.dir/submodules/melonds/src/NDSCart/CartRetailBT.cpp.o
[69/71] Building CXX object CMakeFiles/retropack-runtime-melonds.dir/submodules/melonds/src/NDSCart/CartHomebrew.cpp.o
[70/71] Building CXX object CMakeFiles/retropack-runtime-melonds.dir/submodules/melonds/src/NDSCart/CartR4.cpp.o
[71/71] Linking CXX shared library ../../../../build/intermediates/cxx/Debug/4l53r62e/obj/arm64-v8a/libretropack-runtime-melonds.so
FAILED: ../../../../build/intermediates/cxx/Debug/4l53r62e/obj/arm64-v8a/libretropack-runtime-melonds.so 
: && /usr/local/lib/android/sdk/ndk/27.0.12077973/toolchains/llvm/prebuilt/linux-x86_64/bin/clang++ --target=aarch64-none-linux-android26 --sysroot=/usr/local/lib/android/sdk/ndk/27.0.12077973/toolchains/llvm/prebuilt/linux-x86_64/sysroot -fPIC -g -DANDROID -fdata-sections -ffunction-sections -funwind-tables -fstack-protector-strong -no-canonical-prefixes -D_FORTIFY_SOURCE=2 -Wformat -Werror=format-security   -fno-limit-debug-info  -static-libstdc++ -Wl,--build-id=sha1 -Wl,--no-rosegment -Wl,--no-undefined-version -Wl,--fatal-warnings -Wl,--no-undefined -Qunused-arguments  -Wl,-z,max-page-size=16384 -Wl,-z,common-page-size=16384   -Wl,-z,max-page-size=16384 -Wl,-z,common-page-size=16384 -shared -Wl,-soname,libretropack-runtime-melonds.so -o ../../../../build/intermediates/cxx/Debug/4l53r62e/obj/arm64-v8a/libretropack-runtime-melonds.so CMakeFiles/retropack-runtime-melonds.dir/src/main/cpp/melonds-jni.cpp.o CMakeFiles/retropack-runtime-melonds.dir/src/main/cpp/melonds_platform.cpp.o CMakeFiles/retropack-runtime-melonds.dir/src/main/cpp/ringbuffer.c.o CMakeFiles/retropack-runtime-melonds.dir/submodules/melonds/src/ARCodeFile.cpp.o CMakeFiles/retropack-runtime-melonds.dir/submodules/melonds/src/ARDatabaseDAT.cpp.o CMakeFiles/retropack-runtime-melonds.dir/submodules/melonds/src/AREngine.cpp.o CMakeFiles/retropack-runtime-melonds.dir/submodules/melonds/src/ARM.cpp.o CMakeFiles/retropack-runtime-melonds.dir/submodules/melonds/src/ARMInterpreter.cpp.o CMakeFiles/retropack-runtime-melonds.dir/submodules/melonds/src/ARMInterpreter_ALU.cpp.o CMakeFiles/retropack-runtime-melonds.dir/submodules/melonds/src/ARMInterpreter_Branch.cpp.o CMakeFiles/retropack-runtime-melonds.dir/submodules/melonds/src/ARMInterpreter_LoadStore.cpp.o CMakeFiles/retropack-runtime-melonds.dir/submodules/melonds/src/ARM_InstrInfo.cpp.o CMakeFiles/retropack-runtime-melonds.dir/submodules/melonds/src/CP15.cpp.o CMakeFiles/retropack-runtime-melonds.dir/submodules/melonds/src/CRC32.cpp.o CMakeFiles/retropack-runtime-melonds.dir/submodules/melonds/src/DMA.cpp.o CMakeFiles/retropack-runtime-melonds.dir/submodules/melonds/src/DMA_Timings.cpp.o CMakeFiles/retropack-runtime-melonds.dir/submodules/melonds/src/DSi.cpp.o CMakeFiles/retropack-runtime-melonds.dir/submodules/melonds/src/DSi_AES.cpp.o CMakeFiles/retropack-runtime-melonds.dir/submodules/melonds/src/DSi_Camera.cpp.o CMakeFiles/retropack-runtime-melonds.dir/submodules/melonds/src/DSi_DSP.cpp.o CMakeFiles/retropack-runtime-melonds.dir/submodules/melonds/src/DSi_I2C.cpp.o CMakeFiles/retropack-runtime-melonds.dir/submodules/melonds/src/DSi_I2S.cpp.o CMakeFiles/retropack-runtime-melonds.dir/submodules/melonds/src/DSi_NAND.cpp.o CMakeFiles/retropack-runtime-melonds.dir/submodules/melonds/src/DSi_NDMA.cpp.o CMakeFiles/retropack-runtime-melonds.dir/submodules/melonds/src/DSi_NWifi.cpp.o CMakeFiles/retropack-runtime-melonds.dir/submodules/melonds/src/DSi_SD.cpp.o CMakeFiles/retropack-runtime-melonds.dir/submodules/melonds/src/DSi_SPI_TSC.cpp.o CMakeFiles/retropack-runtime-melonds.dir/submodules/melonds/src/FATIO.cpp.o CMakeFiles/retropack-runtime-melonds.dir/submodules/melonds/src/FATStorage.cpp.o CMakeFiles/retropack-runtime-melonds.dir/submodules/melonds/src/FreeBIOS.cpp.o CMakeFiles/retropack-runtime-melonds.dir/submodules/melonds/src/GBACart.cpp.o CMakeFiles/retropack-runtime-melonds.dir/submodules/melonds/src/GBACartMotionPak.cpp.o CMakeFiles/retropack-runtime-melonds.dir/submodules/melonds/src/GPU.cpp.o CMakeFiles/retropack-runtime-melonds.dir/submodules/melonds/src/GPU_Soft.cpp.o CMakeFiles/retropack-runtime-melonds.dir/submodules/melonds/src/GPU2D.cpp.o CMakeFiles/retropack-runtime-melonds.dir/submodules/melonds/src/GPU2D_Soft.cpp.o CMakeFiles/retropack-runtime-melonds.dir/submodules/melonds/src/GPU3D.cpp.o CMakeFiles/retropack-runtime-melonds.dir/submodules/melonds/src/GPU3D_Soft.cpp.o CMakeFiles/retropack-runtime-melonds.dir/submodules/melonds/src/GPU3D_Texcache.cpp.o CMakeFiles/retropack-runtime-melonds.dir/submodules/melonds/src/Mic.cpp.o CMakeFiles/retropack-runtime-melonds.dir/submodules/melonds/src/NDS.cpp.o CMakeFiles/retropack-runtime-melonds.dir/submodules/melonds/src/NDSCart.cpp.o CMakeFiles/retropack-runtime-melonds.dir/submodules/melonds/src/ROMList.cpp.o CMakeFiles/retropack-runtime-melonds.dir/submodules/melonds/src/RTC.cpp.o CMakeFiles/retropack-runtime-melonds.dir/submodules/melonds/src/Savestate.cpp.o CMakeFiles/retropack-runtime-melonds.dir/submodules/melonds/src/SPI.cpp.o CMakeFiles/retropack-runtime-melonds.dir/submodules/melonds/src/SPI_Firmware.cpp.o CMakeFiles/retropack-runtime-melonds.dir/submodules/melonds/src/SPU.cpp.o CMakeFiles/retropack-runtime-melonds.dir/submodules/melonds/src/Utils.cpp.o CMakeFiles/retropack-runtime-melonds.dir/submodules/melonds/src/Wifi.cpp.o CMakeFiles/retropack-runtime-melonds.dir/submodules/melonds/src/WifiAP.cpp.o CMakeFiles/retropack-runtime-melonds.dir/submodules/melonds/src/DSP_HLE/UcodeBase.cpp.o CMakeFiles/retropack-runtime-melonds.dir/submodules/melonds/src/DSP_HLE/AACUcode.cpp.o CMakeFiles/retropack-runtime-melonds.dir/submodules/melonds/src/DSP_HLE/G711Ucode.cpp.o CMakeFiles/retropack-runtime-melonds.dir/submodules/melonds/src/DSP_HLE/GraphicsUcode.cpp.o CMakeFiles/retropack-runtime-melonds.dir/submodules/melonds/src/NDSCart/CartCommon.cpp.o CMakeFiles/retropack-runtime-melonds.dir/submodules/melonds/src/NDSCart/CartRetail.cpp.o CMakeFiles/retropack-runtime-melonds.dir/submodules/melonds/src/NDSCart/CartRetailNAND.cpp.o CMakeFiles/retropack-runtime-melonds.dir/submodules/melonds/src/NDSCart/CartRetailIR.cpp.o CMakeFiles/retropack-runtime-melonds.dir/submodules/melonds/src/NDSCart/CartRetailBT.cpp.o CMakeFiles/retropack-runtime-melonds.dir/submodules/melonds/src/NDSCart/CartSD.cpp.o CMakeFiles/retropack-runtime-melonds.dir/submodules/melonds/src/NDSCart/CartHomebrew.cpp.o CMakeFiles/retropack-runtime-melonds.dir/submodules/melonds/src/NDSCart/CartR4.cpp.o CMakeFiles/retropack-runtime-melonds.dir/submodules/melonds/src/fatfs/ff.c.o CMakeFiles/retropack-runtime-melonds.dir/submodules/melonds/src/fatfs/ffsystem.c.o CMakeFiles/retropack-runtime-melonds.dir/submodules/melonds/src/fatfs/ffunicode.c.o CMakeFiles/retropack-runtime-melonds.dir/submodules/melonds/src/sha1/sha1.c.o CMakeFiles/retropack-runtime-melonds.dir/submodules/melonds/src/tiny-AES-c/aes.c.o CMakeFiles/retropack-runtime-melonds.dir/submodules/melonds/src/xxhash/xxhash.c.o CMakeFiles/retropack-runtime-melonds.dir/submodules/melonds/src/blip-buf/blip_buf.c.o  -lGLESv3  -lGLESv2  -lEGL  -lOpenSLES  -landroid  -llog  -lm  -lz  -latomic -lm && :
ld.lld: error: undefined symbol: Teakra::Teakra::Teakra()
>>> referenced by DSi_DSP.cpp:275 (/home/runner/work/retro-manager/retro-manager/runtime/retropack-runtime-melonds/submodules/melonds/src/DSi_DSP.cpp:275)
>>>               CMakeFiles/retropack-runtime-melonds.dir/submodules/melonds/src/DSi_DSP.cpp.o:(melonDS::DSi_DSP::StartDSPLLE())

ld.lld: error: undefined symbol: Teakra::Teakra::SetRecvDataHandler(unsigned char, std::__ndk1::function<void ()>)
>>> referenced by DSi_DSP.cpp:280 (/home/runner/work/retro-manager/retro-manager/runtime/retropack-runtime-melonds/submodules/melonds/src/DSi_DSP.cpp:280)
>>>               CMakeFiles/retropack-runtime-melonds.dir/submodules/melonds/src/DSi_DSP.cpp.o:(melonDS::DSi_DSP::StartDSPLLE())
>>> referenced by DSi_DSP.cpp:281 (/home/runner/work/retro-manager/retro-manager/runtime/retropack-runtime-melonds/submodules/melonds/src/DSi_DSP.cpp:281)
>>>               CMakeFiles/retropack-runtime-melonds.dir/submodules/melonds/src/DSi_DSP.cpp.o:(melonDS::DSi_DSP::StartDSPLLE())
>>> referenced by DSi_DSP.cpp:282 (/home/runner/work/retro-manager/retro-manager/runtime/retropack-runtime-melonds/submodules/melonds/src/DSi_DSP.cpp:282)
>>>               CMakeFiles/retropack-runtime-melonds.dir/submodules/melonds/src/DSi_DSP.cpp.o:(melonDS::DSi_DSP::StartDSPLLE())

ld.lld: error: undefined symbol: Teakra::Teakra::SetSemaphoreHandler(std::__ndk1::function<void ()>)
>>> referenced by DSi_DSP.cpp:284 (/home/runner/work/retro-manager/retro-manager/runtime/retropack-runtime-melonds/submodules/melonds/src/DSi_DSP.cpp:284)
>>>               CMakeFiles/retropack-runtime-melonds.dir/submodules/melonds/src/DSi_DSP.cpp.o:(melonDS::DSi_DSP::StartDSPLLE())

ld.lld: error: undefined symbol: Teakra::Teakra::SetSharedMemoryCallback(Teakra::SharedMemoryCallback const&)
>>> referenced by DSi_DSP.cpp:289 (/home/runner/work/retro-manager/retro-manager/runtime/retropack-runtime-melonds/submodules/melonds/src/DSi_DSP.cpp:289)
>>>               CMakeFiles/retropack-runtime-melonds.dir/submodules/melonds/src/DSi_DSP.cpp.o:(melonDS::DSi_DSP::StartDSPLLE())

ld.lld: error: undefined symbol: Teakra::Teakra::SetAHBMCallback(Teakra::AHBMCallback const&)
>>> referenced by DSi_DSP.cpp:300 (/home/runner/work/retro-manager/retro-manager/runtime/retropack-runtime-melonds/submodules/melonds/src/DSi_DSP.cpp:300)
>>>               CMakeFiles/retropack-runtime-melonds.dir/submodules/melonds/src/DSi_DSP.cpp.o:(melonDS::DSi_DSP::StartDSPLLE())

ld.lld: error: undefined symbol: Teakra::Teakra::SetMicEnableCallback(std::__ndk1::function<void (bool)>)
>>> referenced by DSi_DSP.cpp:302 (/home/runner/work/retro-manager/retro-manager/runtime/retropack-runtime-melonds/submodules/melonds/src/DSi_DSP.cpp:302)
>>>               CMakeFiles/retropack-runtime-melonds.dir/submodules/melonds/src/DSi_DSP.cpp.o:(melonDS::DSi_DSP::StartDSPLLE())
clang++: error: linker command failed with exit code 1 (use -v to see invocation)
ninja: build stopped: subcommand failed.

C++ build system [build] failed while executing:
    /usr/local/lib/android/sdk/cmake/3.22.1/bin/ninja \
      -C \
      /home/runner/work/retro-manager/retro-manager/runtime/retropack-runtime-melonds/.cxx/Debug/4l53r62e/arm64-v8a \
      retropack-runtime-melonds
  from /home/runner/work/retro-manager/retro-manager/runtime/retropack-runtime-melonds
	at org.gradle.internal.UncheckedException.throwAsUncheckedException(UncheckedException.java:69)
	at org.gradle.internal.UncheckedException.throwAsUncheckedException(UncheckedException.java:42)
	at org.gradle.internal.reflect.JavaMethod.invoke(JavaMethod.java:129)
	at org.gradle.api.internal.project.taskfactory.StandardTaskAction.doExecute(StandardTaskAction.java:58)
	at org.gradle.api.internal.project.taskfactory.StandardTaskAction.execute(StandardTaskAction.java:51)
	at org.gradle.api.internal.project.taskfactory.StandardTaskAction.execute(StandardTaskAction.java:29)
	at org.gradle.api.internal.tasks.execution.TaskExecution$3.run(TaskExecution.java:259)
	at org.gradle.internal.operations.DefaultBuildOperationRunner$1.execute(DefaultBuildOperationRunner.java:30)
	at org.gradle.internal.operations.DefaultBuildOperationRunner$1.execute(DefaultBuildOperationRunner.java:27)
	at org.gradle.internal.operations.DefaultBuildOperationRunner$2.execute(DefaultBuildOperationRunner.java:67)
	at org.gradle.internal.operations.DefaultBuildOperationRunner$2.execute(DefaultBuildOperationRunner.java:60)
	at org.gradle.internal.operations.DefaultBuildOperationRunner.execute(DefaultBuildOperationRunner.java:167)
	at org.gradle.internal.operations.DefaultBuildOperationRunner.execute(DefaultBuildOperationRunner.java:60)
	at org.gradle.internal.operations.DefaultBuildOperationRunner.run(DefaultBuildOperationRunner.java:48)
	at org.gradle.api.internal.tasks.execution.TaskExecution.executeAction(TaskExecution.java:244)
	at org.gradle.api.internal.tasks.execution.TaskExecution.executeActions(TaskExecution.java:227)
	at org.gradle.api.internal.tasks.execution.TaskExecution.executeWithPreviousOutputFiles(TaskExecution.java:210)
	at org.gradle.api.internal.tasks.execution.TaskExecution.execute(TaskExecution.java:176)
	at org.gradle.internal.execution.steps.ExecuteStep.executeInternal(ExecuteStep.java:167)
	at org.gradle.internal.execution.steps.ExecuteStep.access$000(ExecuteStep.java:47)
	at org.gradle.internal.execution.steps.ExecuteStep$1.call(ExecuteStep.java:137)
	at org.gradle.internal.execution.steps.ExecuteStep$1.call(ExecuteStep.java:134)
	at org.gradle.internal.operations.DefaultBuildOperationRunner$CallableBuildOperationWorker.execute(DefaultBuildOperationRunner.java:210)
	at org.gradle.internal.operations.DefaultBuildOperationRunner$CallableBuildOperationWorker.execute(DefaultBuildOperationRunner.java:205)
	at org.gradle.internal.operations.DefaultBuildOperationRunner$2.execute(DefaultBuildOperationRunner.java:67)
	at org.gradle.internal.operations.DefaultBuildOperationRunner$2.execute(DefaultBuildOperationRunner.java:60)
	at org.gradle.internal.operations.DefaultBuildOperationRunner.execute(DefaultBuildOperationRunner.java:167)
	at org.gradle.internal.operations.DefaultBuildOperationRunner.execute(DefaultBuildOperationRunner.java:60)
	at org.gradle.internal.operations.DefaultBuildOperationRunner.call(DefaultBuildOperationRunner.java:54)
	at org.gradle.internal.execution.steps.ExecuteStep.execute(ExecuteStep.java:134)
	at org.gradle.internal.execution.steps.ExecuteStep$Mutable.execute(ExecuteStep.java:80)
	at org.gradle.internal.execution.steps.CancelExecutionStep.execute(CancelExecutionStep.java:42)
	at org.gradle.internal.execution.steps.TimeoutStep.executeWithoutTimeout(TimeoutStep.java:75)
	at org.gradle.internal.execution.steps.TimeoutStep.execute(TimeoutStep.java:55)
	at org.gradle.internal.execution.steps.PreCreateOutputParentsStep.execute(PreCreateOutputParentsStep.java:51)
	at org.gradle.internal.execution.steps.PreCreateOutputParentsStep.execute(PreCreateOutputParentsStep.java:29)
	at org.gradle.internal.execution.steps.RemovePreviousOutputsStep.executeMutable(RemovePreviousOutputsStep.java:67)
	at org.gradle.internal.execution.steps.RemovePreviousOutputsStep.executeMutable(RemovePreviousOutputsStep.java:39)
	at org.gradle.internal.execution.steps.MutableStep.execute(MutableStep.java:26)
	at org.gradle.internal.execution.steps.BroadcastChangingOutputsStep.execute(BroadcastChangingOutputsStep.java:42)
	at org.gradle.internal.execution.steps.BroadcastChangingOutputsStep.execute(BroadcastChangingOutputsStep.java:24)
	at org.gradle.internal.execution.steps.CaptureOutputsAfterExecutionStep.execute(CaptureOutputsAfterExecutionStep.java:69)
	at org.gradle.internal.execution.steps.CaptureOutputsAfterExecutionStep.execute(CaptureOutputsAfterExecutionStep.java:46)
	at org.gradle.internal.execution.steps.ResolveInputChangesStep.executeMutable(ResolveInputChangesStep.java:39)
	at org.gradle.internal.execution.steps.ResolveInputChangesStep.executeMutable(ResolveInputChangesStep.java:28)
	at org.gradle.internal.execution.steps.MutableStep.execute(MutableStep.java:26)
	at org.gradle.internal.execution.steps.BuildCacheStep.executeWithoutCache(BuildCacheStep.java:189)
	at org.gradle.internal.execution.steps.BuildCacheStep.lambda$execute$1(BuildCacheStep.java:76)
	at org.gradle.internal.Either$Right.fold(Either.java:176)
	at org.gradle.internal.execution.caching.CachingState.fold(CachingState.java:62)
	at org.gradle.internal.execution.steps.BuildCacheStep.execute(BuildCacheStep.java:74)
	at org.gradle.internal.execution.steps.BuildCacheStep.execute(BuildCacheStep.java:49)
	at org.gradle.internal.execution.steps.StoreExecutionStateStep.executeMutable(StoreExecutionStateStep.java:46)
	at org.gradle.internal.execution.steps.StoreExecutionStateStep.executeMutable(StoreExecutionStateStep.java:35)
	at org.gradle.internal.execution.steps.MutableStep.execute(MutableStep.java:26)
	at org.gradle.internal.execution.steps.SkipUpToDateStep.executeBecause(SkipUpToDateStep.java:75)
	at org.gradle.internal.execution.steps.SkipUpToDateStep.lambda$execute$2(SkipUpToDateStep.java:53)
	at org.gradle.internal.execution.steps.SkipUpToDateStep.execute(SkipUpToDateStep.java:53)
	at org.gradle.internal.execution.steps.SkipUpToDateStep.execute(SkipUpToDateStep.java:35)
	at org.gradle.internal.execution.steps.legacy.MarkSnapshottingInputsFinishedStep.execute(MarkSnapshottingInputsFinishedStep.java:37)
	at org.gradle.internal.execution.steps.legacy.MarkSnapshottingInputsFinishedStep.execute(MarkSnapshottingInputsFinishedStep.java:27)
	at org.gradle.internal.execution.steps.ResolveMutableCachingStateStep.executeDelegate(ResolveMutableCachingStateStep.java:70)
	at org.gradle.internal.execution.steps.ResolveMutableCachingStateStep.executeDelegate(ResolveMutableCachingStateStep.java:32)
	at org.gradle.internal.execution.steps.AbstractResolveCachingStateStep.execute(AbstractResolveCachingStateStep.java:69)
	at org.gradle.internal.execution.steps.AbstractResolveCachingStateStep.execute(AbstractResolveCachingStateStep.java:37)
	at org.gradle.internal.execution.steps.ResolveChangesStep.executeMutable(ResolveChangesStep.java:63)
	at org.gradle.internal.execution.steps.ResolveChangesStep.executeMutable(ResolveChangesStep.java:34)
	at org.gradle.internal.execution.steps.MutableStep.execute(MutableStep.java:26)
	at org.gradle.internal.execution.steps.ValidateStep$Mutable.executeDelegate(ValidateStep.java:79)
	at org.gradle.internal.execution.steps.ValidateStep$Mutable.executeDelegate(ValidateStep.java:65)
	at org.gradle.internal.execution.steps.ValidateStep.execute(ValidateStep.java:99)
	at org.gradle.internal.execution.steps.ValidateStep$Mutable.execute(ValidateStep.java:65)
	at org.gradle.internal.execution.steps.CaptureMutableStateBeforeExecutionStep.executeMutable(CaptureMutableStateBeforeExecutionStep.java:86)
	at org.gradle.internal.execution.steps.CaptureMutableStateBeforeExecutionStep.execute(CaptureMutableStateBeforeExecutionStep.java:65)
	at org.gradle.internal.execution.steps.CaptureMutableStateBeforeExecutionStep.execute(CaptureMutableStateBeforeExecutionStep.java:45)
	at org.gradle.internal.execution.steps.SkipEmptyMutableWorkStep.executeWithNonEmptySources(SkipEmptyMutableWorkStep.java:210)
	at org.gradle.internal.execution.steps.SkipEmptyMutableWorkStep.executeMutable(SkipEmptyMutableWorkStep.java:85)
	at org.gradle.internal.execution.steps.SkipEmptyMutableWorkStep.executeMutable(SkipEmptyMutableWorkStep.java:53)
	at org.gradle.internal.execution.steps.MutableStep.execute(MutableStep.java:26)
	at org.gradle.internal.execution.steps.legacy.MarkSnapshottingInputsStartedStep.execute(MarkSnapshottingInputsStartedStep.java:38)
	at org.gradle.internal.execution.steps.LoadPreviousExecutionStateStep.executeMutable(LoadPreviousExecutionStateStep.java:36)
	at org.gradle.internal.execution.steps.LoadPreviousExecutionStateStep.executeMutable(LoadPreviousExecutionStateStep.java:23)
	at org.gradle.internal.execution.steps.MutableStep.execute(MutableStep.java:26)
	at org.gradle.internal.execution.steps.HandleStaleOutputsStep.executeMutable(HandleStaleOutputsStep.java:77)
	at org.gradle.internal.execution.steps.HandleStaleOutputsStep.executeMutable(HandleStaleOutputsStep.java:43)
	at org.gradle.internal.execution.steps.MutableStep.execute(MutableStep.java:26)
	at org.gradle.internal.execution.steps.AssignMutableWorkspaceStep.lambda$executeMutable$0(AssignMutableWorkspaceStep.java:34)
	at org.gradle.api.internal.tasks.execution.TaskExecution$4.withWorkspace(TaskExecution.java:305)
	at org.gradle.internal.execution.steps.AssignMutableWorkspaceStep.executeMutable(AssignMutableWorkspaceStep.java:30)
	at org.gradle.internal.execution.steps.AssignMutableWorkspaceStep.executeMutable(AssignMutableWorkspaceStep.java:21)
	at org.gradle.internal.execution.steps.MutableStep.execute(MutableStep.java:26)
	at org.gradle.internal.execution.steps.ChoosePipelineStep.execute(ChoosePipelineStep.java:40)
	at org.gradle.internal.execution.steps.ChoosePipelineStep.execute(ChoosePipelineStep.java:23)
	at org.gradle.internal.execution.steps.ExecuteWorkBuildOperationFiringStep.lambda$execute$2(ExecuteWorkBuildOperationFiringStep.java:67)
	at org.gradle.internal.execution.steps.ExecuteWorkBuildOperationFiringStep.execute(ExecuteWorkBuildOperationFiringStep.java:67)
	at org.gradle.internal.execution.steps.ExecuteWorkBuildOperationFiringStep.execute(ExecuteWorkBuildOperationFiringStep.java:39)
	at org.gradle.internal.execution.steps.IdentityCacheStep.execute(IdentityCacheStep.java:46)
	at org.gradle.internal.execution.steps.IdentityCacheStep.execute(IdentityCacheStep.java:34)
	at org.gradle.internal.execution.steps.IdentifyStep.execute(IdentifyStep.java:56)
	at org.gradle.internal.execution.steps.IdentifyStep.execute(IdentifyStep.java:38)
	at org.gradle.internal.execution.impl.DefaultExecutionEngine$1.execute(DefaultExecutionEngine.java:68)
	at org.gradle.api.internal.tasks.execution.ExecuteActionsTaskExecuter.executeIfValid(ExecuteActionsTaskExecuter.java:132)
	... 30 more
Caused by: com.android.ide.common.process.ProcessException: ninja: Entering directory `/home/runner/work/retro-manager/retro-manager/runtime/retropack-runtime-melonds/.cxx/Debug/4l53r62e/arm64-v8a'
[1/71] Building C object CMakeFiles/retropack-runtime-melonds.dir/src/main/cpp/ringbuffer.c.o
[2/71] Building CXX object CMakeFiles/retropack-runtime-melonds.dir/src/main/cpp/melonds_platform.cpp.o
[3/71] Building CXX object CMakeFiles/retropack-runtime-melonds.dir/src/main/cpp/melonds-jni.cpp.o
[4/71] Building CXX object CMakeFiles/retropack-runtime-melonds.dir/submodules/melonds/src/AREngine.cpp.o
[5/71] Building CXX object CMakeFiles/retropack-runtime-melonds.dir/submodules/melonds/src/ARDatabaseDAT.cpp.o
[6/71] Building CXX object CMakeFiles/retropack-runtime-melonds.dir/submodules/melonds/src/ARCodeFile.cpp.o
[7/71] Building CXX object CMakeFiles/retropack-runtime-melonds.dir/submodules/melonds/src/ARMInterpreter.cpp.o
[8/71] Building CXX object CMakeFiles/retropack-runtime-melonds.dir/submodules/melonds/src/ARM.cpp.o
[9/71] Building CXX object CMakeFiles/retropack-runtime-melonds.dir/submodules/melonds/src/ARMInterpreter_Branch.cpp.o
[10/71] Building CXX object CMakeFiles/retropack-runtime-melonds.dir/submodules/melonds/src/CRC32.cpp.o
[11/71] Building CXX object CMakeFiles/retropack-runtime-melonds.dir/submodules/melonds/src/ARMInterpreter_LoadStore.cpp.o
[12/71] Building CXX object CMakeFiles/retropack-runtime-melonds.dir/submodules/melonds/src/DMA_Timings.cpp.o
[13/71] Building CXX object CMakeFiles/retropack-runtime-melonds.dir/submodules/melonds/src/DMA.cpp.o
[14/71] Building CXX object CMakeFiles/retropack-runtime-melonds.dir/submodules/melonds/src/CP15.cpp.o
[15/71] Building CXX object CMakeFiles/retropack-runtime-melonds.dir/submodules/melonds/src/ARMInterpreter_ALU.cpp.o
[16/71] Building CXX object CMakeFiles/retropack-runtime-melonds.dir/submodules/melonds/src/ARM_InstrInfo.cpp.o
[17/71] Building CXX object CMakeFiles/retropack-runtime-melonds.dir/submodules/melonds/src/DSi.cpp.o
[18/71] Building CXX object CMakeFiles/retropack-runtime-melonds.dir/submodules/melonds/src/DSi_AES.cpp.o
[19/71] Building CXX object CMakeFiles/retropack-runtime-melonds.dir/submodules/melonds/src/DSi_I2C.cpp.o
[20/71] Building CXX object CMakeFiles/retropack-runtime-melonds.dir/submodules/melonds/src/DSi_I2S.cpp.o
[21/71] Building CXX object CMakeFiles/retropack-runtime-melonds.dir/submodules/melonds/src/DSi_Camera.cpp.o
[22/71] Building CXX object CMakeFiles/retropack-runtime-melonds.dir/submodules/melonds/src/DSi_DSP.cpp.o
[23/71] Building CXX object CMakeFiles/retropack-runtime-melonds.dir/submodules/melonds/src/DSi_NWifi.cpp.o
[24/71] Building CXX object CMakeFiles/retropack-runtime-melonds.dir/submodules/melonds/src/DSi_NDMA.cpp.o
[25/71] Building CXX object CMakeFiles/retropack-runtime-melonds.dir/submodules/melonds/src/DSi_NAND.cpp.o
[26/71] Building CXX object CMakeFiles/retropack-runtime-melonds.dir/submodules/melonds/src/DSi_SPI_TSC.cpp.o
[27/71] Building CXX object CMakeFiles/retropack-runtime-melonds.dir/submodules/melonds/src/DSi_SD.cpp.o
[28/71] Building CXX object CMakeFiles/retropack-runtime-melonds.dir/submodules/melonds/src/FreeBIOS.cpp.o
[29/71] Building CXX object CMakeFiles/retropack-runtime-melonds.dir/submodules/melonds/src/FATIO.cpp.o
[30/71] Building CXX object CMakeFiles/retropack-runtime-melonds.dir/submodules/melonds/src/GBACart.cpp.o
[31/71] Building CXX object CMakeFiles/retropack-runtime-melonds.dir/submodules/melonds/src/FATStorage.cpp.o
[32/71] Building CXX object CMakeFiles/retropack-runtime-melonds.dir/submodules/melonds/src/GPU.cpp.o
[33/71] Building CXX object CMakeFiles/retropack-runtime-melonds.dir/submodules/melonds/src/GBACartMotionPak.cpp.o
[34/71] Building CXX object CMakeFiles/retropack-runtime-melonds.dir/submodules/melonds/src/GPU_Soft.cpp.o
[35/71] Building CXX object CMakeFiles/retropack-runtime-melonds.dir/submodules/melonds/src/GPU2D.cpp.o
[36/71] Building CXX object CMakeFiles/retropack-runtime-melonds.dir/submodules/melonds/src/GPU3D_Texcache.cpp.o
[37/71] Building CXX object CMakeFiles/retropack-runtime-melonds.dir/submodules/melonds/src/GPU2D_Soft.cpp.o
[38/71] Building CXX object CMakeFiles/retropack-runtime-melonds.dir/submodules/melonds/src/ROMList.cpp.o
[39/71] Building CXX object CMakeFiles/retropack-runtime-melonds.dir/submodules/melonds/src/Mic.cpp.o
[40/71] Building CXX object CMakeFiles/retropack-runtime-melonds.dir/submodules/melonds/src/GPU3D.cpp.o
[41/71] Building CXX object CMakeFiles/retropack-runtime-melonds.dir/submodules/melonds/src/Savestate.cpp.o
[42/71] Building CXX object CMakeFiles/retropack-runtime-melonds.dir/submodules/melonds/src/GPU3D_Soft.cpp.o
[43/71] Building CXX object CMakeFiles/retropack-runtime-melonds.dir/submodules/melonds/src/RTC.cpp.o
[44/71] Building CXX object CMakeFiles/retropack-runtime-melonds.dir/submodules/melonds/src/NDSCart.cpp.o
[45/71] Building CXX object CMakeFiles/retropack-runtime-melonds.dir/submodules/melonds/src/Utils.cpp.o
[46/71] Building CXX object CMakeFiles/retropack-runtime-melonds.dir/submodules/melonds/src/SPI_Firmware.cpp.o
[47/71] Building CXX object CMakeFiles/retropack-runtime-melonds.dir/submodules/melonds/src/NDS.cpp.o
[48/71] Building CXX object CMakeFiles/retropack-runtime-melonds.dir/submodules/melonds/src/SPI.cpp.o
[49/71] Building CXX object CMakeFiles/retropack-runtime-melonds.dir/submodules/melonds/src/Wifi.cpp.o
[50/71] Building CXX object CMakeFiles/retropack-runtime-melonds.dir/submodules/melonds/src/WifiAP.cpp.o
[51/71] Building CXX object CMakeFiles/retropack-runtime-melonds.dir/submodules/melonds/src/DSP_HLE/AACUcode.cpp.o
[52/71] Building CXX object CMakeFiles/retropack-runtime-melonds.dir/submodules/melonds/src/SPU.cpp.o
[53/71] Building CXX object CMakeFiles/retropack-runtime-melonds.dir/submodules/melonds/src/DSP_HLE/UcodeBase.cpp.o
[54/71] Building CXX object CMakeFiles/retropack-runtime-melonds.dir/submodules/melonds/src/NDSCart/CartCommon.cpp.o
[55/71] Building CXX object CMakeFiles/retropack-runtime-melonds.dir/submodules/melonds/src/DSP_HLE/GraphicsUcode.cpp.o
[56/71] Building CXX object CMakeFiles/retropack-runtime-melonds.dir/submodules/melonds/src/DSP_HLE/G711Ucode.cpp.o
[57/71] Building CXX object CMakeFiles/retropack-runtime-melonds.dir/submodules/melonds/src/NDSCart/CartRetailIR.cpp.o
[58/71] Building CXX object CMakeFiles/retropack-runtime-melonds.dir/submodules/melonds/src/NDSCart/CartRetail.cpp.o
[59/71] Building C object CMakeFiles/retropack-runtime-melonds.dir/submodules/melonds/src/fatfs/ff.c.o
[60/71] Building CXX object CMakeFiles/retropack-runtime-melonds.dir/submodules/melonds/src/NDSCart/CartSD.cpp.o
[61/71] Building CXX object CMakeFiles/retropack-runtime-melonds.dir/submodules/melonds/src/NDSCart/CartRetailNAND.cpp.o
[62/71] Building C object CMakeFiles/retropack-runtime-melonds.dir/submodules/melonds/src/fatfs/ffsystem.c.o
[63/71] Building C object CMakeFiles/retropack-runtime-melonds.dir/submodules/melonds/src/sha1/sha1.c.o
[64/71] Building C object CMakeFiles/retropack-runtime-melonds.dir/submodules/melonds/src/fatfs/ffunicode.c.o
[65/71] Building C object CMakeFiles/retropack-runtime-melonds.dir/submodules/melonds/src/tiny-AES-c/aes.c.o
[66/71] Building C object CMakeFiles/retropack-runtime-melonds.dir/submodules/melonds/src/blip-buf/blip_buf.c.o
[67/71] Building C object CMakeFiles/retropack-runtime-melonds.dir/submodules/melonds/src/xxhash/xxhash.c.o
[68/71] Building CXX object CMakeFiles/retropack-runtime-melonds.dir/submodules/melonds/src/NDSCart/CartRetailBT.cpp.o
[69/71] Building CXX object CMakeFiles/retropack-runtime-melonds.dir/submodules/melonds/src/NDSCart/CartHomebrew.cpp.o
[70/71] Building CXX object CMakeFiles/retropack-runtime-melonds.dir/submodules/melonds/src/NDSCart/CartR4.cpp.o
[71/71] Linking CXX shared library ../../../../build/intermediates/cxx/Debug/4l53r62e/obj/arm64-v8a/libretropack-runtime-melonds.so
FAILED: ../../../../build/intermediates/cxx/Debug/4l53r62e/obj/arm64-v8a/libretropack-runtime-melonds.so 
: && /usr/local/lib/android/sdk/ndk/27.0.12077973/toolchains/llvm/prebuilt/linux-x86_64/bin/clang++ --target=aarch64-none-linux-android26 --sysroot=/usr/local/lib/android/sdk/ndk/27.0.12077973/toolchains/llvm/prebuilt/linux-x86_64/sysroot -fPIC -g -DANDROID -fdata-sections -ffunction-sections -funwind-tables -fstack-protector-strong -no-canonical-prefixes -D_FORTIFY_SOURCE=2 -Wformat -Werror=format-security   -fno-limit-debug-info  -static-libstdc++ -Wl,--build-id=sha1 -Wl,--no-rosegment -Wl,--no-undefined-version -Wl,--fatal-warnings -Wl,--no-undefined -Qunused-arguments  -Wl,-z,max-page-size=16384 -Wl,-z,common-page-size=16384   -Wl,-z,max-page-size=16384 -Wl,-z,common-page-size=16384 -shared -Wl,-soname,libretropack-runtime-melonds.so -o ../../../../build/intermediates/cxx/Debug/4l53r62e/obj/arm64-v8a/libretropack-runtime-melonds.so CMakeFiles/retropack-runtime-melonds.dir/src/main/cpp/melonds-jni.cpp.o CMakeFiles/retropack-runtime-melonds.dir/src/main/cpp/melonds_platform.cpp.o CMakeFiles/retropack-runtime-melonds.dir/src/main/cpp/ringbuffer.c.o CMakeFiles/retropack-runtime-melonds.dir/submodules/melonds/src/ARCodeFile.cpp.o CMakeFiles/retropack-runtime-melonds.dir/submodules/melonds/src/ARDatabaseDAT.cpp.o CMakeFiles/retropack-runtime-melonds.dir/submodules/melonds/src/AREngine.cpp.o CMakeFiles/retropack-runtime-melonds.dir/submodules/melonds/src/ARM.cpp.o CMakeFiles/retropack-runtime-melonds.dir/submodules/melonds/src/ARMInterpreter.cpp.o CMakeFiles/retropack-runtime-melonds.dir/submodules/melonds/src/ARMInterpreter_ALU.cpp.o CMakeFiles/retropack-runtime-melonds.dir/submodules/melonds/src/ARMInterpreter_Branch.cpp.o CMakeFiles/retropack-runtime-melonds.dir/submodules/melonds/src/ARMInterpreter_LoadStore.cpp.o CMakeFiles/retropack-runtime-melonds.dir/submodules/melonds/src/ARM_InstrInfo.cpp.o CMakeFiles/retropack-runtime-melonds.dir/submodules/melonds/src/CP15.cpp.o CMakeFiles/retropack-runtime-melonds.dir/submodules/melonds/src/CRC32.cpp.o CMakeFiles/retropack-runtime-melonds.dir/submodules/melonds/src/DMA.cpp.o CMakeFiles/retropack-runtime-melonds.dir/submodules/melonds/src/DMA_Timings.cpp.o CMakeFiles/retropack-runtime-melonds.dir/submodules/melonds/src/DSi.cpp.o CMakeFiles/retropack-runtime-melonds.dir/submodules/melonds/src/DSi_AES.cpp.o CMakeFiles/retropack-runtime-melonds.dir/submodules/melonds/src/DSi_Camera.cpp.o CMakeFiles/retropack-runtime-melonds.dir/submodules/melonds/src/DSi_DSP.cpp.o CMakeFiles/retropack-runtime-melonds.dir/submodules/melonds/src/DSi_I2C.cpp.o CMakeFiles/retropack-runtime-melonds.dir/submodules/melonds/src/DSi_I2S.cpp.o CMakeFiles/retropack-runtime-melonds.dir/submodules/melonds/src/DSi_NAND.cpp.o CMakeFiles/retropack-runtime-melonds.dir/submodules/melonds/src/DSi_NDMA.cpp.o CMakeFiles/retropack-runtime-melonds.dir/submodules/melonds/src/DSi_NWifi.cpp.o CMakeFiles/retropack-runtime-melonds.dir/submodules/melonds/src/DSi_SD.cpp.o CMakeFiles/retropack-runtime-melonds.dir/submodules/melonds/src/DSi_SPI_TSC.cpp.o CMakeFiles/retropack-runtime-melonds.dir/submodules/melonds/src/FATIO.cpp.o CMakeFiles/retropack-runtime-melonds.dir/submodules/melonds/src/FATStorage.cpp.o CMakeFiles/retropack-runtime-melonds.dir/submodules/melonds/src/FreeBIOS.cpp.o CMakeFiles/retropack-runtime-melonds.dir/submodules/melonds/src/GBACart.cpp.o CMakeFiles/retropack-runtime-melonds.dir/submodules/melonds/src/GBACartMotionPak.cpp.o CMakeFiles/retropack-runtime-melonds.dir/submodules/melonds/src/GPU.cpp.o CMakeFiles/retropack-runtime-melonds.dir/submodules/melonds/src/GPU_Soft.cpp.o CMakeFiles/retropack-runtime-melonds.dir/submodules/melonds/src/GPU2D.cpp.o CMakeFiles/retropack-runtime-melonds.dir/submodules/melonds/src/GPU2D_Soft.cpp.o CMakeFiles/retropack-runtime-melonds.dir/submodules/melonds/src/GPU3D.cpp.o CMakeFiles/retropack-runtime-melonds.dir/submodules/melonds/src/GPU3D_Soft.cpp.o CMakeFiles/retropack-runtime-melonds.dir/submodules/melonds/src/GPU3D_Texcache.cpp.o CMakeFiles/retropack-runtime-melonds.dir/submodules/melonds/src/Mic.cpp.o CMakeFiles/retropack-runtime-melonds.dir/submodules/melonds/src/NDS.cpp.o CMakeFiles/retropack-runtime-melonds.dir/submodules/melonds/src/NDSCart.cpp.o CMakeFiles/retropack-runtime-melonds.dir/submodules/melonds/src/ROMList.cpp.o CMakeFiles/retropack-runtime-melonds.dir/submodules/melonds/src/RTC.cpp.o CMakeFiles/retropack-runtime-melonds.dir/submodules/melonds/src/Savestate.cpp.o CMakeFiles/retropack-runtime-melonds.dir/submodules/melonds/src/SPI.cpp.o CMakeFiles/retropack-runtime-melonds.dir/submodules/melonds/src/SPI_Firmware.cpp.o CMakeFiles/retropack-runtime-melonds.dir/submodules/melonds/src/SPU.cpp.o CMakeFiles/retropack-runtime-melonds.dir/submodules/melonds/src/Utils.cpp.o CMakeFiles/retropack-runtime-melonds.dir/submodules/melonds/src/Wifi.cpp.o CMakeFiles/retropack-runtime-melonds.dir/submodules/melonds/src/WifiAP.cpp.o CMakeFiles/retropack-runtime-melonds.dir/submodules/melonds/src/DSP_HLE/UcodeBase.cpp.o CMakeFiles/retropack-runtime-melonds.dir/submodules/melonds/src/DSP_HLE/AACUcode.cpp.o CMakeFiles/retropack-runtime-melonds.dir/submodules/melonds/src/DSP_HLE/G711Ucode.cpp.o CMakeFiles/retropack-runtime-melonds.dir/submodules/melonds/src/DSP_HLE/GraphicsUcode.cpp.o CMakeFiles/retropack-runtime-melonds.dir/submodules/melonds/src/NDSCart/CartCommon.cpp.o CMakeFiles/retropack-runtime-melonds.dir/submodules/melonds/src/NDSCart/CartRetail.cpp.o CMakeFiles/retropack-runtime-melonds.dir/submodules/melonds/src/NDSCart/CartRetailNAND.cpp.o CMakeFiles/retropack-runtime-melonds.dir/submodules/melonds/src/NDSCart/CartRetailIR.cpp.o CMakeFiles/retropack-runtime-melonds.dir/submodules/melonds/src/NDSCart/CartRetailBT.cpp.o CMakeFiles/retropack-runtime-melonds.dir/submodules/melonds/src/NDSCart/CartSD.cpp.o CMakeFiles/retropack-runtime-melonds.dir/submodules/melonds/src/NDSCart/CartHomebrew.cpp.o CMakeFiles/retropack-runtime-melonds.dir/submodules/melonds/src/NDSCart/CartR4.cpp.o CMakeFiles/retropack-runtime-melonds.dir/submodules/melonds/src/fatfs/ff.c.o CMakeFiles/retropack-runtime-melonds.dir/submodules/melonds/src/fatfs/ffsystem.c.o CMakeFiles/retropack-runtime-melonds.dir/submodules/melonds/src/fatfs/ffunicode.c.o CMakeFiles/retropack-runtime-melonds.dir/submodules/melonds/src/sha1/sha1.c.o CMakeFiles/retropack-runtime-melonds.dir/submodules/melonds/src/tiny-AES-c/aes.c.o CMakeFiles/retropack-runtime-melonds.dir/submodules/melonds/src/xxhash/xxhash.c.o CMakeFiles/retropack-runtime-melonds.dir/submodules/melonds/src/blip-buf/blip_buf.c.o  -lGLESv3  -lGLESv2  -lEGL  -lOpenSLES  -landroid  -llog  -lm  -lz  -latomic -lm && :
ld.lld: error: undefined symbol: Teakra::Teakra::Teakra()
>>> referenced by DSi_DSP.cpp:275 (/home/runner/work/retro-manager/retro-manager/runtime/retropack-runtime-melonds/submodules/melonds/src/DSi_DSP.cpp:275)
>>>               CMakeFiles/retropack-runtime-melonds.dir/submodules/melonds/src/DSi_DSP.cpp.o:(melonDS::DSi_DSP::StartDSPLLE())

ld.lld: error: undefined symbol: Teakra::Teakra::SetRecvDataHandler(unsigned char, std::__ndk1::function<void ()>)
>>> referenced by DSi_DSP.cpp:280 (/home/runner/work/retro-manager/retro-manager/runtime/retropack-runtime-melonds/submodules/melonds/src/DSi_DSP.cpp:280)
>>>               CMakeFiles/retropack-runtime-melonds.dir/submodules/melonds/src/DSi_DSP.cpp.o:(melonDS::DSi_DSP::StartDSPLLE())
>>> referenced by DSi_DSP.cpp:281 (/home/runner/work/retro-manager/retro-manager/runtime/retropack-runtime-melonds/submodules/melonds/src/DSi_DSP.cpp:281)
>>>               CMakeFiles/retropack-runtime-melonds.dir/submodules/melonds/src/DSi_DSP.cpp.o:(melonDS::DSi_DSP::StartDSPLLE())
>>> referenced by DSi_DSP.cpp:282 (/home/runner/work/retro-manager/retro-manager/runtime/retropack-runtime-melonds/submodules/melonds/src/DSi_DSP.cpp:282)
>>>               CMakeFiles/retropack-runtime-melonds.dir/submodules/melonds/src/DSi_DSP.cpp.o:(melonDS::DSi_DSP::StartDSPLLE())

ld.lld: error: undefined symbol: Teakra::Teakra::SetSemaphoreHandler(std::__ndk1::function<void ()>)
>>> referenced by DSi_DSP.cpp:284 (/home/runner/work/retro-manager/retro-manager/runtime/retropack-runtime-melonds/submodules/melonds/src/DSi_DSP.cpp:284)
>>>               CMakeFiles/retropack-runtime-melonds.dir/submodules/melonds/src/DSi_DSP.cpp.o:(melonDS::DSi_DSP::StartDSPLLE())

ld.lld: error: undefined symbol: Teakra::Teakra::SetSharedMemoryCallback(Teakra::SharedMemoryCallback const&)
>>> referenced by DSi_DSP.cpp:289 (/home/runner/work/retro-manager/retro-manager/runtime/retropack-runtime-melonds/submodules/melonds/src/DSi_DSP.cpp:289)
>>>               CMakeFiles/retropack-runtime-melonds.dir/submodules/melonds/src/DSi_DSP.cpp.o:(melonDS::DSi_DSP::StartDSPLLE())

ld.lld: error: undefined symbol: Teakra::Teakra::SetAHBMCallback(Teakra::AHBMCallback const&)
>>> referenced by DSi_DSP.cpp:300 (/home/runner/work/retro-manager/retro-manager/runtime/retropack-runtime-melonds/submodules/melonds/src/DSi_DSP.cpp:300)
>>>               CMakeFiles/retropack-runtime-melonds.dir/submodules/melonds/src/DSi_DSP.cpp.o:(melonDS::DSi_DSP::StartDSPLLE())

ld.lld: error: undefined symbol: Teakra::Teakra::SetMicEnableCallback(std::__ndk1::function<void (bool)>)
>>> referenced by DSi_DSP.cpp:302 (/home/runner/work/retro-manager/retro-manager/runtime/retropack-runtime-melonds/submodules/melonds/src/DSi_DSP.cpp:302)
>>>               CMakeFiles/retropack-runtime-melonds.dir/submodules/melonds/src/DSi_DSP.cpp.o:(melonDS::DSi_DSP::StartDSPLLE())
clang++: error: linker command failed with exit code 1 (use -v to see invocation)
ninja: build stopped: subcommand failed.

C++ build system [build] failed while executing:
    /usr/local/lib/android/sdk/cmake/3.22.1/bin/ninja \
      -C \
      /home/runner/work/retro-manager/retro-manager/runtime/retropack-runtime-melonds/.cxx/Debug/4l53r62e/arm64-v8a \
      retropack-runtime-melonds
  from /home/runner/work/retro-manager/retro-manager/runtime/retropack-runtime-melonds
	at com.android.build.gradle.internal.cxx.process.ExecuteProcessKt.execute(ExecuteProcess.kt:288)
	at com.android.build.gradle.internal.cxx.process.ExecuteProcessKt$executeProcess$1.invoke(ExecuteProcess.kt:108)
	at com.android.build.gradle.internal.cxx.process.ExecuteProcessKt$executeProcess$1.invoke(ExecuteProcess.kt:106)
	at com.android.build.gradle.internal.cxx.timing.TimingEnvironmentKt.time(TimingEnvironment.kt:32)
	at com.android.build.gradle.internal.cxx.process.ExecuteProcessKt.executeProcess(ExecuteProcess.kt:106)
	at com.android.build.gradle.internal.cxx.process.ExecuteProcessKt.executeProcess$default(ExecuteProcess.kt:85)
	at com.android.build.gradle.internal.cxx.build.CxxRegularBuilder.executeProcessBatch(CxxRegularBuilder.kt:332)
	at com.android.build.gradle.internal.cxx.build.CxxRegularBuilder.build(CxxRegularBuilder.kt:129)
	at com.android.build.gradle.tasks.ExternalNativeBuildTask.doTaskAction(ExternalNativeBuildTask.kt:72)
	at com.android.build.gradle.internal.tasks.UnsafeOutputsTask$taskAction$$inlined$recordTaskAction$1.invoke(BaseTask.kt:78)
	at com.android.build.gradle.internal.tasks.Blocks.recordSpan(Blocks.java:51)
	at com.android.build.gradle.internal.tasks.UnsafeOutputsTask.taskAction(UnsafeOutputsTask.kt:81)
	at org.gradle.internal.reflect.JavaMethod.invoke(JavaMethod.java:125)
	... 129 more
Caused by: com.android.ide.common.process.ProcessException: Error while executing process /usr/local/lib/android/sdk/cmake/3.22.1/bin/ninja with arguments {-C /home/runner/work/retro-manager/retro-manager/runtime/retropack-runtime-melonds/.cxx/Debug/4l53r62e/arm64-v8a retropack-runtime-melonds}
	at com.android.build.gradle.internal.process.GradleProcessResult.buildProcessException(GradleProcessResult.java:73)
	at com.android.build.gradle.internal.process.GradleProcessResult.assertNormalExitValue(GradleProcessResult.java:48)
	at com.android.build.gradle.internal.cxx.process.ExecuteProcessKt.execute(ExecuteProcess.kt:277)
	... 141 more
Caused by: org.gradle.process.ProcessExecutionException: Process 'command '/usr/local/lib/android/sdk/cmake/3.22.1/bin/ninja'' finished with non-zero exit value 1
	at org.gradle.process.internal.DefaultExecHandle$ExecResultImpl.assertNormalExitValue(DefaultExecHandle.java:459)
	at com.android.build.gradle.internal.process.GradleProcessResult.assertNormalExitValue(GradleProcessResult.java:46)
	... 142 more


Deprecated Gradle features were used in this build, making it incompatible with Gradle 10.

You can use '--warning-mode all' to show the individual deprecation warnings and determine if they come from your own scripts or plugins.

For more on this, please refer to https://docs.gradle.org/9.5.1/userguide/command_line_interface.html#sec:command_line_warnings in the Gradle documentation.

BUILD FAILED in 21s
2 actionable tasks: 2 executed
