========================================================================================
           ANDROID 15 (16 KB PAGE SIZE) ELF ALIGNMENT VALIDATOR
========================================================================================
Standard Requirement : PT_LOAD p_align >= 0x4000 (16 KB) for 64-bit ABIs
Congruence Rule      : (p_vaddr % 0x4000) == (p_offset % 0x4000)
Search Paths         : 4 location(s)
  - /home/runner/work/retro-manager/retro-manager/runtimes
  - /home/runner/work/retro-manager/retro-manager/runtime
  - /home/runner/work/retro-manager/retro-manager/template-apk/build
========================================================================================
[*] Loaded catalog manifest: cores.json (10 cores declared)
[*] Discovered 20 shared library (.so) binary file(s) across search paths.

----------------------------------------------------------------------------------------
Target Shared Library (.so)                    Arch         PT_LOAD  Min Align  Status    
----------------------------------------------------------------------------------------
...imes/fbneo/lib/arm64-v8a/libretro_fbneo.so  AArch64      3        0x4000     [ PASS ]  
runtimes/fbneo/lib/x86_64/libretro_fbneo.so    x86_64       3        0x4000     [ PASS ]  
...es/fceumm/lib/arm64-v8a/libretro_fceumm.so  AArch64      3        0x4000     [ PASS ]  
runtimes/fceumm/lib/x86_64/libretro_fceumm.so  x86_64       3        0x4000     [ PASS ]  
.../lib/arm64-v8a/libretro_genesis_plus_gx.so  AArch64      3        0x4000     [ PASS ]  
..._gx/lib/x86_64/libretro_genesis_plus_gx.so  x86_64       3        0x4000     [ PASS ]  
...ib/arm64-v8a/libretro_mednafen_pce_fast.so  AArch64      3        0x4000     [ PASS ]  
...t/lib/x86_64/libretro_mednafen_pce_fast.so  x86_64       3        0x4000     [ PASS ]  
.../melonds/lib/arm64-v8a/libretro_melonds.so  AArch64      3        0x4000     [ PASS ]  
...mes/melonds/lib/x86_64/libretro_melonds.so  x86_64       3        0x4000     [ PASS ]  
runtimes/mgba/lib/arm64-v8a/libretro_mgba.so   AArch64      3        0x4000     [ PASS ]  
runtimes/mgba/lib/x86_64/libretro_mgba.so      x86_64       3        0x4000     [ PASS ]  
...lib/arm64-v8a/libretro_mupen64plus_next.so  AArch64      3        0x4000     [ PASS ]  
...xt/lib/x86_64/libretro_mupen64plus_next.so  x86_64       3        0x4000     [ PASS ]  
...med/lib/arm64-v8a/libretro_pcsx_rearmed.so  AArch64      3        0x4000     [ PASS ]  
...earmed/lib/x86_64/libretro_pcsx_rearmed.so  x86_64       3        0x4000     [ PASS ]  
...es/ppsspp/lib/arm64-v8a/libretro_ppsspp.so  AArch64      3        0x4000     [ PASS ]  
runtimes/ppsspp/lib/x86_64/libretro_ppsspp.so  x86_64       3        0x4000     [ PASS ]  
...es/snes9x/lib/arm64-v8a/libretro_snes9x.so  AArch64      3        0x4000     [ PASS ]  
runtimes/snes9x/lib/x86_64/libretro_snes9x.so  x86_64       3        0x4000     [ PASS ]  
----------------------------------------------------------------------------------------
Total Binaries Scanned : 20
Certified Compliant    : 20 (16 KB page-aligned)
Non-Compliant / Failed : 0
Execution Duration     : 0.01s
========================================================================================

[OK] 16 KB ELF page-size alignment certification passed successfully.
