> Task :runtime:retropack-runtime-ppsspp:preBuild UP-TO-DATE
> Task :runtime:retropack-runtime-ppsspp:preDebugBuild UP-TO-DATE
> Task :runtime:retropack-runtime-ppsspp:configureCMakeDebug[arm64-v8a]

> Task :runtime:retropack-runtime-ppsspp:buildCMakeDebug[arm64-v8a]
C/C++: ninja: Entering directory `/home/runner/work/retro-manager/retro-manager/runtime/retropack-runtime-ppsspp/.cxx/Debug/6j612z2i/arm64-v8a'
C/C++: /usr/local/lib/android/sdk/ndk/27.0.12077973/toolchains/llvm/prebuilt/linux-x86_64/bin/clang++ --target=aarch64-none-linux-android26 --sysroot=/usr/local/lib/android/sdk/ndk/27.0.12077973/toolchains/llvm/prebuilt/linux-x86_64/sysroot -DARMIPS_USE_STD_FILESYSTEM=1 -DHAVE_PPSSPP_CORE=1 -DRC_DISABLE_LUA=1 -DUSING_GLES2=1 -D_GNU_SOURCE=1 -D__STDC_CONSTANT_MACROS=1 -Dretropack_runtime_ppsspp_EXPORTS -I/home/runner/work/retro-manager/retro-manager/runtime/retropack-runtime-ppsspp/src/main/cpp -I/home/runner/work/retro-manager/retro-manager/runtime/retropack-runtime-ppsspp/submodules/ppsspp -I/home/runner/work/retro-manager/retro-manager/runtime/retropack-runtime-ppsspp/submodules/ppsspp/Core -I/home/runner/work/retro-manager/retro-manager/runtime/retropack-runtime-ppsspp/submodules/ppsspp/Common -I/home/runner/work/retro-manager/retro-manager/runtime/retropack-runtime-ppsspp/submodules/ppsspp/GPU -I/home/runner/work/retro-manager/retro-manager/runtime/retropack-runtime-ppsspp/submodules/ppsspp/GPU/Common -I/home/runner/work/retro-manager/retro-manager/runtime/retropack-runtime-ppsspp/submodules/ppsspp/ext -I/home/runner/work/retro-manager/retro-manager/runtime/retropack-runtime-ppsspp/submodules/ppsspp/ext/cityhash -I/home/runner/work/retro-manager/retro-manager/runtime/retropack-runtime-ppsspp/submodules/ppsspp/ext/snappy -I/home/runner/work/retro-manager/retro-manager/runtime/retropack-runtime-ppsspp/submodules/ppsspp/ext/xbrz -I/home/runner/work/retro-manager/retro-manager/runtime/retropack-runtime-ppsspp/submodules/ppsspp/ext/libkirk -I/home/runner/work/retro-manager/retro-manager/runtime/retropack-runtime-ppsspp/submodules/ppsspp/ext/libpng17 -I/home/runner/work/retro-manager/retro-manager/runtime/retropack-runtime-ppsspp/submodules/ppsspp/ext/libzip -I/home/runner/work/retro-manager/retro-manager/runtime/retropack-runtime-ppsspp/submodules/ppsspp/ext/minimp3 -g -DANDROID -fdata-sections -ffunction-sections -funwind-tables -fstack-protector-strong -no-canonical-prefixes -D_FORTIFY_SOURCE=2 -Wformat -Werror=format-security   -fno-limit-debug-info  -fPIC -w -MD -MT CMakeFiles/retropack-runtime-ppsspp.dir/submodules/ppsspp/Core/FileSystems/BlockDevices.cpp.o -MF CMakeFiles/retropack-runtime-ppsspp.dir/submodules/ppsspp/Core/FileSystems/BlockDevices.cpp.o.d -o CMakeFiles/retropack-runtime-ppsspp.dir/submodules/ppsspp/Core/FileSystems/BlockDevices.cpp.o -c /home/runner/work/retro-manager/retro-manager/runtime/retropack-runtime-ppsspp/submodules/ppsspp/Core/FileSystems/BlockDevices.cpp
C/C++: /home/runner/work/retro-manager/retro-manager/runtime/retropack-runtime-ppsspp/submodules/ppsspp/Core/FileSystems/BlockDevices.cpp:36:10: fatal error: 'libchdr/chd.h' file not found
C/C++:    36 | #include "libchdr/chd.h"
C/C++:       |          ^~~~~~~~~~~~~~~
C/C++: 1 error generated.

> Task :runtime:retropack-runtime-ppsspp:buildCMakeDebug[arm64-v8a] FAILED
gradle/actions: Writing build results to /home/runner/work/_temp/.gradle-actions/build-results/__run_4-1790585540074.json

[Incubating] Problems report is available at: file:///home/runner/work/retro-manager/retro-manager/build/reports/problems/problems-report.html

FAILURE: Build failed with an exception.

* What went wrong:
Execution failed for task ':runtime:retropack-runtime-ppsspp:buildCMakeDebug[arm64-v8a]' (registered by plugin 'com.android.internal.library').
> com.android.ide.common.process.ProcessException: ninja: Entering directory `/home/runner/work/retro-manager/retro-manager/runtime/retropack-runtime-ppsspp/.cxx/Debug/6j612z2i/arm64-v8a'
  [1/369] Building C object CMakeFiles/retropack-runtime-ppsspp.dir/src/main/cpp/zstd.c.o
  [2/369] Building C object CMakeFiles/retropack-runtime-ppsspp.dir/src/main/cpp/ringbuffer.c.o
  [3/369] Building CXX object CMakeFiles/retropack-runtime-ppsspp.dir/submodules/ppsspp/Common/Crypto/md5.cpp.o
  [4/369] Building CXX object CMakeFiles/retropack-runtime-ppsspp.dir/submodules/ppsspp/Common/Data/Color/RGBAUtil.cpp.o
  [5/369] Building CXX object CMakeFiles/retropack-runtime-ppsspp.dir/submodules/ppsspp/Common/Crypto/sha1.cpp.o
  [6/369] Building CXX object CMakeFiles/retropack-runtime-ppsspp.dir/submodules/ppsspp/Common/Crypto/sha256.cpp.o
  [7/369] Building CXX object CMakeFiles/retropack-runtime-ppsspp.dir/submodules/ppsspp/Common/Data/Convert/SmallDataConvert.cpp.o
  [8/369] Building CXX object CMakeFiles/retropack-runtime-ppsspp.dir/submodules/ppsspp/Common/Data/Format/RIFF.cpp.o
  [9/369] Building CXX object CMakeFiles/retropack-runtime-ppsspp.dir/submodules/ppsspp/Common/Data/Encoding/Compression.cpp.o
  [10/369] Building CXX object CMakeFiles/retropack-runtime-ppsspp.dir/src/main/cpp/ppsspp-jni.cpp.o
  [11/369] Building CXX object CMakeFiles/retropack-runtime-ppsspp.dir/submodules/ppsspp/Common/Data/Encoding/Base64.cpp.o
  [12/369] Building CXX object CMakeFiles/retropack-runtime-ppsspp.dir/submodules/ppsspp/Common/Data/Encoding/Utf8.cpp.o
  [13/369] Building CXX object CMakeFiles/retropack-runtime-ppsspp.dir/submodules/ppsspp/Common/Data/Convert/ColorConv.cpp.o
  [14/369] Building CXX object CMakeFiles/retropack-runtime-ppsspp.dir/submodules/ppsspp/Common/Data/Hash/Hash.cpp.o
  [15/369] Building CXX object CMakeFiles/retropack-runtime-ppsspp.dir/submodules/ppsspp/Common/Data/Format/JSONWriter.cpp.o
  [16/369] Building CXX object CMakeFiles/retropack-runtime-ppsspp.dir/submodules/ppsspp/Common/Data/Format/JSONReader.cpp.o
  [17/369] Building CXX object CMakeFiles/retropack-runtime-ppsspp.dir/submodules/ppsspp/Common/Data/Text/WrapText.cpp.o
  [18/369] Building CXX object CMakeFiles/retropack-runtime-ppsspp.dir/submodules/ppsspp/Common/File/AndroidContentURI.cpp.o
  [19/369] Building CXX object CMakeFiles/retropack-runtime-ppsspp.dir/submodules/ppsspp/Common/Data/Text/Parsers.cpp.o
  [20/369] Building CXX object CMakeFiles/retropack-runtime-ppsspp.dir/submodules/ppsspp/Common/Data/Format/IniFile.cpp.o
  [21/369] Building CXX object CMakeFiles/retropack-runtime-ppsspp.dir/submodules/ppsspp/Common/Data/Text/I18n.cpp.o
  [22/369] Building CXX object CMakeFiles/retropack-runtime-ppsspp.dir/submodules/ppsspp/Common/File/AndroidStorage.cpp.o
  [23/369] Building CXX object CMakeFiles/retropack-runtime-ppsspp.dir/submodules/ppsspp/Common/File/DiskFree.cpp.o
  [24/369] Building CXX object CMakeFiles/retropack-runtime-ppsspp.dir/submodules/ppsspp/Common/File/Path.cpp.o
  [25/369] Building CXX object CMakeFiles/retropack-runtime-ppsspp.dir/submodules/ppsspp/Common/File/FileDescriptor.cpp.o
  [26/369] Building CXX object CMakeFiles/retropack-runtime-ppsspp.dir/submodules/ppsspp/Common/File/PathBrowser.cpp.o
  [27/369] Building CXX object CMakeFiles/retropack-runtime-ppsspp.dir/submodules/ppsspp/Common/File/DirListing.cpp.o
  [28/369] Building CXX object CMakeFiles/retropack-runtime-ppsspp.dir/submodules/ppsspp/Common/File/VFS/VFS.cpp.o
  [29/369] Building CXX object CMakeFiles/retropack-runtime-ppsspp.dir/submodules/ppsspp/Common/Math/curves.cpp.o
  [30/369] Building CXX object CMakeFiles/retropack-runtime-ppsspp.dir/submodules/ppsspp/Common/File/FileUtil.cpp.o
  [31/369] Building CXX object CMakeFiles/retropack-runtime-ppsspp.dir/submodules/ppsspp/Common/Math/math_util.cpp.o
  [32/369] Building CXX object CMakeFiles/retropack-runtime-ppsspp.dir/submodules/ppsspp/Common/Math/lin/vec3.cpp.o
  [33/369] Building CXX object CMakeFiles/retropack-runtime-ppsspp.dir/submodules/ppsspp/Common/File/VFS/DirectoryReader.cpp.o
  [34/369] Building CXX object CMakeFiles/retropack-runtime-ppsspp.dir/submodules/ppsspp/Common/Math/lin/matrix4x4.cpp.o
  [35/369] Building CXX object CMakeFiles/retropack-runtime-ppsspp.dir/submodules/ppsspp/Common/Input/GestureDetector.cpp.o
  [36/369] Building CXX object CMakeFiles/retropack-runtime-ppsspp.dir/submodules/ppsspp/Common/Math/expression_parser.cpp.o
  [37/369] Building CXX object CMakeFiles/retropack-runtime-ppsspp.dir/submodules/ppsspp/Common/Input/InputState.cpp.o
  [38/369] Building CXX object CMakeFiles/retropack-runtime-ppsspp.dir/submodules/ppsspp/Common/File/VFS/ZipFileReader.cpp.o
  [39/369] Building CXX object CMakeFiles/retropack-runtime-ppsspp.dir/submodules/ppsspp/Common/Net/NetBuffer.cpp.o
  [40/369] Building CXX object CMakeFiles/retropack-runtime-ppsspp.dir/submodules/ppsspp/Common/Net/URL.cpp.o
  [41/369] Building CXX object CMakeFiles/retropack-runtime-ppsspp.dir/submodules/ppsspp/Common/Serialize/Serializer.cpp.o
  [42/369] Building CXX object CMakeFiles/retropack-runtime-ppsspp.dir/submodules/ppsspp/Common/Net/Resolve.cpp.o
  [43/369] Building CXX object CMakeFiles/retropack-runtime-ppsspp.dir/submodules/ppsspp/Common/Thread/ThreadUtil.cpp.o
  [44/369] Building CXX object CMakeFiles/retropack-runtime-ppsspp.dir/submodules/ppsspp/Common/System/Display.cpp.o
  [45/369] Building CXX object CMakeFiles/retropack-runtime-ppsspp.dir/submodules/ppsspp/Common/CPUDetect.cpp.o
  [46/369] Building CXX object CMakeFiles/retropack-runtime-ppsspp.dir/submodules/ppsspp/Common/Thread/ThreadManager.cpp.o
  [47/369] Building CXX object CMakeFiles/retropack-runtime-ppsspp.dir/submodules/ppsspp/Common/Thread/ParallelLoop.cpp.o
  [48/369] Building CXX object CMakeFiles/retropack-runtime-ppsspp.dir/submodules/ppsspp/Common/Buffer.cpp.o
  [49/369] Building CXX object CMakeFiles/retropack-runtime-ppsspp.dir/submodules/ppsspp/Common/Log/LogManager.cpp.o
  [50/369] Building CXX object CMakeFiles/retropack-runtime-ppsspp.dir/submodules/ppsspp/Common/OSVersion.cpp.o
  [51/369] Building CXX object CMakeFiles/retropack-runtime-ppsspp.dir/submodules/ppsspp/Common/Log/ConsoleListener.cpp.o
  [52/369] Building CXX object CMakeFiles/retropack-runtime-ppsspp.dir/submodules/ppsspp/Common/ArmCPUDetect.cpp.o
  [53/369] Building CXX object CMakeFiles/retropack-runtime-ppsspp.dir/submodules/ppsspp/Common/System/Request.cpp.o
  [54/369] Building CXX object CMakeFiles/retropack-runtime-ppsspp.dir/submodules/ppsspp/Common/System/OSD.cpp.o
  [55/369] Building CXX object CMakeFiles/retropack-runtime-ppsspp.dir/submodules/ppsspp/Common/SysError.cpp.o
  [56/369] Building CXX object CMakeFiles/retropack-runtime-ppsspp.dir/submodules/ppsspp/Common/Log.cpp.o
  [57/369] Building CXX object CMakeFiles/retropack-runtime-ppsspp.dir/submodules/ppsspp/Common/TimeUtil.cpp.o
  [58/369] Building CXX object CMakeFiles/retropack-runtime-ppsspp.dir/submodules/ppsspp/Common/LogReporting.cpp.o
  [59/369] Building CXX object CMakeFiles/retropack-runtime-ppsspp.dir/submodules/ppsspp/Common/MemoryUtil.cpp.o
  [60/369] Building CXX object CMakeFiles/retropack-runtime-ppsspp.dir/submodules/ppsspp/Common/StringUtils.cpp.o
  [61/369] Building CXX object CMakeFiles/retropack-runtime-ppsspp.dir/submodules/ppsspp/Core/ConfigSettings.cpp.o
  [62/369] Building CXX object CMakeFiles/retropack-runtime-ppsspp.dir/submodules/ppsspp/Core/AVIDump.cpp.o
  [63/369] Building CXX object CMakeFiles/retropack-runtime-ppsspp.dir/submodules/ppsspp/Core/KeyMapDefaults.cpp.o
  [64/369] Building CXX object CMakeFiles/retropack-runtime-ppsspp.dir/submodules/ppsspp/Core/ControlMapper.cpp.o
  [65/369] Building CXX object CMakeFiles/retropack-runtime-ppsspp.dir/submodules/ppsspp/Core/Core.cpp.o
  [66/369] Building CXX object CMakeFiles/retropack-runtime-ppsspp.dir/submodules/ppsspp/Core/WaveFile.cpp.o
  [67/369] Building CXX object CMakeFiles/retropack-runtime-ppsspp.dir/submodules/ppsspp/Core/Config.cpp.o
  [68/369] Building CXX object CMakeFiles/retropack-runtime-ppsspp.dir/submodules/ppsspp/Core/FileLoaders/HTTPFileLoader.cpp.o
  [69/369] Building CXX object CMakeFiles/retropack-runtime-ppsspp.dir/submodules/ppsspp/Core/FileLoaders/DiskCachingFileLoader.cpp.o
  [70/369] Building CXX object CMakeFiles/retropack-runtime-ppsspp.dir/submodules/ppsspp/Core/FileLoaders/CachingFileLoader.cpp.o
  [71/369] Building CXX object CMakeFiles/retropack-runtime-ppsspp.dir/submodules/ppsspp/Core/KeyMap.cpp.o
  [72/369] Building CXX object CMakeFiles/retropack-runtime-ppsspp.dir/submodules/ppsspp/Core/FileLoaders/RetryingFileLoader.cpp.o
  [73/369] Building CXX object CMakeFiles/retropack-runtime-ppsspp.dir/submodules/ppsspp/Core/FileLoaders/RamCachingFileLoader.cpp.o
  [74/369] Building CXX object CMakeFiles/retropack-runtime-ppsspp.dir/submodules/ppsspp/Core/FileLoaders/ZipFileLoader.cpp.o
  [75/369] Building CXX object CMakeFiles/retropack-runtime-ppsspp.dir/submodules/ppsspp/Core/HDRemaster.cpp.o
  [76/369] Building CXX object CMakeFiles/retropack-runtime-ppsspp.dir/submodules/ppsspp/Core/CoreTiming.cpp.o
  [77/369] Building CXX object CMakeFiles/retropack-runtime-ppsspp.dir/submodules/ppsspp/Core/FileLoaders/LocalFileLoader.cpp.o
  [78/369] Building CXX object CMakeFiles/retropack-runtime-ppsspp.dir/submodules/ppsspp/Core/Instance.cpp.o
  [79/369] Building CXX object CMakeFiles/retropack-runtime-ppsspp.dir/submodules/ppsspp/Core/Dialog/PSPDialog.cpp.o
  [80/369] Building CXX object CMakeFiles/retropack-runtime-ppsspp.dir/submodules/ppsspp/Core/Debugger/Breakpoints.cpp.o
  [81/369] Building CXX object CMakeFiles/retropack-runtime-ppsspp.dir/submodules/ppsspp/Core/Dialog/PSPMsgDialog.cpp.o
  [82/369] Building CXX object CMakeFiles/retropack-runtime-ppsspp.dir/submodules/ppsspp/Core/Dialog/PSPHtmlViewerDialog.cpp.o
  [83/369] Building CXX object CMakeFiles/retropack-runtime-ppsspp.dir/submodules/ppsspp/Core/CwCheat.cpp.o
  [84/369] Building CXX object CMakeFiles/retropack-runtime-ppsspp.dir/submodules/ppsspp/Core/Dialog/PSPOskConstants.cpp.o
  [85/369] Building CXX object CMakeFiles/retropack-runtime-ppsspp.dir/submodules/ppsspp/Core/Debugger/SymbolMap.cpp.o
  [86/369] Building CXX object CMakeFiles/retropack-runtime-ppsspp.dir/submodules/ppsspp/Core/Dialog/PSPGamedataInstallDialog.cpp.o
  [87/369] Building CXX object CMakeFiles/retropack-runtime-ppsspp.dir/submodules/ppsspp/Core/Dialog/PSPNpSigninDialog.cpp.o
  [88/369] Building CXX object CMakeFiles/retropack-runtime-ppsspp.dir/submodules/ppsspp/Core/Dialog/PSPNetconfDialog.cpp.o
  [89/369] Building CXX object CMakeFiles/retropack-runtime-ppsspp.dir/submodules/ppsspp/Core/Dialog/PSPPlaceholderDialog.cpp.o
  [90/369] Building CXX object CMakeFiles/retropack-runtime-ppsspp.dir/submodules/ppsspp/Core/Dialog/PSPOskDialog.cpp.o
  [91/369] Building CXX object CMakeFiles/retropack-runtime-ppsspp.dir/submodules/ppsspp/Core/Dialog/PSPScreenshotDialog.cpp.o
  [92/369] Building CXX object CMakeFiles/retropack-runtime-ppsspp.dir/submodules/ppsspp/Core/Dialog/PSPSaveDialog.cpp.o
  [93/369] Building CXX object CMakeFiles/retropack-runtime-ppsspp.dir/submodules/ppsspp/Core/FileSystems/tlzrc.cpp.o
  [94/369] Building CXX object CMakeFiles/retropack-runtime-ppsspp.dir/submodules/ppsspp/Core/ELF/ElfReader.cpp.o
  [95/369] Building CXX object CMakeFiles/retropack-runtime-ppsspp.dir/submodules/ppsspp/Core/ELF/PrxDecrypter.cpp.o
  [96/369] Building CXX object CMakeFiles/retropack-runtime-ppsspp.dir/submodules/ppsspp/Core/ELF/ParamSFO.cpp.o
  [97/369] Building CXX object CMakeFiles/retropack-runtime-ppsspp.dir/submodules/ppsspp/Core/ELF/PBPReader.cpp.o
  [98/369] Building CXX object CMakeFiles/retropack-runtime-ppsspp.dir/submodules/ppsspp/Core/FileSystems/BlobFileSystem.cpp.o
  [99/369] Building CXX object CMakeFiles/retropack-runtime-ppsspp.dir/submodules/ppsspp/Core/FileSystems/BlockDevices.cpp.o
  FAILED: CMakeFiles/retropack-runtime-ppsspp.dir/submodules/ppsspp/Core/FileSystems/BlockDevices.cpp.o 
  /usr/local/lib/android/sdk/ndk/27.0.12077973/toolchains/llvm/prebuilt/linux-x86_64/bin/clang++ --target=aarch64-none-linux-android26 --sysroot=/usr/local/lib/android/sdk/ndk/27.0.12077973/toolchains/llvm/prebuilt/linux-x86_64/sysroot -DARMIPS_USE_STD_FILESYSTEM=1 -DHAVE_PPSSPP_CORE=1 -DRC_DISABLE_LUA=1 -DUSING_GLES2=1 -D_GNU_SOURCE=1 -D__STDC_CONSTANT_MACROS=1 -Dretropack_runtime_ppsspp_EXPORTS -I/home/runner/work/retro-manager/retro-manager/runtime/retropack-runtime-ppsspp/src/main/cpp -I/home/runner/work/retro-manager/retro-manager/runtime/retropack-runtime-ppsspp/submodules/ppsspp -I/home/runner/work/retro-manager/retro-manager/runtime/retropack-runtime-ppsspp/submodules/ppsspp/Core -I/home/runner/work/retro-manager/retro-manager/runtime/retropack-runtime-ppsspp/submodules/ppsspp/Common -I/home/runner/work/retro-manager/retro-manager/runtime/retropack-runtime-ppsspp/submodules/ppsspp/GPU -I/home/runner/work/retro-manager/retro-manager/runtime/retropack-runtime-ppsspp/submodules/ppsspp/GPU/Common -I/home/runner/work/retro-manager/retro-manager/runtime/retropack-runtime-ppsspp/submodules/ppsspp/ext -I/home/runner/work/retro-manager/retro-manager/runtime/retropack-runtime-ppsspp/submodules/ppsspp/ext/cityhash -I/home/runner/work/retro-manager/retro-manager/runtime/retropack-runtime-ppsspp/submodules/ppsspp/ext/snappy -I/home/runner/work/retro-manager/retro-manager/runtime/retropack-runtime-ppsspp/submodules/ppsspp/ext/xbrz -I/home/runner/work/retro-manager/retro-manager/runtime/retropack-runtime-ppsspp/submodules/ppsspp/ext/libkirk -I/home/runner/work/retro-manager/retro-manager/runtime/retropack-runtime-ppsspp/submodules/ppsspp/ext/libpng17 -I/home/runner/work/retro-manager/retro-manager/runtime/retropack-runtime-ppsspp/submodules/ppsspp/ext/libzip -I/home/runner/work/retro-manager/retro-manager/runtime/retropack-runtime-ppsspp/submodules/ppsspp/ext/minimp3 -g -DANDROID -fdata-sections -ffunction-sections -funwind-tables -fstack-protector-strong -no-canonical-prefixes -D_FORTIFY_SOURCE=2 -Wformat -Werror=format-security   -fno-limit-debug-info  -fPIC -w -MD -MT CMakeFiles/retropack-runtime-ppsspp.dir/submodules/ppsspp/Core/FileSystems/BlockDevices.cpp.o -MF CMakeFiles/retropack-runtime-ppsspp.dir/submodules/ppsspp/Core/FileSystems/BlockDevices.cpp.o.d -o CMakeFiles/retropack-runtime-ppsspp.dir/submodules/ppsspp/Core/FileSystems/BlockDevices.cpp.o -c /home/runner/work/retro-manager/retro-manager/runtime/retropack-runtime-ppsspp/submodules/ppsspp/Core/FileSystems/BlockDevices.cpp
  /home/runner/work/retro-manager/retro-manager/runtime/retropack-runtime-ppsspp/submodules/ppsspp/Core/FileSystems/BlockDevices.cpp:36:10: fatal error: 'libchdr/chd.h' file not found
     36 | #include "libchdr/chd.h"
        |          ^~~~~~~~~~~~~~~
  1 error generated.
  [100/369] Building CXX object CMakeFiles/retropack-runtime-ppsspp.dir/submodules/ppsspp/Core/Dialog/SavedataParam.cpp.o
  [101/369] Building CXX object CMakeFiles/retropack-runtime-ppsspp.dir/submodules/ppsspp/Core/FileSystems/FileSystem.cpp.o
  [102/369] Building CXX object CMakeFiles/retropack-runtime-ppsspp.dir/submodules/ppsspp/Core/FileSystems/ISOFileSystem.cpp.o
  [103/369] Building CXX object CMakeFiles/retropack-runtime-ppsspp.dir/submodules/ppsspp/Core/FileSystems/DirectoryFileSystem.cpp.o
  [104/369] Building CXX object CMakeFiles/retropack-runtime-ppsspp.dir/submodules/ppsspp/Core/FileSystems/MetaFileSystem.cpp.o
  ninja: build stopped: subcommand failed.
  
  C++ build system [build] failed while executing:
      /usr/local/lib/android/sdk/cmake/3.22.1/bin/ninja \
        -C \
        /home/runner/work/retro-manager/retro-manager/runtime/retropack-runtime-ppsspp/.cxx/Debug/6j612z2i/arm64-v8a \
        retropack-runtime-ppsspp
    from /home/runner/work/retro-manager/retro-manager/runtime/retropack-runtime-ppsspp

* Try:
> Run with --info or --debug option to get more log output.
> Run with --scan to get full insights from a Build Scan (powered by Develocity).
> Get more help at https://help.gradle.org.

* Exception is:
org.gradle.api.tasks.TaskExecutionException: Execution failed for task ':runtime:retropack-runtime-ppsspp:buildCMakeDebug[arm64-v8a]' (registered by plugin 'com.android.internal.library').
	at org.gradle.api.internal.tasks.execution.ExecuteActionsTaskExecuter.lambda$executeIfValid$1(ExecuteActionsTaskExecuter.java:135)
	at org.gradle.internal.Try$Failure.ifSuccessfulOrElse(Try.java:288)
	at org.gradle.api.internal.tasks.execution.ExecuteActionsTaskExecuter.executeIfValid(ExecuteActionsTaskExecuter.java:133)
	at org.gradle.api.internal.tasks.execution.ExecuteActionsTaskExecuter.execute(ExecuteActionsTaskExecuter.java:121)
	at org.gradle.api.internal.tasks.execution.ProblemsTaskPathTrackingTaskExecuter.execute(ProblemsTaskPathTrackingTaskExecuter.java:41)
	at org.gradle.api.internal.tasks.execution.ResolveTaskExecutionModeExecuter.execute(ResolveTaskExecutionModeExecuter.java:51)
	at org.gradle.api.internal.tasks.execution.FinalizePropertiesTaskExecuter.execute(FinalizePropertiesTaskExecuter.java:46)
	at org.gradle.api.internal.tasks.execution.SkipTaskWithNoActionsExecuter.execute(SkipTaskWithNoActionsExecuter.java:57)
	at org.gradle.api.internal.tasks.execution.SkipOnlyIfTaskExecuter.execute(SkipOnlyIfTaskExecuter.java:74)
	at org.gradle.api.internal.tasks.execution.CatchExceptionTaskExecuter.execute(CatchExceptionTaskExecuter.java:36)
	at org.gradle.api.internal.tasks.execution.EventFiringTaskExecuter$1.executeTask(EventFiringTaskExecuter.java:77)
	at org.gradle.api.internal.tasks.execution.EventFiringTaskExecuter$1.call(EventFiringTaskExecuter.java:55)
	at org.gradle.api.internal.tasks.execution.EventFiringTaskExecuter$1.call(EventFiringTaskExecuter.java:52)
	at org.gradle.internal.operations.DefaultBuildOperationRunner$CallableBuildOperationWorker.execute(DefaultBuildOperationRunner.java:210)
	at org.gradle.internal.operations.DefaultBuildOperationRunner$CallableBuildOperationWorker.execute(DefaultBuildOperationRunner.java:205)
	at org.gradle.internal.operations.DefaultBuildOperationRunner$2.execute(DefaultBuildOperationRunner.java:67)
	at org.gradle.internal.operations.DefaultBuildOperationRunner$2.execute(DefaultBuildOperationRunner.java:60)
	at org.gradle.internal.operations.DefaultBuildOperationRunner.execute(DefaultBuildOperationRunner.java:167)
	at org.gradle.internal.operations.DefaultBuildOperationRunner.execute(DefaultBuildOperationRunner.java:60)
	at org.gradle.internal.operations.DefaultBuildOperationRunner.call(DefaultBuildOperationRunner.java:54)
	at org.gradle.api.internal.tasks.execution.EventFiringTaskExecuter.execute(EventFiringTaskExecuter.java:52)
	at org.gradle.execution.plan.DefaultNodeExecutor.executeLocalTaskNode(DefaultNodeExecutor.java:55)
	at org.gradle.execution.plan.DefaultNodeExecutor.execute(DefaultNodeExecutor.java:34)
	at org.gradle.execution.taskgraph.DefaultTaskExecutionGraph$InvokeNodeExecutorsAction.execute(DefaultTaskExecutionGraph.java:355)
	at org.gradle.execution.taskgraph.DefaultTaskExecutionGraph$InvokeNodeExecutorsAction.execute(DefaultTaskExecutionGraph.java:343)
	at org.gradle.execution.taskgraph.DefaultTaskExecutionGraph$BuildOperationAwareExecutionAction.lambda$execute$0(DefaultTaskExecutionGraph.java:339)
	at org.gradle.internal.operations.CurrentBuildOperationRef.with(CurrentBuildOperationRef.java:84)
	at org.gradle.execution.taskgraph.DefaultTaskExecutionGraph$BuildOperationAwareExecutionAction.execute(DefaultTaskExecutionGraph.java:339)
	at org.gradle.execution.taskgraph.DefaultTaskExecutionGraph$BuildOperationAwareExecutionAction.execute(DefaultTaskExecutionGraph.java:328)
	at org.gradle.execution.plan.DefaultPlanExecutor$ExecutorWorker.execute(DefaultPlanExecutor.java:459)
	at org.gradle.execution.plan.DefaultPlanExecutor$ExecutorWorker.run(DefaultPlanExecutor.java:376)
	at org.gradle.execution.plan.DefaultPlanExecutor.process(DefaultPlanExecutor.java:111)
	at org.gradle.execution.taskgraph.DefaultTaskExecutionGraph.executeWithServices(DefaultTaskExecutionGraph.java:146)
	at org.gradle.execution.taskgraph.DefaultTaskExecutionGraph.execute(DefaultTaskExecutionGraph.java:131)
	at org.gradle.execution.SelectedTaskExecutionAction.execute(SelectedTaskExecutionAction.java:35)
	at org.gradle.execution.BuildOperationFiringBuildWorkerExecutor$ExecuteTasks.call(BuildOperationFiringBuildWorkerExecutor.java:54)
	at org.gradle.execution.BuildOperationFiringBuildWorkerExecutor$ExecuteTasks.call(BuildOperationFiringBuildWorkerExecutor.java:43)
	at org.gradle.internal.operations.DefaultBuildOperationRunner$CallableBuildOperationWorker.execute(DefaultBuildOperationRunner.java:210)
	at org.gradle.internal.operations.DefaultBuildOperationRunner$CallableBuildOperationWorker.execute(DefaultBuildOperationRunner.java:205)
	at org.gradle.internal.operations.DefaultBuildOperationRunner$2.execute(DefaultBuildOperationRunner.java:67)
	at org.gradle.internal.operations.DefaultBuildOperationRunner$2.execute(DefaultBuildOperationRunner.java:60)
	at org.gradle.internal.operations.DefaultBuildOperationRunner.execute(DefaultBuildOperationRunner.java:167)
	at org.gradle.internal.operations.DefaultBuildOperationRunner.execute(DefaultBuildOperationRunner.java:60)
	at org.gradle.internal.operations.DefaultBuildOperationRunner.call(DefaultBuildOperationRunner.java:54)
	at org.gradle.execution.BuildOperationFiringBuildWorkerExecutor.execute(BuildOperationFiringBuildWorkerExecutor.java:40)
	at org.gradle.internal.build.DefaultBuildLifecycleController.lambda$executeTasks$11(DefaultBuildLifecycleController.java:323)
	at org.gradle.internal.model.StateTransitionController.doTransition(StateTransitionController.java:304)
	at org.gradle.internal.model.StateTransitionController.lambda$tryTransition$9(StateTransitionController.java:215)
	at org.gradle.internal.work.DefaultSynchronizer.withLock(DefaultSynchronizer.java:45)
	at org.gradle.internal.model.StateTransitionController.tryTransition(StateTransitionController.java:215)
	at org.gradle.internal.build.DefaultBuildLifecycleController.executeTasks(DefaultBuildLifecycleController.java:314)
	at org.gradle.internal.build.DefaultBuildWorkGraphController$DefaultBuildWorkGraph.runWork(DefaultBuildWorkGraphController.java:220)
	at org.gradle.internal.work.DefaultWorkerLeaseService.lambda$runAndReleaseLocks$0(DefaultWorkerLeaseService.java:300)
	at org.gradle.internal.work.ResourceLockStatistics$1.measure(ResourceLockStatistics.java:43)
	at org.gradle.internal.work.DefaultWorkerLeaseService.runAndReleaseLocks(DefaultWorkerLeaseService.java:298)
	at org.gradle.internal.work.DefaultWorkerLeaseService.withLocksAcquired(DefaultWorkerLeaseService.java:294)
	at org.gradle.internal.work.DefaultWorkerLeaseService.withLocks(DefaultWorkerLeaseService.java:286)
	at org.gradle.internal.work.DefaultWorkerLeaseService.runAsWorkerThread(DefaultWorkerLeaseService.java:130)
	at org.gradle.composite.internal.DefaultBuildController.doRun(DefaultBuildController.java:182)
	at org.gradle.composite.internal.DefaultBuildController$BuildOpRunnable.lambda$run$0(DefaultBuildController.java:199)
	at org.gradle.internal.operations.CurrentBuildOperationRef.with(CurrentBuildOperationRef.java:84)
	at org.gradle.composite.internal.DefaultBuildController$BuildOpRunnable.run(DefaultBuildController.java:199)
	at org.gradle.internal.concurrent.ExecutorPolicy$CatchAndRecordFailures.onExecute(ExecutorPolicy.java:64)
	at org.gradle.internal.concurrent.AbstractManagedExecutor$1.run(AbstractManagedExecutor.java:47)
Caused by: org.gradle.internal.UncheckedException: com.android.ide.common.process.ProcessException: ninja: Entering directory `/home/runner/work/retro-manager/retro-manager/runtime/retropack-runtime-ppsspp/.cxx/Debug/6j612z2i/arm64-v8a'
[1/369] Building C object CMakeFiles/retropack-runtime-ppsspp.dir/src/main/cpp/zstd.c.o
[2/369] Building C object CMakeFiles/retropack-runtime-ppsspp.dir/src/main/cpp/ringbuffer.c.o
[3/369] Building CXX object CMakeFiles/retropack-runtime-ppsspp.dir/submodules/ppsspp/Common/Crypto/md5.cpp.o
[4/369] Building CXX object CMakeFiles/retropack-runtime-ppsspp.dir/submodules/ppsspp/Common/Data/Color/RGBAUtil.cpp.o
[5/369] Building CXX object CMakeFiles/retropack-runtime-ppsspp.dir/submodules/ppsspp/Common/Crypto/sha1.cpp.o
[6/369] Building CXX object CMakeFiles/retropack-runtime-ppsspp.dir/submodules/ppsspp/Common/Crypto/sha256.cpp.o
[7/369] Building CXX object CMakeFiles/retropack-runtime-ppsspp.dir/submodules/ppsspp/Common/Data/Convert/SmallDataConvert.cpp.o
[8/369] Building CXX object CMakeFiles/retropack-runtime-ppsspp.dir/submodules/ppsspp/Common/Data/Format/RIFF.cpp.o
[9/369] Building CXX object CMakeFiles/retropack-runtime-ppsspp.dir/submodules/ppsspp/Common/Data/Encoding/Compression.cpp.o
[10/369] Building CXX object CMakeFiles/retropack-runtime-ppsspp.dir/src/main/cpp/ppsspp-jni.cpp.o
[11/369] Building CXX object CMakeFiles/retropack-runtime-ppsspp.dir/submodules/ppsspp/Common/Data/Encoding/Base64.cpp.o
[12/369] Building CXX object CMakeFiles/retropack-runtime-ppsspp.dir/submodules/ppsspp/Common/Data/Encoding/Utf8.cpp.o
[13/369] Building CXX object CMakeFiles/retropack-runtime-ppsspp.dir/submodules/ppsspp/Common/Data/Convert/ColorConv.cpp.o
[14/369] Building CXX object CMakeFiles/retropack-runtime-ppsspp.dir/submodules/ppsspp/Common/Data/Hash/Hash.cpp.o
[15/369] Building CXX object CMakeFiles/retropack-runtime-ppsspp.dir/submodules/ppsspp/Common/Data/Format/JSONWriter.cpp.o
[16/369] Building CXX object CMakeFiles/retropack-runtime-ppsspp.dir/submodules/ppsspp/Common/Data/Format/JSONReader.cpp.o
[17/369] Building CXX object CMakeFiles/retropack-runtime-ppsspp.dir/submodules/ppsspp/Common/Data/Text/WrapText.cpp.o
[18/369] Building CXX object CMakeFiles/retropack-runtime-ppsspp.dir/submodules/ppsspp/Common/File/AndroidContentURI.cpp.o
[19/369] Building CXX object CMakeFiles/retropack-runtime-ppsspp.dir/submodules/ppsspp/Common/Data/Text/Parsers.cpp.o
[20/369] Building CXX object CMakeFiles/retropack-runtime-ppsspp.dir/submodules/ppsspp/Common/Data/Format/IniFile.cpp.o
[21/369] Building CXX object CMakeFiles/retropack-runtime-ppsspp.dir/submodules/ppsspp/Common/Data/Text/I18n.cpp.o
[22/369] Building CXX object CMakeFiles/retropack-runtime-ppsspp.dir/submodules/ppsspp/Common/File/AndroidStorage.cpp.o
[23/369] Building CXX object CMakeFiles/retropack-runtime-ppsspp.dir/submodules/ppsspp/Common/File/DiskFree.cpp.o
[24/369] Building CXX object CMakeFiles/retropack-runtime-ppsspp.dir/submodules/ppsspp/Common/File/Path.cpp.o
[25/369] Building CXX object CMakeFiles/retropack-runtime-ppsspp.dir/submodules/ppsspp/Common/File/FileDescriptor.cpp.o
[26/369] Building CXX object CMakeFiles/retropack-runtime-ppsspp.dir/submodules/ppsspp/Common/File/PathBrowser.cpp.o
[27/369] Building CXX object CMakeFiles/retropack-runtime-ppsspp.dir/submodules/ppsspp/Common/File/DirListing.cpp.o
[28/369] Building CXX object CMakeFiles/retropack-runtime-ppsspp.dir/submodules/ppsspp/Common/File/VFS/VFS.cpp.o
[29/369] Building CXX object CMakeFiles/retropack-runtime-ppsspp.dir/submodules/ppsspp/Common/Math/curves.cpp.o
[30/369] Building CXX object CMakeFiles/retropack-runtime-ppsspp.dir/submodules/ppsspp/Common/File/FileUtil.cpp.o
[31/369] Building CXX object CMakeFiles/retropack-runtime-ppsspp.dir/submodules/ppsspp/Common/Math/math_util.cpp.o
[32/369] Building CXX object CMakeFiles/retropack-runtime-ppsspp.dir/submodules/ppsspp/Common/Math/lin/vec3.cpp.o
[33/369] Building CXX object CMakeFiles/retropack-runtime-ppsspp.dir/submodules/ppsspp/Common/File/VFS/DirectoryReader.cpp.o
[34/369] Building CXX object CMakeFiles/retropack-runtime-ppsspp.dir/submodules/ppsspp/Common/Math/lin/matrix4x4.cpp.o
[35/369] Building CXX object CMakeFiles/retropack-runtime-ppsspp.dir/submodules/ppsspp/Common/Input/GestureDetector.cpp.o
[36/369] Building CXX object CMakeFiles/retropack-runtime-ppsspp.dir/submodules/ppsspp/Common/Math/expression_parser.cpp.o
[37/369] Building CXX object CMakeFiles/retropack-runtime-ppsspp.dir/submodules/ppsspp/Common/Input/InputState.cpp.o
[38/369] Building CXX object CMakeFiles/retropack-runtime-ppsspp.dir/submodules/ppsspp/Common/File/VFS/ZipFileReader.cpp.o
[39/369] Building CXX object CMakeFiles/retropack-runtime-ppsspp.dir/submodules/ppsspp/Common/Net/NetBuffer.cpp.o
[40/369] Building CXX object CMakeFiles/retropack-runtime-ppsspp.dir/submodules/ppsspp/Common/Net/URL.cpp.o
[41/369] Building CXX object CMakeFiles/retropack-runtime-ppsspp.dir/submodules/ppsspp/Common/Serialize/Serializer.cpp.o
[42/369] Building CXX object CMakeFiles/retropack-runtime-ppsspp.dir/submodules/ppsspp/Common/Net/Resolve.cpp.o
[43/369] Building CXX object CMakeFiles/retropack-runtime-ppsspp.dir/submodules/ppsspp/Common/Thread/ThreadUtil.cpp.o
[44/369] Building CXX object CMakeFiles/retropack-runtime-ppsspp.dir/submodules/ppsspp/Common/System/Display.cpp.o
[45/369] Building CXX object CMakeFiles/retropack-runtime-ppsspp.dir/submodules/ppsspp/Common/CPUDetect.cpp.o
[46/369] Building CXX object CMakeFiles/retropack-runtime-ppsspp.dir/submodules/ppsspp/Common/Thread/ThreadManager.cpp.o
[47/369] Building CXX object CMakeFiles/retropack-runtime-ppsspp.dir/submodules/ppsspp/Common/Thread/ParallelLoop.cpp.o
[48/369] Building CXX object CMakeFiles/retropack-runtime-ppsspp.dir/submodules/ppsspp/Common/Buffer.cpp.o
[49/369] Building CXX object CMakeFiles/retropack-runtime-ppsspp.dir/submodules/ppsspp/Common/Log/LogManager.cpp.o
[50/369] Building CXX object CMakeFiles/retropack-runtime-ppsspp.dir/submodules/ppsspp/Common/OSVersion.cpp.o
[51/369] Building CXX object CMakeFiles/retropack-runtime-ppsspp.dir/submodules/ppsspp/Common/Log/ConsoleListener.cpp.o
[52/369] Building CXX object CMakeFiles/retropack-runtime-ppsspp.dir/submodules/ppsspp/Common/ArmCPUDetect.cpp.o
[53/369] Building CXX object CMakeFiles/retropack-runtime-ppsspp.dir/submodules/ppsspp/Common/System/Request.cpp.o
[54/369] Building CXX object CMakeFiles/retropack-runtime-ppsspp.dir/submodules/ppsspp/Common/System/OSD.cpp.o
[55/369] Building CXX object CMakeFiles/retropack-runtime-ppsspp.dir/submodules/ppsspp/Common/SysError.cpp.o
[56/369] Building CXX object CMakeFiles/retropack-runtime-ppsspp.dir/submodules/ppsspp/Common/Log.cpp.o
[57/369] Building CXX object CMakeFiles/retropack-runtime-ppsspp.dir/submodules/ppsspp/Common/TimeUtil.cpp.o
[58/369] Building CXX object CMakeFiles/retropack-runtime-ppsspp.dir/submodules/ppsspp/Common/LogReporting.cpp.o
[59/369] Building CXX object CMakeFiles/retropack-runtime-ppsspp.dir/submodules/ppsspp/Common/MemoryUtil.cpp.o
[60/369] Building CXX object CMakeFiles/retropack-runtime-ppsspp.dir/submodules/ppsspp/Common/StringUtils.cpp.o
[61/369] Building CXX object CMakeFiles/retropack-runtime-ppsspp.dir/submodules/ppsspp/Core/ConfigSettings.cpp.o
[62/369] Building CXX object CMakeFiles/retropack-runtime-ppsspp.dir/submodules/ppsspp/Core/AVIDump.cpp.o
[63/369] Building CXX object CMakeFiles/retropack-runtime-ppsspp.dir/submodules/ppsspp/Core/KeyMapDefaults.cpp.o
[64/369] Building CXX object CMakeFiles/retropack-runtime-ppsspp.dir/submodules/ppsspp/Core/ControlMapper.cpp.o
[65/369] Building CXX object CMakeFiles/retropack-runtime-ppsspp.dir/submodules/ppsspp/Core/Core.cpp.o
[66/369] Building CXX object CMakeFiles/retropack-runtime-ppsspp.dir/submodules/ppsspp/Core/WaveFile.cpp.o
[67/369] Building CXX object CMakeFiles/retropack-runtime-ppsspp.dir/submodules/ppsspp/Core/Config.cpp.o
[68/369] Building CXX object CMakeFiles/retropack-runtime-ppsspp.dir/submodules/ppsspp/Core/FileLoaders/HTTPFileLoader.cpp.o
[69/369] Building CXX object CMakeFiles/retropack-runtime-ppsspp.dir/submodules/ppsspp/Core/FileLoaders/DiskCachingFileLoader.cpp.o
[70/369] Building CXX object CMakeFiles/retropack-runtime-ppsspp.dir/submodules/ppsspp/Core/FileLoaders/CachingFileLoader.cpp.o
[71/369] Building CXX object CMakeFiles/retropack-runtime-ppsspp.dir/submodules/ppsspp/Core/KeyMap.cpp.o
[72/369] Building CXX object CMakeFiles/retropack-runtime-ppsspp.dir/submodules/ppsspp/Core/FileLoaders/RetryingFileLoader.cpp.o
[73/369] Building CXX object CMakeFiles/retropack-runtime-ppsspp.dir/submodules/ppsspp/Core/FileLoaders/RamCachingFileLoader.cpp.o
[74/369] Building CXX object CMakeFiles/retropack-runtime-ppsspp.dir/submodules/ppsspp/Core/FileLoaders/ZipFileLoader.cpp.o
[75/369] Building CXX object CMakeFiles/retropack-runtime-ppsspp.dir/submodules/ppsspp/Core/HDRemaster.cpp.o
[76/369] Building CXX object CMakeFiles/retropack-runtime-ppsspp.dir/submodules/ppsspp/Core/CoreTiming.cpp.o
[77/369] Building CXX object CMakeFiles/retropack-runtime-ppsspp.dir/submodules/ppsspp/Core/FileLoaders/LocalFileLoader.cpp.o
[78/369] Building CXX object CMakeFiles/retropack-runtime-ppsspp.dir/submodules/ppsspp/Core/Instance.cpp.o
[79/369] Building CXX object CMakeFiles/retropack-runtime-ppsspp.dir/submodules/ppsspp/Core/Dialog/PSPDialog.cpp.o
[80/369] Building CXX object CMakeFiles/retropack-runtime-ppsspp.dir/submodules/ppsspp/Core/Debugger/Breakpoints.cpp.o
[81/369] Building CXX object CMakeFiles/retropack-runtime-ppsspp.dir/submodules/ppsspp/Core/Dialog/PSPMsgDialog.cpp.o
[82/369] Building CXX object CMakeFiles/retropack-runtime-ppsspp.dir/submodules/ppsspp/Core/Dialog/PSPHtmlViewerDialog.cpp.o
[83/369] Building CXX object CMakeFiles/retropack-runtime-ppsspp.dir/submodules/ppsspp/Core/CwCheat.cpp.o
[84/369] Building CXX object CMakeFiles/retropack-runtime-ppsspp.dir/submodules/ppsspp/Core/Dialog/PSPOskConstants.cpp.o
[85/369] Building CXX object CMakeFiles/retropack-runtime-ppsspp.dir/submodules/ppsspp/Core/Debugger/SymbolMap.cpp.o
[86/369] Building CXX object CMakeFiles/retropack-runtime-ppsspp.dir/submodules/ppsspp/Core/Dialog/PSPGamedataInstallDialog.cpp.o
[87/369] Building CXX object CMakeFiles/retropack-runtime-ppsspp.dir/submodules/ppsspp/Core/Dialog/PSPNpSigninDialog.cpp.o
[88/369] Building CXX object CMakeFiles/retropack-runtime-ppsspp.dir/submodules/ppsspp/Core/Dialog/PSPNetconfDialog.cpp.o
[89/369] Building CXX object CMakeFiles/retropack-runtime-ppsspp.dir/submodules/ppsspp/Core/Dialog/PSPPlaceholderDialog.cpp.o
[90/369] Building CXX object CMakeFiles/retropack-runtime-ppsspp.dir/submodules/ppsspp/Core/Dialog/PSPOskDialog.cpp.o
[91/369] Building CXX object CMakeFiles/retropack-runtime-ppsspp.dir/submodules/ppsspp/Core/Dialog/PSPScreenshotDialog.cpp.o
[92/369] Building CXX object CMakeFiles/retropack-runtime-ppsspp.dir/submodules/ppsspp/Core/Dialog/PSPSaveDialog.cpp.o
[93/369] Building CXX object CMakeFiles/retropack-runtime-ppsspp.dir/submodules/ppsspp/Core/FileSystems/tlzrc.cpp.o
[94/369] Building CXX object CMakeFiles/retropack-runtime-ppsspp.dir/submodules/ppsspp/Core/ELF/ElfReader.cpp.o
[95/369] Building CXX object CMakeFiles/retropack-runtime-ppsspp.dir/submodules/ppsspp/Core/ELF/PrxDecrypter.cpp.o
[96/369] Building CXX object CMakeFiles/retropack-runtime-ppsspp.dir/submodules/ppsspp/Core/ELF/ParamSFO.cpp.o
[97/369] Building CXX object CMakeFiles/retropack-runtime-ppsspp.dir/submodules/ppsspp/Core/ELF/PBPReader.cpp.o
[98/369] Building CXX object CMakeFiles/retropack-runtime-ppsspp.dir/submodules/ppsspp/Core/FileSystems/BlobFileSystem.cpp.o
[99/369] Building CXX object CMakeFiles/retropack-runtime-ppsspp.dir/submodules/ppsspp/Core/FileSystems/BlockDevices.cpp.o
FAILED: CMakeFiles/retropack-runtime-ppsspp.dir/submodules/ppsspp/Core/FileSystems/BlockDevices.cpp.o 
/usr/local/lib/android/sdk/ndk/27.0.12077973/toolchains/llvm/prebuilt/linux-x86_64/bin/clang++ --target=aarch64-none-linux-android26 --sysroot=/usr/local/lib/android/sdk/ndk/27.0.12077973/toolchains/llvm/prebuilt/linux-x86_64/sysroot -DARMIPS_USE_STD_FILESYSTEM=1 -DHAVE_PPSSPP_CORE=1 -DRC_DISABLE_LUA=1 -DUSING_GLES2=1 -D_GNU_SOURCE=1 -D__STDC_CONSTANT_MACROS=1 -Dretropack_runtime_ppsspp_EXPORTS -I/home/runner/work/retro-manager/retro-manager/runtime/retropack-runtime-ppsspp/src/main/cpp -I/home/runner/work/retro-manager/retro-manager/runtime/retropack-runtime-ppsspp/submodules/ppsspp -I/home/runner/work/retro-manager/retro-manager/runtime/retropack-runtime-ppsspp/submodules/ppsspp/Core -I/home/runner/work/retro-manager/retro-manager/runtime/retropack-runtime-ppsspp/submodules/ppsspp/Common -I/home/runner/work/retro-manager/retro-manager/runtime/retropack-runtime-ppsspp/submodules/ppsspp/GPU -I/home/runner/work/retro-manager/retro-manager/runtime/retropack-runtime-ppsspp/submodules/ppsspp/GPU/Common -I/home/runner/work/retro-manager/retro-manager/runtime/retropack-runtime-ppsspp/submodules/ppsspp/ext -I/home/runner/work/retro-manager/retro-manager/runtime/retropack-runtime-ppsspp/submodules/ppsspp/ext/cityhash -I/home/runner/work/retro-manager/retro-manager/runtime/retropack-runtime-ppsspp/submodules/ppsspp/ext/snappy -I/home/runner/work/retro-manager/retro-manager/runtime/retropack-runtime-ppsspp/submodules/ppsspp/ext/xbrz -I/home/runner/work/retro-manager/retro-manager/runtime/retropack-runtime-ppsspp/submodules/ppsspp/ext/libkirk -I/home/runner/work/retro-manager/retro-manager/runtime/retropack-runtime-ppsspp/submodules/ppsspp/ext/libpng17 -I/home/runner/work/retro-manager/retro-manager/runtime/retropack-runtime-ppsspp/submodules/ppsspp/ext/libzip -I/home/runner/work/retro-manager/retro-manager/runtime/retropack-runtime-ppsspp/submodules/ppsspp/ext/minimp3 -g -DANDROID -fdata-sections -ffunction-sections -funwind-tables -fstack-protector-strong -no-canonical-prefixes -D_FORTIFY_SOURCE=2 -Wformat -Werror=format-security   -fno-limit-debug-info  -fPIC -w -MD -MT CMakeFiles/retropack-runtime-ppsspp.dir/submodules/ppsspp/Core/FileSystems/BlockDevices.cpp.o -MF CMakeFiles/retropack-runtime-ppsspp.dir/submodules/ppsspp/Core/FileSystems/BlockDevices.cpp.o.d -o CMakeFiles/retropack-runtime-ppsspp.dir/submodules/ppsspp/Core/FileSystems/BlockDevices.cpp.o -c /home/runner/work/retro-manager/retro-manager/runtime/retropack-runtime-ppsspp/submodules/ppsspp/Core/FileSystems/BlockDevices.cpp
/home/runner/work/retro-manager/retro-manager/runtime/retropack-runtime-ppsspp/submodules/ppsspp/Core/FileSystems/BlockDevices.cpp:36:10: fatal error: 'libchdr/chd.h' file not found
   36 | #include "libchdr/chd.h"
      |          ^~~~~~~~~~~~~~~
1 error generated.
[100/369] Building CXX object CMakeFiles/retropack-runtime-ppsspp.dir/submodules/ppsspp/Core/Dialog/SavedataParam.cpp.o
[101/369] Building CXX object CMakeFiles/retropack-runtime-ppsspp.dir/submodules/ppsspp/Core/FileSystems/FileSystem.cpp.o
[102/369] Building CXX object CMakeFiles/retropack-runtime-ppsspp.dir/submodules/ppsspp/Core/FileSystems/ISOFileSystem.cpp.o
[103/369] Building CXX object CMakeFiles/retropack-runtime-ppsspp.dir/submodules/ppsspp/Core/FileSystems/DirectoryFileSystem.cpp.o
[104/369] Building CXX object CMakeFiles/retropack-runtime-ppsspp.dir/submodules/ppsspp/Core/FileSystems/MetaFileSystem.cpp.o
ninja: build stopped: subcommand failed.

C++ build system [build] failed while executing:
    /usr/local/lib/android/sdk/cmake/3.22.1/bin/ninja \
      -C \
      /home/runner/work/retro-manager/retro-manager/runtime/retropack-runtime-ppsspp/.cxx/Debug/6j612z2i/arm64-v8a \
      retropack-runtime-ppsspp
  from /home/runner/work/retro-manager/retro-manager/runtime/retropack-runtime-ppsspp
	at org.gradle.internal.UncheckedException.throwAsUncheckedException(UncheckedException.java:69)
	at org.gradle.internal.UncheckedException.throwAsUncheckedException(UncheckedException.java:42)
	at org.gradle.internal.reflect.JavaMethod.invoke(JavaMethod.java:129)
	at org.gradle.api.internal.project.taskfactory.StandardTaskAction.doExecute(StandardTaskAction.java:58)
	at org.gradle.api.internal.project.taskfactory.StandardTaskAction.execute(StandardTaskAction.java:51)
	at org.gradle.api.internal.project.taskfactory.StandardTaskAction.execute(StandardTaskAction.java:29)
	at org.gradle.api.internal.tasks.execution.TaskExecution$3.run(TaskExecution.java:259)
	at org.gradle.internal.operations.DefaultBuildOperationRunner$1.execute(DefaultBuildOperationRunner.java:30)
	at org.gradle.internal.operations.DefaultBuildOperationRunner$1.execute(DefaultBuildOperationRunner.java:27)
	at org.gradle.internal.operations.DefaultBuildOperationRunner$2.execute(DefaultBuildOperationRunner.java:67)
	at org.gradle.internal.operations.DefaultBuildOperationRunner$2.execute(DefaultBuildOperationRunner.java:60)
	at org.gradle.internal.operations.DefaultBuildOperationRunner.execute(DefaultBuildOperationRunner.java:167)
	at org.gradle.internal.operations.DefaultBuildOperationRunner.execute(DefaultBuildOperationRunner.java:60)
	at org.gradle.internal.operations.DefaultBuildOperationRunner.run(DefaultBuildOperationRunner.java:48)
	at org.gradle.api.internal.tasks.execution.TaskExecution.executeAction(TaskExecution.java:244)
	at org.gradle.api.internal.tasks.execution.TaskExecution.executeActions(TaskExecution.java:227)
	at org.gradle.api.internal.tasks.execution.TaskExecution.executeWithPreviousOutputFiles(TaskExecution.java:210)
	at org.gradle.api.internal.tasks.execution.TaskExecution.execute(TaskExecution.java:176)
	at org.gradle.internal.execution.steps.ExecuteStep.executeInternal(ExecuteStep.java:167)
	at org.gradle.internal.execution.steps.ExecuteStep.access$000(ExecuteStep.java:47)
	at org.gradle.internal.execution.steps.ExecuteStep$1.call(ExecuteStep.java:137)
	at org.gradle.internal.execution.steps.ExecuteStep$1.call(ExecuteStep.java:134)
	at org.gradle.internal.operations.DefaultBuildOperationRunner$CallableBuildOperationWorker.execute(DefaultBuildOperationRunner.java:210)
	at org.gradle.internal.operations.DefaultBuildOperationRunner$CallableBuildOperationWorker.execute(DefaultBuildOperationRunner.java:205)
	at org.gradle.internal.operations.DefaultBuildOperationRunner$2.execute(DefaultBuildOperationRunner.java:67)
	at org.gradle.internal.operations.DefaultBuildOperationRunner$2.execute(DefaultBuildOperationRunner.java:60)
	at org.gradle.internal.operations.DefaultBuildOperationRunner.execute(DefaultBuildOperationRunner.java:167)
	at org.gradle.internal.operations.DefaultBuildOperationRunner.execute(DefaultBuildOperationRunner.java:60)
	at org.gradle.internal.operations.DefaultBuildOperationRunner.call(DefaultBuildOperationRunner.java:54)
	at org.gradle.internal.execution.steps.ExecuteStep.execute(ExecuteStep.java:134)
	at org.gradle.internal.execution.steps.ExecuteStep$Mutable.execute(ExecuteStep.java:80)
	at org.gradle.internal.execution.steps.CancelExecutionStep.execute(CancelExecutionStep.java:42)
	at org.gradle.internal.execution.steps.TimeoutStep.executeWithoutTimeout(TimeoutStep.java:75)
	at org.gradle.internal.execution.steps.TimeoutStep.execute(TimeoutStep.java:55)
	at org.gradle.internal.execution.steps.PreCreateOutputParentsStep.execute(PreCreateOutputParentsStep.java:51)
	at org.gradle.internal.execution.steps.PreCreateOutputParentsStep.execute(PreCreateOutputParentsStep.java:29)
	at org.gradle.internal.execution.steps.RemovePreviousOutputsStep.executeMutable(RemovePreviousOutputsStep.java:67)
	at org.gradle.internal.execution.steps.RemovePreviousOutputsStep.executeMutable(RemovePreviousOutputsStep.java:39)
	at org.gradle.internal.execution.steps.MutableStep.execute(MutableStep.java:26)
	at org.gradle.internal.execution.steps.BroadcastChangingOutputsStep.execute(BroadcastChangingOutputsStep.java:42)
	at org.gradle.internal.execution.steps.BroadcastChangingOutputsStep.execute(BroadcastChangingOutputsStep.java:24)
	at org.gradle.internal.execution.steps.CaptureOutputsAfterExecutionStep.execute(CaptureOutputsAfterExecutionStep.java:69)
	at org.gradle.internal.execution.steps.CaptureOutputsAfterExecutionStep.execute(CaptureOutputsAfterExecutionStep.java:46)
	at org.gradle.internal.execution.steps.ResolveInputChangesStep.executeMutable(ResolveInputChangesStep.java:39)
	at org.gradle.internal.execution.steps.ResolveInputChangesStep.executeMutable(ResolveInputChangesStep.java:28)
	at org.gradle.internal.execution.steps.MutableStep.execute(MutableStep.java:26)
	at org.gradle.internal.execution.steps.BuildCacheStep.executeWithoutCache(BuildCacheStep.java:189)
	at org.gradle.internal.execution.steps.BuildCacheStep.lambda$execute$1(BuildCacheStep.java:76)
	at org.gradle.internal.Either$Right.fold(Either.java:176)
	at org.gradle.internal.execution.caching.CachingState.fold(CachingState.java:62)
	at org.gradle.internal.execution.steps.BuildCacheStep.execute(BuildCacheStep.java:74)
	at org.gradle.internal.execution.steps.BuildCacheStep.execute(BuildCacheStep.java:49)
	at org.gradle.internal.execution.steps.StoreExecutionStateStep.executeMutable(StoreExecutionStateStep.java:46)
	at org.gradle.internal.execution.steps.StoreExecutionStateStep.executeMutable(StoreExecutionStateStep.java:35)
	at org.gradle.internal.execution.steps.MutableStep.execute(MutableStep.java:26)
	at org.gradle.internal.execution.steps.SkipUpToDateStep.executeBecause(SkipUpToDateStep.java:75)
	at org.gradle.internal.execution.steps.SkipUpToDateStep.lambda$execute$2(SkipUpToDateStep.java:53)
	at org.gradle.internal.execution.steps.SkipUpToDateStep.execute(SkipUpToDateStep.java:53)
	at org.gradle.internal.execution.steps.SkipUpToDateStep.execute(SkipUpToDateStep.java:35)
	at org.gradle.internal.execution.steps.legacy.MarkSnapshottingInputsFinishedStep.execute(MarkSnapshottingInputsFinishedStep.java:37)
	at org.gradle.internal.execution.steps.legacy.MarkSnapshottingInputsFinishedStep.execute(MarkSnapshottingInputsFinishedStep.java:27)
	at org.gradle.internal.execution.steps.ResolveMutableCachingStateStep.executeDelegate(ResolveMutableCachingStateStep.java:70)
	at org.gradle.internal.execution.steps.ResolveMutableCachingStateStep.executeDelegate(ResolveMutableCachingStateStep.java:32)
	at org.gradle.internal.execution.steps.AbstractResolveCachingStateStep.execute(AbstractResolveCachingStateStep.java:69)
	at org.gradle.internal.execution.steps.AbstractResolveCachingStateStep.execute(AbstractResolveCachingStateStep.java:37)
	at org.gradle.internal.execution.steps.ResolveChangesStep.executeMutable(ResolveChangesStep.java:63)
	at org.gradle.internal.execution.steps.ResolveChangesStep.executeMutable(ResolveChangesStep.java:34)
	at org.gradle.internal.execution.steps.MutableStep.execute(MutableStep.java:26)
	at org.gradle.internal.execution.steps.ValidateStep$Mutable.executeDelegate(ValidateStep.java:79)
	at org.gradle.internal.execution.steps.ValidateStep$Mutable.executeDelegate(ValidateStep.java:65)
	at org.gradle.internal.execution.steps.ValidateStep.execute(ValidateStep.java:99)
	at org.gradle.internal.execution.steps.ValidateStep$Mutable.execute(ValidateStep.java:65)
	at org.gradle.internal.execution.steps.CaptureMutableStateBeforeExecutionStep.executeMutable(CaptureMutableStateBeforeExecutionStep.java:86)
	at org.gradle.internal.execution.steps.CaptureMutableStateBeforeExecutionStep.execute(CaptureMutableStateBeforeExecutionStep.java:65)
	at org.gradle.internal.execution.steps.CaptureMutableStateBeforeExecutionStep.execute(CaptureMutableStateBeforeExecutionStep.java:45)
	at org.gradle.internal.execution.steps.SkipEmptyMutableWorkStep.executeWithNonEmptySources(SkipEmptyMutableWorkStep.java:210)
	at org.gradle.internal.execution.steps.SkipEmptyMutableWorkStep.executeMutable(SkipEmptyMutableWorkStep.java:85)
	at org.gradle.internal.execution.steps.SkipEmptyMutableWorkStep.executeMutable(SkipEmptyMutableWorkStep.java:53)
	at org.gradle.internal.execution.steps.MutableStep.execute(MutableStep.java:26)
	at org.gradle.internal.execution.steps.legacy.MarkSnapshottingInputsStartedStep.execute(MarkSnapshottingInputsStartedStep.java:38)
	at org.gradle.internal.execution.steps.LoadPreviousExecutionStateStep.executeMutable(LoadPreviousExecutionStateStep.java:36)
	at org.gradle.internal.execution.steps.LoadPreviousExecutionStateStep.executeMutable(LoadPreviousExecutionStateStep.java:23)
	at org.gradle.internal.execution.steps.MutableStep.execute(MutableStep.java:26)
	at org.gradle.internal.execution.steps.HandleStaleOutputsStep.executeMutable(HandleStaleOutputsStep.java:77)
	at org.gradle.internal.execution.steps.HandleStaleOutputsStep.executeMutable(HandleStaleOutputsStep.java:43)
	at org.gradle.internal.execution.steps.MutableStep.execute(MutableStep.java:26)
	at org.gradle.internal.execution.steps.AssignMutableWorkspaceStep.lambda$executeMutable$0(AssignMutableWorkspaceStep.java:34)
	at org.gradle.api.internal.tasks.execution.TaskExecution$4.withWorkspace(TaskExecution.java:305)
	at org.gradle.internal.execution.steps.AssignMutableWorkspaceStep.executeMutable(AssignMutableWorkspaceStep.java:30)
	at org.gradle.internal.execution.steps.AssignMutableWorkspaceStep.executeMutable(AssignMutableWorkspaceStep.java:21)
	at org.gradle.internal.execution.steps.MutableStep.execute(MutableStep.java:26)
	at org.gradle.internal.execution.steps.ChoosePipelineStep.execute(ChoosePipelineStep.java:40)
	at org.gradle.internal.execution.steps.ChoosePipelineStep.execute(ChoosePipelineStep.java:23)
	at org.gradle.internal.execution.steps.ExecuteWorkBuildOperationFiringStep.lambda$execute$2(ExecuteWorkBuildOperationFiringStep.java:67)
	at org.gradle.internal.execution.steps.ExecuteWorkBuildOperationFiringStep.execute(ExecuteWorkBuildOperationFiringStep.java:67)
	at org.gradle.internal.execution.steps.ExecuteWorkBuildOperationFiringStep.execute(ExecuteWorkBuildOperationFiringStep.java:39)
	at org.gradle.internal.execution.steps.IdentityCacheStep.execute(IdentityCacheStep.java:46)
	at org.gradle.internal.execution.steps.IdentityCacheStep.execute(IdentityCacheStep.java:34)
	at org.gradle.internal.execution.steps.IdentifyStep.execute(IdentifyStep.java:56)
	at org.gradle.internal.execution.steps.IdentifyStep.execute(IdentifyStep.java:38)
	at org.gradle.internal.execution.impl.DefaultExecutionEngine$1.execute(DefaultExecutionEngine.java:68)
	at org.gradle.api.internal.tasks.execution.ExecuteActionsTaskExecuter.executeIfValid(ExecuteActionsTaskExecuter.java:132)
	... 61 more
Caused by: com.android.ide.common.process.ProcessException: ninja: Entering directory `/home/runner/work/retro-manager/retro-manager/runtime/retropack-runtime-ppsspp/.cxx/Debug/6j612z2i/arm64-v8a'
[1/369] Building C object CMakeFiles/retropack-runtime-ppsspp.dir/src/main/cpp/zstd.c.o
[2/369] Building C object CMakeFiles/retropack-runtime-ppsspp.dir/src/main/cpp/ringbuffer.c.o
[3/369] Building CXX object CMakeFiles/retropack-runtime-ppsspp.dir/submodules/ppsspp/Common/Crypto/md5.cpp.o
[4/369] Building CXX object CMakeFiles/retropack-runtime-ppsspp.dir/submodules/ppsspp/Common/Data/Color/RGBAUtil.cpp.o
[5/369] Building CXX object CMakeFiles/retropack-runtime-ppsspp.dir/submodules/ppsspp/Common/Crypto/sha1.cpp.o
[6/369] Building CXX object CMakeFiles/retropack-runtime-ppsspp.dir/submodules/ppsspp/Common/Crypto/sha256.cpp.o
[7/369] Building CXX object CMakeFiles/retropack-runtime-ppsspp.dir/submodules/ppsspp/Common/Data/Convert/SmallDataConvert.cpp.o
[8/369] Building CXX object CMakeFiles/retropack-runtime-ppsspp.dir/submodules/ppsspp/Common/Data/Format/RIFF.cpp.o
[9/369] Building CXX object CMakeFiles/retropack-runtime-ppsspp.dir/submodules/ppsspp/Common/Data/Encoding/Compression.cpp.o
[10/369] Building CXX object CMakeFiles/retropack-runtime-ppsspp.dir/src/main/cpp/ppsspp-jni.cpp.o
[11/369] Building CXX object CMakeFiles/retropack-runtime-ppsspp.dir/submodules/ppsspp/Common/Data/Encoding/Base64.cpp.o
[12/369] Building CXX object CMakeFiles/retropack-runtime-ppsspp.dir/submodules/ppsspp/Common/Data/Encoding/Utf8.cpp.o
[13/369] Building CXX object CMakeFiles/retropack-runtime-ppsspp.dir/submodules/ppsspp/Common/Data/Convert/ColorConv.cpp.o
[14/369] Building CXX object CMakeFiles/retropack-runtime-ppsspp.dir/submodules/ppsspp/Common/Data/Hash/Hash.cpp.o
[15/369] Building CXX object CMakeFiles/retropack-runtime-ppsspp.dir/submodules/ppsspp/Common/Data/Format/JSONWriter.cpp.o
[16/369] Building CXX object CMakeFiles/retropack-runtime-ppsspp.dir/submodules/ppsspp/Common/Data/Format/JSONReader.cpp.o
[17/369] Building CXX object CMakeFiles/retropack-runtime-ppsspp.dir/submodules/ppsspp/Common/Data/Text/WrapText.cpp.o
[18/369] Building CXX object CMakeFiles/retropack-runtime-ppsspp.dir/submodules/ppsspp/Common/File/AndroidContentURI.cpp.o
[19/369] Building CXX object CMakeFiles/retropack-runtime-ppsspp.dir/submodules/ppsspp/Common/Data/Text/Parsers.cpp.o
[20/369] Building CXX object CMakeFiles/retropack-runtime-ppsspp.dir/submodules/ppsspp/Common/Data/Format/IniFile.cpp.o
[21/369] Building CXX object CMakeFiles/retropack-runtime-ppsspp.dir/submodules/ppsspp/Common/Data/Text/I18n.cpp.o
[22/369] Building CXX object CMakeFiles/retropack-runtime-ppsspp.dir/submodules/ppsspp/Common/File/AndroidStorage.cpp.o
[23/369] Building CXX object CMakeFiles/retropack-runtime-ppsspp.dir/submodules/ppsspp/Common/File/DiskFree.cpp.o
[24/369] Building CXX object CMakeFiles/retropack-runtime-ppsspp.dir/submodules/ppsspp/Common/File/Path.cpp.o
[25/369] Building CXX object CMakeFiles/retropack-runtime-ppsspp.dir/submodules/ppsspp/Common/File/FileDescriptor.cpp.o
[26/369] Building CXX object CMakeFiles/retropack-runtime-ppsspp.dir/submodules/ppsspp/Common/File/PathBrowser.cpp.o
[27/369] Building CXX object CMakeFiles/retropack-runtime-ppsspp.dir/submodules/ppsspp/Common/File/DirListing.cpp.o
[28/369] Building CXX object CMakeFiles/retropack-runtime-ppsspp.dir/submodules/ppsspp/Common/File/VFS/VFS.cpp.o
[29/369] Building CXX object CMakeFiles/retropack-runtime-ppsspp.dir/submodules/ppsspp/Common/Math/curves.cpp.o
[30/369] Building CXX object CMakeFiles/retropack-runtime-ppsspp.dir/submodules/ppsspp/Common/File/FileUtil.cpp.o
[31/369] Building CXX object CMakeFiles/retropack-runtime-ppsspp.dir/submodules/ppsspp/Common/Math/math_util.cpp.o
[32/369] Building CXX object CMakeFiles/retropack-runtime-ppsspp.dir/submodules/ppsspp/Common/Math/lin/vec3.cpp.o
[33/369] Building CXX object CMakeFiles/retropack-runtime-ppsspp.dir/submodules/ppsspp/Common/File/VFS/DirectoryReader.cpp.o
[34/369] Building CXX object CMakeFiles/retropack-runtime-ppsspp.dir/submodules/ppsspp/Common/Math/lin/matrix4x4.cpp.o
[35/369] Building CXX object CMakeFiles/retropack-runtime-ppsspp.dir/submodules/ppsspp/Common/Input/GestureDetector.cpp.o
[36/369] Building CXX object CMakeFiles/retropack-runtime-ppsspp.dir/submodules/ppsspp/Common/Math/expression_parser.cpp.o
[37/369] Building CXX object CMakeFiles/retropack-runtime-ppsspp.dir/submodules/ppsspp/Common/Input/InputState.cpp.o
[38/369] Building CXX object CMakeFiles/retropack-runtime-ppsspp.dir/submodules/ppsspp/Common/File/VFS/ZipFileReader.cpp.o
[39/369] Building CXX object CMakeFiles/retropack-runtime-ppsspp.dir/submodules/ppsspp/Common/Net/NetBuffer.cpp.o
[40/369] Building CXX object CMakeFiles/retropack-runtime-ppsspp.dir/submodules/ppsspp/Common/Net/URL.cpp.o
[41/369] Building CXX object CMakeFiles/retropack-runtime-ppsspp.dir/submodules/ppsspp/Common/Serialize/Serializer.cpp.o
[42/369] Building CXX object CMakeFiles/retropack-runtime-ppsspp.dir/submodules/ppsspp/Common/Net/Resolve.cpp.o
[43/369] Building CXX object CMakeFiles/retropack-runtime-ppsspp.dir/submodules/ppsspp/Common/Thread/ThreadUtil.cpp.o
[44/369] Building CXX object CMakeFiles/retropack-runtime-ppsspp.dir/submodules/ppsspp/Common/System/Display.cpp.o
[45/369] Building CXX object CMakeFiles/retropack-runtime-ppsspp.dir/submodules/ppsspp/Common/CPUDetect.cpp.o
[46/369] Building CXX object CMakeFiles/retropack-runtime-ppsspp.dir/submodules/ppsspp/Common/Thread/ThreadManager.cpp.o
[47/369] Building CXX object CMakeFiles/retropack-runtime-ppsspp.dir/submodules/ppsspp/Common/Thread/ParallelLoop.cpp.o
[48/369] Building CXX object CMakeFiles/retropack-runtime-ppsspp.dir/submodules/ppsspp/Common/Buffer.cpp.o
[49/369] Building CXX object CMakeFiles/retropack-runtime-ppsspp.dir/submodules/ppsspp/Common/Log/LogManager.cpp.o
[50/369] Building CXX object CMakeFiles/retropack-runtime-ppsspp.dir/submodules/ppsspp/Common/OSVersion.cpp.o
[51/369] Building CXX object CMakeFiles/retropack-runtime-ppsspp.dir/submodules/ppsspp/Common/Log/ConsoleListener.cpp.o
[52/369] Building CXX object CMakeFiles/retropack-runtime-ppsspp.dir/submodules/ppsspp/Common/ArmCPUDetect.cpp.o
[53/369] Building CXX object CMakeFiles/retropack-runtime-ppsspp.dir/submodules/ppsspp/Common/System/Request.cpp.o
[54/369] Building CXX object CMakeFiles/retropack-runtime-ppsspp.dir/submodules/ppsspp/Common/System/OSD.cpp.o
[55/369] Building CXX object CMakeFiles/retropack-runtime-ppsspp.dir/submodules/ppsspp/Common/SysError.cpp.o
[56/369] Building CXX object CMakeFiles/retropack-runtime-ppsspp.dir/submodules/ppsspp/Common/Log.cpp.o
[57/369] Building CXX object CMakeFiles/retropack-runtime-ppsspp.dir/submodules/ppsspp/Common/TimeUtil.cpp.o
[58/369] Building CXX object CMakeFiles/retropack-runtime-ppsspp.dir/submodules/ppsspp/Common/LogReporting.cpp.o
[59/369] Building CXX object CMakeFiles/retropack-runtime-ppsspp.dir/submodules/ppsspp/Common/MemoryUtil.cpp.o
[60/369] Building CXX object CMakeFiles/retropack-runtime-ppsspp.dir/submodules/ppsspp/Common/StringUtils.cpp.o
[61/369] Building CXX object CMakeFiles/retropack-runtime-ppsspp.dir/submodules/ppsspp/Core/ConfigSettings.cpp.o
[62/369] Building CXX object CMakeFiles/retropack-runtime-ppsspp.dir/submodules/ppsspp/Core/AVIDump.cpp.o
[63/369] Building CXX object CMakeFiles/retropack-runtime-ppsspp.dir/submodules/ppsspp/Core/KeyMapDefaults.cpp.o
[64/369] Building CXX object CMakeFiles/retropack-runtime-ppsspp.dir/submodules/ppsspp/Core/ControlMapper.cpp.o
[65/369] Building CXX object CMakeFiles/retropack-runtime-ppsspp.dir/submodules/ppsspp/Core/Core.cpp.o
[66/369] Building CXX object CMakeFiles/retropack-runtime-ppsspp.dir/submodules/ppsspp/Core/WaveFile.cpp.o
[67/369] Building CXX object CMakeFiles/retropack-runtime-ppsspp.dir/submodules/ppsspp/Core/Config.cpp.o
[68/369] Building CXX object CMakeFiles/retropack-runtime-ppsspp.dir/submodules/ppsspp/Core/FileLoaders/HTTPFileLoader.cpp.o
[69/369] Building CXX object CMakeFiles/retropack-runtime-ppsspp.dir/submodules/ppsspp/Core/FileLoaders/DiskCachingFileLoader.cpp.o
[70/369] Building CXX object CMakeFiles/retropack-runtime-ppsspp.dir/submodules/ppsspp/Core/FileLoaders/CachingFileLoader.cpp.o
[71/369] Building CXX object CMakeFiles/retropack-runtime-ppsspp.dir/submodules/ppsspp/Core/KeyMap.cpp.o
[72/369] Building CXX object CMakeFiles/retropack-runtime-ppsspp.dir/submodules/ppsspp/Core/FileLoaders/RetryingFileLoader.cpp.o
[73/369] Building CXX object CMakeFiles/retropack-runtime-ppsspp.dir/submodules/ppsspp/Core/FileLoaders/RamCachingFileLoader.cpp.o
[74/369] Building CXX object CMakeFiles/retropack-runtime-ppsspp.dir/submodules/ppsspp/Core/FileLoaders/ZipFileLoader.cpp.o
[75/369] Building CXX object CMakeFiles/retropack-runtime-ppsspp.dir/submodules/ppsspp/Core/HDRemaster.cpp.o
[76/369] Building CXX object CMakeFiles/retropack-runtime-ppsspp.dir/submodules/ppsspp/Core/CoreTiming.cpp.o
[77/369] Building CXX object CMakeFiles/retropack-runtime-ppsspp.dir/submodules/ppsspp/Core/FileLoaders/LocalFileLoader.cpp.o
[78/369] Building CXX object CMakeFiles/retropack-runtime-ppsspp.dir/submodules/ppsspp/Core/Instance.cpp.o
[79/369] Building CXX object CMakeFiles/retropack-runtime-ppsspp.dir/submodules/ppsspp/Core/Dialog/PSPDialog.cpp.o
[80/369] Building CXX object CMakeFiles/retropack-runtime-ppsspp.dir/submodules/ppsspp/Core/Debugger/Breakpoints.cpp.o
[81/369] Building CXX object CMakeFiles/retropack-runtime-ppsspp.dir/submodules/ppsspp/Core/Dialog/PSPMsgDialog.cpp.o
[82/369] Building CXX object CMakeFiles/retropack-runtime-ppsspp.dir/submodules/ppsspp/Core/Dialog/PSPHtmlViewerDialog.cpp.o
[83/369] Building CXX object CMakeFiles/retropack-runtime-ppsspp.dir/submodules/ppsspp/Core/CwCheat.cpp.o
[84/369] Building CXX object CMakeFiles/retropack-runtime-ppsspp.dir/submodules/ppsspp/Core/Dialog/PSPOskConstants.cpp.o
[85/369] Building CXX object CMakeFiles/retropack-runtime-ppsspp.dir/submodules/ppsspp/Core/Debugger/SymbolMap.cpp.o
[86/369] Building CXX object CMakeFiles/retropack-runtime-ppsspp.dir/submodules/ppsspp/Core/Dialog/PSPGamedataInstallDialog.cpp.o
[87/369] Building CXX object CMakeFiles/retropack-runtime-ppsspp.dir/submodules/ppsspp/Core/Dialog/PSPNpSigninDialog.cpp.o
[88/369] Building CXX object CMakeFiles/retropack-runtime-ppsspp.dir/submodules/ppsspp/Core/Dialog/PSPNetconfDialog.cpp.o
[89/369] Building CXX object CMakeFiles/retropack-runtime-ppsspp.dir/submodules/ppsspp/Core/Dialog/PSPPlaceholderDialog.cpp.o
[90/369] Building CXX object CMakeFiles/retropack-runtime-ppsspp.dir/submodules/ppsspp/Core/Dialog/PSPOskDialog.cpp.o
[91/369] Building CXX object CMakeFiles/retropack-runtime-ppsspp.dir/submodules/ppsspp/Core/Dialog/PSPScreenshotDialog.cpp.o
[92/369] Building CXX object CMakeFiles/retropack-runtime-ppsspp.dir/submodules/ppsspp/Core/Dialog/PSPSaveDialog.cpp.o
[93/369] Building CXX object CMakeFiles/retropack-runtime-ppsspp.dir/submodules/ppsspp/Core/FileSystems/tlzrc.cpp.o
[94/369] Building CXX object CMakeFiles/retropack-runtime-ppsspp.dir/submodules/ppsspp/Core/ELF/ElfReader.cpp.o
[95/369] Building CXX object CMakeFiles/retropack-runtime-ppsspp.dir/submodules/ppsspp/Core/ELF/PrxDecrypter.cpp.o
[96/369] Building CXX object CMakeFiles/retropack-runtime-ppsspp.dir/submodules/ppsspp/Core/ELF/ParamSFO.cpp.o
[97/369] Building CXX object CMakeFiles/retropack-runtime-ppsspp.dir/submodules/ppsspp/Core/ELF/PBPReader.cpp.o
[98/369] Building CXX object CMakeFiles/retropack-runtime-ppsspp.dir/submodules/ppsspp/Core/FileSystems/BlobFileSystem.cpp.o
[99/369] Building CXX object CMakeFiles/retropack-runtime-ppsspp.dir/submodules/ppsspp/Core/FileSystems/BlockDevices.cpp.o
FAILED: CMakeFiles/retropack-runtime-ppsspp.dir/submodules/ppsspp/Core/FileSystems/BlockDevices.cpp.o 
/usr/local/lib/android/sdk/ndk/27.0.12077973/toolchains/llvm/prebuilt/linux-x86_64/bin/clang++ --target=aarch64-none-linux-android26 --sysroot=/usr/local/lib/android/sdk/ndk/27.0.12077973/toolchains/llvm/prebuilt/linux-x86_64/sysroot -DARMIPS_USE_STD_FILESYSTEM=1 -DHAVE_PPSSPP_CORE=1 -DRC_DISABLE_LUA=1 -DUSING_GLES2=1 -D_GNU_SOURCE=1 -D__STDC_CONSTANT_MACROS=1 -Dretropack_runtime_ppsspp_EXPORTS -I/home/runner/work/retro-manager/retro-manager/runtime/retropack-runtime-ppsspp/src/main/cpp -I/home/runner/work/retro-manager/retro-manager/runtime/retropack-runtime-ppsspp/submodules/ppsspp -I/home/runner/work/retro-manager/retro-manager/runtime/retropack-runtime-ppsspp/submodules/ppsspp/Core -I/home/runner/work/retro-manager/retro-manager/runtime/retropack-runtime-ppsspp/submodules/ppsspp/Common -I/home/runner/work/retro-manager/retro-manager/runtime/retropack-runtime-ppsspp/submodules/ppsspp/GPU -I/home/runner/work/retro-manager/retro-manager/runtime/retropack-runtime-ppsspp/submodules/ppsspp/GPU/Common -I/home/runner/work/retro-manager/retro-manager/runtime/retropack-runtime-ppsspp/submodules/ppsspp/ext -I/home/runner/work/retro-manager/retro-manager/runtime/retropack-runtime-ppsspp/submodules/ppsspp/ext/cityhash -I/home/runner/work/retro-manager/retro-manager/runtime/retropack-runtime-ppsspp/submodules/ppsspp/ext/snappy -I/home/runner/work/retro-manager/retro-manager/runtime/retropack-runtime-ppsspp/submodules/ppsspp/ext/xbrz -I/home/runner/work/retro-manager/retro-manager/runtime/retropack-runtime-ppsspp/submodules/ppsspp/ext/libkirk -I/home/runner/work/retro-manager/retro-manager/runtime/retropack-runtime-ppsspp/submodules/ppsspp/ext/libpng17 -I/home/runner/work/retro-manager/retro-manager/runtime/retropack-runtime-ppsspp/submodules/ppsspp/ext/libzip -I/home/runner/work/retro-manager/retro-manager/runtime/retropack-runtime-ppsspp/submodules/ppsspp/ext/minimp3 -g -DANDROID -fdata-sections -ffunction-sections -funwind-tables -fstack-protector-strong -no-canonical-prefixes -D_FORTIFY_SOURCE=2 -Wformat -Werror=format-security   -fno-limit-debug-info  -fPIC -w -MD -MT CMakeFiles/retropack-runtime-ppsspp.dir/submodules/ppsspp/Core/FileSystems/BlockDevices.cpp.o -MF CMakeFiles/retropack-runtime-ppsspp.dir/submodules/ppsspp/Core/FileSystems/BlockDevices.cpp.o.d -o CMakeFiles/retropack-runtime-ppsspp.dir/submodules/ppsspp/Core/FileSystems/BlockDevices.cpp.o -c /home/runner/work/retro-manager/retro-manager/runtime/retropack-runtime-ppsspp/submodules/ppsspp/Core/FileSystems/BlockDevices.cpp
/home/runner/work/retro-manager/retro-manager/runtime/retropack-runtime-ppsspp/submodules/ppsspp/Core/FileSystems/BlockDevices.cpp:36:10: fatal error: 'libchdr/chd.h' file not found
   36 | #include "libchdr/chd.h"
      |          ^~~~~~~~~~~~~~~
1 error generated.
[100/369] Building CXX object CMakeFiles/retropack-runtime-ppsspp.dir/submodules/ppsspp/Core/Dialog/SavedataParam.cpp.o
[101/369] Building CXX object CMakeFiles/retropack-runtime-ppsspp.dir/submodules/ppsspp/Core/FileSystems/FileSystem.cpp.o
[102/369] Building CXX object CMakeFiles/retropack-runtime-ppsspp.dir/submodules/ppsspp/Core/FileSystems/ISOFileSystem.cpp.o
[103/369] Building CXX object CMakeFiles/retropack-runtime-ppsspp.dir/submodules/ppsspp/Core/FileSystems/DirectoryFileSystem.cpp.o
[104/369] Building CXX object CMakeFiles/retropack-runtime-ppsspp.dir/submodules/ppsspp/Core/FileSystems/MetaFileSystem.cpp.o
ninja: build stopped: subcommand failed.

C++ build system [build] failed while executing:
    /usr/local/lib/android/sdk/cmake/3.22.1/bin/ninja \
      -C \
      /home/runner/work/retro-manager/retro-manager/runtime/retropack-runtime-ppsspp/.cxx/Debug/6j612z2i/arm64-v8a \
      retropack-runtime-ppsspp
  from /home/runner/work/retro-manager/retro-manager/runtime/retropack-runtime-ppsspp
	at com.android.build.gradle.internal.cxx.process.ExecuteProcessKt.execute(ExecuteProcess.kt:288)
	at com.android.build.gradle.internal.cxx.process.ExecuteProcessKt$executeProcess$1.invoke(ExecuteProcess.kt:108)
	at com.android.build.gradle.internal.cxx.process.ExecuteProcessKt$executeProcess$1.invoke(ExecuteProcess.kt:106)
	at com.android.build.gradle.internal.cxx.timing.TimingEnvironmentKt.time(TimingEnvironment.kt:32)
	at com.android.build.gradle.internal.cxx.process.ExecuteProcessKt.executeProcess(ExecuteProcess.kt:106)
	at com.android.build.gradle.internal.cxx.process.ExecuteProcessKt.executeProcess$default(ExecuteProcess.kt:85)
	at com.android.build.gradle.internal.cxx.build.CxxRegularBuilder.executeProcessBatch(CxxRegularBuilder.kt:332)
	at com.android.build.gradle.internal.cxx.build.CxxRegularBuilder.build(CxxRegularBuilder.kt:129)
	at com.android.build.gradle.tasks.ExternalNativeBuildTask.doTaskAction(ExternalNativeBuildTask.kt:72)
	at com.android.build.gradle.internal.tasks.UnsafeOutputsTask$taskAction$$inlined$recordTaskAction$1.invoke(BaseTask.kt:78)
	at com.android.build.gradle.internal.tasks.Blocks.recordSpan(Blocks.java:51)
	at com.android.build.gradle.internal.tasks.UnsafeOutputsTask.taskAction(UnsafeOutputsTask.kt:81)
	at org.gradle.internal.reflect.JavaMethod.invoke(JavaMethod.java:125)
	... 160 more
Caused by: com.android.ide.common.process.ProcessException: Error while executing process /usr/local/lib/android/sdk/cmake/3.22.1/bin/ninja with arguments {-C /home/runner/work/retro-manager/retro-manager/runtime/retropack-runtime-ppsspp/.cxx/Debug/6j612z2i/arm64-v8a retropack-runtime-ppsspp}
	at com.android.build.gradle.internal.process.GradleProcessResult.buildProcessException(GradleProcessResult.java:73)
	at com.android.build.gradle.internal.process.GradleProcessResult.assertNormalExitValue(GradleProcessResult.java:48)
	at com.android.build.gradle.internal.cxx.process.ExecuteProcessKt.execute(ExecuteProcess.kt:277)
	... 172 more
Caused by: org.gradle.process.ProcessExecutionException: Process 'command '/usr/local/lib/android/sdk/cmake/3.22.1/bin/ninja'' finished with non-zero exit value 1
	at org.gradle.process.internal.DefaultExecHandle$ExecResultImpl.assertNormalExitValue(DefaultExecHandle.java:459)
	at com.android.build.gradle.internal.process.GradleProcessResult.assertNormalExitValue(GradleProcessResult.java:46)
	... 173 more


Deprecated Gradle features were used in this build, making it incompatible with Gradle 10.

You can use '--warning-mode all' to show the individual deprecation warnings and determine if they come from your own scripts or plugins.

For more on this, please refer to https://docs.gradle.org/9.5.1/userguide/command_line_interface.html#sec:command_line_warnings in the Gradle documentation.

BUILD FAILED in 29s
2 actionable tasks: 2 executed
