> Task :runtime:retropack-runtime-fceumm:preBuild UP-TO-DATE
> Task :runtime:retropack-runtime-fceumm:preDebugBuild UP-TO-DATE
> Task :runtime:retropack-runtime-fceumm:configureCMakeDebug[arm64-v8a]
> Task :runtime:retropack-runtime-fceumm:buildCMakeDebug[arm64-v8a]
> Task :runtime:retropack-runtime-fceumm:configureCMakeDebug[x86_64]
> Task :runtime:retropack-runtime-fceumm:buildCMakeDebug[x86_64]
> Task :runtime:retropack-runtime-fceumm:mergeDebugJniLibFolders
> Task :runtime:retropack-runtime-common:checkKotlinGradlePluginConfigurationErrors SKIPPED
> Task :runtime:retropack-runtime-common:preBuild UP-TO-DATE
> Task :runtime:retropack-runtime-common:preDebugBuild UP-TO-DATE
> Task :runtime:retropack-runtime-common:generateDebugResValues UP-TO-DATE
> Task :runtime:retropack-runtime-common:generateDebugResources UP-TO-DATE
> Task :runtime:retropack-runtime-common:packageDebugResources UP-TO-DATE
> Task :runtime:retropack-runtime-common:parseDebugLocalResources UP-TO-DATE
> Task :runtime:retropack-runtime-common:generateDebugRFile UP-TO-DATE
> Task :runtime:retropack-runtime-fceumm:mergeDebugNativeLibs
> Task :runtime:retropack-runtime-common:compileDebugKotlin UP-TO-DATE
> Task :runtime:retropack-runtime-common:javaPreCompileDebug UP-TO-DATE
> Task :runtime:retropack-runtime-common:compileDebugJavaWithJavac NO-SOURCE
> Task :runtime:retropack-runtime-common:bundleLibCompileToJarDebug UP-TO-DATE
> Task :runtime:retropack-runtime-fceumm:checkKotlinGradlePluginConfigurationErrors SKIPPED
> Task :runtime:retropack-runtime-fceumm:generateDebugResValues
> Task :runtime:retropack-runtime-fceumm:generateDebugResources
> Task :runtime:retropack-runtime-fceumm:packageDebugResources
> Task :runtime:retropack-runtime-fceumm:stripDebugDebugSymbols
> Task :runtime:retropack-runtime-fceumm:extractDeepLinksForAarDebug
> Task :runtime:retropack-runtime-fceumm:parseDebugLocalResources
> Task :runtime:retropack-runtime-fceumm:javaPreCompileDebug
> Task :runtime:retropack-runtime-fceumm:mergeDebugShaders
> Task :runtime:retropack-runtime-fceumm:copyDebugJniLibsProjectAndLocalJars
> Task :runtime:retropack-runtime-fceumm:compileDebugShaders NO-SOURCE
> Task :runtime:retropack-runtime-fceumm:generateDebugAssets UP-TO-DATE
> Task :runtime:retropack-runtime-fceumm:generateDebugRFile
> Task :runtime:retropack-runtime-fceumm:packageDebugAssets
> Task :runtime:retropack-runtime-fceumm:prepareDebugArtProfile
> Task :runtime:retropack-runtime-fceumm:prepareLintJarForPublish
> Task :runtime:retropack-runtime-fceumm:writeDebugAarMetadata
> Task :runtime:retropack-runtime-fceumm:processDebugManifest
> Task :runtime:retropack-runtime-fceumm:compileDebugKotlin
> Task :runtime:retropack-runtime-fceumm:extractDebugAnnotations
> Task :runtime:retropack-runtime-fceumm:compileDebugJavaWithJavac NO-SOURCE
> Task :runtime:retropack-runtime-fceumm:mergeDebugGeneratedProguardFiles
> Task :runtime:retropack-runtime-fceumm:mergeDebugConsumerProguardFiles
> Task :runtime:retropack-runtime-fceumm:processDebugJavaRes
> Task :runtime:retropack-runtime-fceumm:mergeDebugJavaResource
> Task :runtime:retropack-runtime-fceumm:syncDebugLibJars
> Task :runtime:retropack-runtime-fceumm:bundleDebugAar
> Task :runtime:retropack-runtime-fceumm:assembleDebug
gradle/actions: Writing build results to /home/runner/work/_temp/.gradle-actions/build-results/__run_4-1790585512039.json

[Incubating] Problems report is available at: file:///home/runner/work/retro-manager/retro-manager/build/reports/problems/problems-report.html

Deprecated Gradle features were used in this build, making it incompatible with Gradle 10.

You can use '--warning-mode all' to show the individual deprecation warnings and determine if they come from your own scripts or plugins.

For more on this, please refer to https://docs.gradle.org/9.5.1/userguide/command_line_interface.html#sec:command_line_warnings in the Gradle documentation.

BUILD SUCCESSFUL in 12s
37 actionable tasks: 29 executed, 8 up-to-date
Consider enabling configuration cache to speed up this build: https://docs.gradle.org/9.5.1/userguide/configuration_cache_enabling.html
