> Task :runtime:retropack-runtime-melonds:preBuild UP-TO-DATE
> Task :runtime:retropack-runtime-melonds:preDebugBuild UP-TO-DATE
> Task :runtime:retropack-runtime-melonds:configureCMakeDebug[arm64-v8a]

> Task :runtime:retropack-runtime-melonds:buildCMakeDebug[arm64-v8a]
C/C++: ninja: Entering directory `/home/runner/work/retro-manager/retro-manager/runtime/retropack-runtime-melonds/.cxx/Debug/4l53r62e/arm64-v8a'
C/C++: /usr/local/lib/android/sdk/ndk/27.0.12077973/toolchains/llvm/prebuilt/linux-x86_64/bin/clang++ --target=aarch64-none-linux-android26 --sysroot=/usr/local/lib/android/sdk/ndk/27.0.12077973/toolchains/llvm/prebuilt/linux-x86_64/sysroot -DHAVE_MELONDS_CORE=1 -D_GNU_SOURCE=1 -Dretropack_runtime_melonds_EXPORTS -I/home/runner/work/retro-manager/retro-manager/runtime/retropack-runtime-melonds/src/main/cpp -I/home/runner/work/retro-manager/retro-manager/runtime/retropack-runtime-melonds/submodules/melonds/src -I/home/runner/work/retro-manager/retro-manager/runtime/retropack-runtime-melonds/submodules/melonds/src/DSP_HLE -I/home/runner/work/retro-manager/retro-manager/runtime/retropack-runtime-melonds/submodules/melonds/src/NDSCart -I/home/runner/work/retro-manager/retro-manager/runtime/retropack-runtime-melonds/submodules/melonds/src/fatfs -I/home/runner/work/retro-manager/retro-manager/runtime/retropack-runtime-melonds/submodules/melonds/src/sha1 -I/home/runner/work/retro-manager/retro-manager/runtime/retropack-runtime-melonds/submodules/melonds/src/tiny-AES-c -I/home/runner/work/retro-manager/retro-manager/runtime/retropack-runtime-melonds/submodules/melonds/src/xxhash -I/home/runner/work/retro-manager/retro-manager/runtime/retropack-runtime-melonds/submodules/melonds/src/blip-buf -g -DANDROID -fdata-sections -ffunction-sections -funwind-tables -fstack-protector-strong -no-canonical-prefixes -D_FORTIFY_SOURCE=2 -Wformat -Werror=format-security   -fno-limit-debug-info  -fPIC -MD -MT CMakeFiles/retropack-runtime-melonds.dir/src/main/cpp/melonds-jni.cpp.o -MF CMakeFiles/retropack-runtime-melonds.dir/src/main/cpp/melonds-jni.cpp.o.d -o CMakeFiles/retropack-runtime-melonds.dir/src/main/cpp/melonds-jni.cpp.o -c /home/runner/work/retro-manager/retro-manager/runtime/retropack-runtime-melonds/src/main/cpp/melonds-jni.cpp
C/C++: /home/runner/work/retro-manager/retro-manager/runtime/retropack-runtime-melonds/src/main/cpp/melonds-jni.cpp:586:5: error: use of undeclared identifier 'NDS'; did you mean 'melonDS::NDS'?
C/C++:   586 |     NDS::Init();
C/C++:       |     ^~~
C/C++:       |     melonDS::NDS
C/C++: /home/runner/work/retro-manager/retro-manager/runtime/retropack-runtime-melonds/submodules/melonds/src/NDS.h:249:7: note: 'melonDS::NDS' declared here
C/C++:   249 | class NDS
C/C++:       |       ^
C/C++: /home/runner/work/retro-manager/retro-manager/runtime/retropack-runtime-melonds/src/main/cpp/melonds-jni.cpp:586:10: error: no member named 'Init' in 'melonDS::NDS'
C/C++:   586 |     NDS::Init();
C/C++:       |     ~~~~~^
C/C++: /home/runner/work/retro-manager/retro-manager/runtime/retropack-runtime-melonds/src/main/cpp/melonds-jni.cpp:587:5: error: use of undeclared identifier 'NDS'; did you mean 'melonDS::NDS'?
C/C++:   587 |     NDS::SetDirectBoot(true);
C/C++:       |     ^~~
C/C++:       |     melonDS::NDS
C/C++: /home/runner/work/retro-manager/retro-manager/runtime/retropack-runtime-melonds/submodules/melonds/src/NDS.h:249:7: note: 'melonDS::NDS' declared here
C/C++:   249 | class NDS
C/C++:       |       ^
C/C++: /home/runner/work/retro-manager/retro-manager/runtime/retropack-runtime-melonds/src/main/cpp/melonds-jni.cpp:587:10: error: no member named 'SetDirectBoot' in 'melonDS::NDS'
C/C++:   587 |     NDS::SetDirectBoot(true);
C/C++:       |     ~~~~~^
C/C++: /home/runner/work/retro-manager/retro-manager/runtime/retropack-runtime-melonds/src/main/cpp/melonds-jni.cpp:610:19: error: use of undeclared identifier 'NDS'; did you mean 'melonDS::NDS'?
C/C++:   610 |     bool loaded = NDS::LoadROM(native_path, false);
C/C++:       |                   ^~~
C/C++:       |                   melonDS::NDS
C/C++: /home/runner/work/retro-manager/retro-manager/runtime/retropack-runtime-melonds/submodules/melonds/src/NDS.h:249:7: note: 'melonDS::NDS' declared here
C/C++:   249 | class NDS
C/C++:       |       ^
C/C++: /home/runner/work/retro-manager/retro-manager/runtime/retropack-runtime-melonds/src/main/cpp/melonds-jni.cpp:610:24: error: no member named 'LoadROM' in 'melonDS::NDS'
C/C++:   610 |     bool loaded = NDS::LoadROM(native_path, false);
C/C++:       |                   ~~~~~^
C/C++: /home/runner/work/retro-manager/retro-manager/runtime/retropack-runtime-melonds/src/main/cpp/melonds-jni.cpp:637:9: error: use of undeclared identifier 'NDS'; did you mean 'melonDS::NDS'?
C/C++:   637 |         NDS::DeInit();
C/C++:       |         ^~~
C/C++:       |         melonDS::NDS
C/C++: /home/runner/work/retro-manager/retro-manager/runtime/retropack-runtime-melonds/submodules/melonds/src/NDS.h:249:7: note: 'melonDS::NDS' declared here
C/C++:   249 | class NDS
C/C++:       |       ^
C/C++: /home/runner/work/retro-manager/retro-manager/runtime/retropack-runtime-melonds/src/main/cpp/melonds-jni.cpp:637:14: error: no member named 'DeInit' in 'melonDS::NDS'
C/C++:   637 |         NDS::DeInit();
C/C++:       |         ~~~~~^
C/C++: /home/runner/work/retro-manager/retro-manager/runtime/retropack-runtime-melonds/src/main/cpp/melonds-jni.cpp:650:5: error: use of undeclared identifier 'NDS'; did you mean 'melonDS::NDS'?
C/C++:   650 |     NDS::DeInit();
C/C++:       |     ^~~
C/C++:       |     melonDS::NDS
C/C++: /home/runner/work/retro-manager/retro-manager/runtime/retropack-runtime-melonds/submodules/melonds/src/NDS.h:249:7: note: 'melonDS::NDS' declared here
C/C++:   249 | class NDS
C/C++:       |       ^
C/C++: /home/runner/work/retro-manager/retro-manager/runtime/retropack-runtime-melonds/src/main/cpp/melonds-jni.cpp:650:10: error: no member named 'DeInit' in 'melonDS::NDS'
C/C++:   650 |     NDS::DeInit();
C/C++:       |     ~~~~~^
C/C++: /home/runner/work/retro-manager/retro-manager/runtime/retropack-runtime-melonds/src/main/cpp/melonds-jni.cpp:672:5: error: use of undeclared identifier 'NDS'; did you mean 'melonDS::NDS'?
C/C++:   672 |     NDS::SetKeyMask(~g_melonds.key_mask);
C/C++:       |     ^~~
C/C++:       |     melonDS::NDS
C/C++: /home/runner/work/retro-manager/retro-manager/runtime/retropack-runtime-melonds/submodules/melonds/src/NDS.h:249:7: note: 'melonDS::NDS' declared here
C/C++:   249 | class NDS
C/C++:       |       ^
C/C++: /home/runner/work/retro-manager/retro-manager/runtime/retropack-runtime-melonds/src/main/cpp/melonds-jni.cpp:672:10: error: call to non-static member function without an object argument
C/C++:   672 |     NDS::SetKeyMask(~g_melonds.key_mask);
C/C++:       |     ~~~~~^~~~~~~~~~
C/C++: /home/runner/work/retro-manager/retro-manager/runtime/retropack-runtime-melonds/src/main/cpp/melonds-jni.cpp:676:9: error: use of undeclared identifier 'NDS'; did you mean 'melonDS::NDS'?
C/C++:   676 |         NDS::SetTouchPos(g_melonds.touch_x, g_melonds.touch_y);
C/C++:       |         ^~~
C/C++:       |         melonDS::NDS
C/C++: /home/runner/work/retro-manager/retro-manager/runtime/retropack-runtime-melonds/submodules/melonds/src/NDS.h:249:7: note: 'melonDS::NDS' declared here
C/C++:   249 | class NDS
C/C++:       |       ^
C/C++: /home/runner/work/retro-manager/retro-manager/runtime/retropack-runtime-melonds/src/main/cpp/melonds-jni.cpp:676:14: error: no member named 'SetTouchPos' in 'melonDS::NDS'
C/C++:   676 |         NDS::SetTouchPos(g_melonds.touch_x, g_melonds.touch_y);
C/C++:       |         ~~~~~^
C/C++: /home/runner/work/retro-manager/retro-manager/runtime/retropack-runtime-melonds/src/main/cpp/melonds-jni.cpp:678:9: error: use of undeclared identifier 'NDS'; did you mean 'melonDS::NDS'?
C/C++:   678 |         NDS::ReleaseTouch();
C/C++:       |         ^~~
C/C++:       |         melonDS::NDS
C/C++: /home/runner/work/retro-manager/retro-manager/runtime/retropack-runtime-melonds/submodules/melonds/src/NDS.h:249:7: note: 'melonDS::NDS' declared here
C/C++:   249 | class NDS
C/C++:       |       ^
C/C++: /home/runner/work/retro-manager/retro-manager/runtime/retropack-runtime-melonds/src/main/cpp/melonds-jni.cpp:678:14: error: no member named 'ReleaseTouch' in 'melonDS::NDS'
C/C++:   678 |         NDS::ReleaseTouch();
C/C++:       |         ~~~~~^
C/C++: /home/runner/work/retro-manager/retro-manager/runtime/retropack-runtime-melonds/src/main/cpp/melonds-jni.cpp:682:5: error: use of undeclared identifier 'NDS'; did you mean 'melonDS::NDS'?
C/C++:   682 |     NDS::RunFrame();
C/C++:       |     ^~~
C/C++:       |     melonDS::NDS
C/C++: /home/runner/work/retro-manager/retro-manager/runtime/retropack-runtime-melonds/submodules/melonds/src/NDS.h:249:7: note: 'melonDS::NDS' declared here
C/C++:   249 | class NDS
C/C++:       |       ^
C/C++: /home/runner/work/retro-manager/retro-manager/runtime/retropack-runtime-melonds/src/main/cpp/melonds-jni.cpp:682:10: error: call to non-static member function without an object argument
C/C++:   682 |     NDS::RunFrame();
C/C++:       |     ~~~~~^~~~~~~~
C/C++: /home/runner/work/retro-manager/retro-manager/runtime/retropack-runtime-melonds/src/main/cpp/melonds-jni.cpp:682:10: error: 'RunFrame' is a protected member of 'melonDS::NDS'
C/C++: /home/runner/work/retro-manager/retro-manager/runtime/retropack-runtime-melonds/submodules/melonds/src/NDS.h:558:9: note: declared protected here
C/C++:   558 |     u32 RunFrame();
C/C++:       |         ^
C/C++: fatal error: too many errors emitted, stopping now [-ferror-limit=]
C/C++: 20 errors generated.

> Task :runtime:retropack-runtime-melonds:buildCMakeDebug[arm64-v8a] FAILED
gradle/actions: Writing build results to /home/runner/work/_temp/.gradle-actions/build-results/__run_4-1790577704933.json

[Incubating] Problems report is available at: file:///home/runner/work/retro-manager/retro-manager/build/reports/problems/problems-report.html

FAILURE: Build failed with an exception.

* What went wrong:
Execution failed for task ':runtime:retropack-runtime-melonds:buildCMakeDebug[arm64-v8a]' (registered by plugin 'com.android.internal.library').
> com.android.ide.common.process.ProcessException: ninja: Entering directory `/home/runner/work/retro-manager/retro-manager/runtime/retropack-runtime-melonds/.cxx/Debug/4l53r62e/arm64-v8a'
  [1/70] Building C object CMakeFiles/retropack-runtime-melonds.dir/src/main/cpp/ringbuffer.c.o
  [2/70] Building CXX object CMakeFiles/retropack-runtime-melonds.dir/submodules/melonds/src/ARDatabaseDAT.cpp.o
  [3/70] Building CXX object CMakeFiles/retropack-runtime-melonds.dir/submodules/melonds/src/ARCodeFile.cpp.o
  [4/70] Building CXX object CMakeFiles/retropack-runtime-melonds.dir/submodules/melonds/src/ARM.cpp.o
  [5/70] Building CXX object CMakeFiles/retropack-runtime-melonds.dir/submodules/melonds/src/ARMInterpreter.cpp.o
  [6/70] Building CXX object CMakeFiles/retropack-runtime-melonds.dir/src/main/cpp/melonds-jni.cpp.o
  FAILED: CMakeFiles/retropack-runtime-melonds.dir/src/main/cpp/melonds-jni.cpp.o 
  /usr/local/lib/android/sdk/ndk/27.0.12077973/toolchains/llvm/prebuilt/linux-x86_64/bin/clang++ --target=aarch64-none-linux-android26 --sysroot=/usr/local/lib/android/sdk/ndk/27.0.12077973/toolchains/llvm/prebuilt/linux-x86_64/sysroot -DHAVE_MELONDS_CORE=1 -D_GNU_SOURCE=1 -Dretropack_runtime_melonds_EXPORTS -I/home/runner/work/retro-manager/retro-manager/runtime/retropack-runtime-melonds/src/main/cpp -I/home/runner/work/retro-manager/retro-manager/runtime/retropack-runtime-melonds/submodules/melonds/src -I/home/runner/work/retro-manager/retro-manager/runtime/retropack-runtime-melonds/submodules/melonds/src/DSP_HLE -I/home/runner/work/retro-manager/retro-manager/runtime/retropack-runtime-melonds/submodules/melonds/src/NDSCart -I/home/runner/work/retro-manager/retro-manager/runtime/retropack-runtime-melonds/submodules/melonds/src/fatfs -I/home/runner/work/retro-manager/retro-manager/runtime/retropack-runtime-melonds/submodules/melonds/src/sha1 -I/home/runner/work/retro-manager/retro-manager/runtime/retropack-runtime-melonds/submodules/melonds/src/tiny-AES-c -I/home/runner/work/retro-manager/retro-manager/runtime/retropack-runtime-melonds/submodules/melonds/src/xxhash -I/home/runner/work/retro-manager/retro-manager/runtime/retropack-runtime-melonds/submodules/melonds/src/blip-buf -g -DANDROID -fdata-sections -ffunction-sections -funwind-tables -fstack-protector-strong -no-canonical-prefixes -D_FORTIFY_SOURCE=2 -Wformat -Werror=format-security   -fno-limit-debug-info  -fPIC -MD -MT CMakeFiles/retropack-runtime-melonds.dir/src/main/cpp/melonds-jni.cpp.o -MF CMakeFiles/retropack-runtime-melonds.dir/src/main/cpp/melonds-jni.cpp.o.d -o CMakeFiles/retropack-runtime-melonds.dir/src/main/cpp/melonds-jni.cpp.o -c /home/runner/work/retro-manager/retro-manager/runtime/retropack-runtime-melonds/src/main/cpp/melonds-jni.cpp
  /home/runner/work/retro-manager/retro-manager/runtime/retropack-runtime-melonds/src/main/cpp/melonds-jni.cpp:586:5: error: use of undeclared identifier 'NDS'; did you mean 'melonDS::NDS'?
    586 |     NDS::Init();
        |     ^~~
        |     melonDS::NDS
  /home/runner/work/retro-manager/retro-manager/runtime/retropack-runtime-melonds/submodules/melonds/src/NDS.h:249:7: note: 'melonDS::NDS' declared here
    249 | class NDS
        |       ^
  /home/runner/work/retro-manager/retro-manager/runtime/retropack-runtime-melonds/src/main/cpp/melonds-jni.cpp:586:10: error: no member named 'Init' in 'melonDS::NDS'
    586 |     NDS::Init();
        |     ~~~~~^
  /home/runner/work/retro-manager/retro-manager/runtime/retropack-runtime-melonds/src/main/cpp/melonds-jni.cpp:587:5: error: use of undeclared identifier 'NDS'; did you mean 'melonDS::NDS'?
    587 |     NDS::SetDirectBoot(true);
        |     ^~~
        |     melonDS::NDS
  /home/runner/work/retro-manager/retro-manager/runtime/retropack-runtime-melonds/submodules/melonds/src/NDS.h:249:7: note: 'melonDS::NDS' declared here
    249 | class NDS
        |       ^
  /home/runner/work/retro-manager/retro-manager/runtime/retropack-runtime-melonds/src/main/cpp/melonds-jni.cpp:587:10: error: no member named 'SetDirectBoot' in 'melonDS::NDS'
    587 |     NDS::SetDirectBoot(true);
        |     ~~~~~^
  /home/runner/work/retro-manager/retro-manager/runtime/retropack-runtime-melonds/src/main/cpp/melonds-jni.cpp:610:19: error: use of undeclared identifier 'NDS'; did you mean 'melonDS::NDS'?
    610 |     bool loaded = NDS::LoadROM(native_path, false);
        |                   ^~~
        |                   melonDS::NDS
  /home/runner/work/retro-manager/retro-manager/runtime/retropack-runtime-melonds/submodules/melonds/src/NDS.h:249:7: note: 'melonDS::NDS' declared here
    249 | class NDS
        |       ^
  /home/runner/work/retro-manager/retro-manager/runtime/retropack-runtime-melonds/src/main/cpp/melonds-jni.cpp:610:24: error: no member named 'LoadROM' in 'melonDS::NDS'
    610 |     bool loaded = NDS::LoadROM(native_path, false);
        |                   ~~~~~^
  /home/runner/work/retro-manager/retro-manager/runtime/retropack-runtime-melonds/src/main/cpp/melonds-jni.cpp:637:9: error: use of undeclared identifier 'NDS'; did you mean 'melonDS::NDS'?
    637 |         NDS::DeInit();
        |         ^~~
        |         melonDS::NDS
  /home/runner/work/retro-manager/retro-manager/runtime/retropack-runtime-melonds/submodules/melonds/src/NDS.h:249:7: note: 'melonDS::NDS' declared here
    249 | class NDS
        |       ^
  /home/runner/work/retro-manager/retro-manager/runtime/retropack-runtime-melonds/src/main/cpp/melonds-jni.cpp:637:14: error: no member named 'DeInit' in 'melonDS::NDS'
    637 |         NDS::DeInit();
        |         ~~~~~^
  /home/runner/work/retro-manager/retro-manager/runtime/retropack-runtime-melonds/src/main/cpp/melonds-jni.cpp:650:5: error: use of undeclared identifier 'NDS'; did you mean 'melonDS::NDS'?
    650 |     NDS::DeInit();
        |     ^~~
        |     melonDS::NDS
  /home/runner/work/retro-manager/retro-manager/runtime/retropack-runtime-melonds/submodules/melonds/src/NDS.h:249:7: note: 'melonDS::NDS' declared here
    249 | class NDS
        |       ^
  /home/runner/work/retro-manager/retro-manager/runtime/retropack-runtime-melonds/src/main/cpp/melonds-jni.cpp:650:10: error: no member named 'DeInit' in 'melonDS::NDS'
    650 |     NDS::DeInit();
        |     ~~~~~^
  /home/runner/work/retro-manager/retro-manager/runtime/retropack-runtime-melonds/src/main/cpp/melonds-jni.cpp:672:5: error: use of undeclared identifier 'NDS'; did you mean 'melonDS::NDS'?
    672 |     NDS::SetKeyMask(~g_melonds.key_mask);
        |     ^~~
        |     melonDS::NDS
  /home/runner/work/retro-manager/retro-manager/runtime/retropack-runtime-melonds/submodules/melonds/src/NDS.h:249:7: note: 'melonDS::NDS' declared here
    249 | class NDS
        |       ^
  /home/runner/work/retro-manager/retro-manager/runtime/retropack-runtime-melonds/src/main/cpp/melonds-jni.cpp:672:10: error: call to non-static member function without an object argument
    672 |     NDS::SetKeyMask(~g_melonds.key_mask);
        |     ~~~~~^~~~~~~~~~
  /home/runner/work/retro-manager/retro-manager/runtime/retropack-runtime-melonds/src/main/cpp/melonds-jni.cpp:676:9: error: use of undeclared identifier 'NDS'; did you mean 'melonDS::NDS'?
    676 |         NDS::SetTouchPos(g_melonds.touch_x, g_melonds.touch_y);
        |         ^~~
        |         melonDS::NDS
  /home/runner/work/retro-manager/retro-manager/runtime/retropack-runtime-melonds/submodules/melonds/src/NDS.h:249:7: note: 'melonDS::NDS' declared here
    249 | class NDS
        |       ^
  /home/runner/work/retro-manager/retro-manager/runtime/retropack-runtime-melonds/src/main/cpp/melonds-jni.cpp:676:14: error: no member named 'SetTouchPos' in 'melonDS::NDS'
    676 |         NDS::SetTouchPos(g_melonds.touch_x, g_melonds.touch_y);
        |         ~~~~~^
  /home/runner/work/retro-manager/retro-manager/runtime/retropack-runtime-melonds/src/main/cpp/melonds-jni.cpp:678:9: error: use of undeclared identifier 'NDS'; did you mean 'melonDS::NDS'?
    678 |         NDS::ReleaseTouch();
        |         ^~~
        |         melonDS::NDS
  /home/runner/work/retro-manager/retro-manager/runtime/retropack-runtime-melonds/submodules/melonds/src/NDS.h:249:7: note: 'melonDS::NDS' declared here
    249 | class NDS
        |       ^
  /home/runner/work/retro-manager/retro-manager/runtime/retropack-runtime-melonds/src/main/cpp/melonds-jni.cpp:678:14: error: no member named 'ReleaseTouch' in 'melonDS::NDS'
    678 |         NDS::ReleaseTouch();
        |         ~~~~~^
  /home/runner/work/retro-manager/retro-manager/runtime/retropack-runtime-melonds/src/main/cpp/melonds-jni.cpp:682:5: error: use of undeclared identifier 'NDS'; did you mean 'melonDS::NDS'?
    682 |     NDS::RunFrame();
        |     ^~~
        |     melonDS::NDS
  /home/runner/work/retro-manager/retro-manager/runtime/retropack-runtime-melonds/submodules/melonds/src/NDS.h:249:7: note: 'melonDS::NDS' declared here
    249 | class NDS
        |       ^
  /home/runner/work/retro-manager/retro-manager/runtime/retropack-runtime-melonds/src/main/cpp/melonds-jni.cpp:682:10: error: call to non-static member function without an object argument
    682 |     NDS::RunFrame();
        |     ~~~~~^~~~~~~~
  /home/runner/work/retro-manager/retro-manager/runtime/retropack-runtime-melonds/src/main/cpp/melonds-jni.cpp:682:10: error: 'RunFrame' is a protected member of 'melonDS::NDS'
  /home/runner/work/retro-manager/retro-manager/runtime/retropack-runtime-melonds/submodules/melonds/src/NDS.h:558:9: note: declared protected here
    558 |     u32 RunFrame();
        |         ^
  fatal error: too many errors emitted, stopping now [-ferror-limit=]
  20 errors generated.
  [7/70] Building CXX object CMakeFiles/retropack-runtime-melonds.dir/submodules/melonds/src/AREngine.cpp.o
  [8/70] Building CXX object CMakeFiles/retropack-runtime-melonds.dir/submodules/melonds/src/ARMInterpreter_LoadStore.cpp.o
  [9/70] Building CXX object CMakeFiles/retropack-runtime-melonds.dir/submodules/melonds/src/ARMInterpreter_Branch.cpp.o
  [10/70] Building CXX object CMakeFiles/retropack-runtime-melonds.dir/submodules/melonds/src/ARMInterpreter_ALU.cpp.o
  [11/70] Building CXX object CMakeFiles/retropack-runtime-melonds.dir/submodules/melonds/src/ARM_InstrInfo.cpp.o
  ninja: build stopped: subcommand failed.
  
  C++ build system [build] failed while executing:
      /usr/local/lib/android/sdk/cmake/3.22.1/bin/ninja \
        -C \
        /home/runner/work/retro-manager/retro-manager/runtime/retropack-runtime-melonds/.cxx/Debug/4l53r62e/arm64-v8a \
        retropack-runtime-melonds
    from /home/runner/work/retro-manager/retro-manager/runtime/retropack-runtime-melonds

* Try:
> Run with --info or --debug option to get more log output.
> Run with --scan to get full insights from a Build Scan (powered by Develocity).
> Get more help at https://help.gradle.org.

* Exception is:
org.gradle.api.tasks.TaskExecutionException: Execution failed for task ':runtime:retropack-runtime-melonds:buildCMakeDebug[arm64-v8a]' (registered by plugin 'com.android.internal.library').
	at org.gradle.api.internal.tasks.execution.ExecuteActionsTaskExecuter.lambda$executeIfValid$1(ExecuteActionsTaskExecuter.java:135)
	at org.gradle.internal.Try$Failure.ifSuccessfulOrElse(Try.java:288)
	at org.gradle.api.internal.tasks.execution.ExecuteActionsTaskExecuter.executeIfValid(ExecuteActionsTaskExecuter.java:133)
	at org.gradle.api.internal.tasks.execution.ExecuteActionsTaskExecuter.execute(ExecuteActionsTaskExecuter.java:121)
	at org.gradle.api.internal.tasks.execution.ProblemsTaskPathTrackingTaskExecuter.execute(ProblemsTaskPathTrackingTaskExecuter.java:41)
	at org.gradle.api.internal.tasks.execution.ResolveTaskExecutionModeExecuter.execute(ResolveTaskExecutionModeExecuter.java:51)
	at org.gradle.api.internal.tasks.execution.FinalizePropertiesTaskExecuter.execute(FinalizePropertiesTaskExecuter.java:46)
	at org.gradle.api.internal.tasks.execution.SkipTaskWithNoActionsExecuter.execute(SkipTaskWithNoActionsExecuter.java:57)
	at org.gradle.api.internal.tasks.execution.SkipOnlyIfTaskExecuter.execute(SkipOnlyIfTaskExecuter.java:74)
	at org.gradle.api.internal.tasks.execution.CatchExceptionTaskExecuter.execute(CatchExceptionTaskExecuter.java:36)
	at org.gradle.api.internal.tasks.execution.EventFiringTaskExecuter$1.executeTask(EventFiringTaskExecuter.java:77)
	at org.gradle.api.internal.tasks.execution.EventFiringTaskExecuter$1.call(EventFiringTaskExecuter.java:55)
	at org.gradle.api.internal.tasks.execution.EventFiringTaskExecuter$1.call(EventFiringTaskExecuter.java:52)
	at org.gradle.internal.operations.DefaultBuildOperationRunner$CallableBuildOperationWorker.execute(DefaultBuildOperationRunner.java:210)
	at org.gradle.internal.operations.DefaultBuildOperationRunner$CallableBuildOperationWorker.execute(DefaultBuildOperationRunner.java:205)
	at org.gradle.internal.operations.DefaultBuildOperationRunner$2.execute(DefaultBuildOperationRunner.java:67)
	at org.gradle.internal.operations.DefaultBuildOperationRunner$2.execute(DefaultBuildOperationRunner.java:60)
	at org.gradle.internal.operations.DefaultBuildOperationRunner.execute(DefaultBuildOperationRunner.java:167)
	at org.gradle.internal.operations.DefaultBuildOperationRunner.execute(DefaultBuildOperationRunner.java:60)
	at org.gradle.internal.operations.DefaultBuildOperationRunner.call(DefaultBuildOperationRunner.java:54)
	at org.gradle.api.internal.tasks.execution.EventFiringTaskExecuter.execute(EventFiringTaskExecuter.java:52)
	at org.gradle.execution.plan.DefaultNodeExecutor.executeLocalTaskNode(DefaultNodeExecutor.java:55)
	at org.gradle.execution.plan.DefaultNodeExecutor.execute(DefaultNodeExecutor.java:34)
	at org.gradle.execution.taskgraph.DefaultTaskExecutionGraph$InvokeNodeExecutorsAction.execute(DefaultTaskExecutionGraph.java:355)
	at org.gradle.execution.taskgraph.DefaultTaskExecutionGraph$InvokeNodeExecutorsAction.execute(DefaultTaskExecutionGraph.java:343)
	at org.gradle.execution.taskgraph.DefaultTaskExecutionGraph$BuildOperationAwareExecutionAction.lambda$execute$0(DefaultTaskExecutionGraph.java:339)
	at org.gradle.internal.operations.CurrentBuildOperationRef.with(CurrentBuildOperationRef.java:84)
	at org.gradle.execution.taskgraph.DefaultTaskExecutionGraph$BuildOperationAwareExecutionAction.execute(DefaultTaskExecutionGraph.java:339)
	at org.gradle.execution.taskgraph.DefaultTaskExecutionGraph$BuildOperationAwareExecutionAction.execute(DefaultTaskExecutionGraph.java:328)
	at org.gradle.execution.plan.DefaultPlanExecutor$ExecutorWorker.execute(DefaultPlanExecutor.java:459)
	at org.gradle.execution.plan.DefaultPlanExecutor$ExecutorWorker.run(DefaultPlanExecutor.java:376)
	at org.gradle.internal.concurrent.ExecutorPolicy$CatchAndRecordFailures.onExecute(ExecutorPolicy.java:64)
	at org.gradle.internal.concurrent.AbstractManagedExecutor$1.run(AbstractManagedExecutor.java:47)
Caused by: org.gradle.internal.UncheckedException: com.android.ide.common.process.ProcessException: ninja: Entering directory `/home/runner/work/retro-manager/retro-manager/runtime/retropack-runtime-melonds/.cxx/Debug/4l53r62e/arm64-v8a'
[1/70] Building C object CMakeFiles/retropack-runtime-melonds.dir/src/main/cpp/ringbuffer.c.o
[2/70] Building CXX object CMakeFiles/retropack-runtime-melonds.dir/submodules/melonds/src/ARDatabaseDAT.cpp.o
[3/70] Building CXX object CMakeFiles/retropack-runtime-melonds.dir/submodules/melonds/src/ARCodeFile.cpp.o
[4/70] Building CXX object CMakeFiles/retropack-runtime-melonds.dir/submodules/melonds/src/ARM.cpp.o
[5/70] Building CXX object CMakeFiles/retropack-runtime-melonds.dir/submodules/melonds/src/ARMInterpreter.cpp.o
[6/70] Building CXX object CMakeFiles/retropack-runtime-melonds.dir/src/main/cpp/melonds-jni.cpp.o
FAILED: CMakeFiles/retropack-runtime-melonds.dir/src/main/cpp/melonds-jni.cpp.o 
/usr/local/lib/android/sdk/ndk/27.0.12077973/toolchains/llvm/prebuilt/linux-x86_64/bin/clang++ --target=aarch64-none-linux-android26 --sysroot=/usr/local/lib/android/sdk/ndk/27.0.12077973/toolchains/llvm/prebuilt/linux-x86_64/sysroot -DHAVE_MELONDS_CORE=1 -D_GNU_SOURCE=1 -Dretropack_runtime_melonds_EXPORTS -I/home/runner/work/retro-manager/retro-manager/runtime/retropack-runtime-melonds/src/main/cpp -I/home/runner/work/retro-manager/retro-manager/runtime/retropack-runtime-melonds/submodules/melonds/src -I/home/runner/work/retro-manager/retro-manager/runtime/retropack-runtime-melonds/submodules/melonds/src/DSP_HLE -I/home/runner/work/retro-manager/retro-manager/runtime/retropack-runtime-melonds/submodules/melonds/src/NDSCart -I/home/runner/work/retro-manager/retro-manager/runtime/retropack-runtime-melonds/submodules/melonds/src/fatfs -I/home/runner/work/retro-manager/retro-manager/runtime/retropack-runtime-melonds/submodules/melonds/src/sha1 -I/home/runner/work/retro-manager/retro-manager/runtime/retropack-runtime-melonds/submodules/melonds/src/tiny-AES-c -I/home/runner/work/retro-manager/retro-manager/runtime/retropack-runtime-melonds/submodules/melonds/src/xxhash -I/home/runner/work/retro-manager/retro-manager/runtime/retropack-runtime-melonds/submodules/melonds/src/blip-buf -g -DANDROID -fdata-sections -ffunction-sections -funwind-tables -fstack-protector-strong -no-canonical-prefixes -D_FORTIFY_SOURCE=2 -Wformat -Werror=format-security   -fno-limit-debug-info  -fPIC -MD -MT CMakeFiles/retropack-runtime-melonds.dir/src/main/cpp/melonds-jni.cpp.o -MF CMakeFiles/retropack-runtime-melonds.dir/src/main/cpp/melonds-jni.cpp.o.d -o CMakeFiles/retropack-runtime-melonds.dir/src/main/cpp/melonds-jni.cpp.o -c /home/runner/work/retro-manager/retro-manager/runtime/retropack-runtime-melonds/src/main/cpp/melonds-jni.cpp
/home/runner/work/retro-manager/retro-manager/runtime/retropack-runtime-melonds/src/main/cpp/melonds-jni.cpp:586:5: error: use of undeclared identifier 'NDS'; did you mean 'melonDS::NDS'?
  586 |     NDS::Init();
      |     ^~~
      |     melonDS::NDS
/home/runner/work/retro-manager/retro-manager/runtime/retropack-runtime-melonds/submodules/melonds/src/NDS.h:249:7: note: 'melonDS::NDS' declared here
  249 | class NDS
      |       ^
/home/runner/work/retro-manager/retro-manager/runtime/retropack-runtime-melonds/src/main/cpp/melonds-jni.cpp:586:10: error: no member named 'Init' in 'melonDS::NDS'
  586 |     NDS::Init();
      |     ~~~~~^
/home/runner/work/retro-manager/retro-manager/runtime/retropack-runtime-melonds/src/main/cpp/melonds-jni.cpp:587:5: error: use of undeclared identifier 'NDS'; did you mean 'melonDS::NDS'?
  587 |     NDS::SetDirectBoot(true);
      |     ^~~
      |     melonDS::NDS
/home/runner/work/retro-manager/retro-manager/runtime/retropack-runtime-melonds/submodules/melonds/src/NDS.h:249:7: note: 'melonDS::NDS' declared here
  249 | class NDS
      |       ^
/home/runner/work/retro-manager/retro-manager/runtime/retropack-runtime-melonds/src/main/cpp/melonds-jni.cpp:587:10: error: no member named 'SetDirectBoot' in 'melonDS::NDS'
  587 |     NDS::SetDirectBoot(true);
      |     ~~~~~^
/home/runner/work/retro-manager/retro-manager/runtime/retropack-runtime-melonds/src/main/cpp/melonds-jni.cpp:610:19: error: use of undeclared identifier 'NDS'; did you mean 'melonDS::NDS'?
  610 |     bool loaded = NDS::LoadROM(native_path, false);
      |                   ^~~
      |                   melonDS::NDS
/home/runner/work/retro-manager/retro-manager/runtime/retropack-runtime-melonds/submodules/melonds/src/NDS.h:249:7: note: 'melonDS::NDS' declared here
  249 | class NDS
      |       ^
/home/runner/work/retro-manager/retro-manager/runtime/retropack-runtime-melonds/src/main/cpp/melonds-jni.cpp:610:24: error: no member named 'LoadROM' in 'melonDS::NDS'
  610 |     bool loaded = NDS::LoadROM(native_path, false);
      |                   ~~~~~^
/home/runner/work/retro-manager/retro-manager/runtime/retropack-runtime-melonds/src/main/cpp/melonds-jni.cpp:637:9: error: use of undeclared identifier 'NDS'; did you mean 'melonDS::NDS'?
  637 |         NDS::DeInit();
      |         ^~~
      |         melonDS::NDS
/home/runner/work/retro-manager/retro-manager/runtime/retropack-runtime-melonds/submodules/melonds/src/NDS.h:249:7: note: 'melonDS::NDS' declared here
  249 | class NDS
      |       ^
/home/runner/work/retro-manager/retro-manager/runtime/retropack-runtime-melonds/src/main/cpp/melonds-jni.cpp:637:14: error: no member named 'DeInit' in 'melonDS::NDS'
  637 |         NDS::DeInit();
      |         ~~~~~^
/home/runner/work/retro-manager/retro-manager/runtime/retropack-runtime-melonds/src/main/cpp/melonds-jni.cpp:650:5: error: use of undeclared identifier 'NDS'; did you mean 'melonDS::NDS'?
  650 |     NDS::DeInit();
      |     ^~~
      |     melonDS::NDS
/home/runner/work/retro-manager/retro-manager/runtime/retropack-runtime-melonds/submodules/melonds/src/NDS.h:249:7: note: 'melonDS::NDS' declared here
  249 | class NDS
      |       ^
/home/runner/work/retro-manager/retro-manager/runtime/retropack-runtime-melonds/src/main/cpp/melonds-jni.cpp:650:10: error: no member named 'DeInit' in 'melonDS::NDS'
  650 |     NDS::DeInit();
      |     ~~~~~^
/home/runner/work/retro-manager/retro-manager/runtime/retropack-runtime-melonds/src/main/cpp/melonds-jni.cpp:672:5: error: use of undeclared identifier 'NDS'; did you mean 'melonDS::NDS'?
  672 |     NDS::SetKeyMask(~g_melonds.key_mask);
      |     ^~~
      |     melonDS::NDS
/home/runner/work/retro-manager/retro-manager/runtime/retropack-runtime-melonds/submodules/melonds/src/NDS.h:249:7: note: 'melonDS::NDS' declared here
  249 | class NDS
      |       ^
/home/runner/work/retro-manager/retro-manager/runtime/retropack-runtime-melonds/src/main/cpp/melonds-jni.cpp:672:10: error: call to non-static member function without an object argument
  672 |     NDS::SetKeyMask(~g_melonds.key_mask);
      |     ~~~~~^~~~~~~~~~
/home/runner/work/retro-manager/retro-manager/runtime/retropack-runtime-melonds/src/main/cpp/melonds-jni.cpp:676:9: error: use of undeclared identifier 'NDS'; did you mean 'melonDS::NDS'?
  676 |         NDS::SetTouchPos(g_melonds.touch_x, g_melonds.touch_y);
      |         ^~~
      |         melonDS::NDS
/home/runner/work/retro-manager/retro-manager/runtime/retropack-runtime-melonds/submodules/melonds/src/NDS.h:249:7: note: 'melonDS::NDS' declared here
  249 | class NDS
      |       ^
/home/runner/work/retro-manager/retro-manager/runtime/retropack-runtime-melonds/src/main/cpp/melonds-jni.cpp:676:14: error: no member named 'SetTouchPos' in 'melonDS::NDS'
  676 |         NDS::SetTouchPos(g_melonds.touch_x, g_melonds.touch_y);
      |         ~~~~~^
/home/runner/work/retro-manager/retro-manager/runtime/retropack-runtime-melonds/src/main/cpp/melonds-jni.cpp:678:9: error: use of undeclared identifier 'NDS'; did you mean 'melonDS::NDS'?
  678 |         NDS::ReleaseTouch();
      |         ^~~
      |         melonDS::NDS
/home/runner/work/retro-manager/retro-manager/runtime/retropack-runtime-melonds/submodules/melonds/src/NDS.h:249:7: note: 'melonDS::NDS' declared here
  249 | class NDS
      |       ^
/home/runner/work/retro-manager/retro-manager/runtime/retropack-runtime-melonds/src/main/cpp/melonds-jni.cpp:678:14: error: no member named 'ReleaseTouch' in 'melonDS::NDS'
  678 |         NDS::ReleaseTouch();
      |         ~~~~~^
/home/runner/work/retro-manager/retro-manager/runtime/retropack-runtime-melonds/src/main/cpp/melonds-jni.cpp:682:5: error: use of undeclared identifier 'NDS'; did you mean 'melonDS::NDS'?
  682 |     NDS::RunFrame();
      |     ^~~
      |     melonDS::NDS
/home/runner/work/retro-manager/retro-manager/runtime/retropack-runtime-melonds/submodules/melonds/src/NDS.h:249:7: note: 'melonDS::NDS' declared here
  249 | class NDS
      |       ^
/home/runner/work/retro-manager/retro-manager/runtime/retropack-runtime-melonds/src/main/cpp/melonds-jni.cpp:682:10: error: call to non-static member function without an object argument
  682 |     NDS::RunFrame();
      |     ~~~~~^~~~~~~~
/home/runner/work/retro-manager/retro-manager/runtime/retropack-runtime-melonds/src/main/cpp/melonds-jni.cpp:682:10: error: 'RunFrame' is a protected member of 'melonDS::NDS'
/home/runner/work/retro-manager/retro-manager/runtime/retropack-runtime-melonds/submodules/melonds/src/NDS.h:558:9: note: declared protected here
  558 |     u32 RunFrame();
      |         ^
fatal error: too many errors emitted, stopping now [-ferror-limit=]
20 errors generated.
[7/70] Building CXX object CMakeFiles/retropack-runtime-melonds.dir/submodules/melonds/src/AREngine.cpp.o
[8/70] Building CXX object CMakeFiles/retropack-runtime-melonds.dir/submodules/melonds/src/ARMInterpreter_LoadStore.cpp.o
[9/70] Building CXX object CMakeFiles/retropack-runtime-melonds.dir/submodules/melonds/src/ARMInterpreter_Branch.cpp.o
[10/70] Building CXX object CMakeFiles/retropack-runtime-melonds.dir/submodules/melonds/src/ARMInterpreter_ALU.cpp.o
[11/70] Building CXX object CMakeFiles/retropack-runtime-melonds.dir/submodules/melonds/src/ARM_InstrInfo.cpp.o
ninja: build stopped: subcommand failed.

C++ build system [build] failed while executing:
    /usr/local/lib/android/sdk/cmake/3.22.1/bin/ninja \
      -C \
      /home/runner/work/retro-manager/retro-manager/runtime/retropack-runtime-melonds/.cxx/Debug/4l53r62e/arm64-v8a \
      retropack-runtime-melonds
  from /home/runner/work/retro-manager/retro-manager/runtime/retropack-runtime-melonds
	at org.gradle.internal.UncheckedException.throwAsUncheckedException(UncheckedException.java:69)
	at org.gradle.internal.UncheckedException.throwAsUncheckedException(UncheckedException.java:42)
	at org.gradle.internal.reflect.JavaMethod.invoke(JavaMethod.java:129)
	at org.gradle.api.internal.project.taskfactory.StandardTaskAction.doExecute(StandardTaskAction.java:58)
	at org.gradle.api.internal.project.taskfactory.StandardTaskAction.execute(StandardTaskAction.java:51)
	at org.gradle.api.internal.project.taskfactory.StandardTaskAction.execute(StandardTaskAction.java:29)
	at org.gradle.api.internal.tasks.execution.TaskExecution$3.run(TaskExecution.java:259)
	at org.gradle.internal.operations.DefaultBuildOperationRunner$1.execute(DefaultBuildOperationRunner.java:30)
	at org.gradle.internal.operations.DefaultBuildOperationRunner$1.execute(DefaultBuildOperationRunner.java:27)
	at org.gradle.internal.operations.DefaultBuildOperationRunner$2.execute(DefaultBuildOperationRunner.java:67)
	at org.gradle.internal.operations.DefaultBuildOperationRunner$2.execute(DefaultBuildOperationRunner.java:60)
	at org.gradle.internal.operations.DefaultBuildOperationRunner.execute(DefaultBuildOperationRunner.java:167)
	at org.gradle.internal.operations.DefaultBuildOperationRunner.execute(DefaultBuildOperationRunner.java:60)
	at org.gradle.internal.operations.DefaultBuildOperationRunner.run(DefaultBuildOperationRunner.java:48)
	at org.gradle.api.internal.tasks.execution.TaskExecution.executeAction(TaskExecution.java:244)
	at org.gradle.api.internal.tasks.execution.TaskExecution.executeActions(TaskExecution.java:227)
	at org.gradle.api.internal.tasks.execution.TaskExecution.executeWithPreviousOutputFiles(TaskExecution.java:210)
	at org.gradle.api.internal.tasks.execution.TaskExecution.execute(TaskExecution.java:176)
	at org.gradle.internal.execution.steps.ExecuteStep.executeInternal(ExecuteStep.java:167)
	at org.gradle.internal.execution.steps.ExecuteStep.access$000(ExecuteStep.java:47)
	at org.gradle.internal.execution.steps.ExecuteStep$1.call(ExecuteStep.java:137)
	at org.gradle.internal.execution.steps.ExecuteStep$1.call(ExecuteStep.java:134)
	at org.gradle.internal.operations.DefaultBuildOperationRunner$CallableBuildOperationWorker.execute(DefaultBuildOperationRunner.java:210)
	at org.gradle.internal.operations.DefaultBuildOperationRunner$CallableBuildOperationWorker.execute(DefaultBuildOperationRunner.java:205)
	at org.gradle.internal.operations.DefaultBuildOperationRunner$2.execute(DefaultBuildOperationRunner.java:67)
	at org.gradle.internal.operations.DefaultBuildOperationRunner$2.execute(DefaultBuildOperationRunner.java:60)
	at org.gradle.internal.operations.DefaultBuildOperationRunner.execute(DefaultBuildOperationRunner.java:167)
	at org.gradle.internal.operations.DefaultBuildOperationRunner.execute(DefaultBuildOperationRunner.java:60)
	at org.gradle.internal.operations.DefaultBuildOperationRunner.call(DefaultBuildOperationRunner.java:54)
	at org.gradle.internal.execution.steps.ExecuteStep.execute(ExecuteStep.java:134)
	at org.gradle.internal.execution.steps.ExecuteStep$Mutable.execute(ExecuteStep.java:80)
	at org.gradle.internal.execution.steps.CancelExecutionStep.execute(CancelExecutionStep.java:42)
	at org.gradle.internal.execution.steps.TimeoutStep.executeWithoutTimeout(TimeoutStep.java:75)
	at org.gradle.internal.execution.steps.TimeoutStep.execute(TimeoutStep.java:55)
	at org.gradle.internal.execution.steps.PreCreateOutputParentsStep.execute(PreCreateOutputParentsStep.java:51)
	at org.gradle.internal.execution.steps.PreCreateOutputParentsStep.execute(PreCreateOutputParentsStep.java:29)
	at org.gradle.internal.execution.steps.RemovePreviousOutputsStep.executeMutable(RemovePreviousOutputsStep.java:67)
	at org.gradle.internal.execution.steps.RemovePreviousOutputsStep.executeMutable(RemovePreviousOutputsStep.java:39)
	at org.gradle.internal.execution.steps.MutableStep.execute(MutableStep.java:26)
	at org.gradle.internal.execution.steps.BroadcastChangingOutputsStep.execute(BroadcastChangingOutputsStep.java:42)
	at org.gradle.internal.execution.steps.BroadcastChangingOutputsStep.execute(BroadcastChangingOutputsStep.java:24)
	at org.gradle.internal.execution.steps.CaptureOutputsAfterExecutionStep.execute(CaptureOutputsAfterExecutionStep.java:69)
	at org.gradle.internal.execution.steps.CaptureOutputsAfterExecutionStep.execute(CaptureOutputsAfterExecutionStep.java:46)
	at org.gradle.internal.execution.steps.ResolveInputChangesStep.executeMutable(ResolveInputChangesStep.java:39)
	at org.gradle.internal.execution.steps.ResolveInputChangesStep.executeMutable(ResolveInputChangesStep.java:28)
	at org.gradle.internal.execution.steps.MutableStep.execute(MutableStep.java:26)
	at org.gradle.internal.execution.steps.BuildCacheStep.executeWithoutCache(BuildCacheStep.java:189)
	at org.gradle.internal.execution.steps.BuildCacheStep.lambda$execute$1(BuildCacheStep.java:76)
	at org.gradle.internal.Either$Right.fold(Either.java:176)
	at org.gradle.internal.execution.caching.CachingState.fold(CachingState.java:62)
	at org.gradle.internal.execution.steps.BuildCacheStep.execute(BuildCacheStep.java:74)
	at org.gradle.internal.execution.steps.BuildCacheStep.execute(BuildCacheStep.java:49)
	at org.gradle.internal.execution.steps.StoreExecutionStateStep.executeMutable(StoreExecutionStateStep.java:46)
	at org.gradle.internal.execution.steps.StoreExecutionStateStep.executeMutable(StoreExecutionStateStep.java:35)
	at org.gradle.internal.execution.steps.MutableStep.execute(MutableStep.java:26)
	at org.gradle.internal.execution.steps.SkipUpToDateStep.executeBecause(SkipUpToDateStep.java:75)
	at org.gradle.internal.execution.steps.SkipUpToDateStep.lambda$execute$2(SkipUpToDateStep.java:53)
	at org.gradle.internal.execution.steps.SkipUpToDateStep.execute(SkipUpToDateStep.java:53)
	at org.gradle.internal.execution.steps.SkipUpToDateStep.execute(SkipUpToDateStep.java:35)
	at org.gradle.internal.execution.steps.legacy.MarkSnapshottingInputsFinishedStep.execute(MarkSnapshottingInputsFinishedStep.java:37)
	at org.gradle.internal.execution.steps.legacy.MarkSnapshottingInputsFinishedStep.execute(MarkSnapshottingInputsFinishedStep.java:27)
	at org.gradle.internal.execution.steps.ResolveMutableCachingStateStep.executeDelegate(ResolveMutableCachingStateStep.java:70)
	at org.gradle.internal.execution.steps.ResolveMutableCachingStateStep.executeDelegate(ResolveMutableCachingStateStep.java:32)
	at org.gradle.internal.execution.steps.AbstractResolveCachingStateStep.execute(AbstractResolveCachingStateStep.java:69)
	at org.gradle.internal.execution.steps.AbstractResolveCachingStateStep.execute(AbstractResolveCachingStateStep.java:37)
	at org.gradle.internal.execution.steps.ResolveChangesStep.executeMutable(ResolveChangesStep.java:63)
	at org.gradle.internal.execution.steps.ResolveChangesStep.executeMutable(ResolveChangesStep.java:34)
	at org.gradle.internal.execution.steps.MutableStep.execute(MutableStep.java:26)
	at org.gradle.internal.execution.steps.ValidateStep$Mutable.executeDelegate(ValidateStep.java:79)
	at org.gradle.internal.execution.steps.ValidateStep$Mutable.executeDelegate(ValidateStep.java:65)
	at org.gradle.internal.execution.steps.ValidateStep.execute(ValidateStep.java:99)
	at org.gradle.internal.execution.steps.ValidateStep$Mutable.execute(ValidateStep.java:65)
	at org.gradle.internal.execution.steps.CaptureMutableStateBeforeExecutionStep.executeMutable(CaptureMutableStateBeforeExecutionStep.java:86)
	at org.gradle.internal.execution.steps.CaptureMutableStateBeforeExecutionStep.execute(CaptureMutableStateBeforeExecutionStep.java:65)
	at org.gradle.internal.execution.steps.CaptureMutableStateBeforeExecutionStep.execute(CaptureMutableStateBeforeExecutionStep.java:45)
	at org.gradle.internal.execution.steps.SkipEmptyMutableWorkStep.executeWithNonEmptySources(SkipEmptyMutableWorkStep.java:210)
	at org.gradle.internal.execution.steps.SkipEmptyMutableWorkStep.executeMutable(SkipEmptyMutableWorkStep.java:85)
	at org.gradle.internal.execution.steps.SkipEmptyMutableWorkStep.executeMutable(SkipEmptyMutableWorkStep.java:53)
	at org.gradle.internal.execution.steps.MutableStep.execute(MutableStep.java:26)
	at org.gradle.internal.execution.steps.legacy.MarkSnapshottingInputsStartedStep.execute(MarkSnapshottingInputsStartedStep.java:38)
	at org.gradle.internal.execution.steps.LoadPreviousExecutionStateStep.executeMutable(LoadPreviousExecutionStateStep.java:36)
	at org.gradle.internal.execution.steps.LoadPreviousExecutionStateStep.executeMutable(LoadPreviousExecutionStateStep.java:23)
	at org.gradle.internal.execution.steps.MutableStep.execute(MutableStep.java:26)
	at org.gradle.internal.execution.steps.HandleStaleOutputsStep.executeMutable(HandleStaleOutputsStep.java:77)
	at org.gradle.internal.execution.steps.HandleStaleOutputsStep.executeMutable(HandleStaleOutputsStep.java:43)
	at org.gradle.internal.execution.steps.MutableStep.execute(MutableStep.java:26)
	at org.gradle.internal.execution.steps.AssignMutableWorkspaceStep.lambda$executeMutable$0(AssignMutableWorkspaceStep.java:34)
	at org.gradle.api.internal.tasks.execution.TaskExecution$4.withWorkspace(TaskExecution.java:305)
	at org.gradle.internal.execution.steps.AssignMutableWorkspaceStep.executeMutable(AssignMutableWorkspaceStep.java:30)
	at org.gradle.internal.execution.steps.AssignMutableWorkspaceStep.executeMutable(AssignMutableWorkspaceStep.java:21)
	at org.gradle.internal.execution.steps.MutableStep.execute(MutableStep.java:26)
	at org.gradle.internal.execution.steps.ChoosePipelineStep.execute(ChoosePipelineStep.java:40)
	at org.gradle.internal.execution.steps.ChoosePipelineStep.execute(ChoosePipelineStep.java:23)
	at org.gradle.internal.execution.steps.ExecuteWorkBuildOperationFiringStep.lambda$execute$2(ExecuteWorkBuildOperationFiringStep.java:67)
	at org.gradle.internal.execution.steps.ExecuteWorkBuildOperationFiringStep.execute(ExecuteWorkBuildOperationFiringStep.java:67)
	at org.gradle.internal.execution.steps.ExecuteWorkBuildOperationFiringStep.execute(ExecuteWorkBuildOperationFiringStep.java:39)
	at org.gradle.internal.execution.steps.IdentityCacheStep.execute(IdentityCacheStep.java:46)
	at org.gradle.internal.execution.steps.IdentityCacheStep.execute(IdentityCacheStep.java:34)
	at org.gradle.internal.execution.steps.IdentifyStep.execute(IdentifyStep.java:56)
	at org.gradle.internal.execution.steps.IdentifyStep.execute(IdentifyStep.java:38)
	at org.gradle.internal.execution.impl.DefaultExecutionEngine$1.execute(DefaultExecutionEngine.java:68)
	at org.gradle.api.internal.tasks.execution.ExecuteActionsTaskExecuter.executeIfValid(ExecuteActionsTaskExecuter.java:132)
	... 30 more
Caused by: com.android.ide.common.process.ProcessException: ninja: Entering directory `/home/runner/work/retro-manager/retro-manager/runtime/retropack-runtime-melonds/.cxx/Debug/4l53r62e/arm64-v8a'
[1/70] Building C object CMakeFiles/retropack-runtime-melonds.dir/src/main/cpp/ringbuffer.c.o
[2/70] Building CXX object CMakeFiles/retropack-runtime-melonds.dir/submodules/melonds/src/ARDatabaseDAT.cpp.o
[3/70] Building CXX object CMakeFiles/retropack-runtime-melonds.dir/submodules/melonds/src/ARCodeFile.cpp.o
[4/70] Building CXX object CMakeFiles/retropack-runtime-melonds.dir/submodules/melonds/src/ARM.cpp.o
[5/70] Building CXX object CMakeFiles/retropack-runtime-melonds.dir/submodules/melonds/src/ARMInterpreter.cpp.o
[6/70] Building CXX object CMakeFiles/retropack-runtime-melonds.dir/src/main/cpp/melonds-jni.cpp.o
FAILED: CMakeFiles/retropack-runtime-melonds.dir/src/main/cpp/melonds-jni.cpp.o 
/usr/local/lib/android/sdk/ndk/27.0.12077973/toolchains/llvm/prebuilt/linux-x86_64/bin/clang++ --target=aarch64-none-linux-android26 --sysroot=/usr/local/lib/android/sdk/ndk/27.0.12077973/toolchains/llvm/prebuilt/linux-x86_64/sysroot -DHAVE_MELONDS_CORE=1 -D_GNU_SOURCE=1 -Dretropack_runtime_melonds_EXPORTS -I/home/runner/work/retro-manager/retro-manager/runtime/retropack-runtime-melonds/src/main/cpp -I/home/runner/work/retro-manager/retro-manager/runtime/retropack-runtime-melonds/submodules/melonds/src -I/home/runner/work/retro-manager/retro-manager/runtime/retropack-runtime-melonds/submodules/melonds/src/DSP_HLE -I/home/runner/work/retro-manager/retro-manager/runtime/retropack-runtime-melonds/submodules/melonds/src/NDSCart -I/home/runner/work/retro-manager/retro-manager/runtime/retropack-runtime-melonds/submodules/melonds/src/fatfs -I/home/runner/work/retro-manager/retro-manager/runtime/retropack-runtime-melonds/submodules/melonds/src/sha1 -I/home/runner/work/retro-manager/retro-manager/runtime/retropack-runtime-melonds/submodules/melonds/src/tiny-AES-c -I/home/runner/work/retro-manager/retro-manager/runtime/retropack-runtime-melonds/submodules/melonds/src/xxhash -I/home/runner/work/retro-manager/retro-manager/runtime/retropack-runtime-melonds/submodules/melonds/src/blip-buf -g -DANDROID -fdata-sections -ffunction-sections -funwind-tables -fstack-protector-strong -no-canonical-prefixes -D_FORTIFY_SOURCE=2 -Wformat -Werror=format-security   -fno-limit-debug-info  -fPIC -MD -MT CMakeFiles/retropack-runtime-melonds.dir/src/main/cpp/melonds-jni.cpp.o -MF CMakeFiles/retropack-runtime-melonds.dir/src/main/cpp/melonds-jni.cpp.o.d -o CMakeFiles/retropack-runtime-melonds.dir/src/main/cpp/melonds-jni.cpp.o -c /home/runner/work/retro-manager/retro-manager/runtime/retropack-runtime-melonds/src/main/cpp/melonds-jni.cpp
/home/runner/work/retro-manager/retro-manager/runtime/retropack-runtime-melonds/src/main/cpp/melonds-jni.cpp:586:5: error: use of undeclared identifier 'NDS'; did you mean 'melonDS::NDS'?
  586 |     NDS::Init();
      |     ^~~
      |     melonDS::NDS
/home/runner/work/retro-manager/retro-manager/runtime/retropack-runtime-melonds/submodules/melonds/src/NDS.h:249:7: note: 'melonDS::NDS' declared here
  249 | class NDS
      |       ^
/home/runner/work/retro-manager/retro-manager/runtime/retropack-runtime-melonds/src/main/cpp/melonds-jni.cpp:586:10: error: no member named 'Init' in 'melonDS::NDS'
  586 |     NDS::Init();
      |     ~~~~~^
/home/runner/work/retro-manager/retro-manager/runtime/retropack-runtime-melonds/src/main/cpp/melonds-jni.cpp:587:5: error: use of undeclared identifier 'NDS'; did you mean 'melonDS::NDS'?
  587 |     NDS::SetDirectBoot(true);
      |     ^~~
      |     melonDS::NDS
/home/runner/work/retro-manager/retro-manager/runtime/retropack-runtime-melonds/submodules/melonds/src/NDS.h:249:7: note: 'melonDS::NDS' declared here
  249 | class NDS
      |       ^
/home/runner/work/retro-manager/retro-manager/runtime/retropack-runtime-melonds/src/main/cpp/melonds-jni.cpp:587:10: error: no member named 'SetDirectBoot' in 'melonDS::NDS'
  587 |     NDS::SetDirectBoot(true);
      |     ~~~~~^
/home/runner/work/retro-manager/retro-manager/runtime/retropack-runtime-melonds/src/main/cpp/melonds-jni.cpp:610:19: error: use of undeclared identifier 'NDS'; did you mean 'melonDS::NDS'?
  610 |     bool loaded = NDS::LoadROM(native_path, false);
      |                   ^~~
      |                   melonDS::NDS
/home/runner/work/retro-manager/retro-manager/runtime/retropack-runtime-melonds/submodules/melonds/src/NDS.h:249:7: note: 'melonDS::NDS' declared here
  249 | class NDS
      |       ^
/home/runner/work/retro-manager/retro-manager/runtime/retropack-runtime-melonds/src/main/cpp/melonds-jni.cpp:610:24: error: no member named 'LoadROM' in 'melonDS::NDS'
  610 |     bool loaded = NDS::LoadROM(native_path, false);
      |                   ~~~~~^
/home/runner/work/retro-manager/retro-manager/runtime/retropack-runtime-melonds/src/main/cpp/melonds-jni.cpp:637:9: error: use of undeclared identifier 'NDS'; did you mean 'melonDS::NDS'?
  637 |         NDS::DeInit();
      |         ^~~
      |         melonDS::NDS
/home/runner/work/retro-manager/retro-manager/runtime/retropack-runtime-melonds/submodules/melonds/src/NDS.h:249:7: note: 'melonDS::NDS' declared here
  249 | class NDS
      |       ^
/home/runner/work/retro-manager/retro-manager/runtime/retropack-runtime-melonds/src/main/cpp/melonds-jni.cpp:637:14: error: no member named 'DeInit' in 'melonDS::NDS'
  637 |         NDS::DeInit();
      |         ~~~~~^
/home/runner/work/retro-manager/retro-manager/runtime/retropack-runtime-melonds/src/main/cpp/melonds-jni.cpp:650:5: error: use of undeclared identifier 'NDS'; did you mean 'melonDS::NDS'?
  650 |     NDS::DeInit();
      |     ^~~
      |     melonDS::NDS
/home/runner/work/retro-manager/retro-manager/runtime/retropack-runtime-melonds/submodules/melonds/src/NDS.h:249:7: note: 'melonDS::NDS' declared here
  249 | class NDS
      |       ^
/home/runner/work/retro-manager/retro-manager/runtime/retropack-runtime-melonds/src/main/cpp/melonds-jni.cpp:650:10: error: no member named 'DeInit' in 'melonDS::NDS'
  650 |     NDS::DeInit();
      |     ~~~~~^
/home/runner/work/retro-manager/retro-manager/runtime/retropack-runtime-melonds/src/main/cpp/melonds-jni.cpp:672:5: error: use of undeclared identifier 'NDS'; did you mean 'melonDS::NDS'?
  672 |     NDS::SetKeyMask(~g_melonds.key_mask);
      |     ^~~
      |     melonDS::NDS
/home/runner/work/retro-manager/retro-manager/runtime/retropack-runtime-melonds/submodules/melonds/src/NDS.h:249:7: note: 'melonDS::NDS' declared here
  249 | class NDS
      |       ^
/home/runner/work/retro-manager/retro-manager/runtime/retropack-runtime-melonds/src/main/cpp/melonds-jni.cpp:672:10: error: call to non-static member function without an object argument
  672 |     NDS::SetKeyMask(~g_melonds.key_mask);
      |     ~~~~~^~~~~~~~~~
/home/runner/work/retro-manager/retro-manager/runtime/retropack-runtime-melonds/src/main/cpp/melonds-jni.cpp:676:9: error: use of undeclared identifier 'NDS'; did you mean 'melonDS::NDS'?
  676 |         NDS::SetTouchPos(g_melonds.touch_x, g_melonds.touch_y);
      |         ^~~
      |         melonDS::NDS
/home/runner/work/retro-manager/retro-manager/runtime/retropack-runtime-melonds/submodules/melonds/src/NDS.h:249:7: note: 'melonDS::NDS' declared here
  249 | class NDS
      |       ^
/home/runner/work/retro-manager/retro-manager/runtime/retropack-runtime-melonds/src/main/cpp/melonds-jni.cpp:676:14: error: no member named 'SetTouchPos' in 'melonDS::NDS'
  676 |         NDS::SetTouchPos(g_melonds.touch_x, g_melonds.touch_y);
      |         ~~~~~^
/home/runner/work/retro-manager/retro-manager/runtime/retropack-runtime-melonds/src/main/cpp/melonds-jni.cpp:678:9: error: use of undeclared identifier 'NDS'; did you mean 'melonDS::NDS'?
  678 |         NDS::ReleaseTouch();
      |         ^~~
      |         melonDS::NDS
/home/runner/work/retro-manager/retro-manager/runtime/retropack-runtime-melonds/submodules/melonds/src/NDS.h:249:7: note: 'melonDS::NDS' declared here
  249 | class NDS
      |       ^
/home/runner/work/retro-manager/retro-manager/runtime/retropack-runtime-melonds/src/main/cpp/melonds-jni.cpp:678:14: error: no member named 'ReleaseTouch' in 'melonDS::NDS'
  678 |         NDS::ReleaseTouch();
      |         ~~~~~^
/home/runner/work/retro-manager/retro-manager/runtime/retropack-runtime-melonds/src/main/cpp/melonds-jni.cpp:682:5: error: use of undeclared identifier 'NDS'; did you mean 'melonDS::NDS'?
  682 |     NDS::RunFrame();
      |     ^~~
      |     melonDS::NDS
/home/runner/work/retro-manager/retro-manager/runtime/retropack-runtime-melonds/submodules/melonds/src/NDS.h:249:7: note: 'melonDS::NDS' declared here
  249 | class NDS
      |       ^
/home/runner/work/retro-manager/retro-manager/runtime/retropack-runtime-melonds/src/main/cpp/melonds-jni.cpp:682:10: error: call to non-static member function without an object argument
  682 |     NDS::RunFrame();
      |     ~~~~~^~~~~~~~
/home/runner/work/retro-manager/retro-manager/runtime/retropack-runtime-melonds/src/main/cpp/melonds-jni.cpp:682:10: error: 'RunFrame' is a protected member of 'melonDS::NDS'
/home/runner/work/retro-manager/retro-manager/runtime/retropack-runtime-melonds/submodules/melonds/src/NDS.h:558:9: note: declared protected here
  558 |     u32 RunFrame();
      |         ^
fatal error: too many errors emitted, stopping now [-ferror-limit=]
20 errors generated.
[7/70] Building CXX object CMakeFiles/retropack-runtime-melonds.dir/submodules/melonds/src/AREngine.cpp.o
[8/70] Building CXX object CMakeFiles/retropack-runtime-melonds.dir/submodules/melonds/src/ARMInterpreter_LoadStore.cpp.o
[9/70] Building CXX object CMakeFiles/retropack-runtime-melonds.dir/submodules/melonds/src/ARMInterpreter_Branch.cpp.o
[10/70] Building CXX object CMakeFiles/retropack-runtime-melonds.dir/submodules/melonds/src/ARMInterpreter_ALU.cpp.o
[11/70] Building CXX object CMakeFiles/retropack-runtime-melonds.dir/submodules/melonds/src/ARM_InstrInfo.cpp.o
ninja: build stopped: subcommand failed.

C++ build system [build] failed while executing:
    /usr/local/lib/android/sdk/cmake/3.22.1/bin/ninja \
      -C \
      /home/runner/work/retro-manager/retro-manager/runtime/retropack-runtime-melonds/.cxx/Debug/4l53r62e/arm64-v8a \
      retropack-runtime-melonds
  from /home/runner/work/retro-manager/retro-manager/runtime/retropack-runtime-melonds
	at com.android.build.gradle.internal.cxx.process.ExecuteProcessKt.execute(ExecuteProcess.kt:288)
	at com.android.build.gradle.internal.cxx.process.ExecuteProcessKt$executeProcess$1.invoke(ExecuteProcess.kt:108)
	at com.android.build.gradle.internal.cxx.process.ExecuteProcessKt$executeProcess$1.invoke(ExecuteProcess.kt:106)
	at com.android.build.gradle.internal.cxx.timing.TimingEnvironmentKt.time(TimingEnvironment.kt:32)
	at com.android.build.gradle.internal.cxx.process.ExecuteProcessKt.executeProcess(ExecuteProcess.kt:106)
	at com.android.build.gradle.internal.cxx.process.ExecuteProcessKt.executeProcess$default(ExecuteProcess.kt:85)
	at com.android.build.gradle.internal.cxx.build.CxxRegularBuilder.executeProcessBatch(CxxRegularBuilder.kt:332)
	at com.android.build.gradle.internal.cxx.build.CxxRegularBuilder.build(CxxRegularBuilder.kt:129)
	at com.android.build.gradle.tasks.ExternalNativeBuildTask.doTaskAction(ExternalNativeBuildTask.kt:72)
	at com.android.build.gradle.internal.tasks.UnsafeOutputsTask$taskAction$$inlined$recordTaskAction$1.invoke(BaseTask.kt:78)
	at com.android.build.gradle.internal.tasks.Blocks.recordSpan(Blocks.java:51)
	at com.android.build.gradle.internal.tasks.UnsafeOutputsTask.taskAction(UnsafeOutputsTask.kt:81)
	at org.gradle.internal.reflect.JavaMethod.invoke(JavaMethod.java:125)
	... 129 more
Caused by: com.android.ide.common.process.ProcessException: Error while executing process /usr/local/lib/android/sdk/cmake/3.22.1/bin/ninja with arguments {-C /home/runner/work/retro-manager/retro-manager/runtime/retropack-runtime-melonds/.cxx/Debug/4l53r62e/arm64-v8a retropack-runtime-melonds}
	at com.android.build.gradle.internal.process.GradleProcessResult.buildProcessException(GradleProcessResult.java:73)
	at com.android.build.gradle.internal.process.GradleProcessResult.assertNormalExitValue(GradleProcessResult.java:48)
	at com.android.build.gradle.internal.cxx.process.ExecuteProcessKt.execute(ExecuteProcess.kt:277)
	... 141 more
Caused by: org.gradle.process.ProcessExecutionException: Process 'command '/usr/local/lib/android/sdk/cmake/3.22.1/bin/ninja'' finished with non-zero exit value 1
	at org.gradle.process.internal.DefaultExecHandle$ExecResultImpl.assertNormalExitValue(DefaultExecHandle.java:459)
	at com.android.build.gradle.internal.process.GradleProcessResult.assertNormalExitValue(GradleProcessResult.java:46)
	... 142 more


Deprecated Gradle features were used in this build, making it incompatible with Gradle 10.

You can use '--warning-mode all' to show the individual deprecation warnings and determine if they come from your own scripts or plugins.

For more on this, please refer to https://docs.gradle.org/9.5.1/userguide/command_line_interface.html#sec:command_line_warnings in the Gradle documentation.

BUILD FAILED in 5s
2 actionable tasks: 2 executed
