> Task :runtime:retropack-runtime-snes9x:preBuild UP-TO-DATE
> Task :runtime:retropack-runtime-snes9x:preDebugBuild UP-TO-DATE
> Task :runtime:retropack-runtime-snes9x:configureCMakeDebug[arm64-v8a]

> Task :runtime:retropack-runtime-snes9x:buildCMakeDebug[arm64-v8a] FAILED
C/C++: ninja: Entering directory `/home/runner/work/retro-manager/retro-manager/runtime/retropack-runtime-snes9x/.cxx/Debug/5r3b2tr3/arm64-v8a'
C/C++: : && /usr/local/lib/android/sdk/ndk/27.0.12077973/toolchains/llvm/prebuilt/linux-x86_64/bin/clang++ --target=aarch64-none-linux-android26 --sysroot=/usr/local/lib/android/sdk/ndk/27.0.12077973/toolchains/llvm/prebuilt/linux-x86_64/sysroot -fPIC -g -DANDROID -fdata-sections -ffunction-sections -funwind-tables -fstack-protector-strong -no-canonical-prefixes -D_FORTIFY_SOURCE=2 -Wformat -Werror=format-security   -fno-limit-debug-info  -static-libstdc++ -Wl,--build-id=sha1 -Wl,--no-rosegment -Wl,--no-undefined-version -Wl,--fatal-warnings -Wl,--no-undefined -Qunused-arguments  -Wl,-z,max-page-size=16384 -Wl,-z,common-page-size=16384   -Wl,-z,max-page-size=16384 -Wl,-z,common-page-size=16384 -shared -Wl,-soname,libretropack-runtime-snes9x.so -o ../../../../build/intermediates/cxx/Debug/5r3b2tr3/obj/arm64-v8a/libretropack-runtime-snes9x.so CMakeFiles/retropack-runtime-snes9x.dir/src/main/cpp/snes9x-jni.cpp.o CMakeFiles/retropack-runtime-snes9x.dir/src/main/cpp/ringbuffer.c.o CMakeFiles/retropack-runtime-snes9x.dir/submodules/snes9x/apu/apu.cpp.o CMakeFiles/retropack-runtime-snes9x.dir/submodules/snes9x/apu/bapu/dsp/sdsp.cpp.o CMakeFiles/retropack-runtime-snes9x.dir/submodules/snes9x/apu/bapu/smp/smp.cpp.o CMakeFiles/retropack-runtime-snes9x.dir/submodules/snes9x/apu/bapu/smp/smp_state.cpp.o CMakeFiles/retropack-runtime-snes9x.dir/submodules/snes9x/bsx.cpp.o CMakeFiles/retropack-runtime-snes9x.dir/submodules/snes9x/c4.cpp.o CMakeFiles/retropack-runtime-snes9x.dir/submodules/snes9x/c4emu.cpp.o CMakeFiles/retropack-runtime-snes9x.dir/submodules/snes9x/cheats.cpp.o CMakeFiles/retropack-runtime-snes9x.dir/submodules/snes9x/cheats2.cpp.o CMakeFiles/retropack-runtime-snes9x.dir/submodules/snes9x/clip.cpp.o CMakeFiles/retropack-runtime-snes9x.dir/submodules/snes9x/conffile.cpp.o CMakeFiles/retropack-runtime-snes9x.dir/submodules/snes9x/controls.cpp.o CMakeFiles/retropack-runtime-snes9x.dir/submodules/snes9x/cpu.cpp.o CMakeFiles/retropack-runtime-snes9x.dir/submodules/snes9x/cpuexec.cpp.o CMakeFiles/retropack-runtime-snes9x.dir/submodules/snes9x/cpuops.cpp.o CMakeFiles/retropack-runtime-snes9x.dir/submodules/snes9x/crosshairs.cpp.o CMakeFiles/retropack-runtime-snes9x.dir/submodules/snes9x/dma.cpp.o CMakeFiles/retropack-runtime-snes9x.dir/submodules/snes9x/dsp.cpp.o CMakeFiles/retropack-runtime-snes9x.dir/submodules/snes9x/dsp1.cpp.o CMakeFiles/retropack-runtime-snes9x.dir/submodules/snes9x/dsp2.cpp.o CMakeFiles/retropack-runtime-snes9x.dir/submodules/snes9x/dsp3.cpp.o CMakeFiles/retropack-runtime-snes9x.dir/submodules/snes9x/dsp4.cpp.o CMakeFiles/retropack-runtime-snes9x.dir/submodules/snes9x/fxinst.cpp.o CMakeFiles/retropack-runtime-snes9x.dir/submodules/snes9x/fxemu.cpp.o CMakeFiles/retropack-runtime-snes9x.dir/submodules/snes9x/gfx.cpp.o CMakeFiles/retropack-runtime-snes9x.dir/submodules/snes9x/globals.cpp.o CMakeFiles/retropack-runtime-snes9x.dir/submodules/snes9x/memmap.cpp.o CMakeFiles/retropack-runtime-snes9x.dir/submodules/snes9x/obc1.cpp.o CMakeFiles/retropack-runtime-snes9x.dir/submodules/snes9x/msu1.cpp.o CMakeFiles/retropack-runtime-snes9x.dir/submodules/snes9x/ppu.cpp.o CMakeFiles/retropack-runtime-snes9x.dir/submodules/snes9x/stream.cpp.o CMakeFiles/retropack-runtime-snes9x.dir/submodules/snes9x/sa1.cpp.o CMakeFiles/retropack-runtime-snes9x.dir/submodules/snes9x/sa1cpu.cpp.o CMakeFiles/retropack-runtime-snes9x.dir/submodules/snes9x/screenshot.cpp.o CMakeFiles/retropack-runtime-snes9x.dir/submodules/snes9x/sdd1.cpp.o CMakeFiles/retropack-runtime-snes9x.dir/submodules/snes9x/sdd1emu.cpp.o CMakeFiles/retropack-runtime-snes9x.dir/submodules/snes9x/seta.cpp.o CMakeFiles/retropack-runtime-snes9x.dir/submodules/snes9x/seta010.cpp.o CMakeFiles/retropack-runtime-snes9x.dir/submodules/snes9x/seta011.cpp.o CMakeFiles/retropack-runtime-snes9x.dir/submodules/snes9x/seta018.cpp.o CMakeFiles/retropack-runtime-snes9x.dir/submodules/snes9x/snapshot.cpp.o CMakeFiles/retropack-runtime-snes9x.dir/submodules/snes9x/snes9x.cpp.o CMakeFiles/retropack-runtime-snes9x.dir/submodules/snes9x/spc7110.cpp.o CMakeFiles/retropack-runtime-snes9x.dir/submodules/snes9x/srtc.cpp.o CMakeFiles/retropack-runtime-snes9x.dir/submodules/snes9x/tile.cpp.o CMakeFiles/retropack-runtime-snes9x.dir/submodules/snes9x/tileimpl-n1x1.cpp.o CMakeFiles/retropack-runtime-snes9x.dir/submodules/snes9x/tileimpl-n2x1.cpp.o CMakeFiles/retropack-runtime-snes9x.dir/submodules/snes9x/tileimpl-h2x1.cpp.o CMakeFiles/retropack-runtime-snes9x.dir/submodules/snes9x/sha256.cpp.o CMakeFiles/retropack-runtime-snes9x.dir/submodules/snes9x/bml.cpp.o CMakeFiles/retropack-runtime-snes9x.dir/submodules/snes9x/movie.cpp.o CMakeFiles/retropack-runtime-snes9x.dir/submodules/snes9x/fscompat.cpp.o  -lGLESv2  -lEGL  -lOpenSLES  -landroid  -llog  -lm  -lz  -latomic -lm && :
C/C++: ld.lld: error: undefined symbol: S9xGetDirectory(s9x_getdirtype)
C/C++: >>> referenced by fscompat.cpp:34 (/home/runner/work/retro-manager/retro-manager/runtime/retropack-runtime-snes9x/submodules/snes9x/fscompat.cpp:34)
C/C++: >>>               CMakeFiles/retropack-runtime-snes9x.dir/submodules/snes9x/fscompat.cpp.o:(S9xGetFilename(std::__ndk1::basic_string<char, std::__ndk1::char_traits<char>, std::__ndk1::allocator<char>>, std::__ndk1::basic_string<char, std::__ndk1::char_traits<char>, std::__ndk1::allocator<char>>, s9x_getdirtype))
C/C++: >>> referenced by snes9x.cpp:176 (/home/runner/work/retro-manager/retro-manager/runtime/retropack-runtime-snes9x/submodules/snes9x/snes9x.cpp:176)
C/C++: >>>               CMakeFiles/retropack-runtime-snes9x.dir/submodules/snes9x/snes9x.cpp.o:(S9xLoadConfigFiles(char**, int))
C/C++: >>> referenced by memmap.cpp:1672 (/home/runner/work/retro-manager/retro-manager/runtime/retropack-runtime-snes9x/submodules/snes9x/memmap.cpp:1672)
C/C++: >>>               CMakeFiles/retropack-runtime-snes9x.dir/submodules/snes9x/memmap.cpp.o:(CMemory::LoadMultiCartInt())
C/C++: >>> referenced 5 more times
C/C++: ld.lld: error: undefined symbol: S9xParsePortConfig(ConfigFile&, int)
C/C++: >>> referenced by snes9x.cpp:335 (/home/runner/work/retro-manager/retro-manager/runtime/retropack-runtime-snes9x/submodules/snes9x/snes9x.cpp:335)
C/C++: >>>               CMakeFiles/retropack-runtime-snes9x.dir/submodules/snes9x/snes9x.cpp.o:(S9xLoadConfigFiles(char**, int))
C/C++: ld.lld: error: undefined symbol: S9xContinueUpdate(int, int)
C/C++: >>> referenced by gfx.cpp:205 (/home/runner/work/retro-manager/retro-manager/runtime/retropack-runtime-snes9x/submodules/snes9x/gfx.cpp:205)
C/C++: >>>               CMakeFiles/retropack-runtime-snes9x.dir/submodules/snes9x/gfx.cpp.o:(S9xEndScreenRefresh())
C/C++: ld.lld: error: undefined symbol: S9xSyncSpeed()
C/C++: >>> referenced by cpuexec.cpp:348 (/home/runner/work/retro-manager/retro-manager/runtime/retropack-runtime-snes9x/submodules/snes9x/cpuexec.cpp:348)
C/C++: >>>               CMakeFiles/retropack-runtime-snes9x.dir/submodules/snes9x/cpuexec.cpp.o:(S9xDoHEventProcessing())
C/C++: ld.lld: error: undefined symbol: S9xStringInput(char const*)
C/C++: >>> referenced by controls.cpp:2490 (/home/runner/work/retro-manager/retro-manager/runtime/retropack-runtime-snes9x/submodules/snes9x/controls.cpp:2490)
C/C++: >>>               CMakeFiles/retropack-runtime-snes9x.dir/submodules/snes9x/controls.cpp.o:(S9xApplyCommand(s9xcommand_t, short, short))
C/C++: ld.lld: error: undefined symbol: S9xGetFilenameInc(std::__ndk1::basic_string<char, std::__ndk1::char_traits<char>, std::__ndk1::allocator<char>>, s9x_getdirtype)
C/C++: >>> referenced by apu.cpp:224 (/home/runner/work/retro-manager/retro-manager/runtime/retropack-runtime-snes9x/submodules/snes9x/apu/apu.cpp:224)
C/C++: >>>               CMakeFiles/retropack-runtime-snes9x.dir/submodules/snes9x/apu/apu.cpp.o:(SPCSnapshotCallback())
C/C++: clang++: error: linker command failed with exit code 1 (use -v to see invocation)
C/C++: ninja: build stopped: subcommand failed.
gradle/actions: Writing build results to /home/runner/work/_temp/.gradle-actions/build-results/__run_4-1790577662470.json

[Incubating] Problems report is available at: file:///home/runner/work/retro-manager/retro-manager/build/reports/problems/problems-report.html

FAILURE: Build failed with an exception.

* What went wrong:
Execution failed for task ':runtime:retropack-runtime-snes9x:buildCMakeDebug[arm64-v8a]' (registered by plugin 'com.android.internal.library').
> com.android.ide.common.process.ProcessException: ninja: Entering directory `/home/runner/work/retro-manager/retro-manager/runtime/retropack-runtime-snes9x/.cxx/Debug/5r3b2tr3/arm64-v8a'
  [1/55] Building C object CMakeFiles/retropack-runtime-snes9x.dir/src/main/cpp/ringbuffer.c.o
  [2/55] Building CXX object CMakeFiles/retropack-runtime-snes9x.dir/submodules/snes9x/apu/bapu/dsp/sdsp.cpp.o
  [3/55] Building CXX object CMakeFiles/retropack-runtime-snes9x.dir/submodules/snes9x/apu/apu.cpp.o
  [4/55] Building CXX object CMakeFiles/retropack-runtime-snes9x.dir/submodules/snes9x/apu/bapu/smp/smp.cpp.o
  [5/55] Building CXX object CMakeFiles/retropack-runtime-snes9x.dir/submodules/snes9x/apu/bapu/smp/smp_state.cpp.o
  [6/55] Building CXX object CMakeFiles/retropack-runtime-snes9x.dir/src/main/cpp/snes9x-jni.cpp.o
  [7/55] Building CXX object CMakeFiles/retropack-runtime-snes9x.dir/submodules/snes9x/bsx.cpp.o
  [8/55] Building CXX object CMakeFiles/retropack-runtime-snes9x.dir/submodules/snes9x/c4emu.cpp.o
  [9/55] Building CXX object CMakeFiles/retropack-runtime-snes9x.dir/submodules/snes9x/c4.cpp.o
  [10/55] Building CXX object CMakeFiles/retropack-runtime-snes9x.dir/submodules/snes9x/cheats2.cpp.o
  [11/55] Building CXX object CMakeFiles/retropack-runtime-snes9x.dir/submodules/snes9x/cheats.cpp.o
  [12/55] Building CXX object CMakeFiles/retropack-runtime-snes9x.dir/submodules/snes9x/clip.cpp.o
  [13/55] Building CXX object CMakeFiles/retropack-runtime-snes9x.dir/submodules/snes9x/conffile.cpp.o
  [14/55] Building CXX object CMakeFiles/retropack-runtime-snes9x.dir/submodules/snes9x/crosshairs.cpp.o
  [15/55] Building CXX object CMakeFiles/retropack-runtime-snes9x.dir/submodules/snes9x/cpu.cpp.o
  [16/55] Building CXX object CMakeFiles/retropack-runtime-snes9x.dir/submodules/snes9x/controls.cpp.o
  [17/55] Building CXX object CMakeFiles/retropack-runtime-snes9x.dir/submodules/snes9x/cpuexec.cpp.o
  [18/55] Building CXX object CMakeFiles/retropack-runtime-snes9x.dir/submodules/snes9x/cpuops.cpp.o
  [19/55] Building CXX object CMakeFiles/retropack-runtime-snes9x.dir/submodules/snes9x/dma.cpp.o
  [20/55] Building CXX object CMakeFiles/retropack-runtime-snes9x.dir/submodules/snes9x/dsp.cpp.o
  [21/55] Building CXX object CMakeFiles/retropack-runtime-snes9x.dir/submodules/snes9x/dsp2.cpp.o
  [22/55] Building CXX object CMakeFiles/retropack-runtime-snes9x.dir/submodules/snes9x/dsp1.cpp.o
  [23/55] Building CXX object CMakeFiles/retropack-runtime-snes9x.dir/submodules/snes9x/fxemu.cpp.o
  [24/55] Building CXX object CMakeFiles/retropack-runtime-snes9x.dir/submodules/snes9x/dsp3.cpp.o
  [25/55] Building CXX object CMakeFiles/retropack-runtime-snes9x.dir/submodules/snes9x/dsp4.cpp.o
  [26/55] Building CXX object CMakeFiles/retropack-runtime-snes9x.dir/submodules/snes9x/fxinst.cpp.o
  [27/55] Building CXX object CMakeFiles/retropack-runtime-snes9x.dir/submodules/snes9x/msu1.cpp.o
  [28/55] Building CXX object CMakeFiles/retropack-runtime-snes9x.dir/submodules/snes9x/gfx.cpp.o
  [29/55] Building CXX object CMakeFiles/retropack-runtime-snes9x.dir/submodules/snes9x/stream.cpp.o
  [30/55] Building CXX object CMakeFiles/retropack-runtime-snes9x.dir/submodules/snes9x/globals.cpp.o
  [31/55] Building CXX object CMakeFiles/retropack-runtime-snes9x.dir/submodules/snes9x/obc1.cpp.o
  [32/55] Building CXX object CMakeFiles/retropack-runtime-snes9x.dir/submodules/snes9x/ppu.cpp.o
  [33/55] Building CXX object CMakeFiles/retropack-runtime-snes9x.dir/submodules/snes9x/sa1.cpp.o
  [34/55] Building CXX object CMakeFiles/retropack-runtime-snes9x.dir/submodules/snes9x/memmap.cpp.o
  [35/55] Building CXX object CMakeFiles/retropack-runtime-snes9x.dir/submodules/snes9x/screenshot.cpp.o
  [36/55] Building CXX object CMakeFiles/retropack-runtime-snes9x.dir/submodules/snes9x/sa1cpu.cpp.o
  [37/55] Building CXX object CMakeFiles/retropack-runtime-snes9x.dir/submodules/snes9x/sdd1.cpp.o
  [38/55] Building CXX object CMakeFiles/retropack-runtime-snes9x.dir/submodules/snes9x/sdd1emu.cpp.o
  [39/55] Building CXX object CMakeFiles/retropack-runtime-snes9x.dir/submodules/snes9x/seta.cpp.o
  [40/55] Building CXX object CMakeFiles/retropack-runtime-snes9x.dir/submodules/snes9x/seta018.cpp.o
  [41/55] Building CXX object CMakeFiles/retropack-runtime-snes9x.dir/submodules/snes9x/seta010.cpp.o
  [42/55] Building CXX object CMakeFiles/retropack-runtime-snes9x.dir/submodules/snes9x/seta011.cpp.o
  [43/55] Building CXX object CMakeFiles/retropack-runtime-snes9x.dir/submodules/snes9x/snapshot.cpp.o
  [44/55] Building CXX object CMakeFiles/retropack-runtime-snes9x.dir/submodules/snes9x/snes9x.cpp.o
  [45/55] Building CXX object CMakeFiles/retropack-runtime-snes9x.dir/submodules/snes9x/srtc.cpp.o
  [46/55] Building CXX object CMakeFiles/retropack-runtime-snes9x.dir/submodules/snes9x/spc7110.cpp.o
  [47/55] Building CXX object CMakeFiles/retropack-runtime-snes9x.dir/submodules/snes9x/sha256.cpp.o
  [48/55] Building CXX object CMakeFiles/retropack-runtime-snes9x.dir/submodules/snes9x/tile.cpp.o
  [49/55] Building CXX object CMakeFiles/retropack-runtime-snes9x.dir/submodules/snes9x/bml.cpp.o
  [50/55] Building CXX object CMakeFiles/retropack-runtime-snes9x.dir/submodules/snes9x/fscompat.cpp.o
  [51/55] Building CXX object CMakeFiles/retropack-runtime-snes9x.dir/submodules/snes9x/movie.cpp.o
  [52/55] Building CXX object CMakeFiles/retropack-runtime-snes9x.dir/submodules/snes9x/tileimpl-n1x1.cpp.o
  [53/55] Building CXX object CMakeFiles/retropack-runtime-snes9x.dir/submodules/snes9x/tileimpl-h2x1.cpp.o
  [54/55] Building CXX object CMakeFiles/retropack-runtime-snes9x.dir/submodules/snes9x/tileimpl-n2x1.cpp.o
  [55/55] Linking CXX shared library ../../../../build/intermediates/cxx/Debug/5r3b2tr3/obj/arm64-v8a/libretropack-runtime-snes9x.so
  FAILED: ../../../../build/intermediates/cxx/Debug/5r3b2tr3/obj/arm64-v8a/libretropack-runtime-snes9x.so 
  : && /usr/local/lib/android/sdk/ndk/27.0.12077973/toolchains/llvm/prebuilt/linux-x86_64/bin/clang++ --target=aarch64-none-linux-android26 --sysroot=/usr/local/lib/android/sdk/ndk/27.0.12077973/toolchains/llvm/prebuilt/linux-x86_64/sysroot -fPIC -g -DANDROID -fdata-sections -ffunction-sections -funwind-tables -fstack-protector-strong -no-canonical-prefixes -D_FORTIFY_SOURCE=2 -Wformat -Werror=format-security   -fno-limit-debug-info  -static-libstdc++ -Wl,--build-id=sha1 -Wl,--no-rosegment -Wl,--no-undefined-version -Wl,--fatal-warnings -Wl,--no-undefined -Qunused-arguments  -Wl,-z,max-page-size=16384 -Wl,-z,common-page-size=16384   -Wl,-z,max-page-size=16384 -Wl,-z,common-page-size=16384 -shared -Wl,-soname,libretropack-runtime-snes9x.so -o ../../../../build/intermediates/cxx/Debug/5r3b2tr3/obj/arm64-v8a/libretropack-runtime-snes9x.so CMakeFiles/retropack-runtime-snes9x.dir/src/main/cpp/snes9x-jni.cpp.o CMakeFiles/retropack-runtime-snes9x.dir/src/main/cpp/ringbuffer.c.o CMakeFiles/retropack-runtime-snes9x.dir/submodules/snes9x/apu/apu.cpp.o CMakeFiles/retropack-runtime-snes9x.dir/submodules/snes9x/apu/bapu/dsp/sdsp.cpp.o CMakeFiles/retropack-runtime-snes9x.dir/submodules/snes9x/apu/bapu/smp/smp.cpp.o CMakeFiles/retropack-runtime-snes9x.dir/submodules/snes9x/apu/bapu/smp/smp_state.cpp.o CMakeFiles/retropack-runtime-snes9x.dir/submodules/snes9x/bsx.cpp.o CMakeFiles/retropack-runtime-snes9x.dir/submodules/snes9x/c4.cpp.o CMakeFiles/retropack-runtime-snes9x.dir/submodules/snes9x/c4emu.cpp.o CMakeFiles/retropack-runtime-snes9x.dir/submodules/snes9x/cheats.cpp.o CMakeFiles/retropack-runtime-snes9x.dir/submodules/snes9x/cheats2.cpp.o CMakeFiles/retropack-runtime-snes9x.dir/submodules/snes9x/clip.cpp.o CMakeFiles/retropack-runtime-snes9x.dir/submodules/snes9x/conffile.cpp.o CMakeFiles/retropack-runtime-snes9x.dir/submodules/snes9x/controls.cpp.o CMakeFiles/retropack-runtime-snes9x.dir/submodules/snes9x/cpu.cpp.o CMakeFiles/retropack-runtime-snes9x.dir/submodules/snes9x/cpuexec.cpp.o CMakeFiles/retropack-runtime-snes9x.dir/submodules/snes9x/cpuops.cpp.o CMakeFiles/retropack-runtime-snes9x.dir/submodules/snes9x/crosshairs.cpp.o CMakeFiles/retropack-runtime-snes9x.dir/submodules/snes9x/dma.cpp.o CMakeFiles/retropack-runtime-snes9x.dir/submodules/snes9x/dsp.cpp.o CMakeFiles/retropack-runtime-snes9x.dir/submodules/snes9x/dsp1.cpp.o CMakeFiles/retropack-runtime-snes9x.dir/submodules/snes9x/dsp2.cpp.o CMakeFiles/retropack-runtime-snes9x.dir/submodules/snes9x/dsp3.cpp.o CMakeFiles/retropack-runtime-snes9x.dir/submodules/snes9x/dsp4.cpp.o CMakeFiles/retropack-runtime-snes9x.dir/submodules/snes9x/fxinst.cpp.o CMakeFiles/retropack-runtime-snes9x.dir/submodules/snes9x/fxemu.cpp.o CMakeFiles/retropack-runtime-snes9x.dir/submodules/snes9x/gfx.cpp.o CMakeFiles/retropack-runtime-snes9x.dir/submodules/snes9x/globals.cpp.o CMakeFiles/retropack-runtime-snes9x.dir/submodules/snes9x/memmap.cpp.o CMakeFiles/retropack-runtime-snes9x.dir/submodules/snes9x/obc1.cpp.o CMakeFiles/retropack-runtime-snes9x.dir/submodules/snes9x/msu1.cpp.o CMakeFiles/retropack-runtime-snes9x.dir/submodules/snes9x/ppu.cpp.o CMakeFiles/retropack-runtime-snes9x.dir/submodules/snes9x/stream.cpp.o CMakeFiles/retropack-runtime-snes9x.dir/submodules/snes9x/sa1.cpp.o CMakeFiles/retropack-runtime-snes9x.dir/submodules/snes9x/sa1cpu.cpp.o CMakeFiles/retropack-runtime-snes9x.dir/submodules/snes9x/screenshot.cpp.o CMakeFiles/retropack-runtime-snes9x.dir/submodules/snes9x/sdd1.cpp.o CMakeFiles/retropack-runtime-snes9x.dir/submodules/snes9x/sdd1emu.cpp.o CMakeFiles/retropack-runtime-snes9x.dir/submodules/snes9x/seta.cpp.o CMakeFiles/retropack-runtime-snes9x.dir/submodules/snes9x/seta010.cpp.o CMakeFiles/retropack-runtime-snes9x.dir/submodules/snes9x/seta011.cpp.o CMakeFiles/retropack-runtime-snes9x.dir/submodules/snes9x/seta018.cpp.o CMakeFiles/retropack-runtime-snes9x.dir/submodules/snes9x/snapshot.cpp.o CMakeFiles/retropack-runtime-snes9x.dir/submodules/snes9x/snes9x.cpp.o CMakeFiles/retropack-runtime-snes9x.dir/submodules/snes9x/spc7110.cpp.o CMakeFiles/retropack-runtime-snes9x.dir/submodules/snes9x/srtc.cpp.o CMakeFiles/retropack-runtime-snes9x.dir/submodules/snes9x/tile.cpp.o CMakeFiles/retropack-runtime-snes9x.dir/submodules/snes9x/tileimpl-n1x1.cpp.o CMakeFiles/retropack-runtime-snes9x.dir/submodules/snes9x/tileimpl-n2x1.cpp.o CMakeFiles/retropack-runtime-snes9x.dir/submodules/snes9x/tileimpl-h2x1.cpp.o CMakeFiles/retropack-runtime-snes9x.dir/submodules/snes9x/sha256.cpp.o CMakeFiles/retropack-runtime-snes9x.dir/submodules/snes9x/bml.cpp.o CMakeFiles/retropack-runtime-snes9x.dir/submodules/snes9x/movie.cpp.o CMakeFiles/retropack-runtime-snes9x.dir/submodules/snes9x/fscompat.cpp.o  -lGLESv2  -lEGL  -lOpenSLES  -landroid  -llog  -lm  -lz  -latomic -lm && :
  ld.lld: error: undefined symbol: S9xGetDirectory(s9x_getdirtype)
  >>> referenced by fscompat.cpp:34 (/home/runner/work/retro-manager/retro-manager/runtime/retropack-runtime-snes9x/submodules/snes9x/fscompat.cpp:34)
  >>>               CMakeFiles/retropack-runtime-snes9x.dir/submodules/snes9x/fscompat.cpp.o:(S9xGetFilename(std::__ndk1::basic_string<char, std::__ndk1::char_traits<char>, std::__ndk1::allocator<char>>, std::__ndk1::basic_string<char, std::__ndk1::char_traits<char>, std::__ndk1::allocator<char>>, s9x_getdirtype))
  >>> referenced by snes9x.cpp:176 (/home/runner/work/retro-manager/retro-manager/runtime/retropack-runtime-snes9x/submodules/snes9x/snes9x.cpp:176)
  >>>               CMakeFiles/retropack-runtime-snes9x.dir/submodules/snes9x/snes9x.cpp.o:(S9xLoadConfigFiles(char**, int))
  >>> referenced by memmap.cpp:1672 (/home/runner/work/retro-manager/retro-manager/runtime/retropack-runtime-snes9x/submodules/snes9x/memmap.cpp:1672)
  >>>               CMakeFiles/retropack-runtime-snes9x.dir/submodules/snes9x/memmap.cpp.o:(CMemory::LoadMultiCartInt())
  >>> referenced 5 more times
  
  ld.lld: error: undefined symbol: S9xParsePortConfig(ConfigFile&, int)
  >>> referenced by snes9x.cpp:335 (/home/runner/work/retro-manager/retro-manager/runtime/retropack-runtime-snes9x/submodules/snes9x/snes9x.cpp:335)
  >>>               CMakeFiles/retropack-runtime-snes9x.dir/submodules/snes9x/snes9x.cpp.o:(S9xLoadConfigFiles(char**, int))
  
  ld.lld: error: undefined symbol: S9xContinueUpdate(int, int)
  >>> referenced by gfx.cpp:205 (/home/runner/work/retro-manager/retro-manager/runtime/retropack-runtime-snes9x/submodules/snes9x/gfx.cpp:205)
  >>>               CMakeFiles/retropack-runtime-snes9x.dir/submodules/snes9x/gfx.cpp.o:(S9xEndScreenRefresh())
  
  ld.lld: error: undefined symbol: S9xSyncSpeed()
  >>> referenced by cpuexec.cpp:348 (/home/runner/work/retro-manager/retro-manager/runtime/retropack-runtime-snes9x/submodules/snes9x/cpuexec.cpp:348)
  >>>               CMakeFiles/retropack-runtime-snes9x.dir/submodules/snes9x/cpuexec.cpp.o:(S9xDoHEventProcessing())
  
  ld.lld: error: undefined symbol: S9xStringInput(char const*)
  >>> referenced by controls.cpp:2490 (/home/runner/work/retro-manager/retro-manager/runtime/retropack-runtime-snes9x/submodules/snes9x/controls.cpp:2490)
  >>>               CMakeFiles/retropack-runtime-snes9x.dir/submodules/snes9x/controls.cpp.o:(S9xApplyCommand(s9xcommand_t, short, short))
  
  ld.lld: error: undefined symbol: S9xGetFilenameInc(std::__ndk1::basic_string<char, std::__ndk1::char_traits<char>, std::__ndk1::allocator<char>>, s9x_getdirtype)
  >>> referenced by apu.cpp:224 (/home/runner/work/retro-manager/retro-manager/runtime/retropack-runtime-snes9x/submodules/snes9x/apu/apu.cpp:224)
  >>>               CMakeFiles/retropack-runtime-snes9x.dir/submodules/snes9x/apu/apu.cpp.o:(SPCSnapshotCallback())
  clang++: error: linker command failed with exit code 1 (use -v to see invocation)
  ninja: build stopped: subcommand failed.
  
  C++ build system [build] failed while executing:
      /usr/local/lib/android/sdk/cmake/3.22.1/bin/ninja \
        -C \
        /home/runner/work/retro-manager/retro-manager/runtime/retropack-runtime-snes9x/.cxx/Debug/5r3b2tr3/arm64-v8a \
        retropack-runtime-snes9x
    from /home/runner/work/retro-manager/retro-manager/runtime/retropack-runtime-snes9x

* Try:
> Run with --info or --debug option to get more log output.
> Run with --scan to get full insights from a Build Scan (powered by Develocity).
> Get more help at https://help.gradle.org.

* Exception is:
org.gradle.api.tasks.TaskExecutionException: Execution failed for task ':runtime:retropack-runtime-snes9x:buildCMakeDebug[arm64-v8a]' (registered by plugin 'com.android.internal.library').
	at org.gradle.api.internal.tasks.execution.ExecuteActionsTaskExecuter.lambda$executeIfValid$1(ExecuteActionsTaskExecuter.java:135)
	at org.gradle.internal.Try$Failure.ifSuccessfulOrElse(Try.java:288)
	at org.gradle.api.internal.tasks.execution.ExecuteActionsTaskExecuter.executeIfValid(ExecuteActionsTaskExecuter.java:133)
	at org.gradle.api.internal.tasks.execution.ExecuteActionsTaskExecuter.execute(ExecuteActionsTaskExecuter.java:121)
	at org.gradle.api.internal.tasks.execution.ProblemsTaskPathTrackingTaskExecuter.execute(ProblemsTaskPathTrackingTaskExecuter.java:41)
	at org.gradle.api.internal.tasks.execution.ResolveTaskExecutionModeExecuter.execute(ResolveTaskExecutionModeExecuter.java:51)
	at org.gradle.api.internal.tasks.execution.FinalizePropertiesTaskExecuter.execute(FinalizePropertiesTaskExecuter.java:46)
	at org.gradle.api.internal.tasks.execution.SkipTaskWithNoActionsExecuter.execute(SkipTaskWithNoActionsExecuter.java:57)
	at org.gradle.api.internal.tasks.execution.SkipOnlyIfTaskExecuter.execute(SkipOnlyIfTaskExecuter.java:74)
	at org.gradle.api.internal.tasks.execution.CatchExceptionTaskExecuter.execute(CatchExceptionTaskExecuter.java:36)
	at org.gradle.api.internal.tasks.execution.EventFiringTaskExecuter$1.executeTask(EventFiringTaskExecuter.java:77)
	at org.gradle.api.internal.tasks.execution.EventFiringTaskExecuter$1.call(EventFiringTaskExecuter.java:55)
	at org.gradle.api.internal.tasks.execution.EventFiringTaskExecuter$1.call(EventFiringTaskExecuter.java:52)
	at org.gradle.internal.operations.DefaultBuildOperationRunner$CallableBuildOperationWorker.execute(DefaultBuildOperationRunner.java:210)
	at org.gradle.internal.operations.DefaultBuildOperationRunner$CallableBuildOperationWorker.execute(DefaultBuildOperationRunner.java:205)
	at org.gradle.internal.operations.DefaultBuildOperationRunner$2.execute(DefaultBuildOperationRunner.java:67)
	at org.gradle.internal.operations.DefaultBuildOperationRunner$2.execute(DefaultBuildOperationRunner.java:60)
	at org.gradle.internal.operations.DefaultBuildOperationRunner.execute(DefaultBuildOperationRunner.java:167)
	at org.gradle.internal.operations.DefaultBuildOperationRunner.execute(DefaultBuildOperationRunner.java:60)
	at org.gradle.internal.operations.DefaultBuildOperationRunner.call(DefaultBuildOperationRunner.java:54)
	at org.gradle.api.internal.tasks.execution.EventFiringTaskExecuter.execute(EventFiringTaskExecuter.java:52)
	at org.gradle.execution.plan.DefaultNodeExecutor.executeLocalTaskNode(DefaultNodeExecutor.java:55)
	at org.gradle.execution.plan.DefaultNodeExecutor.execute(DefaultNodeExecutor.java:34)
	at org.gradle.execution.taskgraph.DefaultTaskExecutionGraph$InvokeNodeExecutorsAction.execute(DefaultTaskExecutionGraph.java:355)
	at org.gradle.execution.taskgraph.DefaultTaskExecutionGraph$InvokeNodeExecutorsAction.execute(DefaultTaskExecutionGraph.java:343)
	at org.gradle.execution.taskgraph.DefaultTaskExecutionGraph$BuildOperationAwareExecutionAction.lambda$execute$0(DefaultTaskExecutionGraph.java:339)
	at org.gradle.internal.operations.CurrentBuildOperationRef.with(CurrentBuildOperationRef.java:84)
	at org.gradle.execution.taskgraph.DefaultTaskExecutionGraph$BuildOperationAwareExecutionAction.execute(DefaultTaskExecutionGraph.java:339)
	at org.gradle.execution.taskgraph.DefaultTaskExecutionGraph$BuildOperationAwareExecutionAction.execute(DefaultTaskExecutionGraph.java:328)
	at org.gradle.execution.plan.DefaultPlanExecutor$ExecutorWorker.execute(DefaultPlanExecutor.java:459)
	at org.gradle.execution.plan.DefaultPlanExecutor$ExecutorWorker.run(DefaultPlanExecutor.java:376)
	at org.gradle.execution.plan.DefaultPlanExecutor.process(DefaultPlanExecutor.java:111)
	at org.gradle.execution.taskgraph.DefaultTaskExecutionGraph.executeWithServices(DefaultTaskExecutionGraph.java:146)
	at org.gradle.execution.taskgraph.DefaultTaskExecutionGraph.execute(DefaultTaskExecutionGraph.java:131)
	at org.gradle.execution.SelectedTaskExecutionAction.execute(SelectedTaskExecutionAction.java:35)
	at org.gradle.execution.BuildOperationFiringBuildWorkerExecutor$ExecuteTasks.call(BuildOperationFiringBuildWorkerExecutor.java:54)
	at org.gradle.execution.BuildOperationFiringBuildWorkerExecutor$ExecuteTasks.call(BuildOperationFiringBuildWorkerExecutor.java:43)
	at org.gradle.internal.operations.DefaultBuildOperationRunner$CallableBuildOperationWorker.execute(DefaultBuildOperationRunner.java:210)
	at org.gradle.internal.operations.DefaultBuildOperationRunner$CallableBuildOperationWorker.execute(DefaultBuildOperationRunner.java:205)
	at org.gradle.internal.operations.DefaultBuildOperationRunner$2.execute(DefaultBuildOperationRunner.java:67)
	at org.gradle.internal.operations.DefaultBuildOperationRunner$2.execute(DefaultBuildOperationRunner.java:60)
	at org.gradle.internal.operations.DefaultBuildOperationRunner.execute(DefaultBuildOperationRunner.java:167)
	at org.gradle.internal.operations.DefaultBuildOperationRunner.execute(DefaultBuildOperationRunner.java:60)
	at org.gradle.internal.operations.DefaultBuildOperationRunner.call(DefaultBuildOperationRunner.java:54)
	at org.gradle.execution.BuildOperationFiringBuildWorkerExecutor.execute(BuildOperationFiringBuildWorkerExecutor.java:40)
	at org.gradle.internal.build.DefaultBuildLifecycleController.lambda$executeTasks$11(DefaultBuildLifecycleController.java:323)
	at org.gradle.internal.model.StateTransitionController.doTransition(StateTransitionController.java:304)
	at org.gradle.internal.model.StateTransitionController.lambda$tryTransition$9(StateTransitionController.java:215)
	at org.gradle.internal.work.DefaultSynchronizer.withLock(DefaultSynchronizer.java:45)
	at org.gradle.internal.model.StateTransitionController.tryTransition(StateTransitionController.java:215)
	at org.gradle.internal.build.DefaultBuildLifecycleController.executeTasks(DefaultBuildLifecycleController.java:314)
	at org.gradle.internal.build.DefaultBuildWorkGraphController$DefaultBuildWorkGraph.runWork(DefaultBuildWorkGraphController.java:220)
	at org.gradle.internal.work.DefaultWorkerLeaseService.lambda$runAndReleaseLocks$0(DefaultWorkerLeaseService.java:300)
	at org.gradle.internal.work.ResourceLockStatistics$1.measure(ResourceLockStatistics.java:43)
	at org.gradle.internal.work.DefaultWorkerLeaseService.runAndReleaseLocks(DefaultWorkerLeaseService.java:298)
	at org.gradle.internal.work.DefaultWorkerLeaseService.withLocksAcquired(DefaultWorkerLeaseService.java:294)
	at org.gradle.internal.work.DefaultWorkerLeaseService.withLocks(DefaultWorkerLeaseService.java:286)
	at org.gradle.internal.work.DefaultWorkerLeaseService.runAsWorkerThread(DefaultWorkerLeaseService.java:130)
	at org.gradle.composite.internal.DefaultBuildController.doRun(DefaultBuildController.java:182)
	at org.gradle.composite.internal.DefaultBuildController$BuildOpRunnable.lambda$run$0(DefaultBuildController.java:199)
	at org.gradle.internal.operations.CurrentBuildOperationRef.with(CurrentBuildOperationRef.java:84)
	at org.gradle.composite.internal.DefaultBuildController$BuildOpRunnable.run(DefaultBuildController.java:199)
	at org.gradle.internal.concurrent.ExecutorPolicy$CatchAndRecordFailures.onExecute(ExecutorPolicy.java:64)
	at org.gradle.internal.concurrent.AbstractManagedExecutor$1.run(AbstractManagedExecutor.java:47)
Caused by: org.gradle.internal.UncheckedException: com.android.ide.common.process.ProcessException: ninja: Entering directory `/home/runner/work/retro-manager/retro-manager/runtime/retropack-runtime-snes9x/.cxx/Debug/5r3b2tr3/arm64-v8a'
[1/55] Building C object CMakeFiles/retropack-runtime-snes9x.dir/src/main/cpp/ringbuffer.c.o
[2/55] Building CXX object CMakeFiles/retropack-runtime-snes9x.dir/submodules/snes9x/apu/bapu/dsp/sdsp.cpp.o
[3/55] Building CXX object CMakeFiles/retropack-runtime-snes9x.dir/submodules/snes9x/apu/apu.cpp.o
[4/55] Building CXX object CMakeFiles/retropack-runtime-snes9x.dir/submodules/snes9x/apu/bapu/smp/smp.cpp.o
[5/55] Building CXX object CMakeFiles/retropack-runtime-snes9x.dir/submodules/snes9x/apu/bapu/smp/smp_state.cpp.o
[6/55] Building CXX object CMakeFiles/retropack-runtime-snes9x.dir/src/main/cpp/snes9x-jni.cpp.o
[7/55] Building CXX object CMakeFiles/retropack-runtime-snes9x.dir/submodules/snes9x/bsx.cpp.o
[8/55] Building CXX object CMakeFiles/retropack-runtime-snes9x.dir/submodules/snes9x/c4emu.cpp.o
[9/55] Building CXX object CMakeFiles/retropack-runtime-snes9x.dir/submodules/snes9x/c4.cpp.o
[10/55] Building CXX object CMakeFiles/retropack-runtime-snes9x.dir/submodules/snes9x/cheats2.cpp.o
[11/55] Building CXX object CMakeFiles/retropack-runtime-snes9x.dir/submodules/snes9x/cheats.cpp.o
[12/55] Building CXX object CMakeFiles/retropack-runtime-snes9x.dir/submodules/snes9x/clip.cpp.o
[13/55] Building CXX object CMakeFiles/retropack-runtime-snes9x.dir/submodules/snes9x/conffile.cpp.o
[14/55] Building CXX object CMakeFiles/retropack-runtime-snes9x.dir/submodules/snes9x/crosshairs.cpp.o
[15/55] Building CXX object CMakeFiles/retropack-runtime-snes9x.dir/submodules/snes9x/cpu.cpp.o
[16/55] Building CXX object CMakeFiles/retropack-runtime-snes9x.dir/submodules/snes9x/controls.cpp.o
[17/55] Building CXX object CMakeFiles/retropack-runtime-snes9x.dir/submodules/snes9x/cpuexec.cpp.o
[18/55] Building CXX object CMakeFiles/retropack-runtime-snes9x.dir/submodules/snes9x/cpuops.cpp.o
[19/55] Building CXX object CMakeFiles/retropack-runtime-snes9x.dir/submodules/snes9x/dma.cpp.o
[20/55] Building CXX object CMakeFiles/retropack-runtime-snes9x.dir/submodules/snes9x/dsp.cpp.o
[21/55] Building CXX object CMakeFiles/retropack-runtime-snes9x.dir/submodules/snes9x/dsp2.cpp.o
[22/55] Building CXX object CMakeFiles/retropack-runtime-snes9x.dir/submodules/snes9x/dsp1.cpp.o
[23/55] Building CXX object CMakeFiles/retropack-runtime-snes9x.dir/submodules/snes9x/fxemu.cpp.o
[24/55] Building CXX object CMakeFiles/retropack-runtime-snes9x.dir/submodules/snes9x/dsp3.cpp.o
[25/55] Building CXX object CMakeFiles/retropack-runtime-snes9x.dir/submodules/snes9x/dsp4.cpp.o
[26/55] Building CXX object CMakeFiles/retropack-runtime-snes9x.dir/submodules/snes9x/fxinst.cpp.o
[27/55] Building CXX object CMakeFiles/retropack-runtime-snes9x.dir/submodules/snes9x/msu1.cpp.o
[28/55] Building CXX object CMakeFiles/retropack-runtime-snes9x.dir/submodules/snes9x/gfx.cpp.o
[29/55] Building CXX object CMakeFiles/retropack-runtime-snes9x.dir/submodules/snes9x/stream.cpp.o
[30/55] Building CXX object CMakeFiles/retropack-runtime-snes9x.dir/submodules/snes9x/globals.cpp.o
[31/55] Building CXX object CMakeFiles/retropack-runtime-snes9x.dir/submodules/snes9x/obc1.cpp.o
[32/55] Building CXX object CMakeFiles/retropack-runtime-snes9x.dir/submodules/snes9x/ppu.cpp.o
[33/55] Building CXX object CMakeFiles/retropack-runtime-snes9x.dir/submodules/snes9x/sa1.cpp.o
[34/55] Building CXX object CMakeFiles/retropack-runtime-snes9x.dir/submodules/snes9x/memmap.cpp.o
[35/55] Building CXX object CMakeFiles/retropack-runtime-snes9x.dir/submodules/snes9x/screenshot.cpp.o
[36/55] Building CXX object CMakeFiles/retropack-runtime-snes9x.dir/submodules/snes9x/sa1cpu.cpp.o
[37/55] Building CXX object CMakeFiles/retropack-runtime-snes9x.dir/submodules/snes9x/sdd1.cpp.o
[38/55] Building CXX object CMakeFiles/retropack-runtime-snes9x.dir/submodules/snes9x/sdd1emu.cpp.o
[39/55] Building CXX object CMakeFiles/retropack-runtime-snes9x.dir/submodules/snes9x/seta.cpp.o
[40/55] Building CXX object CMakeFiles/retropack-runtime-snes9x.dir/submodules/snes9x/seta018.cpp.o
[41/55] Building CXX object CMakeFiles/retropack-runtime-snes9x.dir/submodules/snes9x/seta010.cpp.o
[42/55] Building CXX object CMakeFiles/retropack-runtime-snes9x.dir/submodules/snes9x/seta011.cpp.o
[43/55] Building CXX object CMakeFiles/retropack-runtime-snes9x.dir/submodules/snes9x/snapshot.cpp.o
[44/55] Building CXX object CMakeFiles/retropack-runtime-snes9x.dir/submodules/snes9x/snes9x.cpp.o
[45/55] Building CXX object CMakeFiles/retropack-runtime-snes9x.dir/submodules/snes9x/srtc.cpp.o
[46/55] Building CXX object CMakeFiles/retropack-runtime-snes9x.dir/submodules/snes9x/spc7110.cpp.o
[47/55] Building CXX object CMakeFiles/retropack-runtime-snes9x.dir/submodules/snes9x/sha256.cpp.o
[48/55] Building CXX object CMakeFiles/retropack-runtime-snes9x.dir/submodules/snes9x/tile.cpp.o
[49/55] Building CXX object CMakeFiles/retropack-runtime-snes9x.dir/submodules/snes9x/bml.cpp.o
[50/55] Building CXX object CMakeFiles/retropack-runtime-snes9x.dir/submodules/snes9x/fscompat.cpp.o
[51/55] Building CXX object CMakeFiles/retropack-runtime-snes9x.dir/submodules/snes9x/movie.cpp.o
[52/55] Building CXX object CMakeFiles/retropack-runtime-snes9x.dir/submodules/snes9x/tileimpl-n1x1.cpp.o
[53/55] Building CXX object CMakeFiles/retropack-runtime-snes9x.dir/submodules/snes9x/tileimpl-h2x1.cpp.o
[54/55] Building CXX object CMakeFiles/retropack-runtime-snes9x.dir/submodules/snes9x/tileimpl-n2x1.cpp.o
[55/55] Linking CXX shared library ../../../../build/intermediates/cxx/Debug/5r3b2tr3/obj/arm64-v8a/libretropack-runtime-snes9x.so
FAILED: ../../../../build/intermediates/cxx/Debug/5r3b2tr3/obj/arm64-v8a/libretropack-runtime-snes9x.so 
: && /usr/local/lib/android/sdk/ndk/27.0.12077973/toolchains/llvm/prebuilt/linux-x86_64/bin/clang++ --target=aarch64-none-linux-android26 --sysroot=/usr/local/lib/android/sdk/ndk/27.0.12077973/toolchains/llvm/prebuilt/linux-x86_64/sysroot -fPIC -g -DANDROID -fdata-sections -ffunction-sections -funwind-tables -fstack-protector-strong -no-canonical-prefixes -D_FORTIFY_SOURCE=2 -Wformat -Werror=format-security   -fno-limit-debug-info  -static-libstdc++ -Wl,--build-id=sha1 -Wl,--no-rosegment -Wl,--no-undefined-version -Wl,--fatal-warnings -Wl,--no-undefined -Qunused-arguments  -Wl,-z,max-page-size=16384 -Wl,-z,common-page-size=16384   -Wl,-z,max-page-size=16384 -Wl,-z,common-page-size=16384 -shared -Wl,-soname,libretropack-runtime-snes9x.so -o ../../../../build/intermediates/cxx/Debug/5r3b2tr3/obj/arm64-v8a/libretropack-runtime-snes9x.so CMakeFiles/retropack-runtime-snes9x.dir/src/main/cpp/snes9x-jni.cpp.o CMakeFiles/retropack-runtime-snes9x.dir/src/main/cpp/ringbuffer.c.o CMakeFiles/retropack-runtime-snes9x.dir/submodules/snes9x/apu/apu.cpp.o CMakeFiles/retropack-runtime-snes9x.dir/submodules/snes9x/apu/bapu/dsp/sdsp.cpp.o CMakeFiles/retropack-runtime-snes9x.dir/submodules/snes9x/apu/bapu/smp/smp.cpp.o CMakeFiles/retropack-runtime-snes9x.dir/submodules/snes9x/apu/bapu/smp/smp_state.cpp.o CMakeFiles/retropack-runtime-snes9x.dir/submodules/snes9x/bsx.cpp.o CMakeFiles/retropack-runtime-snes9x.dir/submodules/snes9x/c4.cpp.o CMakeFiles/retropack-runtime-snes9x.dir/submodules/snes9x/c4emu.cpp.o CMakeFiles/retropack-runtime-snes9x.dir/submodules/snes9x/cheats.cpp.o CMakeFiles/retropack-runtime-snes9x.dir/submodules/snes9x/cheats2.cpp.o CMakeFiles/retropack-runtime-snes9x.dir/submodules/snes9x/clip.cpp.o CMakeFiles/retropack-runtime-snes9x.dir/submodules/snes9x/conffile.cpp.o CMakeFiles/retropack-runtime-snes9x.dir/submodules/snes9x/controls.cpp.o CMakeFiles/retropack-runtime-snes9x.dir/submodules/snes9x/cpu.cpp.o CMakeFiles/retropack-runtime-snes9x.dir/submodules/snes9x/cpuexec.cpp.o CMakeFiles/retropack-runtime-snes9x.dir/submodules/snes9x/cpuops.cpp.o CMakeFiles/retropack-runtime-snes9x.dir/submodules/snes9x/crosshairs.cpp.o CMakeFiles/retropack-runtime-snes9x.dir/submodules/snes9x/dma.cpp.o CMakeFiles/retropack-runtime-snes9x.dir/submodules/snes9x/dsp.cpp.o CMakeFiles/retropack-runtime-snes9x.dir/submodules/snes9x/dsp1.cpp.o CMakeFiles/retropack-runtime-snes9x.dir/submodules/snes9x/dsp2.cpp.o CMakeFiles/retropack-runtime-snes9x.dir/submodules/snes9x/dsp3.cpp.o CMakeFiles/retropack-runtime-snes9x.dir/submodules/snes9x/dsp4.cpp.o CMakeFiles/retropack-runtime-snes9x.dir/submodules/snes9x/fxinst.cpp.o CMakeFiles/retropack-runtime-snes9x.dir/submodules/snes9x/fxemu.cpp.o CMakeFiles/retropack-runtime-snes9x.dir/submodules/snes9x/gfx.cpp.o CMakeFiles/retropack-runtime-snes9x.dir/submodules/snes9x/globals.cpp.o CMakeFiles/retropack-runtime-snes9x.dir/submodules/snes9x/memmap.cpp.o CMakeFiles/retropack-runtime-snes9x.dir/submodules/snes9x/obc1.cpp.o CMakeFiles/retropack-runtime-snes9x.dir/submodules/snes9x/msu1.cpp.o CMakeFiles/retropack-runtime-snes9x.dir/submodules/snes9x/ppu.cpp.o CMakeFiles/retropack-runtime-snes9x.dir/submodules/snes9x/stream.cpp.o CMakeFiles/retropack-runtime-snes9x.dir/submodules/snes9x/sa1.cpp.o CMakeFiles/retropack-runtime-snes9x.dir/submodules/snes9x/sa1cpu.cpp.o CMakeFiles/retropack-runtime-snes9x.dir/submodules/snes9x/screenshot.cpp.o CMakeFiles/retropack-runtime-snes9x.dir/submodules/snes9x/sdd1.cpp.o CMakeFiles/retropack-runtime-snes9x.dir/submodules/snes9x/sdd1emu.cpp.o CMakeFiles/retropack-runtime-snes9x.dir/submodules/snes9x/seta.cpp.o CMakeFiles/retropack-runtime-snes9x.dir/submodules/snes9x/seta010.cpp.o CMakeFiles/retropack-runtime-snes9x.dir/submodules/snes9x/seta011.cpp.o CMakeFiles/retropack-runtime-snes9x.dir/submodules/snes9x/seta018.cpp.o CMakeFiles/retropack-runtime-snes9x.dir/submodules/snes9x/snapshot.cpp.o CMakeFiles/retropack-runtime-snes9x.dir/submodules/snes9x/snes9x.cpp.o CMakeFiles/retropack-runtime-snes9x.dir/submodules/snes9x/spc7110.cpp.o CMakeFiles/retropack-runtime-snes9x.dir/submodules/snes9x/srtc.cpp.o CMakeFiles/retropack-runtime-snes9x.dir/submodules/snes9x/tile.cpp.o CMakeFiles/retropack-runtime-snes9x.dir/submodules/snes9x/tileimpl-n1x1.cpp.o CMakeFiles/retropack-runtime-snes9x.dir/submodules/snes9x/tileimpl-n2x1.cpp.o CMakeFiles/retropack-runtime-snes9x.dir/submodules/snes9x/tileimpl-h2x1.cpp.o CMakeFiles/retropack-runtime-snes9x.dir/submodules/snes9x/sha256.cpp.o CMakeFiles/retropack-runtime-snes9x.dir/submodules/snes9x/bml.cpp.o CMakeFiles/retropack-runtime-snes9x.dir/submodules/snes9x/movie.cpp.o CMakeFiles/retropack-runtime-snes9x.dir/submodules/snes9x/fscompat.cpp.o  -lGLESv2  -lEGL  -lOpenSLES  -landroid  -llog  -lm  -lz  -latomic -lm && :
ld.lld: error: undefined symbol: S9xGetDirectory(s9x_getdirtype)
>>> referenced by fscompat.cpp:34 (/home/runner/work/retro-manager/retro-manager/runtime/retropack-runtime-snes9x/submodules/snes9x/fscompat.cpp:34)
>>>               CMakeFiles/retropack-runtime-snes9x.dir/submodules/snes9x/fscompat.cpp.o:(S9xGetFilename(std::__ndk1::basic_string<char, std::__ndk1::char_traits<char>, std::__ndk1::allocator<char>>, std::__ndk1::basic_string<char, std::__ndk1::char_traits<char>, std::__ndk1::allocator<char>>, s9x_getdirtype))
>>> referenced by snes9x.cpp:176 (/home/runner/work/retro-manager/retro-manager/runtime/retropack-runtime-snes9x/submodules/snes9x/snes9x.cpp:176)
>>>               CMakeFiles/retropack-runtime-snes9x.dir/submodules/snes9x/snes9x.cpp.o:(S9xLoadConfigFiles(char**, int))
>>> referenced by memmap.cpp:1672 (/home/runner/work/retro-manager/retro-manager/runtime/retropack-runtime-snes9x/submodules/snes9x/memmap.cpp:1672)
>>>               CMakeFiles/retropack-runtime-snes9x.dir/submodules/snes9x/memmap.cpp.o:(CMemory::LoadMultiCartInt())
>>> referenced 5 more times

ld.lld: error: undefined symbol: S9xParsePortConfig(ConfigFile&, int)
>>> referenced by snes9x.cpp:335 (/home/runner/work/retro-manager/retro-manager/runtime/retropack-runtime-snes9x/submodules/snes9x/snes9x.cpp:335)
>>>               CMakeFiles/retropack-runtime-snes9x.dir/submodules/snes9x/snes9x.cpp.o:(S9xLoadConfigFiles(char**, int))

ld.lld: error: undefined symbol: S9xContinueUpdate(int, int)
>>> referenced by gfx.cpp:205 (/home/runner/work/retro-manager/retro-manager/runtime/retropack-runtime-snes9x/submodules/snes9x/gfx.cpp:205)
>>>               CMakeFiles/retropack-runtime-snes9x.dir/submodules/snes9x/gfx.cpp.o:(S9xEndScreenRefresh())

ld.lld: error: undefined symbol: S9xSyncSpeed()
>>> referenced by cpuexec.cpp:348 (/home/runner/work/retro-manager/retro-manager/runtime/retropack-runtime-snes9x/submodules/snes9x/cpuexec.cpp:348)
>>>               CMakeFiles/retropack-runtime-snes9x.dir/submodules/snes9x/cpuexec.cpp.o:(S9xDoHEventProcessing())

ld.lld: error: undefined symbol: S9xStringInput(char const*)
>>> referenced by controls.cpp:2490 (/home/runner/work/retro-manager/retro-manager/runtime/retropack-runtime-snes9x/submodules/snes9x/controls.cpp:2490)
>>>               CMakeFiles/retropack-runtime-snes9x.dir/submodules/snes9x/controls.cpp.o:(S9xApplyCommand(s9xcommand_t, short, short))

ld.lld: error: undefined symbol: S9xGetFilenameInc(std::__ndk1::basic_string<char, std::__ndk1::char_traits<char>, std::__ndk1::allocator<char>>, s9x_getdirtype)
>>> referenced by apu.cpp:224 (/home/runner/work/retro-manager/retro-manager/runtime/retropack-runtime-snes9x/submodules/snes9x/apu/apu.cpp:224)
>>>               CMakeFiles/retropack-runtime-snes9x.dir/submodules/snes9x/apu/apu.cpp.o:(SPCSnapshotCallback())
clang++: error: linker command failed with exit code 1 (use -v to see invocation)
ninja: build stopped: subcommand failed.

C++ build system [build] failed while executing:
    /usr/local/lib/android/sdk/cmake/3.22.1/bin/ninja \
      -C \
      /home/runner/work/retro-manager/retro-manager/runtime/retropack-runtime-snes9x/.cxx/Debug/5r3b2tr3/arm64-v8a \
      retropack-runtime-snes9x
  from /home/runner/work/retro-manager/retro-manager/runtime/retropack-runtime-snes9x
	at org.gradle.internal.UncheckedException.throwAsUncheckedException(UncheckedException.java:69)
	at org.gradle.internal.UncheckedException.throwAsUncheckedException(UncheckedException.java:42)
	at org.gradle.internal.reflect.JavaMethod.invoke(JavaMethod.java:129)
	at org.gradle.api.internal.project.taskfactory.StandardTaskAction.doExecute(StandardTaskAction.java:58)
	at org.gradle.api.internal.project.taskfactory.StandardTaskAction.execute(StandardTaskAction.java:51)
	at org.gradle.api.internal.project.taskfactory.StandardTaskAction.execute(StandardTaskAction.java:29)
	at org.gradle.api.internal.tasks.execution.TaskExecution$3.run(TaskExecution.java:259)
	at org.gradle.internal.operations.DefaultBuildOperationRunner$1.execute(DefaultBuildOperationRunner.java:30)
	at org.gradle.internal.operations.DefaultBuildOperationRunner$1.execute(DefaultBuildOperationRunner.java:27)
	at org.gradle.internal.operations.DefaultBuildOperationRunner$2.execute(DefaultBuildOperationRunner.java:67)
	at org.gradle.internal.operations.DefaultBuildOperationRunner$2.execute(DefaultBuildOperationRunner.java:60)
	at org.gradle.internal.operations.DefaultBuildOperationRunner.execute(DefaultBuildOperationRunner.java:167)
	at org.gradle.internal.operations.DefaultBuildOperationRunner.execute(DefaultBuildOperationRunner.java:60)
	at org.gradle.internal.operations.DefaultBuildOperationRunner.run(DefaultBuildOperationRunner.java:48)
	at org.gradle.api.internal.tasks.execution.TaskExecution.executeAction(TaskExecution.java:244)
	at org.gradle.api.internal.tasks.execution.TaskExecution.executeActions(TaskExecution.java:227)
	at org.gradle.api.internal.tasks.execution.TaskExecution.executeWithPreviousOutputFiles(TaskExecution.java:210)
	at org.gradle.api.internal.tasks.execution.TaskExecution.execute(TaskExecution.java:176)
	at org.gradle.internal.execution.steps.ExecuteStep.executeInternal(ExecuteStep.java:167)
	at org.gradle.internal.execution.steps.ExecuteStep.access$000(ExecuteStep.java:47)
	at org.gradle.internal.execution.steps.ExecuteStep$1.call(ExecuteStep.java:137)
	at org.gradle.internal.execution.steps.ExecuteStep$1.call(ExecuteStep.java:134)
	at org.gradle.internal.operations.DefaultBuildOperationRunner$CallableBuildOperationWorker.execute(DefaultBuildOperationRunner.java:210)
	at org.gradle.internal.operations.DefaultBuildOperationRunner$CallableBuildOperationWorker.execute(DefaultBuildOperationRunner.java:205)
	at org.gradle.internal.operations.DefaultBuildOperationRunner$2.execute(DefaultBuildOperationRunner.java:67)
	at org.gradle.internal.operations.DefaultBuildOperationRunner$2.execute(DefaultBuildOperationRunner.java:60)
	at org.gradle.internal.operations.DefaultBuildOperationRunner.execute(DefaultBuildOperationRunner.java:167)
	at org.gradle.internal.operations.DefaultBuildOperationRunner.execute(DefaultBuildOperationRunner.java:60)
	at org.gradle.internal.operations.DefaultBuildOperationRunner.call(DefaultBuildOperationRunner.java:54)
	at org.gradle.internal.execution.steps.ExecuteStep.execute(ExecuteStep.java:134)
	at org.gradle.internal.execution.steps.ExecuteStep$Mutable.execute(ExecuteStep.java:80)
	at org.gradle.internal.execution.steps.CancelExecutionStep.execute(CancelExecutionStep.java:42)
	at org.gradle.internal.execution.steps.TimeoutStep.executeWithoutTimeout(TimeoutStep.java:75)
	at org.gradle.internal.execution.steps.TimeoutStep.execute(TimeoutStep.java:55)
	at org.gradle.internal.execution.steps.PreCreateOutputParentsStep.execute(PreCreateOutputParentsStep.java:51)
	at org.gradle.internal.execution.steps.PreCreateOutputParentsStep.execute(PreCreateOutputParentsStep.java:29)
	at org.gradle.internal.execution.steps.RemovePreviousOutputsStep.executeMutable(RemovePreviousOutputsStep.java:67)
	at org.gradle.internal.execution.steps.RemovePreviousOutputsStep.executeMutable(RemovePreviousOutputsStep.java:39)
	at org.gradle.internal.execution.steps.MutableStep.execute(MutableStep.java:26)
	at org.gradle.internal.execution.steps.BroadcastChangingOutputsStep.execute(BroadcastChangingOutputsStep.java:42)
	at org.gradle.internal.execution.steps.BroadcastChangingOutputsStep.execute(BroadcastChangingOutputsStep.java:24)
	at org.gradle.internal.execution.steps.CaptureOutputsAfterExecutionStep.execute(CaptureOutputsAfterExecutionStep.java:69)
	at org.gradle.internal.execution.steps.CaptureOutputsAfterExecutionStep.execute(CaptureOutputsAfterExecutionStep.java:46)
	at org.gradle.internal.execution.steps.ResolveInputChangesStep.executeMutable(ResolveInputChangesStep.java:39)
	at org.gradle.internal.execution.steps.ResolveInputChangesStep.executeMutable(ResolveInputChangesStep.java:28)
	at org.gradle.internal.execution.steps.MutableStep.execute(MutableStep.java:26)
	at org.gradle.internal.execution.steps.BuildCacheStep.executeWithoutCache(BuildCacheStep.java:189)
	at org.gradle.internal.execution.steps.BuildCacheStep.lambda$execute$1(BuildCacheStep.java:76)
	at org.gradle.internal.Either$Right.fold(Either.java:176)
	at org.gradle.internal.execution.caching.CachingState.fold(CachingState.java:62)
	at org.gradle.internal.execution.steps.BuildCacheStep.execute(BuildCacheStep.java:74)
	at org.gradle.internal.execution.steps.BuildCacheStep.execute(BuildCacheStep.java:49)
	at org.gradle.internal.execution.steps.StoreExecutionStateStep.executeMutable(StoreExecutionStateStep.java:46)
	at org.gradle.internal.execution.steps.StoreExecutionStateStep.executeMutable(StoreExecutionStateStep.java:35)
	at org.gradle.internal.execution.steps.MutableStep.execute(MutableStep.java:26)
	at org.gradle.internal.execution.steps.SkipUpToDateStep.executeBecause(SkipUpToDateStep.java:75)
	at org.gradle.internal.execution.steps.SkipUpToDateStep.lambda$execute$2(SkipUpToDateStep.java:53)
	at org.gradle.internal.execution.steps.SkipUpToDateStep.execute(SkipUpToDateStep.java:53)
	at org.gradle.internal.execution.steps.SkipUpToDateStep.execute(SkipUpToDateStep.java:35)
	at org.gradle.internal.execution.steps.legacy.MarkSnapshottingInputsFinishedStep.execute(MarkSnapshottingInputsFinishedStep.java:37)
	at org.gradle.internal.execution.steps.legacy.MarkSnapshottingInputsFinishedStep.execute(MarkSnapshottingInputsFinishedStep.java:27)
	at org.gradle.internal.execution.steps.ResolveMutableCachingStateStep.executeDelegate(ResolveMutableCachingStateStep.java:70)
	at org.gradle.internal.execution.steps.ResolveMutableCachingStateStep.executeDelegate(ResolveMutableCachingStateStep.java:32)
	at org.gradle.internal.execution.steps.AbstractResolveCachingStateStep.execute(AbstractResolveCachingStateStep.java:69)
	at org.gradle.internal.execution.steps.AbstractResolveCachingStateStep.execute(AbstractResolveCachingStateStep.java:37)
	at org.gradle.internal.execution.steps.ResolveChangesStep.executeMutable(ResolveChangesStep.java:63)
	at org.gradle.internal.execution.steps.ResolveChangesStep.executeMutable(ResolveChangesStep.java:34)
	at org.gradle.internal.execution.steps.MutableStep.execute(MutableStep.java:26)
	at org.gradle.internal.execution.steps.ValidateStep$Mutable.executeDelegate(ValidateStep.java:79)
	at org.gradle.internal.execution.steps.ValidateStep$Mutable.executeDelegate(ValidateStep.java:65)
	at org.gradle.internal.execution.steps.ValidateStep.execute(ValidateStep.java:99)
	at org.gradle.internal.execution.steps.ValidateStep$Mutable.execute(ValidateStep.java:65)
	at org.gradle.internal.execution.steps.CaptureMutableStateBeforeExecutionStep.executeMutable(CaptureMutableStateBeforeExecutionStep.java:86)
	at org.gradle.internal.execution.steps.CaptureMutableStateBeforeExecutionStep.execute(CaptureMutableStateBeforeExecutionStep.java:65)
	at org.gradle.internal.execution.steps.CaptureMutableStateBeforeExecutionStep.execute(CaptureMutableStateBeforeExecutionStep.java:45)
	at org.gradle.internal.execution.steps.SkipEmptyMutableWorkStep.executeWithNonEmptySources(SkipEmptyMutableWorkStep.java:210)
	at org.gradle.internal.execution.steps.SkipEmptyMutableWorkStep.executeMutable(SkipEmptyMutableWorkStep.java:85)
	at org.gradle.internal.execution.steps.SkipEmptyMutableWorkStep.executeMutable(SkipEmptyMutableWorkStep.java:53)
	at org.gradle.internal.execution.steps.MutableStep.execute(MutableStep.java:26)
	at org.gradle.internal.execution.steps.legacy.MarkSnapshottingInputsStartedStep.execute(MarkSnapshottingInputsStartedStep.java:38)
	at org.gradle.internal.execution.steps.LoadPreviousExecutionStateStep.executeMutable(LoadPreviousExecutionStateStep.java:36)
	at org.gradle.internal.execution.steps.LoadPreviousExecutionStateStep.executeMutable(LoadPreviousExecutionStateStep.java:23)
	at org.gradle.internal.execution.steps.MutableStep.execute(MutableStep.java:26)
	at org.gradle.internal.execution.steps.HandleStaleOutputsStep.executeMutable(HandleStaleOutputsStep.java:77)
	at org.gradle.internal.execution.steps.HandleStaleOutputsStep.executeMutable(HandleStaleOutputsStep.java:43)
	at org.gradle.internal.execution.steps.MutableStep.execute(MutableStep.java:26)
	at org.gradle.internal.execution.steps.AssignMutableWorkspaceStep.lambda$executeMutable$0(AssignMutableWorkspaceStep.java:34)
	at org.gradle.api.internal.tasks.execution.TaskExecution$4.withWorkspace(TaskExecution.java:305)
	at org.gradle.internal.execution.steps.AssignMutableWorkspaceStep.executeMutable(AssignMutableWorkspaceStep.java:30)
	at org.gradle.internal.execution.steps.AssignMutableWorkspaceStep.executeMutable(AssignMutableWorkspaceStep.java:21)
	at org.gradle.internal.execution.steps.MutableStep.execute(MutableStep.java:26)
	at org.gradle.internal.execution.steps.ChoosePipelineStep.execute(ChoosePipelineStep.java:40)
	at org.gradle.internal.execution.steps.ChoosePipelineStep.execute(ChoosePipelineStep.java:23)
	at org.gradle.internal.execution.steps.ExecuteWorkBuildOperationFiringStep.lambda$execute$2(ExecuteWorkBuildOperationFiringStep.java:67)
	at org.gradle.internal.execution.steps.ExecuteWorkBuildOperationFiringStep.execute(ExecuteWorkBuildOperationFiringStep.java:67)
	at org.gradle.internal.execution.steps.ExecuteWorkBuildOperationFiringStep.execute(ExecuteWorkBuildOperationFiringStep.java:39)
	at org.gradle.internal.execution.steps.IdentityCacheStep.execute(IdentityCacheStep.java:46)
	at org.gradle.internal.execution.steps.IdentityCacheStep.execute(IdentityCacheStep.java:34)
	at org.gradle.internal.execution.steps.IdentifyStep.execute(IdentifyStep.java:56)
	at org.gradle.internal.execution.steps.IdentifyStep.execute(IdentifyStep.java:38)
	at org.gradle.internal.execution.impl.DefaultExecutionEngine$1.execute(DefaultExecutionEngine.java:68)
	at org.gradle.api.internal.tasks.execution.ExecuteActionsTaskExecuter.executeIfValid(ExecuteActionsTaskExecuter.java:132)
	... 61 more
Caused by: com.android.ide.common.process.ProcessException: ninja: Entering directory `/home/runner/work/retro-manager/retro-manager/runtime/retropack-runtime-snes9x/.cxx/Debug/5r3b2tr3/arm64-v8a'
[1/55] Building C object CMakeFiles/retropack-runtime-snes9x.dir/src/main/cpp/ringbuffer.c.o
[2/55] Building CXX object CMakeFiles/retropack-runtime-snes9x.dir/submodules/snes9x/apu/bapu/dsp/sdsp.cpp.o
[3/55] Building CXX object CMakeFiles/retropack-runtime-snes9x.dir/submodules/snes9x/apu/apu.cpp.o
[4/55] Building CXX object CMakeFiles/retropack-runtime-snes9x.dir/submodules/snes9x/apu/bapu/smp/smp.cpp.o
[5/55] Building CXX object CMakeFiles/retropack-runtime-snes9x.dir/submodules/snes9x/apu/bapu/smp/smp_state.cpp.o
[6/55] Building CXX object CMakeFiles/retropack-runtime-snes9x.dir/src/main/cpp/snes9x-jni.cpp.o
[7/55] Building CXX object CMakeFiles/retropack-runtime-snes9x.dir/submodules/snes9x/bsx.cpp.o
[8/55] Building CXX object CMakeFiles/retropack-runtime-snes9x.dir/submodules/snes9x/c4emu.cpp.o
[9/55] Building CXX object CMakeFiles/retropack-runtime-snes9x.dir/submodules/snes9x/c4.cpp.o
[10/55] Building CXX object CMakeFiles/retropack-runtime-snes9x.dir/submodules/snes9x/cheats2.cpp.o
[11/55] Building CXX object CMakeFiles/retropack-runtime-snes9x.dir/submodules/snes9x/cheats.cpp.o
[12/55] Building CXX object CMakeFiles/retropack-runtime-snes9x.dir/submodules/snes9x/clip.cpp.o
[13/55] Building CXX object CMakeFiles/retropack-runtime-snes9x.dir/submodules/snes9x/conffile.cpp.o
[14/55] Building CXX object CMakeFiles/retropack-runtime-snes9x.dir/submodules/snes9x/crosshairs.cpp.o
[15/55] Building CXX object CMakeFiles/retropack-runtime-snes9x.dir/submodules/snes9x/cpu.cpp.o
[16/55] Building CXX object CMakeFiles/retropack-runtime-snes9x.dir/submodules/snes9x/controls.cpp.o
[17/55] Building CXX object CMakeFiles/retropack-runtime-snes9x.dir/submodules/snes9x/cpuexec.cpp.o
[18/55] Building CXX object CMakeFiles/retropack-runtime-snes9x.dir/submodules/snes9x/cpuops.cpp.o
[19/55] Building CXX object CMakeFiles/retropack-runtime-snes9x.dir/submodules/snes9x/dma.cpp.o
[20/55] Building CXX object CMakeFiles/retropack-runtime-snes9x.dir/submodules/snes9x/dsp.cpp.o
[21/55] Building CXX object CMakeFiles/retropack-runtime-snes9x.dir/submodules/snes9x/dsp2.cpp.o
[22/55] Building CXX object CMakeFiles/retropack-runtime-snes9x.dir/submodules/snes9x/dsp1.cpp.o
[23/55] Building CXX object CMakeFiles/retropack-runtime-snes9x.dir/submodules/snes9x/fxemu.cpp.o
[24/55] Building CXX object CMakeFiles/retropack-runtime-snes9x.dir/submodules/snes9x/dsp3.cpp.o
[25/55] Building CXX object CMakeFiles/retropack-runtime-snes9x.dir/submodules/snes9x/dsp4.cpp.o
[26/55] Building CXX object CMakeFiles/retropack-runtime-snes9x.dir/submodules/snes9x/fxinst.cpp.o
[27/55] Building CXX object CMakeFiles/retropack-runtime-snes9x.dir/submodules/snes9x/msu1.cpp.o
[28/55] Building CXX object CMakeFiles/retropack-runtime-snes9x.dir/submodules/snes9x/gfx.cpp.o
[29/55] Building CXX object CMakeFiles/retropack-runtime-snes9x.dir/submodules/snes9x/stream.cpp.o
[30/55] Building CXX object CMakeFiles/retropack-runtime-snes9x.dir/submodules/snes9x/globals.cpp.o
[31/55] Building CXX object CMakeFiles/retropack-runtime-snes9x.dir/submodules/snes9x/obc1.cpp.o
[32/55] Building CXX object CMakeFiles/retropack-runtime-snes9x.dir/submodules/snes9x/ppu.cpp.o
[33/55] Building CXX object CMakeFiles/retropack-runtime-snes9x.dir/submodules/snes9x/sa1.cpp.o
[34/55] Building CXX object CMakeFiles/retropack-runtime-snes9x.dir/submodules/snes9x/memmap.cpp.o
[35/55] Building CXX object CMakeFiles/retropack-runtime-snes9x.dir/submodules/snes9x/screenshot.cpp.o
[36/55] Building CXX object CMakeFiles/retropack-runtime-snes9x.dir/submodules/snes9x/sa1cpu.cpp.o
[37/55] Building CXX object CMakeFiles/retropack-runtime-snes9x.dir/submodules/snes9x/sdd1.cpp.o
[38/55] Building CXX object CMakeFiles/retropack-runtime-snes9x.dir/submodules/snes9x/sdd1emu.cpp.o
[39/55] Building CXX object CMakeFiles/retropack-runtime-snes9x.dir/submodules/snes9x/seta.cpp.o
[40/55] Building CXX object CMakeFiles/retropack-runtime-snes9x.dir/submodules/snes9x/seta018.cpp.o
[41/55] Building CXX object CMakeFiles/retropack-runtime-snes9x.dir/submodules/snes9x/seta010.cpp.o
[42/55] Building CXX object CMakeFiles/retropack-runtime-snes9x.dir/submodules/snes9x/seta011.cpp.o
[43/55] Building CXX object CMakeFiles/retropack-runtime-snes9x.dir/submodules/snes9x/snapshot.cpp.o
[44/55] Building CXX object CMakeFiles/retropack-runtime-snes9x.dir/submodules/snes9x/snes9x.cpp.o
[45/55] Building CXX object CMakeFiles/retropack-runtime-snes9x.dir/submodules/snes9x/srtc.cpp.o
[46/55] Building CXX object CMakeFiles/retropack-runtime-snes9x.dir/submodules/snes9x/spc7110.cpp.o
[47/55] Building CXX object CMakeFiles/retropack-runtime-snes9x.dir/submodules/snes9x/sha256.cpp.o
[48/55] Building CXX object CMakeFiles/retropack-runtime-snes9x.dir/submodules/snes9x/tile.cpp.o
[49/55] Building CXX object CMakeFiles/retropack-runtime-snes9x.dir/submodules/snes9x/bml.cpp.o
[50/55] Building CXX object CMakeFiles/retropack-runtime-snes9x.dir/submodules/snes9x/fscompat.cpp.o
[51/55] Building CXX object CMakeFiles/retropack-runtime-snes9x.dir/submodules/snes9x/movie.cpp.o
[52/55] Building CXX object CMakeFiles/retropack-runtime-snes9x.dir/submodules/snes9x/tileimpl-n1x1.cpp.o
[53/55] Building CXX object CMakeFiles/retropack-runtime-snes9x.dir/submodules/snes9x/tileimpl-h2x1.cpp.o
[54/55] Building CXX object CMakeFiles/retropack-runtime-snes9x.dir/submodules/snes9x/tileimpl-n2x1.cpp.o
[55/55] Linking CXX shared library ../../../../build/intermediates/cxx/Debug/5r3b2tr3/obj/arm64-v8a/libretropack-runtime-snes9x.so
FAILED: ../../../../build/intermediates/cxx/Debug/5r3b2tr3/obj/arm64-v8a/libretropack-runtime-snes9x.so 
: && /usr/local/lib/android/sdk/ndk/27.0.12077973/toolchains/llvm/prebuilt/linux-x86_64/bin/clang++ --target=aarch64-none-linux-android26 --sysroot=/usr/local/lib/android/sdk/ndk/27.0.12077973/toolchains/llvm/prebuilt/linux-x86_64/sysroot -fPIC -g -DANDROID -fdata-sections -ffunction-sections -funwind-tables -fstack-protector-strong -no-canonical-prefixes -D_FORTIFY_SOURCE=2 -Wformat -Werror=format-security   -fno-limit-debug-info  -static-libstdc++ -Wl,--build-id=sha1 -Wl,--no-rosegment -Wl,--no-undefined-version -Wl,--fatal-warnings -Wl,--no-undefined -Qunused-arguments  -Wl,-z,max-page-size=16384 -Wl,-z,common-page-size=16384   -Wl,-z,max-page-size=16384 -Wl,-z,common-page-size=16384 -shared -Wl,-soname,libretropack-runtime-snes9x.so -o ../../../../build/intermediates/cxx/Debug/5r3b2tr3/obj/arm64-v8a/libretropack-runtime-snes9x.so CMakeFiles/retropack-runtime-snes9x.dir/src/main/cpp/snes9x-jni.cpp.o CMakeFiles/retropack-runtime-snes9x.dir/src/main/cpp/ringbuffer.c.o CMakeFiles/retropack-runtime-snes9x.dir/submodules/snes9x/apu/apu.cpp.o CMakeFiles/retropack-runtime-snes9x.dir/submodules/snes9x/apu/bapu/dsp/sdsp.cpp.o CMakeFiles/retropack-runtime-snes9x.dir/submodules/snes9x/apu/bapu/smp/smp.cpp.o CMakeFiles/retropack-runtime-snes9x.dir/submodules/snes9x/apu/bapu/smp/smp_state.cpp.o CMakeFiles/retropack-runtime-snes9x.dir/submodules/snes9x/bsx.cpp.o CMakeFiles/retropack-runtime-snes9x.dir/submodules/snes9x/c4.cpp.o CMakeFiles/retropack-runtime-snes9x.dir/submodules/snes9x/c4emu.cpp.o CMakeFiles/retropack-runtime-snes9x.dir/submodules/snes9x/cheats.cpp.o CMakeFiles/retropack-runtime-snes9x.dir/submodules/snes9x/cheats2.cpp.o CMakeFiles/retropack-runtime-snes9x.dir/submodules/snes9x/clip.cpp.o CMakeFiles/retropack-runtime-snes9x.dir/submodules/snes9x/conffile.cpp.o CMakeFiles/retropack-runtime-snes9x.dir/submodules/snes9x/controls.cpp.o CMakeFiles/retropack-runtime-snes9x.dir/submodules/snes9x/cpu.cpp.o CMakeFiles/retropack-runtime-snes9x.dir/submodules/snes9x/cpuexec.cpp.o CMakeFiles/retropack-runtime-snes9x.dir/submodules/snes9x/cpuops.cpp.o CMakeFiles/retropack-runtime-snes9x.dir/submodules/snes9x/crosshairs.cpp.o CMakeFiles/retropack-runtime-snes9x.dir/submodules/snes9x/dma.cpp.o CMakeFiles/retropack-runtime-snes9x.dir/submodules/snes9x/dsp.cpp.o CMakeFiles/retropack-runtime-snes9x.dir/submodules/snes9x/dsp1.cpp.o CMakeFiles/retropack-runtime-snes9x.dir/submodules/snes9x/dsp2.cpp.o CMakeFiles/retropack-runtime-snes9x.dir/submodules/snes9x/dsp3.cpp.o CMakeFiles/retropack-runtime-snes9x.dir/submodules/snes9x/dsp4.cpp.o CMakeFiles/retropack-runtime-snes9x.dir/submodules/snes9x/fxinst.cpp.o CMakeFiles/retropack-runtime-snes9x.dir/submodules/snes9x/fxemu.cpp.o CMakeFiles/retropack-runtime-snes9x.dir/submodules/snes9x/gfx.cpp.o CMakeFiles/retropack-runtime-snes9x.dir/submodules/snes9x/globals.cpp.o CMakeFiles/retropack-runtime-snes9x.dir/submodules/snes9x/memmap.cpp.o CMakeFiles/retropack-runtime-snes9x.dir/submodules/snes9x/obc1.cpp.o CMakeFiles/retropack-runtime-snes9x.dir/submodules/snes9x/msu1.cpp.o CMakeFiles/retropack-runtime-snes9x.dir/submodules/snes9x/ppu.cpp.o CMakeFiles/retropack-runtime-snes9x.dir/submodules/snes9x/stream.cpp.o CMakeFiles/retropack-runtime-snes9x.dir/submodules/snes9x/sa1.cpp.o CMakeFiles/retropack-runtime-snes9x.dir/submodules/snes9x/sa1cpu.cpp.o CMakeFiles/retropack-runtime-snes9x.dir/submodules/snes9x/screenshot.cpp.o CMakeFiles/retropack-runtime-snes9x.dir/submodules/snes9x/sdd1.cpp.o CMakeFiles/retropack-runtime-snes9x.dir/submodules/snes9x/sdd1emu.cpp.o CMakeFiles/retropack-runtime-snes9x.dir/submodules/snes9x/seta.cpp.o CMakeFiles/retropack-runtime-snes9x.dir/submodules/snes9x/seta010.cpp.o CMakeFiles/retropack-runtime-snes9x.dir/submodules/snes9x/seta011.cpp.o CMakeFiles/retropack-runtime-snes9x.dir/submodules/snes9x/seta018.cpp.o CMakeFiles/retropack-runtime-snes9x.dir/submodules/snes9x/snapshot.cpp.o CMakeFiles/retropack-runtime-snes9x.dir/submodules/snes9x/snes9x.cpp.o CMakeFiles/retropack-runtime-snes9x.dir/submodules/snes9x/spc7110.cpp.o CMakeFiles/retropack-runtime-snes9x.dir/submodules/snes9x/srtc.cpp.o CMakeFiles/retropack-runtime-snes9x.dir/submodules/snes9x/tile.cpp.o CMakeFiles/retropack-runtime-snes9x.dir/submodules/snes9x/tileimpl-n1x1.cpp.o CMakeFiles/retropack-runtime-snes9x.dir/submodules/snes9x/tileimpl-n2x1.cpp.o CMakeFiles/retropack-runtime-snes9x.dir/submodules/snes9x/tileimpl-h2x1.cpp.o CMakeFiles/retropack-runtime-snes9x.dir/submodules/snes9x/sha256.cpp.o CMakeFiles/retropack-runtime-snes9x.dir/submodules/snes9x/bml.cpp.o CMakeFiles/retropack-runtime-snes9x.dir/submodules/snes9x/movie.cpp.o CMakeFiles/retropack-runtime-snes9x.dir/submodules/snes9x/fscompat.cpp.o  -lGLESv2  -lEGL  -lOpenSLES  -landroid  -llog  -lm  -lz  -latomic -lm && :
ld.lld: error: undefined symbol: S9xGetDirectory(s9x_getdirtype)
>>> referenced by fscompat.cpp:34 (/home/runner/work/retro-manager/retro-manager/runtime/retropack-runtime-snes9x/submodules/snes9x/fscompat.cpp:34)
>>>               CMakeFiles/retropack-runtime-snes9x.dir/submodules/snes9x/fscompat.cpp.o:(S9xGetFilename(std::__ndk1::basic_string<char, std::__ndk1::char_traits<char>, std::__ndk1::allocator<char>>, std::__ndk1::basic_string<char, std::__ndk1::char_traits<char>, std::__ndk1::allocator<char>>, s9x_getdirtype))
>>> referenced by snes9x.cpp:176 (/home/runner/work/retro-manager/retro-manager/runtime/retropack-runtime-snes9x/submodules/snes9x/snes9x.cpp:176)
>>>               CMakeFiles/retropack-runtime-snes9x.dir/submodules/snes9x/snes9x.cpp.o:(S9xLoadConfigFiles(char**, int))
>>> referenced by memmap.cpp:1672 (/home/runner/work/retro-manager/retro-manager/runtime/retropack-runtime-snes9x/submodules/snes9x/memmap.cpp:1672)
>>>               CMakeFiles/retropack-runtime-snes9x.dir/submodules/snes9x/memmap.cpp.o:(CMemory::LoadMultiCartInt())
>>> referenced 5 more times

ld.lld: error: undefined symbol: S9xParsePortConfig(ConfigFile&, int)
>>> referenced by snes9x.cpp:335 (/home/runner/work/retro-manager/retro-manager/runtime/retropack-runtime-snes9x/submodules/snes9x/snes9x.cpp:335)
>>>               CMakeFiles/retropack-runtime-snes9x.dir/submodules/snes9x/snes9x.cpp.o:(S9xLoadConfigFiles(char**, int))

ld.lld: error: undefined symbol: S9xContinueUpdate(int, int)
>>> referenced by gfx.cpp:205 (/home/runner/work/retro-manager/retro-manager/runtime/retropack-runtime-snes9x/submodules/snes9x/gfx.cpp:205)
>>>               CMakeFiles/retropack-runtime-snes9x.dir/submodules/snes9x/gfx.cpp.o:(S9xEndScreenRefresh())

ld.lld: error: undefined symbol: S9xSyncSpeed()
>>> referenced by cpuexec.cpp:348 (/home/runner/work/retro-manager/retro-manager/runtime/retropack-runtime-snes9x/submodules/snes9x/cpuexec.cpp:348)
>>>               CMakeFiles/retropack-runtime-snes9x.dir/submodules/snes9x/cpuexec.cpp.o:(S9xDoHEventProcessing())

ld.lld: error: undefined symbol: S9xStringInput(char const*)
>>> referenced by controls.cpp:2490 (/home/runner/work/retro-manager/retro-manager/runtime/retropack-runtime-snes9x/submodules/snes9x/controls.cpp:2490)
>>>               CMakeFiles/retropack-runtime-snes9x.dir/submodules/snes9x/controls.cpp.o:(S9xApplyCommand(s9xcommand_t, short, short))

ld.lld: error: undefined symbol: S9xGetFilenameInc(std::__ndk1::basic_string<char, std::__ndk1::char_traits<char>, std::__ndk1::allocator<char>>, s9x_getdirtype)
>>> referenced by apu.cpp:224 (/home/runner/work/retro-manager/retro-manager/runtime/retropack-runtime-snes9x/submodules/snes9x/apu/apu.cpp:224)
>>>               CMakeFiles/retropack-runtime-snes9x.dir/submodules/snes9x/apu/apu.cpp.o:(SPCSnapshotCallback())
clang++: error: linker command failed with exit code 1 (use -v to see invocation)
ninja: build stopped: subcommand failed.

C++ build system [build] failed while executing:
    /usr/local/lib/android/sdk/cmake/3.22.1/bin/ninja \
      -C \
      /home/runner/work/retro-manager/retro-manager/runtime/retropack-runtime-snes9x/.cxx/Debug/5r3b2tr3/arm64-v8a \
      retropack-runtime-snes9x
  from /home/runner/work/retro-manager/retro-manager/runtime/retropack-runtime-snes9x
	at com.android.build.gradle.internal.cxx.process.ExecuteProcessKt.execute(ExecuteProcess.kt:288)
	at com.android.build.gradle.internal.cxx.process.ExecuteProcessKt$executeProcess$1.invoke(ExecuteProcess.kt:108)
	at com.android.build.gradle.internal.cxx.process.ExecuteProcessKt$executeProcess$1.invoke(ExecuteProcess.kt:106)
	at com.android.build.gradle.internal.cxx.timing.TimingEnvironmentKt.time(TimingEnvironment.kt:32)
	at com.android.build.gradle.internal.cxx.process.ExecuteProcessKt.executeProcess(ExecuteProcess.kt:106)
	at com.android.build.gradle.internal.cxx.process.ExecuteProcessKt.executeProcess$default(ExecuteProcess.kt:85)
	at com.android.build.gradle.internal.cxx.build.CxxRegularBuilder.executeProcessBatch(CxxRegularBuilder.kt:332)
	at com.android.build.gradle.internal.cxx.build.CxxRegularBuilder.build(CxxRegularBuilder.kt:129)
	at com.android.build.gradle.tasks.ExternalNativeBuildTask.doTaskAction(ExternalNativeBuildTask.kt:72)
	at com.android.build.gradle.internal.tasks.UnsafeOutputsTask$taskAction$$inlined$recordTaskAction$1.invoke(BaseTask.kt:78)
	at com.android.build.gradle.internal.tasks.Blocks.recordSpan(Blocks.java:51)
	at com.android.build.gradle.internal.tasks.UnsafeOutputsTask.taskAction(UnsafeOutputsTask.kt:81)
	at org.gradle.internal.reflect.JavaMethod.invoke(JavaMethod.java:125)
	... 160 more
Caused by: com.android.ide.common.process.ProcessException: Error while executing process /usr/local/lib/android/sdk/cmake/3.22.1/bin/ninja with arguments {-C /home/runner/work/retro-manager/retro-manager/runtime/retropack-runtime-snes9x/.cxx/Debug/5r3b2tr3/arm64-v8a retropack-runtime-snes9x}
	at com.android.build.gradle.internal.process.GradleProcessResult.buildProcessException(GradleProcessResult.java:73)
	at com.android.build.gradle.internal.process.GradleProcessResult.assertNormalExitValue(GradleProcessResult.java:48)
	at com.android.build.gradle.internal.cxx.process.ExecuteProcessKt.execute(ExecuteProcess.kt:277)
	... 172 more
Caused by: org.gradle.process.ProcessExecutionException: Process 'command '/usr/local/lib/android/sdk/cmake/3.22.1/bin/ninja'' finished with non-zero exit value 1
	at org.gradle.process.internal.DefaultExecHandle$ExecResultImpl.assertNormalExitValue(DefaultExecHandle.java:459)
	at com.android.build.gradle.internal.process.GradleProcessResult.assertNormalExitValue(GradleProcessResult.java:46)
	... 173 more


Deprecated Gradle features were used in this build, making it incompatible with Gradle 10.

You can use '--warning-mode all' to show the individual deprecation warnings and determine if they come from your own scripts or plugins.

For more on this, please refer to https://docs.gradle.org/9.5.1/userguide/command_line_interface.html#sec:command_line_warnings in the Gradle documentation.

BUILD FAILED in 18s
2 actionable tasks: 2 executed
