> Task :runtime:retropack-runtime-pcsx:preBuild UP-TO-DATE
> Task :runtime:retropack-runtime-pcsx:preDebugBuild UP-TO-DATE
> Task :runtime:retropack-runtime-pcsx:configureCMakeDebug[arm64-v8a]
> Task :runtime:retropack-runtime-pcsx:buildCMakeDebug[arm64-v8a]
> Task :runtime:retropack-runtime-pcsx:configureCMakeDebug[x86_64]
> Task :runtime:retropack-runtime-pcsx:buildCMakeDebug[x86_64]
> Task :runtime:retropack-runtime-pcsx:mergeDebugJniLibFolders
> Task :runtime:retropack-runtime-common:checkKotlinGradlePluginConfigurationErrors SKIPPED
> Task :runtime:retropack-runtime-common:preBuild UP-TO-DATE
> Task :runtime:retropack-runtime-common:preDebugBuild UP-TO-DATE
> Task :runtime:retropack-runtime-common:generateDebugResValues UP-TO-DATE
> Task :runtime:retropack-runtime-common:generateDebugResources UP-TO-DATE
> Task :runtime:retropack-runtime-common:packageDebugResources UP-TO-DATE
> Task :runtime:retropack-runtime-common:parseDebugLocalResources UP-TO-DATE
> Task :runtime:retropack-runtime-common:generateDebugRFile UP-TO-DATE
> Task :runtime:retropack-runtime-pcsx:mergeDebugNativeLibs
> Task :runtime:retropack-runtime-common:compileDebugKotlin UP-TO-DATE
> Task :runtime:retropack-runtime-common:javaPreCompileDebug UP-TO-DATE
> Task :runtime:retropack-runtime-common:compileDebugJavaWithJavac NO-SOURCE
> Task :runtime:retropack-runtime-common:bundleLibCompileToJarDebug UP-TO-DATE
> Task :runtime:retropack-runtime-pcsx:checkKotlinGradlePluginConfigurationErrors SKIPPED
> Task :runtime:retropack-runtime-pcsx:generateDebugResValues
> Task :runtime:retropack-runtime-pcsx:generateDebugResources
> Task :runtime:retropack-runtime-pcsx:stripDebugDebugSymbols
> Task :runtime:retropack-runtime-pcsx:packageDebugResources
> Task :runtime:retropack-runtime-pcsx:parseDebugLocalResources
> Task :runtime:retropack-runtime-pcsx:extractDeepLinksForAarDebug
> Task :runtime:retropack-runtime-pcsx:copyDebugJniLibsProjectAndLocalJars
> Task :runtime:retropack-runtime-pcsx:generateDebugRFile
> Task :runtime:retropack-runtime-pcsx:javaPreCompileDebug
> Task :runtime:retropack-runtime-pcsx:mergeDebugShaders
> Task :runtime:retropack-runtime-pcsx:compileDebugShaders NO-SOURCE
> Task :runtime:retropack-runtime-pcsx:generateDebugAssets UP-TO-DATE
> Task :runtime:retropack-runtime-pcsx:packageDebugAssets
> Task :runtime:retropack-runtime-pcsx:prepareDebugArtProfile
> Task :runtime:retropack-runtime-pcsx:prepareLintJarForPublish
> Task :runtime:retropack-runtime-pcsx:writeDebugAarMetadata
> Task :runtime:retropack-runtime-pcsx:processDebugManifest
> Task :runtime:retropack-runtime-pcsx:compileDebugKotlin
> Task :runtime:retropack-runtime-pcsx:extractDebugAnnotations
> Task :runtime:retropack-runtime-pcsx:compileDebugJavaWithJavac NO-SOURCE
> Task :runtime:retropack-runtime-pcsx:mergeDebugGeneratedProguardFiles
> Task :runtime:retropack-runtime-pcsx:mergeDebugConsumerProguardFiles
> Task :runtime:retropack-runtime-pcsx:processDebugJavaRes
> Task :runtime:retropack-runtime-pcsx:mergeDebugJavaResource
> Task :runtime:retropack-runtime-pcsx:syncDebugLibJars
> Task :runtime:retropack-runtime-pcsx:bundleDebugAar
> Task :runtime:retropack-runtime-pcsx:assembleDebug
gradle/actions: Writing build results to /home/runner/work/_temp/.gradle-actions/build-results/__run_4-1790592319434.json

[Incubating] Problems report is available at: file:///home/runner/work/retro-manager/retro-manager/build/reports/problems/problems-report.html

Deprecated Gradle features were used in this build, making it incompatible with Gradle 10.

You can use '--warning-mode all' to show the individual deprecation warnings and determine if they come from your own scripts or plugins.

For more on this, please refer to https://docs.gradle.org/9.5.1/userguide/command_line_interface.html#sec:command_line_warnings in the Gradle documentation.

BUILD SUCCESSFUL in 2s
37 actionable tasks: 29 executed, 8 up-to-date
Consider enabling configuration cache to speed up this build: https://docs.gradle.org/9.5.1/userguide/configuration_cache_enabling.html
