> Task :runtime:retropack-runtime-genesis:preBuild UP-TO-DATE
> Task :runtime:retropack-runtime-genesis:preDebugBuild UP-TO-DATE
> Task :runtime:retropack-runtime-genesis:configureCMakeDebug[arm64-v8a]

> Task :runtime:retropack-runtime-genesis:buildCMakeDebug[arm64-v8a]
C/C++: ninja: Entering directory `/home/runner/work/retro-manager/retro-manager/runtime/retropack-runtime-genesis/.cxx/Debug/595bv372/arm64-v8a'
C/C++: /home/runner/work/retro-manager/retro-manager/runtime/retropack-runtime-genesis/submodules/genesis-plus-gx/core/cart_hw/eeprom_spi.c:43:9: warning: 'PAGE_MASK' macro redefined [-Wmacro-redefined]
C/C++:    43 | #define PAGE_MASK 0x7f
C/C++:       |         ^
C/C++: /usr/local/lib/android/sdk/ndk/27.0.12077973/toolchains/llvm/prebuilt/linux-x86_64/sysroot/usr/include/bits/page_size.h:46:9: note: previous definition is here
C/C++:    46 | #define PAGE_MASK (~(PAGE_SIZE - 1))
C/C++:       |         ^
C/C++: 1 warning generated.
C/C++: /home/runner/work/retro-manager/retro-manager/runtime/retropack-runtime-genesis/src/main/cpp/genesis-jni.c:803:29: warning: address of array 'sram.sram' will always evaluate to 'true' [-Wpointer-bool-conversion]
C/C++:   803 |         if (sram.on && sram.sram) {
C/C++:       |                     ~~ ~~~~~^~~~
C/C++: /home/runner/work/retro-manager/retro-manager/runtime/retropack-runtime-genesis/src/main/cpp/genesis-jni.c:833:29: warning: address of array 'sram.sram' will always evaluate to 'true' [-Wpointer-bool-conversion]
C/C++:   833 |         if (sram.on && sram.sram) {
C/C++:       |                     ~~ ~~~~~^~~~
C/C++: 2 warnings generated.

> Task :runtime:retropack-runtime-genesis:configureCMakeDebug[x86_64]

> Task :runtime:retropack-runtime-genesis:buildCMakeDebug[x86_64]
C/C++: ninja: Entering directory `/home/runner/work/retro-manager/retro-manager/runtime/retropack-runtime-genesis/.cxx/Debug/595bv372/x86_64'
C/C++: /home/runner/work/retro-manager/retro-manager/runtime/retropack-runtime-genesis/submodules/genesis-plus-gx/core/cart_hw/eeprom_spi.c:43:9: warning: 'PAGE_MASK' macro redefined [-Wmacro-redefined]
C/C++:    43 | #define PAGE_MASK 0x7f
C/C++:       |         ^
C/C++: /usr/local/lib/android/sdk/ndk/27.0.12077973/toolchains/llvm/prebuilt/linux-x86_64/sysroot/usr/include/bits/page_size.h:46:9: note: previous definition is here
C/C++:    46 | #define PAGE_MASK (~(PAGE_SIZE - 1))
C/C++:       |         ^
C/C++: 1 warning generated.
C/C++: /home/runner/work/retro-manager/retro-manager/runtime/retropack-runtime-genesis/src/main/cpp/genesis-jni.c:803:29: warning: address of array 'sram.sram' will always evaluate to 'true' [-Wpointer-bool-conversion]
C/C++:   803 |         if (sram.on && sram.sram) {
C/C++:       |                     ~~ ~~~~~^~~~
C/C++: /home/runner/work/retro-manager/retro-manager/runtime/retropack-runtime-genesis/src/main/cpp/genesis-jni.c:833:29: warning: address of array 'sram.sram' will always evaluate to 'true' [-Wpointer-bool-conversion]
C/C++:   833 |         if (sram.on && sram.sram) {
C/C++:       |                     ~~ ~~~~~^~~~
C/C++: 2 warnings generated.

> Task :runtime:retropack-runtime-genesis:mergeDebugJniLibFolders
> Task :runtime:retropack-runtime-common:checkKotlinGradlePluginConfigurationErrors SKIPPED
> Task :runtime:retropack-runtime-common:preBuild UP-TO-DATE
> Task :runtime:retropack-runtime-common:preDebugBuild UP-TO-DATE
> Task :runtime:retropack-runtime-common:generateDebugResValues UP-TO-DATE
> Task :runtime:retropack-runtime-common:generateDebugResources UP-TO-DATE
> Task :runtime:retropack-runtime-common:packageDebugResources UP-TO-DATE
> Task :runtime:retropack-runtime-common:parseDebugLocalResources UP-TO-DATE
> Task :runtime:retropack-runtime-common:generateDebugRFile UP-TO-DATE
> Task :runtime:retropack-runtime-common:compileDebugKotlin UP-TO-DATE
> Task :runtime:retropack-runtime-common:javaPreCompileDebug UP-TO-DATE
> Task :runtime:retropack-runtime-common:compileDebugJavaWithJavac NO-SOURCE
> Task :runtime:retropack-runtime-common:bundleLibCompileToJarDebug UP-TO-DATE
> Task :runtime:retropack-runtime-genesis:checkKotlinGradlePluginConfigurationErrors SKIPPED
> Task :runtime:retropack-runtime-genesis:generateDebugResValues
> Task :runtime:retropack-runtime-genesis:mergeDebugNativeLibs
> Task :runtime:retropack-runtime-genesis:generateDebugResources
> Task :runtime:retropack-runtime-genesis:packageDebugResources
> Task :runtime:retropack-runtime-genesis:extractDeepLinksForAarDebug
> Task :runtime:retropack-runtime-genesis:parseDebugLocalResources
> Task :runtime:retropack-runtime-genesis:javaPreCompileDebug
> Task :runtime:retropack-runtime-genesis:mergeDebugShaders
> Task :runtime:retropack-runtime-genesis:compileDebugShaders NO-SOURCE
> Task :runtime:retropack-runtime-genesis:generateDebugAssets UP-TO-DATE
> Task :runtime:retropack-runtime-genesis:generateDebugRFile
> Task :runtime:retropack-runtime-genesis:stripDebugDebugSymbols
> Task :runtime:retropack-runtime-genesis:packageDebugAssets
> Task :runtime:retropack-runtime-genesis:copyDebugJniLibsProjectAndLocalJars
> Task :runtime:retropack-runtime-genesis:prepareDebugArtProfile
> Task :runtime:retropack-runtime-genesis:prepareLintJarForPublish
> Task :runtime:retropack-runtime-genesis:writeDebugAarMetadata
> Task :runtime:retropack-runtime-genesis:processDebugManifest
> Task :runtime:retropack-runtime-genesis:compileDebugKotlin
> Task :runtime:retropack-runtime-genesis:extractDebugAnnotations
> Task :runtime:retropack-runtime-genesis:compileDebugJavaWithJavac NO-SOURCE
> Task :runtime:retropack-runtime-genesis:mergeDebugGeneratedProguardFiles
> Task :runtime:retropack-runtime-genesis:mergeDebugConsumerProguardFiles
> Task :runtime:retropack-runtime-genesis:processDebugJavaRes
> Task :runtime:retropack-runtime-genesis:mergeDebugJavaResource
> Task :runtime:retropack-runtime-genesis:syncDebugLibJars
> Task :runtime:retropack-runtime-genesis:bundleDebugAar
> Task :runtime:retropack-runtime-genesis:assembleDebug
gradle/actions: Writing build results to /home/runner/work/_temp/.gradle-actions/build-results/__run_4-1790592301768.json

[Incubating] Problems report is available at: file:///home/runner/work/retro-manager/retro-manager/build/reports/problems/problems-report.html

Deprecated Gradle features were used in this build, making it incompatible with Gradle 10.

You can use '--warning-mode all' to show the individual deprecation warnings and determine if they come from your own scripts or plugins.

For more on this, please refer to https://docs.gradle.org/9.5.1/userguide/command_line_interface.html#sec:command_line_warnings in the Gradle documentation.

BUILD SUCCESSFUL in 3s
37 actionable tasks: 29 executed, 8 up-to-date
Consider enabling configuration cache to speed up this build: https://docs.gradle.org/9.5.1/userguide/configuration_cache_enabling.html
