> Task :runtime:retropack-runtime-pce:preBuild UP-TO-DATE
> Task :runtime:retropack-runtime-pce:preDebugBuild UP-TO-DATE
> Task :runtime:retropack-runtime-pce:configureCMakeDebug[arm64-v8a]

> Task :runtime:retropack-runtime-pce:buildCMakeDebug[arm64-v8a]
C/C++: ninja: Entering directory `/home/runner/work/retro-manager/retro-manager/runtime/retropack-runtime-pce/.cxx/Debug/394c2d41/arm64-v8a'
C/C++: /home/runner/work/retro-manager/retro-manager/runtime/retropack-runtime-pce/submodules/beetle-pce-fast/mednafen/tremor/sharedbook.c:234:28: warning: absolute value function 'abs' given an argument of type 'long' but has parameter of type 'int' which may cause truncation of value [-Wabsolute-value]
C/C++:   234 |                            abs(b->quantlist[index]),&point);
C/C++:       |                            ^
C/C++: /home/runner/work/retro-manager/retro-manager/runtime/retropack-runtime-pce/submodules/beetle-pce-fast/mednafen/tremor/sharedbook.c:234:28: note: use function 'labs' instead
C/C++:   234 |                            abs(b->quantlist[index]),&point);
C/C++:       |                            ^~~
C/C++:       |                            labs
C/C++: /home/runner/work/retro-manager/retro-manager/runtime/retropack-runtime-pce/submodules/beetle-pce-fast/mednafen/tremor/sharedbook.c:268:28: warning: absolute value function 'abs' given an argument of type 'long' but has parameter of type 'int' which may cause truncation of value [-Wabsolute-value]
C/C++:   268 |                            abs(b->quantlist[j*b->dim+k]),&point);
C/C++:       |                            ^
C/C++: /home/runner/work/retro-manager/retro-manager/runtime/retropack-runtime-pce/submodules/beetle-pce-fast/mednafen/tremor/sharedbook.c:268:28: note: use function 'labs' instead
C/C++:   268 |                            abs(b->quantlist[j*b->dim+k]),&point);
C/C++:       |                            ^~~
C/C++:       |                            labs
C/C++: 2 warnings generated.

> Task :runtime:retropack-runtime-pce:configureCMakeDebug[x86_64]

> Task :runtime:retropack-runtime-pce:buildCMakeDebug[x86_64]
C/C++: ninja: Entering directory `/home/runner/work/retro-manager/retro-manager/runtime/retropack-runtime-pce/.cxx/Debug/394c2d41/x86_64'
C/C++: /home/runner/work/retro-manager/retro-manager/runtime/retropack-runtime-pce/submodules/beetle-pce-fast/mednafen/tremor/sharedbook.c:234:28: warning: absolute value function 'abs' given an argument of type 'long' but has parameter of type 'int' which may cause truncation of value [-Wabsolute-value]
C/C++:   234 |                            abs(b->quantlist[index]),&point);
C/C++:       |                            ^
C/C++: /home/runner/work/retro-manager/retro-manager/runtime/retropack-runtime-pce/submodules/beetle-pce-fast/mednafen/tremor/sharedbook.c:234:28: note: use function 'labs' instead
C/C++:   234 |                            abs(b->quantlist[index]),&point);
C/C++:       |                            ^~~
C/C++:       |                            labs
C/C++: /home/runner/work/retro-manager/retro-manager/runtime/retropack-runtime-pce/submodules/beetle-pce-fast/mednafen/tremor/sharedbook.c:268:28: warning: absolute value function 'abs' given an argument of type 'long' but has parameter of type 'int' which may cause truncation of value [-Wabsolute-value]
C/C++:   268 |                            abs(b->quantlist[j*b->dim+k]),&point);
C/C++:       |                            ^
C/C++: /home/runner/work/retro-manager/retro-manager/runtime/retropack-runtime-pce/submodules/beetle-pce-fast/mednafen/tremor/sharedbook.c:268:28: note: use function 'labs' instead
C/C++:   268 |                            abs(b->quantlist[j*b->dim+k]),&point);
C/C++:       |                            ^~~
C/C++:       |                            labs
C/C++: 2 warnings generated.

> Task :runtime:retropack-runtime-pce:mergeDebugJniLibFolders
> Task :runtime:retropack-runtime-common:checkKotlinGradlePluginConfigurationErrors SKIPPED
> Task :runtime:retropack-runtime-common:preBuild UP-TO-DATE
> Task :runtime:retropack-runtime-common:preDebugBuild UP-TO-DATE
> Task :runtime:retropack-runtime-common:generateDebugResValues UP-TO-DATE
> Task :runtime:retropack-runtime-common:generateDebugResources UP-TO-DATE
> Task :runtime:retropack-runtime-common:packageDebugResources UP-TO-DATE
> Task :runtime:retropack-runtime-common:parseDebugLocalResources UP-TO-DATE
> Task :runtime:retropack-runtime-common:generateDebugRFile UP-TO-DATE
> Task :runtime:retropack-runtime-common:compileDebugKotlin UP-TO-DATE
> Task :runtime:retropack-runtime-common:javaPreCompileDebug UP-TO-DATE
> Task :runtime:retropack-runtime-pce:mergeDebugNativeLibs
> Task :runtime:retropack-runtime-common:compileDebugJavaWithJavac NO-SOURCE
> Task :runtime:retropack-runtime-common:bundleLibCompileToJarDebug UP-TO-DATE
> Task :runtime:retropack-runtime-pce:checkKotlinGradlePluginConfigurationErrors SKIPPED
> Task :runtime:retropack-runtime-pce:generateDebugResValues
> Task :runtime:retropack-runtime-pce:generateDebugResources
> Task :runtime:retropack-runtime-pce:packageDebugResources
> Task :runtime:retropack-runtime-pce:stripDebugDebugSymbols
> Task :runtime:retropack-runtime-pce:parseDebugLocalResources
> Task :runtime:retropack-runtime-pce:extractDeepLinksForAarDebug
> Task :runtime:retropack-runtime-pce:generateDebugRFile
> Task :runtime:retropack-runtime-pce:javaPreCompileDebug
> Task :runtime:retropack-runtime-pce:copyDebugJniLibsProjectAndLocalJars
> Task :runtime:retropack-runtime-pce:mergeDebugShaders
> Task :runtime:retropack-runtime-pce:compileDebugShaders NO-SOURCE
> Task :runtime:retropack-runtime-pce:generateDebugAssets UP-TO-DATE
> Task :runtime:retropack-runtime-pce:packageDebugAssets
> Task :runtime:retropack-runtime-pce:prepareDebugArtProfile
> Task :runtime:retropack-runtime-pce:prepareLintJarForPublish
> Task :runtime:retropack-runtime-pce:writeDebugAarMetadata
> Task :runtime:retropack-runtime-pce:processDebugManifest
> Task :runtime:retropack-runtime-pce:compileDebugKotlin
> Task :runtime:retropack-runtime-pce:extractDebugAnnotations
> Task :runtime:retropack-runtime-pce:compileDebugJavaWithJavac NO-SOURCE
> Task :runtime:retropack-runtime-pce:mergeDebugGeneratedProguardFiles
> Task :runtime:retropack-runtime-pce:mergeDebugConsumerProguardFiles
> Task :runtime:retropack-runtime-pce:processDebugJavaRes
> Task :runtime:retropack-runtime-pce:mergeDebugJavaResource
> Task :runtime:retropack-runtime-pce:syncDebugLibJars
> Task :runtime:retropack-runtime-pce:bundleDebugAar
> Task :runtime:retropack-runtime-pce:assembleDebug
gradle/actions: Writing build results to /home/runner/work/_temp/.gradle-actions/build-results/__run_4-1790592313014.json

[Incubating] Problems report is available at: file:///home/runner/work/retro-manager/retro-manager/build/reports/problems/problems-report.html

Deprecated Gradle features were used in this build, making it incompatible with Gradle 10.

You can use '--warning-mode all' to show the individual deprecation warnings and determine if they come from your own scripts or plugins.

For more on this, please refer to https://docs.gradle.org/9.5.1/userguide/command_line_interface.html#sec:command_line_warnings in the Gradle documentation.

BUILD SUCCESSFUL in 2s
37 actionable tasks: 29 executed, 8 up-to-date
Consider enabling configuration cache to speed up this build: https://docs.gradle.org/9.5.1/userguide/configuration_cache_enabling.html
