> Task :runtime:retropack-runtime-melonds:preBuild UP-TO-DATE
> Task :runtime:retropack-runtime-melonds:preDebugBuild UP-TO-DATE
> Task :runtime:retropack-runtime-melonds:configureCMakeDebug[arm64-v8a]
> Task :runtime:retropack-runtime-melonds:buildCMakeDebug[arm64-v8a]
> Task :runtime:retropack-runtime-melonds:configureCMakeDebug[x86_64]
> Task :runtime:retropack-runtime-melonds:buildCMakeDebug[x86_64]
> Task :runtime:retropack-runtime-melonds:mergeDebugJniLibFolders
> Task :runtime:retropack-runtime-common:checkKotlinGradlePluginConfigurationErrors SKIPPED
> Task :runtime:retropack-runtime-common:preBuild UP-TO-DATE
> Task :runtime:retropack-runtime-common:preDebugBuild UP-TO-DATE
> Task :runtime:retropack-runtime-common:generateDebugResValues UP-TO-DATE
> Task :runtime:retropack-runtime-common:generateDebugResources UP-TO-DATE
> Task :runtime:retropack-runtime-common:packageDebugResources UP-TO-DATE
> Task :runtime:retropack-runtime-common:parseDebugLocalResources UP-TO-DATE
> Task :runtime:retropack-runtime-common:generateDebugRFile UP-TO-DATE
> Task :runtime:retropack-runtime-common:compileDebugKotlin UP-TO-DATE
> Task :runtime:retropack-runtime-common:javaPreCompileDebug UP-TO-DATE
> Task :runtime:retropack-runtime-common:compileDebugJavaWithJavac NO-SOURCE
> Task :runtime:retropack-runtime-common:bundleLibCompileToJarDebug UP-TO-DATE
> Task :runtime:retropack-runtime-melonds:checkKotlinGradlePluginConfigurationErrors SKIPPED
> Task :runtime:retropack-runtime-melonds:generateDebugResValues
> Task :runtime:retropack-runtime-melonds:mergeDebugNativeLibs
> Task :runtime:retropack-runtime-melonds:generateDebugResources
> Task :runtime:retropack-runtime-melonds:packageDebugResources
> Task :runtime:retropack-runtime-melonds:extractDeepLinksForAarDebug
> Task :runtime:retropack-runtime-melonds:parseDebugLocalResources
> Task :runtime:retropack-runtime-melonds:javaPreCompileDebug
> Task :runtime:retropack-runtime-melonds:mergeDebugShaders
> Task :runtime:retropack-runtime-melonds:compileDebugShaders NO-SOURCE
> Task :runtime:retropack-runtime-melonds:generateDebugAssets UP-TO-DATE
> Task :runtime:retropack-runtime-melonds:packageDebugAssets
> Task :runtime:retropack-runtime-melonds:prepareDebugArtProfile
> Task :runtime:retropack-runtime-melonds:generateDebugRFile
> Task :runtime:retropack-runtime-melonds:prepareLintJarForPublish
> Task :runtime:retropack-runtime-melonds:stripDebugDebugSymbols
> Task :runtime:retropack-runtime-melonds:writeDebugAarMetadata
> Task :runtime:retropack-runtime-melonds:processDebugManifest
> Task :runtime:retropack-runtime-melonds:copyDebugJniLibsProjectAndLocalJars
> Task :runtime:retropack-runtime-melonds:compileDebugKotlin
> Task :runtime:retropack-runtime-melonds:extractDebugAnnotations
> Task :runtime:retropack-runtime-melonds:compileDebugJavaWithJavac NO-SOURCE
> Task :runtime:retropack-runtime-melonds:mergeDebugGeneratedProguardFiles
> Task :runtime:retropack-runtime-melonds:mergeDebugConsumerProguardFiles
> Task :runtime:retropack-runtime-melonds:processDebugJavaRes
> Task :runtime:retropack-runtime-melonds:mergeDebugJavaResource
> Task :runtime:retropack-runtime-melonds:syncDebugLibJars
> Task :runtime:retropack-runtime-melonds:bundleDebugAar
> Task :runtime:retropack-runtime-melonds:assembleDebug
gradle/actions: Writing build results to /home/runner/work/_temp/.gradle-actions/build-results/__run_4-1790594623651.json

[Incubating] Problems report is available at: file:///home/runner/work/retro-manager/retro-manager/build/reports/problems/problems-report.html

Deprecated Gradle features were used in this build, making it incompatible with Gradle 10.

You can use '--warning-mode all' to show the individual deprecation warnings and determine if they come from your own scripts or plugins.

For more on this, please refer to https://docs.gradle.org/9.5.1/userguide/command_line_interface.html#sec:command_line_warnings in the Gradle documentation.

BUILD SUCCESSFUL in 23s
37 actionable tasks: 29 executed, 8 up-to-date
Consider enabling configuration cache to speed up this build: https://docs.gradle.org/9.5.1/userguide/configuration_cache_enabling.html
