=== Android 16 KB Page-Size ELF Alignment Verification ===
Found 48 compiled shared library binaries to inspect.
✅ PASS: runtime/retropack-runtime-fceumm/build/intermediates/cxx/Debug/x1y693b5/obj/arm64-v8a/libretropack-runtime-fceumm.so aligned to 0x4000 (>= 16 KB)
✅ PASS: runtime/retropack-runtime-fceumm/build/intermediates/cxx/Debug/x1y693b5/obj/x86_64/libretropack-runtime-fceumm.so aligned to 0x4000 (>= 16 KB)
✅ PASS: runtime/retropack-runtime-fceumm/build/intermediates/library_and_local_jars_jni/debug/copyDebugJniLibsProjectAndLocalJars/jni/arm64-v8a/libretropack-runtime-fceumm.so aligned to 0x4000 (>= 16 KB)
✅ PASS: runtime/retropack-runtime-fceumm/build/intermediates/library_and_local_jars_jni/debug/copyDebugJniLibsProjectAndLocalJars/jni/x86_64/libretropack-runtime-fceumm.so aligned to 0x4000 (>= 16 KB)
✅ PASS: runtime/retropack-runtime-fceumm/build/intermediates/merged_native_libs/debug/mergeDebugNativeLibs/out/lib/arm64-v8a/libretropack-runtime-fceumm.so aligned to 0x4000 (>= 16 KB)
✅ PASS: runtime/retropack-runtime-fceumm/build/intermediates/merged_native_libs/debug/mergeDebugNativeLibs/out/lib/x86_64/libretropack-runtime-fceumm.so aligned to 0x4000 (>= 16 KB)
✅ PASS: runtime/retropack-runtime-fceumm/build/intermediates/stripped_native_libs/debug/stripDebugDebugSymbols/out/lib/arm64-v8a/libretropack-runtime-fceumm.so aligned to 0x4000 (>= 16 KB)
✅ PASS: runtime/retropack-runtime-fceumm/build/intermediates/stripped_native_libs/debug/stripDebugDebugSymbols/out/lib/x86_64/libretropack-runtime-fceumm.so aligned to 0x4000 (>= 16 KB)
✅ PASS: runtime/retropack-runtime-genesis/build/intermediates/cxx/Debug/595bv372/obj/arm64-v8a/libretropack-runtime-genesis.so aligned to 0x4000 (>= 16 KB)
✅ PASS: runtime/retropack-runtime-genesis/build/intermediates/cxx/Debug/595bv372/obj/x86_64/libretropack-runtime-genesis.so aligned to 0x4000 (>= 16 KB)
✅ PASS: runtime/retropack-runtime-genesis/build/intermediates/library_and_local_jars_jni/debug/copyDebugJniLibsProjectAndLocalJars/jni/arm64-v8a/libretropack-runtime-genesis.so aligned to 0x4000 (>= 16 KB)
✅ PASS: runtime/retropack-runtime-genesis/build/intermediates/library_and_local_jars_jni/debug/copyDebugJniLibsProjectAndLocalJars/jni/x86_64/libretropack-runtime-genesis.so aligned to 0x4000 (>= 16 KB)
✅ PASS: runtime/retropack-runtime-genesis/build/intermediates/merged_native_libs/debug/mergeDebugNativeLibs/out/lib/arm64-v8a/libretropack-runtime-genesis.so aligned to 0x4000 (>= 16 KB)
✅ PASS: runtime/retropack-runtime-genesis/build/intermediates/merged_native_libs/debug/mergeDebugNativeLibs/out/lib/x86_64/libretropack-runtime-genesis.so aligned to 0x4000 (>= 16 KB)
✅ PASS: runtime/retropack-runtime-genesis/build/intermediates/stripped_native_libs/debug/stripDebugDebugSymbols/out/lib/arm64-v8a/libretropack-runtime-genesis.so aligned to 0x4000 (>= 16 KB)
✅ PASS: runtime/retropack-runtime-genesis/build/intermediates/stripped_native_libs/debug/stripDebugDebugSymbols/out/lib/x86_64/libretropack-runtime-genesis.so aligned to 0x4000 (>= 16 KB)
✅ PASS: runtime/retropack-runtime-melonds/build/intermediates/cxx/Debug/4l53r62e/obj/arm64-v8a/libretropack-runtime-melonds.so aligned to 0x4000 (>= 16 KB)
✅ PASS: runtime/retropack-runtime-melonds/build/intermediates/cxx/Debug/4l53r62e/obj/x86_64/libretropack-runtime-melonds.so aligned to 0x4000 (>= 16 KB)
✅ PASS: runtime/retropack-runtime-melonds/build/intermediates/library_and_local_jars_jni/debug/copyDebugJniLibsProjectAndLocalJars/jni/arm64-v8a/libretropack-runtime-melonds.so aligned to 0x4000 (>= 16 KB)
✅ PASS: runtime/retropack-runtime-melonds/build/intermediates/library_and_local_jars_jni/debug/copyDebugJniLibsProjectAndLocalJars/jni/x86_64/libretropack-runtime-melonds.so aligned to 0x4000 (>= 16 KB)
✅ PASS: runtime/retropack-runtime-melonds/build/intermediates/merged_native_libs/debug/mergeDebugNativeLibs/out/lib/arm64-v8a/libretropack-runtime-melonds.so aligned to 0x4000 (>= 16 KB)
✅ PASS: runtime/retropack-runtime-melonds/build/intermediates/merged_native_libs/debug/mergeDebugNativeLibs/out/lib/x86_64/libretropack-runtime-melonds.so aligned to 0x4000 (>= 16 KB)
✅ PASS: runtime/retropack-runtime-melonds/build/intermediates/stripped_native_libs/debug/stripDebugDebugSymbols/out/lib/arm64-v8a/libretropack-runtime-melonds.so aligned to 0x4000 (>= 16 KB)
✅ PASS: runtime/retropack-runtime-melonds/build/intermediates/stripped_native_libs/debug/stripDebugDebugSymbols/out/lib/x86_64/libretropack-runtime-melonds.so aligned to 0x4000 (>= 16 KB)
✅ PASS: runtime/retropack-runtime-mgba/build/intermediates/cxx/Debug/3jh5r5m6/obj/arm64-v8a/libretropack-runtime.so aligned to 0x4000 (>= 16 KB)
✅ PASS: runtime/retropack-runtime-mgba/build/intermediates/cxx/Debug/3jh5r5m6/obj/x86_64/libretropack-runtime.so aligned to 0x4000 (>= 16 KB)
✅ PASS: runtime/retropack-runtime-mgba/build/intermediates/library_and_local_jars_jni/debug/copyDebugJniLibsProjectAndLocalJars/jni/arm64-v8a/libretropack-runtime.so aligned to 0x4000 (>= 16 KB)
✅ PASS: runtime/retropack-runtime-mgba/build/intermediates/library_and_local_jars_jni/debug/copyDebugJniLibsProjectAndLocalJars/jni/x86_64/libretropack-runtime.so aligned to 0x4000 (>= 16 KB)
✅ PASS: runtime/retropack-runtime-mgba/build/intermediates/merged_native_libs/debug/mergeDebugNativeLibs/out/lib/arm64-v8a/libretropack-runtime.so aligned to 0x4000 (>= 16 KB)
✅ PASS: runtime/retropack-runtime-mgba/build/intermediates/merged_native_libs/debug/mergeDebugNativeLibs/out/lib/x86_64/libretropack-runtime.so aligned to 0x4000 (>= 16 KB)
✅ PASS: runtime/retropack-runtime-mgba/build/intermediates/stripped_native_libs/debug/stripDebugDebugSymbols/out/lib/arm64-v8a/libretropack-runtime.so aligned to 0x4000 (>= 16 KB)
✅ PASS: runtime/retropack-runtime-mgba/build/intermediates/stripped_native_libs/debug/stripDebugDebugSymbols/out/lib/x86_64/libretropack-runtime.so aligned to 0x4000 (>= 16 KB)
✅ PASS: runtime/retropack-runtime-pce/build/intermediates/cxx/Debug/394c2d41/obj/arm64-v8a/libretropack-runtime-pce.so aligned to 0x4000 (>= 16 KB)
✅ PASS: runtime/retropack-runtime-pce/build/intermediates/cxx/Debug/394c2d41/obj/x86_64/libretropack-runtime-pce.so aligned to 0x4000 (>= 16 KB)
✅ PASS: runtime/retropack-runtime-pce/build/intermediates/library_and_local_jars_jni/debug/copyDebugJniLibsProjectAndLocalJars/jni/arm64-v8a/libretropack-runtime-pce.so aligned to 0x4000 (>= 16 KB)
✅ PASS: runtime/retropack-runtime-pce/build/intermediates/library_and_local_jars_jni/debug/copyDebugJniLibsProjectAndLocalJars/jni/x86_64/libretropack-runtime-pce.so aligned to 0x4000 (>= 16 KB)
✅ PASS: runtime/retropack-runtime-pce/build/intermediates/merged_native_libs/debug/mergeDebugNativeLibs/out/lib/arm64-v8a/libretropack-runtime-pce.so aligned to 0x4000 (>= 16 KB)
✅ PASS: runtime/retropack-runtime-pce/build/intermediates/merged_native_libs/debug/mergeDebugNativeLibs/out/lib/x86_64/libretropack-runtime-pce.so aligned to 0x4000 (>= 16 KB)
✅ PASS: runtime/retropack-runtime-pce/build/intermediates/stripped_native_libs/debug/stripDebugDebugSymbols/out/lib/arm64-v8a/libretropack-runtime-pce.so aligned to 0x4000 (>= 16 KB)
✅ PASS: runtime/retropack-runtime-pce/build/intermediates/stripped_native_libs/debug/stripDebugDebugSymbols/out/lib/x86_64/libretropack-runtime-pce.so aligned to 0x4000 (>= 16 KB)
✅ PASS: runtime/retropack-runtime-snes9x/build/intermediates/cxx/Debug/5r3b2tr3/obj/arm64-v8a/libretropack-runtime-snes9x.so aligned to 0x4000 (>= 16 KB)
✅ PASS: runtime/retropack-runtime-snes9x/build/intermediates/cxx/Debug/5r3b2tr3/obj/x86_64/libretropack-runtime-snes9x.so aligned to 0x4000 (>= 16 KB)
✅ PASS: runtime/retropack-runtime-snes9x/build/intermediates/library_and_local_jars_jni/debug/copyDebugJniLibsProjectAndLocalJars/jni/arm64-v8a/libretropack-runtime-snes9x.so aligned to 0x4000 (>= 16 KB)
✅ PASS: runtime/retropack-runtime-snes9x/build/intermediates/library_and_local_jars_jni/debug/copyDebugJniLibsProjectAndLocalJars/jni/x86_64/libretropack-runtime-snes9x.so aligned to 0x4000 (>= 16 KB)
✅ PASS: runtime/retropack-runtime-snes9x/build/intermediates/merged_native_libs/debug/mergeDebugNativeLibs/out/lib/arm64-v8a/libretropack-runtime-snes9x.so aligned to 0x4000 (>= 16 KB)
✅ PASS: runtime/retropack-runtime-snes9x/build/intermediates/merged_native_libs/debug/mergeDebugNativeLibs/out/lib/x86_64/libretropack-runtime-snes9x.so aligned to 0x4000 (>= 16 KB)
✅ PASS: runtime/retropack-runtime-snes9x/build/intermediates/stripped_native_libs/debug/stripDebugDebugSymbols/out/lib/arm64-v8a/libretropack-runtime-snes9x.so aligned to 0x4000 (>= 16 KB)
✅ PASS: runtime/retropack-runtime-snes9x/build/intermediates/stripped_native_libs/debug/stripDebugDebugSymbols/out/lib/x86_64/libretropack-runtime-snes9x.so aligned to 0x4000 (>= 16 KB)
Successfully certified 48 native binaries for 16 KB page-size execution.
16 KB page alignment certification complete.
