> Task :app:preBuild UP-TO-DATE
> Task :app:preDebugBuild UP-TO-DATE
> Task :app:mergeDebugNativeDebugMetadata NO-SOURCE
> Task :core:checkKotlinGradlePluginConfigurationErrors SKIPPED
> Task :core:processResources NO-SOURCE
> Task :app:checkKotlinGradlePluginConfigurationErrors SKIPPED
> Task :runtime:retropack-runtime-common:preBuild UP-TO-DATE
> Task :runtime:retropack-runtime-common:preDebugBuild UP-TO-DATE
> Task :runtime:retropack-runtime-common:writeDebugAarMetadata UP-TO-DATE
> Task :app:generateDebugResValues
> Task :runtime:retropack-runtime-common:generateDebugResValues UP-TO-DATE
> Task :app:checkDebugAarMetadata
> Task :runtime:retropack-runtime-common:generateDebugResources UP-TO-DATE
> Task :runtime:retropack-runtime-common:packageDebugResources UP-TO-DATE
> Task :app:mapDebugSourceSetPaths
> Task :app:generateDebugResources
> Task :app:packageDebugResources
> Task :app:createDebugCompatibleScreenManifests
> Task :app:extractDeepLinksDebug
> Task :runtime:retropack-runtime-common:extractDeepLinksDebug UP-TO-DATE
> Task :runtime:retropack-runtime-common:processDebugManifest UP-TO-DATE
> Task :app:parseDebugLocalResources
> Task :app:processDebugMainManifest
> Task :app:processDebugManifest
> Task :runtime:retropack-runtime-common:compileDebugLibraryResources UP-TO-DATE
> Task :runtime:retropack-runtime-common:parseDebugLocalResources UP-TO-DATE
> Task :runtime:retropack-runtime-common:generateDebugRFile UP-TO-DATE
> Task :runtime:retropack-runtime-common:checkKotlinGradlePluginConfigurationErrors SKIPPED
> Task :runtime:retropack-runtime-common:compileDebugKotlin UP-TO-DATE
> Task :app:processDebugManifestForPackage
> Task :runtime:retropack-runtime-common:javaPreCompileDebug UP-TO-DATE
> Task :runtime:retropack-runtime-common:compileDebugJavaWithJavac NO-SOURCE
> Task :runtime:retropack-runtime-common:bundleLibCompileToJarDebug UP-TO-DATE
> Task :app:javaPreCompileDebug
> Task :app:mergeDebugShaders
> Task :app:mergeDebugResources
> Task :app:compileDebugShaders NO-SOURCE
> Task :app:generateDebugAssets UP-TO-DATE
> Task :runtime:retropack-runtime-common:mergeDebugShaders UP-TO-DATE
> Task :runtime:retropack-runtime-common:compileDebugShaders NO-SOURCE
> Task :runtime:retropack-runtime-common:generateDebugAssets UP-TO-DATE
> Task :runtime:retropack-runtime-common:packageDebugAssets UP-TO-DATE
> Task :app:mergeDebugAssets
> Task :runtime:retropack-runtime-common:bundleLibRuntimeToJarDebug UP-TO-DATE
> Task :app:desugarDebugFileDependencies
> Task :runtime:retropack-runtime-common:processDebugJavaRes UP-TO-DATE
> Task :app:compressDebugAssets
> Task :runtime:retropack-runtime-common:bundleLibRuntimeToDirDebug UP-TO-DATE
> Task :app:mergeDebugJniLibFolders
> Task :runtime:retropack-runtime-common:mergeDebugJniLibFolders UP-TO-DATE
> Task :runtime:retropack-runtime-common:mergeDebugNativeLibs NO-SOURCE
> Task :runtime:retropack-runtime-common:copyDebugJniLibsProjectOnly UP-TO-DATE
> Task :app:checkDebugDuplicateClasses
> Task :app:processDebugResources
> Task :app:validateSigningDebug
> Task :app:writeDebugAppMetadata
> Task :app:writeDebugSigningConfigVersions

> Task :core:compileKotlin
w: file:///home/runner/work/retro-manager/retro-manager/core/src/main/kotlin/com/retropack/domain/rom/ArchiveExtractor.kt:281:62 'var fileNameW: String!' is deprecated. Deprecated in Java.
w: file:///home/runner/work/retro-manager/retro-manager/core/src/main/kotlin/com/retropack/domain/rom/ArchiveExtractor.kt:332:9 'constructor(p0: SeekableByteChannel!): SevenZFile' is deprecated. Deprecated in Java.
w: file:///home/runner/work/retro-manager/retro-manager/core/src/main/kotlin/com/retropack/domain/rom/ArchiveExtractor.kt:371:9 'constructor(p0: File!): SevenZFile' is deprecated. Deprecated in Java.

> Task :core:compileJava NO-SOURCE
> Task :core:classes UP-TO-DATE
> Task :core:jar
> Task :app:mergeDebugNativeLibs
> Task :app:stripDebugDebugSymbols
> Task :app:mergeLibDexDebug
> Task :app:mergeExtDexDebug

> Task :app:compileDebugKotlin
w: file:///home/runner/work/retro-manager/retro-manager/app/src/main/kotlin/com/retropack/manager/ui/components/MultiDiscManagerSection.kt:159:41 'val outlinedButtonBorder: BorderStroke' is deprecated. Please use the version that takes an `enabled` param to get the `BorderStroke` with the correct opacity.
w: file:///home/runner/work/retro-manager/retro-manager/app/src/main/kotlin/com/retropack/manager/ui/components/MultiDiscManagerSection.kt:195:61 'val Icons.Filled.PlaylistPlay: ImageVector' is deprecated. Use the AutoMirrored version at Icons.AutoMirrored.Filled.PlaylistPlay.

> Task :app:compileDebugJavaWithJavac NO-SOURCE
> Task :app:dexBuilderDebug
> Task :app:mergeDebugGlobalSynthetics
> Task :app:processDebugJavaRes
> Task :app:mergeProjectDexDebug
> Task :app:mergeDebugJavaResource
> Task :app:packageDebug
> Task :app:createDebugApkListingFileRedirect
> Task :app:assembleDebug
gradle/actions: Writing build results to /home/runner/work/_temp/.gradle-actions/build-results/__run_4-1790583724319.json

[Incubating] Problems report is available at: file:///home/runner/work/retro-manager/retro-manager/build/reports/problems/problems-report.html

Deprecated Gradle features were used in this build, making it incompatible with Gradle 10.

You can use '--warning-mode all' to show the individual deprecation warnings and determine if they come from your own scripts or plugins.

For more on this, please refer to https://docs.gradle.org/9.5.1/userguide/command_line_interface.html#sec:command_line_warnings in the Gradle documentation.

BUILD SUCCESSFUL in 38s
56 actionable tasks: 37 executed, 19 up-to-date
Consider enabling configuration cache to speed up this build: https://docs.gradle.org/9.5.1/userguide/configuration_cache_enabling.html
