> Task :template-apk:preBuild UP-TO-DATE
> Task :template-apk:preDebugBuild UP-TO-DATE
> Task :template-apk:mergeDebugNativeDebugMetadata NO-SOURCE
> Task :template-apk:checkKotlinGradlePluginConfigurationErrors SKIPPED
> Task :runtime:retropack-runtime-common:preBuild UP-TO-DATE
> Task :runtime:retropack-runtime-common:preDebugBuild UP-TO-DATE
> Task :runtime:retropack-runtime-common:writeDebugAarMetadata UP-TO-DATE
> Task :template-apk:checkDebugAarMetadata
> Task :template-apk:generateDebugResValues
> Task :runtime:retropack-runtime-common:generateDebugResValues UP-TO-DATE
> Task :runtime:retropack-runtime-common:generateDebugResources UP-TO-DATE
> Task :runtime:retropack-runtime-common:packageDebugResources UP-TO-DATE
> Task :template-apk:mapDebugSourceSetPaths
> Task :template-apk:generateDebugResources
> Task :template-apk:packageDebugResources
> Task :template-apk:createDebugCompatibleScreenManifests
> Task :template-apk:parseDebugLocalResources
> Task :template-apk:extractDeepLinksDebug
> Task :runtime:retropack-runtime-common:extractDeepLinksDebug
> Task :template-apk:mergeDebugResources
> Task :runtime:retropack-runtime-common:processDebugManifest UP-TO-DATE

> Task :template-apk:processDebugMainManifest
package="com.retropack.runtime" found in source AndroidManifest.xml: /home/runner/work/retro-manager/retro-manager/template-apk/src/main/AndroidManifest.xml.
Setting the namespace via the package attribute in the source AndroidManifest.xml is no longer supported, and the value is ignored.
Recommendation: remove package="com.retropack.runtime" from the source AndroidManifest.xml: /home/runner/work/retro-manager/retro-manager/template-apk/src/main/AndroidManifest.xml.
/home/runner/work/retro-manager/retro-manager/template-apk/src/main/AndroidManifest.xml:11:9-42 Warning:
	android:extractNativeLibs should not be specified in this source AndroidManifest.xml file. See https://d.android.com/guide/topics/manifest/application-element#extractNativeLibs for more information.
The AGP Upgrade Assistant can remove the attribute from the AndroidManifest.xml file and update the build file accordingly. See https://d.android.com/studio/build/agp-upgrade-assistant for more information.

> Task :template-apk:processDebugManifest
> Task :runtime:retropack-runtime-common:parseDebugLocalResources UP-TO-DATE
> Task :runtime:retropack-runtime-common:compileDebugLibraryResources
> Task :runtime:retropack-runtime-common:generateDebugRFile UP-TO-DATE
> Task :runtime:retropack-runtime-common:checkKotlinGradlePluginConfigurationErrors SKIPPED
> Task :runtime:retropack-runtime-common:compileDebugKotlin UP-TO-DATE
> Task :runtime:retropack-runtime-common:javaPreCompileDebug UP-TO-DATE
> Task :runtime:retropack-runtime-common:compileDebugJavaWithJavac NO-SOURCE
> Task :template-apk:javaPreCompileDebug
> Task :template-apk:mergeDebugShaders
> Task :template-apk:compileDebugShaders NO-SOURCE
> Task :template-apk:generateDebugAssets UP-TO-DATE
> Task :runtime:retropack-runtime-common:mergeDebugShaders UP-TO-DATE
> Task :runtime:retropack-runtime-common:compileDebugShaders NO-SOURCE
> Task :runtime:retropack-runtime-common:generateDebugAssets UP-TO-DATE
> Task :runtime:retropack-runtime-common:packageDebugAssets UP-TO-DATE
> Task :runtime:retropack-runtime-common:bundleLibCompileToJarDebug
> Task :template-apk:mergeDebugAssets
> Task :template-apk:compressDebugAssets
> Task :template-apk:desugarDebugFileDependencies
> Task :runtime:retropack-runtime-common:processDebugJavaRes UP-TO-DATE
> Task :runtime:retropack-runtime-common:bundleLibRuntimeToJarDebug
> Task :template-apk:processDebugManifestForPackage
> Task :template-apk:checkDebugDuplicateClasses
> Task :runtime:retropack-runtime-common:bundleLibRuntimeToDirDebug
> Task :template-apk:processDebugResources

> Task :template-apk:compileDebugKotlin
w: file:///home/runner/work/retro-manager/retro-manager/template-apk/src/main/kotlin/com/retropack/runtime/GameActivity.kt:159:57 Condition is always 'true'.
w: file:///home/runner/work/retro-manager/retro-manager/template-apk/src/main/kotlin/com/retropack/runtime/GameActivity.kt:953:41 'val defaultDisplay: Display!' is deprecated. Deprecated in Java.
w: file:///home/runner/work/retro-manager/retro-manager/template-apk/src/main/kotlin/com/retropack/runtime/GameActivity.kt:972:26 'var systemUiVisibility: Int' is deprecated. Deprecated in Java.
w: file:///home/runner/work/retro-manager/retro-manager/template-apk/src/main/kotlin/com/retropack/runtime/GameActivity.kt:973:18 'static field SYSTEM_UI_FLAG_FULLSCREEN: Int' is deprecated. Deprecated in Java.
w: file:///home/runner/work/retro-manager/retro-manager/template-apk/src/main/kotlin/com/retropack/runtime/GameActivity.kt:974:25 'static field SYSTEM_UI_FLAG_HIDE_NAVIGATION: Int' is deprecated. Deprecated in Java.
w: file:///home/runner/work/retro-manager/retro-manager/template-apk/src/main/kotlin/com/retropack/runtime/GameActivity.kt:975:25 'static field SYSTEM_UI_FLAG_IMMERSIVE_STICKY: Int' is deprecated. Deprecated in Java.
w: file:///home/runner/work/retro-manager/retro-manager/template-apk/src/main/kotlin/com/retropack/runtime/GameActivity.kt:976:25 'static field SYSTEM_UI_FLAG_LAYOUT_FULLSCREEN: Int' is deprecated. Deprecated in Java.
w: file:///home/runner/work/retro-manager/retro-manager/template-apk/src/main/kotlin/com/retropack/runtime/GameActivity.kt:977:25 'static field SYSTEM_UI_FLAG_LAYOUT_HIDE_NAVIGATION: Int' is deprecated. Deprecated in Java.
w: file:///home/runner/work/retro-manager/retro-manager/template-apk/src/main/kotlin/com/retropack/runtime/GameActivity.kt:978:25 'static field SYSTEM_UI_FLAG_LAYOUT_STABLE: Int' is deprecated. Deprecated in Java.

> Task :template-apk:compileDebugJavaWithJavac NO-SOURCE
> Task :template-apk:mergeExtDexDebug
> Task :template-apk:dexBuilderDebug
> Task :template-apk:processDebugJavaRes
> Task :template-apk:mergeProjectDexDebug
> Task :template-apk:mergeDebugJniLibFolders
> Task :template-apk:mergeDebugJavaResource
> Task :runtime:retropack-runtime-common:configureCMakeDebug[arm64-v8a]
> Task :runtime:retropack-runtime-common:buildCMakeDebug[arm64-v8a]
> Task :runtime:retropack-runtime-common:configureCMakeDebug[x86_64]
> Task :runtime:retropack-runtime-common:buildCMakeDebug[x86_64]
> Task :runtime:retropack-runtime-common:mergeDebugJniLibFolders UP-TO-DATE
> Task :runtime:retropack-runtime-common:mergeDebugNativeLibs UP-TO-DATE
> Task :runtime:retropack-runtime-common:copyDebugJniLibsProjectOnly
> Task :template-apk:validateSigningDebug
> Task :template-apk:writeDebugAppMetadata
> Task :template-apk:mergeDebugNativeLibs
> Task :template-apk:writeDebugSigningConfigVersions
> Task :template-apk:stripDebugDebugSymbols
> Task :template-apk:bundleDebugClassesToRuntimeJar
> Task :template-apk:preDebugUnitTestBuild UP-TO-DATE
> Task :template-apk:bundleDebugClassesToCompileJar
> Task :template-apk:javaPreCompileDebugUnitTest
> Task :template-apk:buildKotlinToolingMetadata
> Task :template-apk:preReleaseBuild UP-TO-DATE
> Task :runtime:retropack-runtime-common:preReleaseBuild UP-TO-DATE
> Task :runtime:retropack-runtime-common:writeReleaseAarMetadata
> Task :template-apk:checkReleaseAarMetadata
> Task :template-apk:generateReleaseResValues
> Task :runtime:retropack-runtime-common:generateReleaseResValues
> Task :runtime:retropack-runtime-common:generateReleaseResources
> Task :runtime:retropack-runtime-common:packageReleaseResources
> Task :template-apk:mapReleaseSourceSetPaths
> Task :template-apk:generateReleaseResources
> Task :template-apk:mergeReleaseResources
> Task :template-apk:packageReleaseResources
> Task :template-apk:parseReleaseLocalResources
> Task :template-apk:createReleaseCompatibleScreenManifests
> Task :template-apk:extractDeepLinksRelease
> Task :runtime:retropack-runtime-common:extractDeepLinksRelease
> Task :runtime:retropack-runtime-common:processReleaseManifest

> Task :template-apk:processReleaseMainManifest
package="com.retropack.runtime" found in source AndroidManifest.xml: /home/runner/work/retro-manager/retro-manager/template-apk/src/main/AndroidManifest.xml.
Setting the namespace via the package attribute in the source AndroidManifest.xml is no longer supported, and the value is ignored.
Recommendation: remove package="com.retropack.runtime" from the source AndroidManifest.xml: /home/runner/work/retro-manager/retro-manager/template-apk/src/main/AndroidManifest.xml.
/home/runner/work/retro-manager/retro-manager/template-apk/src/main/AndroidManifest.xml:11:9-42 Warning:
	android:extractNativeLibs should not be specified in this source AndroidManifest.xml file. See https://d.android.com/guide/topics/manifest/application-element#extractNativeLibs for more information.
The AGP Upgrade Assistant can remove the attribute from the AndroidManifest.xml file and update the build file accordingly. See https://d.android.com/studio/build/agp-upgrade-assistant for more information.

> Task :template-apk:processReleaseManifest
> Task :template-apk:processReleaseManifestForPackage
> Task :runtime:retropack-runtime-common:compileReleaseLibraryResources
> Task :runtime:retropack-runtime-common:parseReleaseLocalResources
> Task :runtime:retropack-runtime-common:generateReleaseRFile
> Task :template-apk:mergeDebugGlobalSynthetics
> Task :template-apk:processReleaseResources
> Task :runtime:retropack-runtime-common:javaPreCompileRelease
> Task :template-apk:javaPreCompileRelease
> Task :template-apk:preReleaseUnitTestBuild UP-TO-DATE
> Task :template-apk:javaPreCompileReleaseUnitTest
> Task :template-apk:mergeLibDexDebug
> Task :template-apk:packageDebug
> Task :template-apk:createDebugApkListingFileRedirect
> Task :template-apk:assembleDebug
> Task :template-apk:compileDebugUnitTestKotlin
> Task :template-apk:compileDebugUnitTestJavaWithJavac NO-SOURCE
> Task :template-apk:processDebugUnitTestJavaRes

> Task :template-apk:testDebugUnitTest

AdaptiveIconStructureTest > adaptive icon xml points to nodpi drawable foreground and background() PASSED

AdaptiveIconStructureTest > nodpi background and foreground pngs exist and have valid PNG signatures() PASSED

AdaptiveIconStructureTest > adaptive round icon xml points to nodpi drawable foreground and background() PASSED

AndroidManifestValidationTest > manifest declares fullscreen no titlebar theme() PASSED

AndroidManifestValidationTest > manifest declares fully qualified GameActivity to prevent ClassNotFoundException() PASSED

AndroidManifestValidationTest > manifest declares standard launcher intent filter() PASSED

AndroidManifestValidationTest > manifest declares extractNativeLibs false for 16 KB page-size compliance() PASSED

AndroidManifestValidationTest > manifest file exists and is readable() PASSED

GameActivityTest > dispatchKeyEvent forwards gamepad inputs to host InputCoordinator() SKIPPED

GameActivityTest > activity lifecycle initializes subsystems, stages ROM and restores saves() SKIPPED

GameActivityTest > onDestroy cleans up host and saves state() SKIPPED

GameActivityTest > onConfigurationChanged reloads responsive layout profile() SKIPPED

GameActivityTest > onPause and onStop trigger synchronous save flush() SKIPPED

RuntimeLoggerTest > testPublicDownloadDirectoryResolution() PASSED

RuntimeLoggerTest > testRuntimeLoggerLifecycleAndFileCreation() PASSED

NativeCoreFactoryTest > falls back safely to default core on unknown platform or null() PASSED

NativeCoreFactoryTest > resolves core ID by platform identifier across all 10 consoles() PASSED

NativeCoreFactoryTest > resolves core by explicit core hint() PASSED

NativeCoreFactoryTest > resolves canonical library names across all 10 consoles() PASSED

NativeCoreFactoryTest > resolves and returns valid NativeCoreBridge instance() PASSED

> Task :runtime:retropack-runtime-common:compileReleaseKotlin
w: file:///home/runner/work/retro-manager/retro-manager/runtime/retropack-runtime-common/src/main/kotlin/com/retropack/runtime/input/HapticEngine.kt:49:61 'static field VIBRATOR_SERVICE: String' is deprecated. Deprecated in Java.
w: file:///home/runner/work/retro-manager/retro-manager/runtime/retropack-runtime-common/src/main/kotlin/com/retropack/runtime/input/HapticEngine.kt:93:61 'static field VIBRATOR_SERVICE: String' is deprecated. Deprecated in Java.
w: file:///home/runner/work/retro-manager/retro-manager/runtime/retropack-runtime-common/src/main/kotlin/com/retropack/runtime/input/HapticEngine.kt:125:61 'static field VIBRATOR_SERVICE: String' is deprecated. Deprecated in Java.
w: file:///home/runner/work/retro-manager/retro-manager/runtime/retropack-runtime-common/src/main/kotlin/com/retropack/runtime/input/HapticEngine.kt:167:61 'static field VIBRATOR_SERVICE: String' is deprecated. Deprecated in Java.
w: file:///home/runner/work/retro-manager/retro-manager/runtime/retropack-runtime-common/src/main/kotlin/com/retropack/runtime/input/HapticManager.kt:43:74 'static field VIBRATOR_SERVICE: String' is deprecated. Deprecated in Java.
w: file:///home/runner/work/retro-manager/retro-manager/runtime/retropack-runtime-common/src/main/kotlin/com/retropack/runtime/input/HapticManager.kt:154:40 'val vibrator: Vibrator!' is deprecated. Deprecated in Java.
w: file:///home/runner/work/retro-manager/retro-manager/runtime/retropack-runtime-common/src/main/kotlin/com/retropack/runtime/video/DisplaySyncManager.kt:44:44 'val defaultDisplay: Display!' is deprecated. Deprecated in Java.

> Task :runtime:retropack-runtime-common:compileReleaseJavaWithJavac NO-SOURCE
> Task :runtime:retropack-runtime-common:bundleLibCompileToJarRelease
> Task :runtime:retropack-runtime-common:bundleLibRuntimeToJarRelease
> Task :runtime:retropack-runtime-common:processReleaseJavaRes

> Task :template-apk:compileReleaseKotlin
w: file:///home/runner/work/retro-manager/retro-manager/template-apk/src/main/kotlin/com/retropack/runtime/GameActivity.kt:159:57 Condition is always 'true'.
w: file:///home/runner/work/retro-manager/retro-manager/template-apk/src/main/kotlin/com/retropack/runtime/GameActivity.kt:953:41 'val defaultDisplay: Display!' is deprecated. Deprecated in Java.
w: file:///home/runner/work/retro-manager/retro-manager/template-apk/src/main/kotlin/com/retropack/runtime/GameActivity.kt:972:26 'var systemUiVisibility: Int' is deprecated. Deprecated in Java.
w: file:///home/runner/work/retro-manager/retro-manager/template-apk/src/main/kotlin/com/retropack/runtime/GameActivity.kt:973:18 'static field SYSTEM_UI_FLAG_FULLSCREEN: Int' is deprecated. Deprecated in Java.
w: file:///home/runner/work/retro-manager/retro-manager/template-apk/src/main/kotlin/com/retropack/runtime/GameActivity.kt:974:25 'static field SYSTEM_UI_FLAG_HIDE_NAVIGATION: Int' is deprecated. Deprecated in Java.
w: file:///home/runner/work/retro-manager/retro-manager/template-apk/src/main/kotlin/com/retropack/runtime/GameActivity.kt:975:25 'static field SYSTEM_UI_FLAG_IMMERSIVE_STICKY: Int' is deprecated. Deprecated in Java.
w: file:///home/runner/work/retro-manager/retro-manager/template-apk/src/main/kotlin/com/retropack/runtime/GameActivity.kt:976:25 'static field SYSTEM_UI_FLAG_LAYOUT_FULLSCREEN: Int' is deprecated. Deprecated in Java.
w: file:///home/runner/work/retro-manager/retro-manager/template-apk/src/main/kotlin/com/retropack/runtime/GameActivity.kt:977:25 'static field SYSTEM_UI_FLAG_LAYOUT_HIDE_NAVIGATION: Int' is deprecated. Deprecated in Java.
w: file:///home/runner/work/retro-manager/retro-manager/template-apk/src/main/kotlin/com/retropack/runtime/GameActivity.kt:978:25 'static field SYSTEM_UI_FLAG_LAYOUT_STABLE: Int' is deprecated. Deprecated in Java.

> Task :template-apk:compileReleaseJavaWithJavac NO-SOURCE
> Task :template-apk:bundleReleaseClassesToRuntimeJar
> Task :template-apk:bundleReleaseClassesToCompileJar
> Task :template-apk:processReleaseJavaRes
> Task :template-apk:compileReleaseUnitTestKotlin
> Task :template-apk:compileReleaseUnitTestJavaWithJavac NO-SOURCE
> Task :template-apk:processReleaseUnitTestJavaRes

> Task :template-apk:testReleaseUnitTest

AdaptiveIconStructureTest > adaptive icon xml points to nodpi drawable foreground and background() PASSED

AdaptiveIconStructureTest > nodpi background and foreground pngs exist and have valid PNG signatures() PASSED

AdaptiveIconStructureTest > adaptive round icon xml points to nodpi drawable foreground and background() PASSED

AndroidManifestValidationTest > manifest declares fullscreen no titlebar theme() PASSED

AndroidManifestValidationTest > manifest declares fully qualified GameActivity to prevent ClassNotFoundException() PASSED

AndroidManifestValidationTest > manifest declares standard launcher intent filter() PASSED

AndroidManifestValidationTest > manifest declares extractNativeLibs false for 16 KB page-size compliance() PASSED

AndroidManifestValidationTest > manifest file exists and is readable() PASSED

GameActivityTest > dispatchKeyEvent forwards gamepad inputs to host InputCoordinator() SKIPPED

GameActivityTest > activity lifecycle initializes subsystems, stages ROM and restores saves() SKIPPED

GameActivityTest > onDestroy cleans up host and saves state() SKIPPED

GameActivityTest > onConfigurationChanged reloads responsive layout profile() SKIPPED

GameActivityTest > onPause and onStop trigger synchronous save flush() SKIPPED

RuntimeLoggerTest > testPublicDownloadDirectoryResolution() PASSED

RuntimeLoggerTest > testRuntimeLoggerLifecycleAndFileCreation() PASSED

NativeCoreFactoryTest > falls back safely to default core on unknown platform or null() PASSED

NativeCoreFactoryTest > resolves core ID by platform identifier across all 10 consoles() PASSED

NativeCoreFactoryTest > resolves core by explicit core hint() PASSED

NativeCoreFactoryTest > resolves canonical library names across all 10 consoles() PASSED

NativeCoreFactoryTest > resolves and returns valid NativeCoreBridge instance() PASSED

> Task :template-apk:test
gradle/actions: Writing build results to /home/runner/work/_temp/.gradle-actions/build-results/__run_3-1790603312746.json

[Incubating] Problems report is available at: file:///home/runner/work/retro-manager/retro-manager/build/reports/problems/problems-report.html

Deprecated Gradle features were used in this build, making it incompatible with Gradle 10.

You can use '--warning-mode all' to show the individual deprecation warnings and determine if they come from your own scripts or plugins.

For more on this, please refer to https://docs.gradle.org/9.5.1/userguide/command_line_interface.html#sec:command_line_warnings in the Gradle documentation.

BUILD SUCCESSFUL in 24s
102 actionable tasks: 88 executed, 14 up-to-date
Consider enabling configuration cache to speed up this build: https://docs.gradle.org/9.5.1/userguide/configuration_cache_enabling.html
